running develop
running egg_info
writing rokey.egg-info/PKG-INFO
writing dependency_links to rokey.egg-info/dependency_links.txt
writing entry points to rokey.egg-info/entry_points.txt
writing requirements to rokey.egg-info/requires.txt
writing top-level names to rokey.egg-info/top_level.txt
reading manifest file 'rokey.egg-info/SOURCES.txt'
writing manifest file 'rokey.egg-info/SOURCES.txt'
running build_ext
Creating /home/jack/ros2_ws/install/rokey/lib/python3.10/site-packages/rokey.egg-link (link to .)
Installing data_recording script to /home/jack/ros2_ws/install/rokey/lib/rokey
Installing force_control script to /home/jack/ros2_ws/install/rokey/lib/rokey
Installing get_current_pos script to /home/jack/ros2_ws/install/rokey/lib/rokey
Installing getting_position script to /home/jack/ros2_ws/install/rokey/lib/rokey
Installing grip script to /home/jack/ros2_ws/install/rokey/lib/rokey
Installing jog script to /home/jack/ros2_ws/install/rokey/lib/rokey
Installing move_periodic script to /home/jack/ros2_ws/install/rokey/lib/rokey
Installing rokey-speech script to /home/jack/ros2_ws/install/rokey/lib/rokey
Installing rokey-speech-test script to /home/jack/ros2_ws/install/rokey/lib/rokey
Installing rokey-test script to /home/jack/ros2_ws/install/rokey/lib/rokey
Installing simple_amove script to /home/jack/ros2_ws/install/rokey/lib/rokey
Installing simple_move script to /home/jack/ros2_ws/install/rokey/lib/rokey
Installing simple_movesx script to /home/jack/ros2_ws/install/rokey/lib/rokey
Installing speech_to_text script to /home/jack/ros2_ws/install/rokey/lib/rokey
Installing start_signal_test script to /home/jack/ros2_ws/install/rokey/lib/rokey

Installed /home/jack/ros2_ws/build/rokey
running symlink_data
symbolically linking /home/jack/ros2_ws/build/rokey/resource/rokey -> /home/jack/ros2_ws/install/rokey/share/ament_index/resource_index/packages
symbolically linking /home/jack/ros2_ws/build/rokey/package.xml -> /home/jack/ros2_ws/install/rokey/share/rokey
symbolically linking /home/jack/ros2_ws/build/rokey/.env -> /home/jack/ros2_ws/install/rokey/share/rokey
symbolically linking /home/jack/ros2_ws/build/rokey/requirements.txt -> /home/jack/ros2_ws/install/rokey/share/rokey
symbolically linking /home/jack/ros2_ws/build/rokey/SPEECH_TO_TEXT_README.md -> /home/jack/ros2_ws/install/rokey/share/rokey
symbolically linking /home/jack/ros2_ws/build/rokey/test_speech_to_text.sh -> /home/jack/ros2_ws/install/rokey/share/rokey
