[0.635s] Invoking command in '/home/jack/ros2_ws/build/rokey': PYTHONPATH=/home/jack/ros2_ws/build/rokey/prefix_override:/home/jack/.local/lib/python3.10/site-packages/colcon_core/task/python/colcon_distutils_commands:/home/jack/ros2_ws/install/rokey/lib/python3.10/site-packages:${PYTHONPATH} /usr/bin/python3 -W ignore:setup.py install is deprecated -W ignore:easy_install command is deprecated setup.py develop --editable --build-directory /home/jack/ros2_ws/build/rokey/build --no-deps symlink_data --force
[0.858s] running develop
[1.028s] running egg_info
[1.028s] writing rokey.egg-info/PKG-INFO
[1.028s] writing dependency_links to rokey.egg-info/dependency_links.txt
[1.028s] writing entry points to rokey.egg-info/entry_points.txt
[1.029s] writing requirements to rokey.egg-info/requires.txt
[1.029s] writing top-level names to rokey.egg-info/top_level.txt
[1.030s] reading manifest file 'rokey.egg-info/SOURCES.txt'
[1.031s] writing manifest file 'rokey.egg-info/SOURCES.txt'
[1.032s] running build_ext
[1.032s] Creating /home/jack/ros2_ws/install/rokey/lib/python3.10/site-packages/rokey.egg-link (link to .)
[1.033s] Installing data_recording script to /home/jack/ros2_ws/install/rokey/lib/rokey
[1.033s] Installing force_control script to /home/jack/ros2_ws/install/rokey/lib/rokey
[1.033s] Installing get_current_pos script to /home/jack/ros2_ws/install/rokey/lib/rokey
[1.033s] Installing getting_position script to /home/jack/ros2_ws/install/rokey/lib/rokey
[1.033s] Installing grip script to /home/jack/ros2_ws/install/rokey/lib/rokey
[1.033s] Installing jog script to /home/jack/ros2_ws/install/rokey/lib/rokey
[1.033s] Installing move_periodic script to /home/jack/ros2_ws/install/rokey/lib/rokey
[1.034s] Installing rokey-speech script to /home/jack/ros2_ws/install/rokey/lib/rokey
[1.034s] Installing rokey-speech-test script to /home/jack/ros2_ws/install/rokey/lib/rokey
[1.034s] Installing rokey-test script to /home/jack/ros2_ws/install/rokey/lib/rokey
[1.034s] Installing simple_amove script to /home/jack/ros2_ws/install/rokey/lib/rokey
[1.034s] Installing simple_move script to /home/jack/ros2_ws/install/rokey/lib/rokey
[1.034s] Installing simple_movesx script to /home/jack/ros2_ws/install/rokey/lib/rokey
[1.034s] Installing speech_to_text script to /home/jack/ros2_ws/install/rokey/lib/rokey
[1.034s] Installing start_signal_test script to /home/jack/ros2_ws/install/rokey/lib/rokey
[1.034s] 
[1.034s] Installed /home/jack/ros2_ws/build/rokey
[1.034s] running symlink_data
[1.034s] symbolically linking /home/jack/ros2_ws/build/rokey/resource/rokey -> /home/jack/ros2_ws/install/rokey/share/ament_index/resource_index/packages
[1.034s] symbolically linking /home/jack/ros2_ws/build/rokey/package.xml -> /home/jack/ros2_ws/install/rokey/share/rokey
[1.034s] symbolically linking /home/jack/ros2_ws/build/rokey/.env -> /home/jack/ros2_ws/install/rokey/share/rokey
[1.034s] symbolically linking /home/jack/ros2_ws/build/rokey/requirements.txt -> /home/jack/ros2_ws/install/rokey/share/rokey
[1.034s] symbolically linking /home/jack/ros2_ws/build/rokey/SPEECH_TO_TEXT_README.md -> /home/jack/ros2_ws/install/rokey/share/rokey
[1.034s] symbolically linking /home/jack/ros2_ws/build/rokey/test_speech_to_text.sh -> /home/jack/ros2_ws/install/rokey/share/rokey
[1.062s] Invoked command in '/home/jack/ros2_ws/build/rokey' returned '0': PYTHONPATH=/home/jack/ros2_ws/build/rokey/prefix_override:/home/jack/.local/lib/python3.10/site-packages/colcon_core/task/python/colcon_distutils_commands:/home/jack/ros2_ws/install/rokey/lib/python3.10/site-packages:${PYTHONPATH} /usr/bin/python3 -W ignore:setup.py install is deprecated -W ignore:easy_install command is deprecated setup.py develop --editable --build-directory /home/jack/ros2_ws/build/rokey/build --no-deps symlink_data --force
