[1.903s] Invoking command in '/home/jack/ros2_ws/src/DoosanBootcamp3rd/dsr_rokey/rokey': PYTHONPATH=/home/jack/ros2_ws/build/rokey/prefix_override:/home/jack/.local/lib/python3.10/site-packages/colcon_core/task/python/colcon_distutils_commands:/home/jack/ros2_ws/install/rokey/lib/python3.10/site-packages:${PYTHONPATH} /usr/bin/python3 -W ignore:setup.py install is deprecated -W ignore:easy_install command is deprecated setup.py egg_info --egg-base ../../../../build/rokey build --build-base /home/jack/ros2_ws/build/rokey/build install --record /home/jack/ros2_ws/build/rokey/install.log --single-version-externally-managed install_data
[2.406s] running egg_info
[2.406s] writing ../../../../build/rokey/rokey.egg-info/PKG-INFO
[2.406s] writing dependency_links to ../../../../build/rokey/rokey.egg-info/dependency_links.txt
[2.406s] writing entry points to ../../../../build/rokey/rokey.egg-info/entry_points.txt
[2.406s] writing requirements to ../../../../build/rokey/rokey.egg-info/requires.txt
[2.406s] writing top-level names to ../../../../build/rokey/rokey.egg-info/top_level.txt
[2.407s] reading manifest file '../../../../build/rokey/rokey.egg-info/SOURCES.txt'
[2.407s] writing manifest file '../../../../build/rokey/rokey.egg-info/SOURCES.txt'
[2.407s] running build
[2.407s] running build_py
[2.407s] running install
[2.407s] running install_lib
[2.407s] running install_data
[2.407s] running install_egg_info
[2.407s] removing '/home/jack/ros2_ws/install/rokey/lib/python3.10/site-packages/rokey-1.0.0-py3.10.egg-info' (and everything under it)
[2.407s] Copying ../../../../build/rokey/rokey.egg-info to /home/jack/ros2_ws/install/rokey/lib/python3.10/site-packages/rokey-1.0.0-py3.10.egg-info
[2.407s] running install_scripts
[2.407s] Installing data_recording script to /home/jack/ros2_ws/install/rokey/lib/rokey
[2.407s] Installing force_control script to /home/jack/ros2_ws/install/rokey/lib/rokey
[2.407s] Installing get_current_pos script to /home/jack/ros2_ws/install/rokey/lib/rokey
[2.407s] Installing getting_position script to /home/jack/ros2_ws/install/rokey/lib/rokey
[2.407s] Installing grip script to /home/jack/ros2_ws/install/rokey/lib/rokey
[2.407s] Installing jog script to /home/jack/ros2_ws/install/rokey/lib/rokey
[2.407s] Installing move_periodic script to /home/jack/ros2_ws/install/rokey/lib/rokey
[2.407s] Installing rokey-speech script to /home/jack/ros2_ws/install/rokey/lib/rokey
[2.407s] Installing rokey-speech-test script to /home/jack/ros2_ws/install/rokey/lib/rokey
[2.407s] Installing rokey-test script to /home/jack/ros2_ws/install/rokey/lib/rokey
[2.407s] Installing simple_amove script to /home/jack/ros2_ws/install/rokey/lib/rokey
[2.407s] Installing simple_move script to /home/jack/ros2_ws/install/rokey/lib/rokey
[2.407s] Installing simple_movesx script to /home/jack/ros2_ws/install/rokey/lib/rokey
[2.407s] Installing speech_to_text script to /home/jack/ros2_ws/install/rokey/lib/rokey
[2.407s] Installing start_signal_test script to /home/jack/ros2_ws/install/rokey/lib/rokey
[2.408s] writing list of installed files to '/home/jack/ros2_ws/build/rokey/install.log'
[2.430s] Invoked command in '/home/jack/ros2_ws/src/DoosanBootcamp3rd/dsr_rokey/rokey' returned '0': PYTHONPATH=/home/jack/ros2_ws/build/rokey/prefix_override:/home/jack/.local/lib/python3.10/site-packages/colcon_core/task/python/colcon_distutils_commands:/home/jack/ros2_ws/install/rokey/lib/python3.10/site-packages:${PYTHONPATH} /usr/bin/python3 -W ignore:setup.py install is deprecated -W ignore:easy_install command is deprecated setup.py egg_info --egg-base ../../../../build/rokey build --build-base /home/jack/ros2_ws/build/rokey/build install --record /home/jack/ros2_ws/build/rokey/install.log --single-version-externally-managed install_data
