[3.372s] Invoking command in '/home/jack/ros2_ws/src/DoosanBootcamp3rd/dsr_example2/dsr_example': AMENT_PREFIX_PATH=/home/jack/ros2_ws/install/dsr_common2:${AMENT_PREFIX_PATH} CMAKE_PREFIX_PATH=/home/jack/ros2_ws/install/dsr_common2 PYTHONPATH=/home/jack/ros2_ws/build/dsr_example/prefix_override:/home/jack/.local/lib/python3.10/site-packages/colcon_core/task/python/colcon_distutils_commands:/home/jack/ros2_ws/install/dsr_example/lib/python3.10/site-packages:${PYTHONPATH} /usr/bin/python3 -W ignore:setup.py install is deprecated -W ignore:easy_install command is deprecated setup.py egg_info --egg-base ../../../../build/dsr_example build --build-base /home/jack/ros2_ws/build/dsr_example/build install --record /home/jack/ros2_ws/build/dsr_example/install.log --single-version-externally-managed install_data
[4.158s] running egg_info
[4.158s] creating ../../../../build/dsr_example/dsr_example.egg-info
[4.158s] writing ../../../../build/dsr_example/dsr_example.egg-info/PKG-INFO
[4.158s] writing dependency_links to ../../../../build/dsr_example/dsr_example.egg-info/dependency_links.txt
[4.158s] writing entry points to ../../../../build/dsr_example/dsr_example.egg-info/entry_points.txt
[4.160s] writing requirements to ../../../../build/dsr_example/dsr_example.egg-info/requires.txt
[4.160s] writing top-level names to ../../../../build/dsr_example/dsr_example.egg-info/top_level.txt
[4.160s] writing manifest file '../../../../build/dsr_example/dsr_example.egg-info/SOURCES.txt'
[4.171s] reading manifest file '../../../../build/dsr_example/dsr_example.egg-info/SOURCES.txt'
[4.172s] writing manifest file '../../../../build/dsr_example/dsr_example.egg-info/SOURCES.txt'
[4.172s] running build
[4.172s] running build_py
[4.173s] creating /home/jack/ros2_ws/build/dsr_example/build
[4.174s] creating /home/jack/ros2_ws/build/dsr_example/build/lib
[4.174s] creating /home/jack/ros2_ws/build/dsr_example/build/lib/dsr_example
[4.174s] copying dsr_example/__init__.py -> /home/jack/ros2_ws/build/dsr_example/build/lib/dsr_example
[4.174s] creating /home/jack/ros2_ws/build/dsr_example/build/lib/dsr_example/simple
[4.174s] copying dsr_example/simple/__init__.py -> /home/jack/ros2_ws/build/dsr_example/build/lib/dsr_example/simple
[4.174s] copying dsr_example/simple/single_robot_simple.py -> /home/jack/ros2_ws/build/dsr_example/build/lib/dsr_example/simple
[4.174s] creating /home/jack/ros2_ws/build/dsr_example/build/lib/dsr_example/demo
[4.174s] copying dsr_example/demo/dance_m1013.py -> /home/jack/ros2_ws/build/dsr_example/build/lib/dsr_example/demo
[4.174s] copying dsr_example/demo/__init__.py -> /home/jack/ros2_ws/build/dsr_example/build/lib/dsr_example/demo
[4.175s] running install
[4.180s] running install_lib
[4.180s] creating /home/jack/ros2_ws/install/dsr_example/lib/python3.10/site-packages/dsr_example
[4.180s] creating /home/jack/ros2_ws/install/dsr_example/lib/python3.10/site-packages/dsr_example/simple
[4.180s] copying /home/jack/ros2_ws/build/dsr_example/build/lib/dsr_example/simple/__init__.py -> /home/jack/ros2_ws/install/dsr_example/lib/python3.10/site-packages/dsr_example/simple
[4.180s] copying /home/jack/ros2_ws/build/dsr_example/build/lib/dsr_example/simple/single_robot_simple.py -> /home/jack/ros2_ws/install/dsr_example/lib/python3.10/site-packages/dsr_example/simple
[4.180s] creating /home/jack/ros2_ws/install/dsr_example/lib/python3.10/site-packages/dsr_example/demo
[4.181s] copying /home/jack/ros2_ws/build/dsr_example/build/lib/dsr_example/demo/dance_m1013.py -> /home/jack/ros2_ws/install/dsr_example/lib/python3.10/site-packages/dsr_example/demo
[4.181s] copying /home/jack/ros2_ws/build/dsr_example/build/lib/dsr_example/demo/__init__.py -> /home/jack/ros2_ws/install/dsr_example/lib/python3.10/site-packages/dsr_example/demo
[4.181s] copying /home/jack/ros2_ws/build/dsr_example/build/lib/dsr_example/__init__.py -> /home/jack/ros2_ws/install/dsr_example/lib/python3.10/site-packages/dsr_example
[4.184s] byte-compiling /home/jack/ros2_ws/install/dsr_example/lib/python3.10/site-packages/dsr_example/simple/__init__.py to __init__.cpython-310.pyc
[4.184s] byte-compiling /home/jack/ros2_ws/install/dsr_example/lib/python3.10/site-packages/dsr_example/simple/single_robot_simple.py to single_robot_simple.cpython-310.pyc
[4.189s] byte-compiling /home/jack/ros2_ws/install/dsr_example/lib/python3.10/site-packages/dsr_example/demo/dance_m1013.py to dance_m1013.cpython-310.pyc
[4.191s] byte-compiling /home/jack/ros2_ws/install/dsr_example/lib/python3.10/site-packages/dsr_example/demo/__init__.py to __init__.cpython-310.pyc
[4.191s] byte-compiling /home/jack/ros2_ws/install/dsr_example/lib/python3.10/site-packages/dsr_example/__init__.py to __init__.cpython-310.pyc
[4.192s] running install_data
[4.192s] creating /home/jack/ros2_ws/install/dsr_example/share/ament_index
[4.198s] creating /home/jack/ros2_ws/install/dsr_example/share/ament_index/resource_index
[4.198s] creating /home/jack/ros2_ws/install/dsr_example/share/ament_index/resource_index/packages
[4.198s] copying resource/dsr_example -> /home/jack/ros2_ws/install/dsr_example/share/ament_index/resource_index/packages
[4.198s] copying package.xml -> /home/jack/ros2_ws/install/dsr_example/share/dsr_example
[4.198s] running install_egg_info
[4.206s] Copying ../../../../build/dsr_example/dsr_example.egg-info to /home/jack/ros2_ws/install/dsr_example/lib/python3.10/site-packages/dsr_example-0.0.0-py3.10.egg-info
[4.207s] running install_scripts
[4.277s] Installing dance script to /home/jack/ros2_ws/install/dsr_example/lib/dsr_example
[4.277s] Installing single_robot_simple script to /home/jack/ros2_ws/install/dsr_example/lib/dsr_example
[4.279s] writing list of installed files to '/home/jack/ros2_ws/build/dsr_example/install.log'
[4.378s] Invoked command in '/home/jack/ros2_ws/src/DoosanBootcamp3rd/dsr_example2/dsr_example' returned '0': AMENT_PREFIX_PATH=/home/jack/ros2_ws/install/dsr_common2:${AMENT_PREFIX_PATH} CMAKE_PREFIX_PATH=/home/jack/ros2_ws/install/dsr_common2 PYTHONPATH=/home/jack/ros2_ws/build/dsr_example/prefix_override:/home/jack/.local/lib/python3.10/site-packages/colcon_core/task/python/colcon_distutils_commands:/home/jack/ros2_ws/install/dsr_example/lib/python3.10/site-packages:${PYTHONPATH} /usr/bin/python3 -W ignore:setup.py install is deprecated -W ignore:easy_install command is deprecated setup.py egg_info --egg-base ../../../../build/dsr_example build --build-base /home/jack/ros2_ws/build/dsr_example/build install --record /home/jack/ros2_ws/build/dsr_example/install.log --single-version-externally-managed install_data
