[3.191s] Invoking command in '/home/jack/ros2_ws/src/DoosanBootcamp3rd/dsr_rokey/pick_and_place_text': PYTHONPATH=/home/jack/ros2_ws/build/pick_and_place_text/prefix_override:/home/jack/.local/lib/python3.10/site-packages/colcon_core/task/python/colcon_distutils_commands:/home/jack/ros2_ws/install/pick_and_place_text/lib/python3.10/site-packages:${PYTHONPATH} /usr/bin/python3 -W ignore:setup.py install is deprecated -W ignore:easy_install command is deprecated setup.py egg_info --egg-base ../../../../build/pick_and_place_text build --build-base /home/jack/ros2_ws/build/pick_and_place_text/build install --record /home/jack/ros2_ws/build/pick_and_place_text/install.log --single-version-externally-managed install_data
[63.111s] running egg_info
[63.115s] writing ../../../../build/pick_and_place_text/pick_and_place_text.egg-info/PKG-INFO
[63.115s] writing dependency_links to ../../../../build/pick_and_place_text/pick_and_place_text.egg-info/dependency_links.txt
[63.115s] writing entry points to ../../../../build/pick_and_place_text/pick_and_place_text.egg-info/entry_points.txt
[63.115s] writing requirements to ../../../../build/pick_and_place_text/pick_and_place_text.egg-info/requires.txt
[63.115s] writing top-level names to ../../../../build/pick_and_place_text/pick_and_place_text.egg-info/top_level.txt
[63.115s] reading manifest file '../../../../build/pick_and_place_text/pick_and_place_text.egg-info/SOURCES.txt'
[63.115s] writing manifest file '../../../../build/pick_and_place_text/pick_and_place_text.egg-info/SOURCES.txt'
[63.116s] running build
[63.116s] running build_py
[63.116s] running install
[63.116s] running install_lib
[63.116s] running install_data
[63.116s] running install_egg_info
[63.116s] removing '/home/jack/ros2_ws/install/pick_and_place_text/lib/python3.10/site-packages/pick_and_place_text-0.0.0-py3.10.egg-info' (and everything under it)
[63.157s] Copying ../../../../build/pick_and_place_text/pick_and_place_text.egg-info to /home/jack/ros2_ws/install/pick_and_place_text/lib/python3.10/site-packages/pick_and_place_text-0.0.0-py3.10.egg-info
[63.157s] running install_scripts
[63.212s] Installing detection script to /home/jack/ros2_ws/install/pick_and_place_text/lib/pick_and_place_text
[63.213s] Installing robot_move script to /home/jack/ros2_ws/install/pick_and_place_text/lib/pick_and_place_text
[63.214s] writing list of installed files to '/home/jack/ros2_ws/build/pick_and_place_text/install.log'
[63.370s] Invoked command in '/home/jack/ros2_ws/src/DoosanBootcamp3rd/dsr_rokey/pick_and_place_text' returned '0': PYTHONPATH=/home/jack/ros2_ws/build/pick_and_place_text/prefix_override:/home/jack/.local/lib/python3.10/site-packages/colcon_core/task/python/colcon_distutils_commands:/home/jack/ros2_ws/install/pick_and_place_text/lib/python3.10/site-packages:${PYTHONPATH} /usr/bin/python3 -W ignore:setup.py install is deprecated -W ignore:easy_install command is deprecated setup.py egg_info --egg-base ../../../../build/pick_and_place_text build --build-base /home/jack/ros2_ws/build/pick_and_place_text/build install --record /home/jack/ros2_ws/build/pick_and_place_text/install.log --single-version-externally-managed install_data
