[3.599s] Invoking command in '/home/jack/ros2_ws/src/DoosanBootcamp3rd/dsr_example2/dsr_visualservoing': PYTHONPATH=/home/jack/ros2_ws/build/dsr_visualservoing/prefix_override:/home/jack/.local/lib/python3.10/site-packages/colcon_core/task/python/colcon_distutils_commands:/home/jack/ros2_ws/install/dsr_visualservoing/lib/python3.10/site-packages:${PYTHONPATH} /usr/bin/python3 -W ignore:setup.py install is deprecated -W ignore:easy_install command is deprecated setup.py egg_info --egg-base ../../../../build/dsr_visualservoing build --build-base /home/jack/ros2_ws/build/dsr_visualservoing/build install --record /home/jack/ros2_ws/build/dsr_visualservoing/install.log --single-version-externally-managed install_data
[4.238s] running egg_info
[4.240s] creating ../../../../build/dsr_visualservoing/dsr_visualservoing.egg-info
[4.242s] writing ../../../../build/dsr_visualservoing/dsr_visualservoing.egg-info/PKG-INFO
[4.242s] writing dependency_links to ../../../../build/dsr_visualservoing/dsr_visualservoing.egg-info/dependency_links.txt
[4.242s] writing entry points to ../../../../build/dsr_visualservoing/dsr_visualservoing.egg-info/entry_points.txt
[4.243s] writing requirements to ../../../../build/dsr_visualservoing/dsr_visualservoing.egg-info/requires.txt
[4.243s] writing top-level names to ../../../../build/dsr_visualservoing/dsr_visualservoing.egg-info/top_level.txt
[4.243s] writing manifest file '../../../../build/dsr_visualservoing/dsr_visualservoing.egg-info/SOURCES.txt'
[4.246s] reading manifest file '../../../../build/dsr_visualservoing/dsr_visualservoing.egg-info/SOURCES.txt'
[4.247s] writing manifest file '../../../../build/dsr_visualservoing/dsr_visualservoing.egg-info/SOURCES.txt'
[4.248s] running build
[4.248s] running build_py
[4.249s] creating /home/jack/ros2_ws/build/dsr_visualservoing/build
[4.249s] creating /home/jack/ros2_ws/build/dsr_visualservoing/build/lib
[4.249s] creating /home/jack/ros2_ws/build/dsr_visualservoing/build/lib/dsr_visualservoing
[4.249s] copying dsr_visualservoing/joint90.py -> /home/jack/ros2_ws/build/dsr_visualservoing/build/lib/dsr_visualservoing
[4.249s] copying dsr_visualservoing/send_pose_servol_gz.py -> /home/jack/ros2_ws/build/dsr_visualservoing/build/lib/dsr_visualservoing
[4.249s] copying dsr_visualservoing/__init__.py -> /home/jack/ros2_ws/build/dsr_visualservoing/build/lib/dsr_visualservoing
[4.249s] copying dsr_visualservoing/detect_marker_gz.py -> /home/jack/ros2_ws/build/dsr_visualservoing/build/lib/dsr_visualservoing
[4.249s] copying dsr_visualservoing/camera_publisher.py -> /home/jack/ros2_ws/build/dsr_visualservoing/build/lib/dsr_visualservoing
[4.249s] running install
[4.250s] running install_lib
[4.252s] creating /home/jack/ros2_ws/install/dsr_visualservoing/lib/python3.10/site-packages/dsr_visualservoing
[4.252s] copying /home/jack/ros2_ws/build/dsr_visualservoing/build/lib/dsr_visualservoing/joint90.py -> /home/jack/ros2_ws/install/dsr_visualservoing/lib/python3.10/site-packages/dsr_visualservoing
[4.252s] copying /home/jack/ros2_ws/build/dsr_visualservoing/build/lib/dsr_visualservoing/send_pose_servol_gz.py -> /home/jack/ros2_ws/install/dsr_visualservoing/lib/python3.10/site-packages/dsr_visualservoing
[4.253s] copying /home/jack/ros2_ws/build/dsr_visualservoing/build/lib/dsr_visualservoing/__init__.py -> /home/jack/ros2_ws/install/dsr_visualservoing/lib/python3.10/site-packages/dsr_visualservoing
[4.253s] copying /home/jack/ros2_ws/build/dsr_visualservoing/build/lib/dsr_visualservoing/detect_marker_gz.py -> /home/jack/ros2_ws/install/dsr_visualservoing/lib/python3.10/site-packages/dsr_visualservoing
[4.253s] copying /home/jack/ros2_ws/build/dsr_visualservoing/build/lib/dsr_visualservoing/camera_publisher.py -> /home/jack/ros2_ws/install/dsr_visualservoing/lib/python3.10/site-packages/dsr_visualservoing
[4.254s] byte-compiling /home/jack/ros2_ws/install/dsr_visualservoing/lib/python3.10/site-packages/dsr_visualservoing/joint90.py to joint90.cpython-310.pyc
[4.255s] byte-compiling /home/jack/ros2_ws/install/dsr_visualservoing/lib/python3.10/site-packages/dsr_visualservoing/send_pose_servol_gz.py to send_pose_servol_gz.cpython-310.pyc
[4.256s] byte-compiling /home/jack/ros2_ws/install/dsr_visualservoing/lib/python3.10/site-packages/dsr_visualservoing/__init__.py to __init__.cpython-310.pyc
[4.258s] byte-compiling /home/jack/ros2_ws/install/dsr_visualservoing/lib/python3.10/site-packages/dsr_visualservoing/detect_marker_gz.py to detect_marker_gz.cpython-310.pyc
[4.259s] byte-compiling /home/jack/ros2_ws/install/dsr_visualservoing/lib/python3.10/site-packages/dsr_visualservoing/camera_publisher.py to camera_publisher.cpython-310.pyc
[4.260s] running install_data
[4.260s] creating /home/jack/ros2_ws/install/dsr_visualservoing/share/ament_index
[4.260s] creating /home/jack/ros2_ws/install/dsr_visualservoing/share/ament_index/resource_index
[4.261s] creating /home/jack/ros2_ws/install/dsr_visualservoing/share/ament_index/resource_index/packages
[4.261s] copying resource/dsr_visualservoing -> /home/jack/ros2_ws/install/dsr_visualservoing/share/ament_index/resource_index/packages
[4.261s] copying package.xml -> /home/jack/ros2_ws/install/dsr_visualservoing/share/dsr_visualservoing
[4.262s] creating /home/jack/ros2_ws/install/dsr_visualservoing/share/dsr_visualservoing/launch
[4.262s] copying launch/camera_calibration.launch.py -> /home/jack/ros2_ws/install/dsr_visualservoing/share/dsr_visualservoing/launch
[4.262s] copying launch/dsr_gazebo_visual_servoing.launch.py -> /home/jack/ros2_ws/install/dsr_visualservoing/share/dsr_visualservoing/launch
[4.263s] copying launch/rgbd_camera.launch.py -> /home/jack/ros2_ws/install/dsr_visualservoing/share/dsr_visualservoing/launch
[4.263s] copying launch/visual_servoing_gz.launch.py -> /home/jack/ros2_ws/install/dsr_visualservoing/share/dsr_visualservoing/launch
[4.263s] copying launch/dsr_bringup2_visual_servoing_gazebo.launch.py -> /home/jack/ros2_ws/install/dsr_visualservoing/share/dsr_visualservoing/launch
[4.263s] creating /home/jack/ros2_ws/install/dsr_visualservoing/share/dsr_visualservoing/config
[4.263s] copying config/rgbd_camera_gz.yaml -> /home/jack/ros2_ws/install/dsr_visualservoing/share/dsr_visualservoing/config
[4.264s] copying config/real_camera.yaml -> /home/jack/ros2_ws/install/dsr_visualservoing/share/dsr_visualservoing/config
[4.267s] creating /home/jack/ros2_ws/install/dsr_visualservoing/share/dsr_visualservoing/description
[4.267s] copying description/checker_board.sdf -> /home/jack/ros2_ws/install/dsr_visualservoing/share/dsr_visualservoing/description
[4.268s] copying description/visual_servoing.sdf -> /home/jack/ros2_ws/install/dsr_visualservoing/share/dsr_visualservoing/description
[4.269s] copying description/markerbox1.sdf -> /home/jack/ros2_ws/install/dsr_visualservoing/share/dsr_visualservoing/description
[4.271s] copying description/markerbox2.sdf -> /home/jack/ros2_ws/install/dsr_visualservoing/share/dsr_visualservoing/description
[4.271s] copying description/camera_calibration.sdf -> /home/jack/ros2_ws/install/dsr_visualservoing/share/dsr_visualservoing/description
[4.274s] copying description/markerbox3.sdf -> /home/jack/ros2_ws/install/dsr_visualservoing/share/dsr_visualservoing/description
[4.275s] creating /home/jack/ros2_ws/install/dsr_visualservoing/share/dsr_visualservoing/description/textures
[4.276s] copying description/textures/4x4_1000-1_115.png -> /home/jack/ros2_ws/install/dsr_visualservoing/share/dsr_visualservoing/description/textures
[4.279s] copying description/textures/4x4_1000-2_115.png -> /home/jack/ros2_ws/install/dsr_visualservoing/share/dsr_visualservoing/description/textures
[4.281s] copying description/textures/4x4_1000-0.png -> /home/jack/ros2_ws/install/dsr_visualservoing/share/dsr_visualservoing/description/textures
[4.284s] copying description/textures/4x4_1000-3_115.png -> /home/jack/ros2_ws/install/dsr_visualservoing/share/dsr_visualservoing/description/textures
[4.286s] running install_egg_info
[4.288s] Copying ../../../../build/dsr_visualservoing/dsr_visualservoing.egg-info to /home/jack/ros2_ws/install/dsr_visualservoing/lib/python3.10/site-packages/dsr_visualservoing-0.0.0-py3.10.egg-info
[4.289s] running install_scripts
[4.361s] Installing camera_publisher script to /home/jack/ros2_ws/install/dsr_visualservoing/lib/dsr_visualservoing
[4.363s] Installing detect_marker_gz script to /home/jack/ros2_ws/install/dsr_visualservoing/lib/dsr_visualservoing
[4.373s] Installing joint90 script to /home/jack/ros2_ws/install/dsr_visualservoing/lib/dsr_visualservoing
[4.373s] Installing send_pose_servol_gz script to /home/jack/ros2_ws/install/dsr_visualservoing/lib/dsr_visualservoing
[4.373s] writing list of installed files to '/home/jack/ros2_ws/build/dsr_visualservoing/install.log'
[4.456s] Invoked command in '/home/jack/ros2_ws/src/DoosanBootcamp3rd/dsr_example2/dsr_visualservoing' returned '0': PYTHONPATH=/home/jack/ros2_ws/build/dsr_visualservoing/prefix_override:/home/jack/.local/lib/python3.10/site-packages/colcon_core/task/python/colcon_distutils_commands:/home/jack/ros2_ws/install/dsr_visualservoing/lib/python3.10/site-packages:${PYTHONPATH} /usr/bin/python3 -W ignore:setup.py install is deprecated -W ignore:easy_install command is deprecated setup.py egg_info --egg-base ../../../../build/dsr_visualservoing build --build-base /home/jack/ros2_ws/build/dsr_visualservoing/build install --record /home/jack/ros2_ws/build/dsr_visualservoing/install.log --single-version-externally-managed install_data
