[0.654s] Invoking command in '/home/jack/ros2_ws/src/DoosanBootcamp3rd/dsr_rokey/rokey': PYTHONPATH=/home/jack/ros2_ws/build/rokey/prefix_override:/home/jack/.local/lib/python3.10/site-packages/colcon_core/task/python/colcon_distutils_commands:/home/jack/ros2_ws/install/rokey/lib/python3.10/site-packages:${PYTHONPATH} /usr/bin/python3 -W ignore:setup.py install is deprecated -W ignore:easy_install command is deprecated setup.py egg_info --egg-base ../../../../build/rokey build --build-base /home/jack/ros2_ws/build/rokey/build install --record /home/jack/ros2_ws/build/rokey/install.log --single-version-externally-managed install_data
[0.869s] running egg_info
[0.870s] writing ../../../../build/rokey/rokey.egg-info/PKG-INFO
[0.870s] writing dependency_links to ../../../../build/rokey/rokey.egg-info/dependency_links.txt
[0.870s] writing entry points to ../../../../build/rokey/rokey.egg-info/entry_points.txt
[0.870s] writing requirements to ../../../../build/rokey/rokey.egg-info/requires.txt
[0.870s] writing top-level names to ../../../../build/rokey/rokey.egg-info/top_level.txt
[0.872s] reading manifest file '../../../../build/rokey/rokey.egg-info/SOURCES.txt'
[0.873s] writing manifest file '../../../../build/rokey/rokey.egg-info/SOURCES.txt'
[0.873s] running build
[0.873s] running build_py
[0.873s] copying rokey/speech_to_text.py -> /home/jack/ros2_ws/build/rokey/build/lib/rokey
[0.873s] running install
[0.874s] running install_lib
[0.874s] copying /home/jack/ros2_ws/build/rokey/build/lib/rokey/speech_to_text.py -> /home/jack/ros2_ws/install/rokey/lib/python3.10/site-packages/rokey
[0.875s] byte-compiling /home/jack/ros2_ws/install/rokey/lib/python3.10/site-packages/rokey/speech_to_text.py to speech_to_text.cpython-310.pyc
[0.879s] running install_data
[0.879s] running install_egg_info
[0.880s] removing '/home/jack/ros2_ws/install/rokey/lib/python3.10/site-packages/rokey-0.0.0-py3.10.egg-info' (and everything under it)
[0.880s] Copying ../../../../build/rokey/rokey.egg-info to /home/jack/ros2_ws/install/rokey/lib/python3.10/site-packages/rokey-0.0.0-py3.10.egg-info
[0.881s] running install_scripts
[0.896s] Installing data_recording script to /home/jack/ros2_ws/install/rokey/lib/rokey
[0.896s] Installing force_control script to /home/jack/ros2_ws/install/rokey/lib/rokey
[0.896s] Installing get_current_pos script to /home/jack/ros2_ws/install/rokey/lib/rokey
[0.896s] Installing getting_position script to /home/jack/ros2_ws/install/rokey/lib/rokey
[0.896s] Installing grip script to /home/jack/ros2_ws/install/rokey/lib/rokey
[0.896s] Installing jog script to /home/jack/ros2_ws/install/rokey/lib/rokey
[0.896s] Installing move_periodic script to /home/jack/ros2_ws/install/rokey/lib/rokey
[0.896s] Installing simple_amove script to /home/jack/ros2_ws/install/rokey/lib/rokey
[0.896s] Installing simple_move script to /home/jack/ros2_ws/install/rokey/lib/rokey
[0.896s] Installing simple_movesx script to /home/jack/ros2_ws/install/rokey/lib/rokey
[0.896s] Installing speech_to_text script to /home/jack/ros2_ws/install/rokey/lib/rokey
[0.896s] Installing start_signal_test script to /home/jack/ros2_ws/install/rokey/lib/rokey
[0.897s] writing list of installed files to '/home/jack/ros2_ws/build/rokey/install.log'
[0.918s] Invoked command in '/home/jack/ros2_ws/src/DoosanBootcamp3rd/dsr_rokey/rokey' returned '0': PYTHONPATH=/home/jack/ros2_ws/build/rokey/prefix_override:/home/jack/.local/lib/python3.10/site-packages/colcon_core/task/python/colcon_distutils_commands:/home/jack/ros2_ws/install/rokey/lib/python3.10/site-packages:${PYTHONPATH} /usr/bin/python3 -W ignore:setup.py install is deprecated -W ignore:easy_install command is deprecated setup.py egg_info --egg-base ../../../../build/rokey build --build-base /home/jack/ros2_ws/build/rokey/build install --record /home/jack/ros2_ws/build/rokey/install.log --single-version-externally-managed install_data
