[0.536s] Invoking command in '/home/jack/ros2_ws/src/DoosanBootcamp3rd/somacube': PYTHONPATH=/home/jack/ros2_ws/build/somacube/prefix_override:/home/jack/.local/lib/python3.10/site-packages/colcon_core/task/python/colcon_distutils_commands:/home/jack/ros2_ws/install/somacube/lib/python3.10/site-packages:${PYTHONPATH} /usr/bin/python3 -W ignore:setup.py install is deprecated -W ignore:easy_install command is deprecated setup.py egg_info --egg-base ../../../build/somacube build --build-base /home/jack/ros2_ws/build/somacube/build install --record /home/jack/ros2_ws/build/somacube/install.log --single-version-externally-managed install_data
[0.737s] running egg_info
[0.737s] writing ../../../build/somacube/somacube.egg-info/PKG-INFO
[0.737s] writing dependency_links to ../../../build/somacube/somacube.egg-info/dependency_links.txt
[0.737s] writing entry points to ../../../build/somacube/somacube.egg-info/entry_points.txt
[0.737s] writing requirements to ../../../build/somacube/somacube.egg-info/requires.txt
[0.738s] writing top-level names to ../../../build/somacube/somacube.egg-info/top_level.txt
[0.739s] reading manifest file '../../../build/somacube/somacube.egg-info/SOURCES.txt'
[0.740s] writing manifest file '../../../build/somacube/somacube.egg-info/SOURCES.txt'
[0.740s] running build
[0.740s] running build_py
[0.740s] copying somacube/RL_with_robot2.py -> /home/jack/ros2_ws/build/somacube/build/lib/somacube
[0.740s] running install
[0.741s] running install_lib
[0.741s] copying /home/jack/ros2_ws/build/somacube/build/lib/somacube/RL_with_robot2.py -> /home/jack/ros2_ws/install/somacube/lib/python3.10/site-packages/somacube
[0.742s] byte-compiling /home/jack/ros2_ws/install/somacube/lib/python3.10/site-packages/somacube/RL_with_robot2.py to RL_with_robot2.cpython-310.pyc
[0.747s] running install_data
[0.747s] running install_egg_info
[0.748s] removing '/home/jack/ros2_ws/install/somacube/lib/python3.10/site-packages/somacube-0.0.0-py3.10.egg-info' (and everything under it)
[0.749s] Copying ../../../build/somacube/somacube.egg-info to /home/jack/ros2_ws/install/somacube/lib/python3.10/site-packages/somacube-0.0.0-py3.10.egg-info
[0.749s] running install_scripts
[0.762s] Installing RL_with_robot2 script to /home/jack/ros2_ws/install/somacube/lib/somacube
[0.762s] Installing detection script to /home/jack/ros2_ws/install/somacube/lib/somacube
[0.762s] Installing robot_move script to /home/jack/ros2_ws/install/somacube/lib/somacube
[0.763s] writing list of installed files to '/home/jack/ros2_ws/build/somacube/install.log'
[0.782s] Invoked command in '/home/jack/ros2_ws/src/DoosanBootcamp3rd/somacube' returned '0': PYTHONPATH=/home/jack/ros2_ws/build/somacube/prefix_override:/home/jack/.local/lib/python3.10/site-packages/colcon_core/task/python/colcon_distutils_commands:/home/jack/ros2_ws/install/somacube/lib/python3.10/site-packages:${PYTHONPATH} /usr/bin/python3 -W ignore:setup.py install is deprecated -W ignore:easy_install command is deprecated setup.py egg_info --egg-base ../../../build/somacube build --build-base /home/jack/ros2_ws/build/somacube/build install --record /home/jack/ros2_ws/build/somacube/install.log --single-version-externally-managed install_data
