[0.007s] Invoking command in '/home/jack/ros2_ws/build/somacube_pose_estimation': CMAKE_PREFIX_PATH=/opt/ros/humble /usr/bin/cmake /home/jack/ros2_ws/src/somacube_pose_estimation -DCMAKE_INSTALL_PREFIX=/home/jack/ros2_ws/install/somacube_pose_estimation
[0.015s] -- Found ament_cmake: 1.3.11 (/opt/ros/humble/share/ament_cmake/cmake)
[0.097s] -- Found rclpy: 3.3.16 (/opt/ros/humble/share/rclpy/cmake)
[0.097s] -- Found std_msgs: 4.9.0 (/opt/ros/humble/share/std_msgs/cmake)
[0.113s] -- Found rosidl_generator_c: 3.1.6 (/opt/ros/humble/share/rosidl_generator_c/cmake)
[0.115s] -- Found rosidl_adapter: 3.1.6 (/opt/ros/humble/share/rosidl_adapter/cmake)
[0.119s] -- Found rosidl_generator_cpp: 3.1.6 (/opt/ros/humble/share/rosidl_generator_cpp/cmake)
[0.125s] -- Using all available rosidl_typesupport_c: rosidl_typesupport_fastrtps_c;rosidl_typesupport_introspection_c
[0.133s] -- Using all available rosidl_typesupport_cpp: rosidl_typesupport_fastrtps_cpp;rosidl_typesupport_introspection_cpp
[0.147s] -- Found sensor_msgs: 4.9.0 (/opt/ros/humble/share/sensor_msgs/cmake)
[0.165s] -- Found visualization_msgs: 4.9.0 (/opt/ros/humble/share/visualization_msgs/cmake)
[0.220s] -- Found ament_lint_auto: 0.12.12 (/opt/ros/humble/share/ament_lint_auto/cmake)
[0.271s] -- Found ament_cmake_pytest: 1.3.11 (/opt/ros/humble/share/ament_cmake_pytest/cmake)
[2.614s] -- Added test 'copyright' to check source files copyright and LICENSE
[2.618s] -- Added test 'flake8' to check Python code syntax and style conventions
[2.619s] -- Added test 'lint_cmake' to check CMake code style
[2.619s] -- Added test 'pep257' to check Python code against some of the docstring style conventions in PEP 257
[2.621s] -- Added test 'xmllint' to check XML markup files
[2.622s] -- Configuring done
[2.626s] -- Generating done
[2.627s] -- Build files have been written to: /home/jack/ros2_ws/build/somacube_pose_estimation
[2.632s] Invoked command in '/home/jack/ros2_ws/build/somacube_pose_estimation' returned '0': CMAKE_PREFIX_PATH=/opt/ros/humble /usr/bin/cmake /home/jack/ros2_ws/src/somacube_pose_estimation -DCMAKE_INSTALL_PREFIX=/home/jack/ros2_ws/install/somacube_pose_estimation
[2.633s] Invoking command in '/home/jack/ros2_ws/build/somacube_pose_estimation': CMAKE_PREFIX_PATH=/opt/ros/humble /usr/bin/cmake --build /home/jack/ros2_ws/build/somacube_pose_estimation -- -j16 -l16
[2.684s] Built target ament_cmake_python_copy_somacube_pose_estimation
[2.877s] running egg_info
[2.877s] creating somacube_pose_estimation.egg-info
[2.878s] writing somacube_pose_estimation.egg-info/PKG-INFO
[2.878s] writing dependency_links to somacube_pose_estimation.egg-info/dependency_links.txt
[2.878s] writing top-level names to somacube_pose_estimation.egg-info/top_level.txt
[2.878s] writing manifest file 'somacube_pose_estimation.egg-info/SOURCES.txt'
[2.879s] reading manifest file 'somacube_pose_estimation.egg-info/SOURCES.txt'
[2.880s] writing manifest file 'somacube_pose_estimation.egg-info/SOURCES.txt'
[2.898s] Built target ament_cmake_python_build_somacube_pose_estimation_egg
[2.908s] Invoked command in '/home/jack/ros2_ws/build/somacube_pose_estimation' returned '0': CMAKE_PREFIX_PATH=/opt/ros/humble /usr/bin/cmake --build /home/jack/ros2_ws/build/somacube_pose_estimation -- -j16 -l16
[2.917s] Invoking command in '/home/jack/ros2_ws/build/somacube_pose_estimation': CMAKE_PREFIX_PATH=/opt/ros/humble /usr/bin/cmake --install /home/jack/ros2_ws/build/somacube_pose_estimation
[2.924s] -- Install configuration: ""
[2.924s] -- Installing: /home/jack/ros2_ws/install/somacube_pose_estimation/share/somacube_pose_estimation/environment/pythonpath.sh
[2.924s] -- Installing: /home/jack/ros2_ws/install/somacube_pose_estimation/share/somacube_pose_estimation/environment/pythonpath.dsv
[2.924s] -- Installing: /home/jack/ros2_ws/install/somacube_pose_estimation/local/lib/python3.10/dist-packages/somacube_pose_estimation-1.0.0-py3.10.egg-info
[2.924s] -- Installing: /home/jack/ros2_ws/install/somacube_pose_estimation/local/lib/python3.10/dist-packages/somacube_pose_estimation-1.0.0-py3.10.egg-info/SOURCES.txt
[2.924s] -- Installing: /home/jack/ros2_ws/install/somacube_pose_estimation/local/lib/python3.10/dist-packages/somacube_pose_estimation-1.0.0-py3.10.egg-info/PKG-INFO
[2.925s] -- Installing: /home/jack/ros2_ws/install/somacube_pose_estimation/local/lib/python3.10/dist-packages/somacube_pose_estimation-1.0.0-py3.10.egg-info/dependency_links.txt
[2.925s] -- Installing: /home/jack/ros2_ws/install/somacube_pose_estimation/local/lib/python3.10/dist-packages/somacube_pose_estimation-1.0.0-py3.10.egg-info/top_level.txt
[2.925s] -- Installing: /home/jack/ros2_ws/install/somacube_pose_estimation/local/lib/python3.10/dist-packages/somacube_pose_estimation
[2.925s] -- Installing: /home/jack/ros2_ws/install/somacube_pose_estimation/local/lib/python3.10/dist-packages/somacube_pose_estimation/__init__.py
[2.925s] -- Installing: /home/jack/ros2_ws/install/somacube_pose_estimation/local/lib/python3.10/dist-packages/somacube_pose_estimation/mathematical_foundations.py
[2.951s] Listing '/home/jack/ros2_ws/install/somacube_pose_estimation/local/lib/python3.10/dist-packages/somacube_pose_estimation'...
[2.951s] Compiling '/home/jack/ros2_ws/install/somacube_pose_estimation/local/lib/python3.10/dist-packages/somacube_pose_estimation/__init__.py'...
[2.951s] Compiling '/home/jack/ros2_ws/install/somacube_pose_estimation/local/lib/python3.10/dist-packages/somacube_pose_estimation/mathematical_foundations.py'...
[2.953s] -- Installing: /home/jack/ros2_ws/install/somacube_pose_estimation/lib/somacube_pose_estimation/yolo_detector_node.py
[2.953s] -- Installing: /home/jack/ros2_ws/install/somacube_pose_estimation/lib/somacube_pose_estimation/pointcloud_processor_node.py
[2.953s] -- Installing: /home/jack/ros2_ws/install/somacube_pose_estimation/lib/somacube_pose_estimation/pca_axis_estimator_node.py
[2.953s] -- Installing: /home/jack/ros2_ws/install/somacube_pose_estimation/lib/somacube_pose_estimation/manhattan_aligner_node.py
[2.954s] -- Installing: /home/jack/ros2_ws/install/somacube_pose_estimation/lib/somacube_pose_estimation/multiview_fusion_node.py
[2.954s] CMake Error at cmake_install.cmake:70 (file):
[2.954s]   file INSTALL cannot find
[2.954s]   "/home/jack/ros2_ws/src/somacube_pose_estimation/scripts/pose_validation_node.py":
[2.954s]   No such file or directory.
[2.954s] 
[2.954s] 
[2.955s] Invoked command in '/home/jack/ros2_ws/build/somacube_pose_estimation' returned '1': CMAKE_PREFIX_PATH=/opt/ros/humble /usr/bin/cmake --install /home/jack/ros2_ws/build/somacube_pose_estimation
