/home/jack/ros2_ws/install/rokey/lib/python3.10/site-packages/rokey/speech_test_launcher.py
/home/jack/ros2_ws/install/rokey/lib/python3.10/site-packages/rokey/__init__.py
/home/jack/ros2_ws/install/rokey/lib/python3.10/site-packages/rokey/speech_to_text.py
/home/jack/ros2_ws/install/rokey/lib/python3.10/site-packages/rokey/start_signal_test.py
/home/jack/ros2_ws/install/rokey/lib/python3.10/site-packages/rokey/tts_feedback.py
/home/jack/ros2_ws/install/rokey/lib/python3.10/site-packages/rokey/basic/move_periodic.py
/home/jack/ros2_ws/install/rokey/lib/python3.10/site-packages/rokey/basic/getting_position.py
/home/jack/ros2_ws/install/rokey/lib/python3.10/site-packages/rokey/basic/jog_complete.py
/home/jack/ros2_ws/install/rokey/lib/python3.10/site-packages/rokey/basic/grip.py
/home/jack/ros2_ws/install/rokey/lib/python3.10/site-packages/rokey/basic/__init__.py
/home/jack/ros2_ws/install/rokey/lib/python3.10/site-packages/rokey/basic/move.py
/home/jack/ros2_ws/install/rokey/lib/python3.10/site-packages/rokey/basic/amove_test.py
/home/jack/ros2_ws/install/rokey/lib/python3.10/site-packages/rokey/basic/get_current_pos.py
/home/jack/ros2_ws/install/rokey/lib/python3.10/site-packages/rokey/basic/data_recording.py
/home/jack/ros2_ws/install/rokey/lib/python3.10/site-packages/rokey/basic/movesx_test.py
/home/jack/ros2_ws/install/rokey/lib/python3.10/site-packages/rokey/basic/force_control.py
/home/jack/ros2_ws/install/rokey/lib/python3.10/site-packages/rokey/__pycache__/speech_test_launcher.cpython-310.pyc
/home/jack/ros2_ws/install/rokey/lib/python3.10/site-packages/rokey/__pycache__/__init__.cpython-310.pyc
/home/jack/ros2_ws/install/rokey/lib/python3.10/site-packages/rokey/__pycache__/speech_to_text.cpython-310.pyc
/home/jack/ros2_ws/install/rokey/lib/python3.10/site-packages/rokey/__pycache__/start_signal_test.cpython-310.pyc
/home/jack/ros2_ws/install/rokey/lib/python3.10/site-packages/rokey/__pycache__/tts_feedback.cpython-310.pyc
/home/jack/ros2_ws/install/rokey/lib/python3.10/site-packages/rokey/basic/__pycache__/move_periodic.cpython-310.pyc
/home/jack/ros2_ws/install/rokey/lib/python3.10/site-packages/rokey/basic/__pycache__/getting_position.cpython-310.pyc
/home/jack/ros2_ws/install/rokey/lib/python3.10/site-packages/rokey/basic/__pycache__/jog_complete.cpython-310.pyc
/home/jack/ros2_ws/install/rokey/lib/python3.10/site-packages/rokey/basic/__pycache__/grip.cpython-310.pyc
/home/jack/ros2_ws/install/rokey/lib/python3.10/site-packages/rokey/basic/__pycache__/__init__.cpython-310.pyc
/home/jack/ros2_ws/install/rokey/lib/python3.10/site-packages/rokey/basic/__pycache__/move.cpython-310.pyc
/home/jack/ros2_ws/install/rokey/lib/python3.10/site-packages/rokey/basic/__pycache__/amove_test.cpython-310.pyc
/home/jack/ros2_ws/install/rokey/lib/python3.10/site-packages/rokey/basic/__pycache__/get_current_pos.cpython-310.pyc
/home/jack/ros2_ws/install/rokey/lib/python3.10/site-packages/rokey/basic/__pycache__/data_recording.cpython-310.pyc
/home/jack/ros2_ws/install/rokey/lib/python3.10/site-packages/rokey/basic/__pycache__/movesx_test.cpython-310.pyc
/home/jack/ros2_ws/install/rokey/lib/python3.10/site-packages/rokey/basic/__pycache__/force_control.cpython-310.pyc
/home/jack/ros2_ws/install/rokey/share/ament_index/resource_index/packages/rokey
/home/jack/ros2_ws/install/rokey/share/rokey/package.xml
/home/jack/ros2_ws/install/rokey/share/rokey/.env
/home/jack/ros2_ws/install/rokey/share/rokey/requirements.txt
/home/jack/ros2_ws/install/rokey/share/rokey/SPEECH_TO_TEXT_README.md
/home/jack/ros2_ws/install/rokey/share/rokey/test_speech_to_text.sh
/home/jack/ros2_ws/install/rokey/lib/python3.10/site-packages/rokey-1.0.0-py3.10.egg-info/SOURCES.txt
/home/jack/ros2_ws/install/rokey/lib/python3.10/site-packages/rokey-1.0.0-py3.10.egg-info/entry_points.txt
/home/jack/ros2_ws/install/rokey/lib/python3.10/site-packages/rokey-1.0.0-py3.10.egg-info/PKG-INFO
/home/jack/ros2_ws/install/rokey/lib/python3.10/site-packages/rokey-1.0.0-py3.10.egg-info/dependency_links.txt
/home/jack/ros2_ws/install/rokey/lib/python3.10/site-packages/rokey-1.0.0-py3.10.egg-info/top_level.txt
/home/jack/ros2_ws/install/rokey/lib/python3.10/site-packages/rokey-1.0.0-py3.10.egg-info/zip-safe
/home/jack/ros2_ws/install/rokey/lib/python3.10/site-packages/rokey-1.0.0-py3.10.egg-info/requires.txt
/home/jack/ros2_ws/install/rokey/lib/rokey/data_recording
/home/jack/ros2_ws/install/rokey/lib/rokey/force_control
/home/jack/ros2_ws/install/rokey/lib/rokey/get_current_pos
/home/jack/ros2_ws/install/rokey/lib/rokey/getting_position
/home/jack/ros2_ws/install/rokey/lib/rokey/grip
/home/jack/ros2_ws/install/rokey/lib/rokey/jog
/home/jack/ros2_ws/install/rokey/lib/rokey/move_periodic
/home/jack/ros2_ws/install/rokey/lib/rokey/rokey-speech
/home/jack/ros2_ws/install/rokey/lib/rokey/rokey-speech-test
/home/jack/ros2_ws/install/rokey/lib/rokey/rokey-test
/home/jack/ros2_ws/install/rokey/lib/rokey/simple_amove
/home/jack/ros2_ws/install/rokey/lib/rokey/simple_move
/home/jack/ros2_ws/install/rokey/lib/rokey/simple_movesx
/home/jack/ros2_ws/install/rokey/lib/rokey/speech_to_text
/home/jack/ros2_ws/install/rokey/lib/rokey/start_signal_test
