[0.027s] Invoking command in '/home/jack/ros2_ws/build/dsr_moveit_config_m1013': CMAKE_PREFIX_PATH=/opt/ros/humble /usr/bin/cmake --build /home/jack/ros2_ws/build/dsr_moveit_config_m1013 -- -j8 -l8
[0.326s] Invoked command in '/home/jack/ros2_ws/build/dsr_moveit_config_m1013' returned '0': CMAKE_PREFIX_PATH=/opt/ros/humble /usr/bin/cmake --build /home/jack/ros2_ws/build/dsr_moveit_config_m1013 -- -j8 -l8
[0.327s] Invoking command in '/home/jack/ros2_ws/build/dsr_moveit_config_m1013': CMAKE_PREFIX_PATH=/opt/ros/humble /usr/bin/cmake --install /home/jack/ros2_ws/build/dsr_moveit_config_m1013
[0.343s] -- Install configuration: ""
[0.343s] -- Up-to-date: /home/jack/ros2_ws/install/dsr_moveit_config_m1013/share/ament_index/resource_index/package_run_dependencies/dsr_moveit_config_m1013
[0.343s] -- Up-to-date: /home/jack/ros2_ws/install/dsr_moveit_config_m1013/share/ament_index/resource_index/parent_prefix_path/dsr_moveit_config_m1013
[0.343s] -- Up-to-date: /home/jack/ros2_ws/install/dsr_moveit_config_m1013/share/dsr_moveit_config_m1013/environment/ament_prefix_path.sh
[0.343s] -- Up-to-date: /home/jack/ros2_ws/install/dsr_moveit_config_m1013/share/dsr_moveit_config_m1013/environment/ament_prefix_path.dsv
[0.343s] -- Up-to-date: /home/jack/ros2_ws/install/dsr_moveit_config_m1013/share/dsr_moveit_config_m1013/environment/path.sh
[0.343s] -- Up-to-date: /home/jack/ros2_ws/install/dsr_moveit_config_m1013/share/dsr_moveit_config_m1013/environment/path.dsv
[0.343s] -- Up-to-date: /home/jack/ros2_ws/install/dsr_moveit_config_m1013/share/dsr_moveit_config_m1013/local_setup.bash
[0.343s] -- Up-to-date: /home/jack/ros2_ws/install/dsr_moveit_config_m1013/share/dsr_moveit_config_m1013/local_setup.sh
[0.343s] -- Up-to-date: /home/jack/ros2_ws/install/dsr_moveit_config_m1013/share/dsr_moveit_config_m1013/local_setup.zsh
[0.343s] -- Up-to-date: /home/jack/ros2_ws/install/dsr_moveit_config_m1013/share/dsr_moveit_config_m1013/local_setup.dsv
[0.344s] -- Installing: /home/jack/ros2_ws/install/dsr_moveit_config_m1013/share/dsr_moveit_config_m1013/package.dsv
[0.344s] -- Up-to-date: /home/jack/ros2_ws/install/dsr_moveit_config_m1013/share/ament_index/resource_index/packages/dsr_moveit_config_m1013
[0.344s] -- Up-to-date: /home/jack/ros2_ws/install/dsr_moveit_config_m1013/share/dsr_moveit_config_m1013/cmake/dsr_moveit_config_m1013Config.cmake
[0.344s] -- Up-to-date: /home/jack/ros2_ws/install/dsr_moveit_config_m1013/share/dsr_moveit_config_m1013/cmake/dsr_moveit_config_m1013Config-version.cmake
[0.344s] -- Up-to-date: /home/jack/ros2_ws/install/dsr_moveit_config_m1013/share/dsr_moveit_config_m1013/package.xml
[0.344s] -- Up-to-date: /home/jack/ros2_ws/install/dsr_moveit_config_m1013/share/dsr_moveit_config_m1013/launch
[0.344s] -- Up-to-date: /home/jack/ros2_ws/install/dsr_moveit_config_m1013/share/dsr_moveit_config_m1013/launch/demo.launch.py
[0.344s] -- Up-to-date: /home/jack/ros2_ws/install/dsr_moveit_config_m1013/share/dsr_moveit_config_m1013/launch/start.launch.py
[0.344s] -- Up-to-date: /home/jack/ros2_ws/install/dsr_moveit_config_m1013/share/dsr_moveit_config_m1013/launch/moveit.rviz
[0.344s] -- Up-to-date: /home/jack/ros2_ws/install/dsr_moveit_config_m1013/share/dsr_moveit_config_m1013/config
[0.344s] -- Up-to-date: /home/jack/ros2_ws/install/dsr_moveit_config_m1013/share/dsr_moveit_config_m1013/config/pilz_cartesian_limits.yaml
[0.344s] -- Up-to-date: /home/jack/ros2_ws/install/dsr_moveit_config_m1013/share/dsr_moveit_config_m1013/config/dsr.ros2_control.xacro
[0.344s] -- Up-to-date: /home/jack/ros2_ws/install/dsr_moveit_config_m1013/share/dsr_moveit_config_m1013/config/kinematics.yaml
[0.344s] -- Up-to-date: /home/jack/ros2_ws/install/dsr_moveit_config_m1013/share/dsr_moveit_config_m1013/config/sensors_3d.yaml
[0.345s] -- Up-to-date: /home/jack/ros2_ws/install/dsr_moveit_config_m1013/share/dsr_moveit_config_m1013/config/joint_limits.yaml
[0.345s] -- Up-to-date: /home/jack/ros2_ws/install/dsr_moveit_config_m1013/share/dsr_moveit_config_m1013/config/chomp_planning.yaml
[0.345s] -- Up-to-date: /home/jack/ros2_ws/install/dsr_moveit_config_m1013/share/dsr_moveit_config_m1013/config/m1013.urdf.xacro
[0.345s] -- Up-to-date: /home/jack/ros2_ws/install/dsr_moveit_config_m1013/share/dsr_moveit_config_m1013/config/initial_positions.yaml
[0.345s] -- Up-to-date: /home/jack/ros2_ws/install/dsr_moveit_config_m1013/share/dsr_moveit_config_m1013/config/dsr.srdf
[0.345s] -- Up-to-date: /home/jack/ros2_ws/install/dsr_moveit_config_m1013/share/dsr_moveit_config_m1013/config/moveit_controllers.yaml
[0.345s] -- Up-to-date: /home/jack/ros2_ws/install/dsr_moveit_config_m1013/share/dsr_moveit_config_m1013/config/ompl_planning.yaml
[0.346s] -- Up-to-date: /home/jack/ros2_ws/install/dsr_moveit_config_m1013/share/dsr_moveit_config_m1013/config/ros2_controllers.yaml
[0.346s] -- Up-to-date: /home/jack/ros2_ws/install/dsr_moveit_config_m1013/share/dsr_moveit_config_m1013/.setup_assistant
[0.392s] Invoked command in '/home/jack/ros2_ws/build/dsr_moveit_config_m1013' returned '0': CMAKE_PREFIX_PATH=/opt/ros/humble /usr/bin/cmake --install /home/jack/ros2_ws/build/dsr_moveit_config_m1013
