[0.016s] Invoking command in '/home/jack/ros2_ws/build/dsr_moveit_config_p3020': CMAKE_PREFIX_PATH=/opt/ros/humble /usr/bin/cmake /home/jack/ros2_ws/src/DoosanBootcamp3rd/dsr_moveit2/dsr_moveit_config_p3020 -DCMAKE_INSTALL_PREFIX=/home/jack/ros2_ws/install/dsr_moveit_config_p3020
[0.080s] -- The C compiler identification is GNU 11.4.0
[0.153s] -- The CXX compiler identification is GNU 11.4.0
[0.163s] -- Detecting C compiler ABI info
[0.253s] -- Detecting C compiler ABI info - done
[0.264s] -- Check for working C compiler: /usr/bin/cc - skipped
[0.264s] -- Detecting C compile features
[0.264s] -- Detecting C compile features - done
[0.268s] -- Detecting CXX compiler ABI info
[0.408s] -- Detecting CXX compiler ABI info - done
[0.440s] -- Check for working CXX compiler: /usr/bin/c++ - skipped
[0.441s] -- Detecting CXX compile features
[0.443s] -- Detecting CXX compile features - done
[0.451s] -- Found ament_cmake: 1.3.11 (/opt/ros/humble/share/ament_cmake/cmake)
[0.789s] -- Found Python3: /usr/bin/python3 (found version "3.10.12") found components: Interpreter 
[1.890s] -- Configuring done
[1.890s] -- Generating done
[1.890s] -- Build files have been written to: /home/jack/ros2_ws/build/dsr_moveit_config_p3020
[1.932s] Invoked command in '/home/jack/ros2_ws/build/dsr_moveit_config_p3020' returned '0': CMAKE_PREFIX_PATH=/opt/ros/humble /usr/bin/cmake /home/jack/ros2_ws/src/DoosanBootcamp3rd/dsr_moveit2/dsr_moveit_config_p3020 -DCMAKE_INSTALL_PREFIX=/home/jack/ros2_ws/install/dsr_moveit_config_p3020
[1.933s] Invoking command in '/home/jack/ros2_ws/build/dsr_moveit_config_p3020': CMAKE_PREFIX_PATH=/opt/ros/humble /usr/bin/cmake --build /home/jack/ros2_ws/build/dsr_moveit_config_p3020 -- -j8 -l8
[2.105s] Invoked command in '/home/jack/ros2_ws/build/dsr_moveit_config_p3020' returned '0': CMAKE_PREFIX_PATH=/opt/ros/humble /usr/bin/cmake --build /home/jack/ros2_ws/build/dsr_moveit_config_p3020 -- -j8 -l8
[2.114s] Invoking command in '/home/jack/ros2_ws/build/dsr_moveit_config_p3020': CMAKE_PREFIX_PATH=/opt/ros/humble /usr/bin/cmake --install /home/jack/ros2_ws/build/dsr_moveit_config_p3020
[2.167s] -- Install configuration: ""
[2.167s] -- Installing: /home/jack/ros2_ws/install/dsr_moveit_config_p3020/share/ament_index/resource_index/package_run_dependencies/dsr_moveit_config_p3020
[2.168s] -- Installing: /home/jack/ros2_ws/install/dsr_moveit_config_p3020/share/ament_index/resource_index/parent_prefix_path/dsr_moveit_config_p3020
[2.168s] -- Installing: /home/jack/ros2_ws/install/dsr_moveit_config_p3020/share/dsr_moveit_config_p3020/environment/ament_prefix_path.sh
[2.168s] -- Installing: /home/jack/ros2_ws/install/dsr_moveit_config_p3020/share/dsr_moveit_config_p3020/environment/ament_prefix_path.dsv
[2.168s] -- Installing: /home/jack/ros2_ws/install/dsr_moveit_config_p3020/share/dsr_moveit_config_p3020/environment/path.sh
[2.168s] -- Installing: /home/jack/ros2_ws/install/dsr_moveit_config_p3020/share/dsr_moveit_config_p3020/environment/path.dsv
[2.168s] -- Installing: /home/jack/ros2_ws/install/dsr_moveit_config_p3020/share/dsr_moveit_config_p3020/local_setup.bash
[2.168s] -- Installing: /home/jack/ros2_ws/install/dsr_moveit_config_p3020/share/dsr_moveit_config_p3020/local_setup.sh
[2.168s] -- Installing: /home/jack/ros2_ws/install/dsr_moveit_config_p3020/share/dsr_moveit_config_p3020/local_setup.zsh
[2.168s] -- Installing: /home/jack/ros2_ws/install/dsr_moveit_config_p3020/share/dsr_moveit_config_p3020/local_setup.dsv
[2.168s] -- Installing: /home/jack/ros2_ws/install/dsr_moveit_config_p3020/share/dsr_moveit_config_p3020/package.dsv
[2.169s] -- Installing: /home/jack/ros2_ws/install/dsr_moveit_config_p3020/share/ament_index/resource_index/packages/dsr_moveit_config_p3020
[2.169s] -- Installing: /home/jack/ros2_ws/install/dsr_moveit_config_p3020/share/dsr_moveit_config_p3020/cmake/dsr_moveit_config_p3020Config.cmake
[2.169s] -- Installing: /home/jack/ros2_ws/install/dsr_moveit_config_p3020/share/dsr_moveit_config_p3020/cmake/dsr_moveit_config_p3020Config-version.cmake
[2.169s] -- Installing: /home/jack/ros2_ws/install/dsr_moveit_config_p3020/share/dsr_moveit_config_p3020/package.xml
[2.169s] -- Installing: /home/jack/ros2_ws/install/dsr_moveit_config_p3020/share/dsr_moveit_config_p3020/launch
[2.169s] -- Installing: /home/jack/ros2_ws/install/dsr_moveit_config_p3020/share/dsr_moveit_config_p3020/launch/start.launch.py
[2.169s] -- Installing: /home/jack/ros2_ws/install/dsr_moveit_config_p3020/share/dsr_moveit_config_p3020/launch/moveit.rviz
[2.169s] -- Installing: /home/jack/ros2_ws/install/dsr_moveit_config_p3020/share/dsr_moveit_config_p3020/config
[2.169s] -- Installing: /home/jack/ros2_ws/install/dsr_moveit_config_p3020/share/dsr_moveit_config_p3020/config/pilz_cartesian_limits.yaml
[2.169s] -- Installing: /home/jack/ros2_ws/install/dsr_moveit_config_p3020/share/dsr_moveit_config_p3020/config/dsr.ros2_control.xacro
[2.170s] -- Installing: /home/jack/ros2_ws/install/dsr_moveit_config_p3020/share/dsr_moveit_config_p3020/config/kinematics.yaml
[2.170s] -- Installing: /home/jack/ros2_ws/install/dsr_moveit_config_p3020/share/dsr_moveit_config_p3020/config/sensors_3d.yaml
[2.170s] -- Installing: /home/jack/ros2_ws/install/dsr_moveit_config_p3020/share/dsr_moveit_config_p3020/config/joint_limits.yaml
[2.170s] -- Installing: /home/jack/ros2_ws/install/dsr_moveit_config_p3020/share/dsr_moveit_config_p3020/config/chomp_planning.yaml
[2.170s] -- Installing: /home/jack/ros2_ws/install/dsr_moveit_config_p3020/share/dsr_moveit_config_p3020/config/initial_positions.yaml
[2.170s] -- Installing: /home/jack/ros2_ws/install/dsr_moveit_config_p3020/share/dsr_moveit_config_p3020/config/dsr.srdf
[2.170s] -- Installing: /home/jack/ros2_ws/install/dsr_moveit_config_p3020/share/dsr_moveit_config_p3020/config/moveit_controllers.yaml
[2.170s] -- Installing: /home/jack/ros2_ws/install/dsr_moveit_config_p3020/share/dsr_moveit_config_p3020/config/p3020.urdf.xacro
[2.170s] -- Installing: /home/jack/ros2_ws/install/dsr_moveit_config_p3020/share/dsr_moveit_config_p3020/config/ompl_planning.yaml
[2.229s] -- Installing: /home/jack/ros2_ws/install/dsr_moveit_config_p3020/share/dsr_moveit_config_p3020/config/ros2_controllers.yaml
[2.229s] -- Installing: /home/jack/ros2_ws/install/dsr_moveit_config_p3020/share/dsr_moveit_config_p3020/.setup_assistant
[2.939s] Invoked command in '/home/jack/ros2_ws/build/dsr_moveit_config_p3020' returned '0': CMAKE_PREFIX_PATH=/opt/ros/humble /usr/bin/cmake --install /home/jack/ros2_ws/build/dsr_moveit_config_p3020
