[0.087s] Invoking command in '/home/jack/ros2_ws/build/dsr_moveit_config_m0609': CMAKE_PREFIX_PATH=/opt/ros/humble /usr/bin/cmake /home/jack/ros2_ws/src/DoosanBootcamp3rd/dsr_moveit2/dsr_moveit_config_m0609 -DCMAKE_INSTALL_PREFIX=/home/jack/ros2_ws/install/dsr_moveit_config_m0609
[0.151s] -- The C compiler identification is GNU 11.4.0
[0.227s] -- The CXX compiler identification is GNU 11.4.0
[0.238s] -- Detecting C compiler ABI info
[0.330s] -- Detecting C compiler ABI info - done
[0.345s] -- Check for working C compiler: /usr/bin/cc - skipped
[0.345s] -- Detecting C compile features
[0.347s] -- Detecting C compile features - done
[0.353s] -- Detecting CXX compiler ABI info
[0.490s] -- Detecting CXX compiler ABI info - done
[0.518s] -- Check for working CXX compiler: /usr/bin/c++ - skipped
[0.519s] -- Detecting CXX compile features
[0.519s] -- Detecting CXX compile features - done
[0.522s] -- Found ament_cmake: 1.3.11 (/opt/ros/humble/share/ament_cmake/cmake)
[1.009s] -- Found Python3: /usr/bin/python3 (found version "3.10.12") found components: Interpreter 
[1.977s] -- Configuring done
[1.977s] -- Generating done
[1.977s] -- Build files have been written to: /home/jack/ros2_ws/build/dsr_moveit_config_m0609
[2.006s] Invoked command in '/home/jack/ros2_ws/build/dsr_moveit_config_m0609' returned '0': CMAKE_PREFIX_PATH=/opt/ros/humble /usr/bin/cmake /home/jack/ros2_ws/src/DoosanBootcamp3rd/dsr_moveit2/dsr_moveit_config_m0609 -DCMAKE_INSTALL_PREFIX=/home/jack/ros2_ws/install/dsr_moveit_config_m0609
[2.007s] Invoking command in '/home/jack/ros2_ws/build/dsr_moveit_config_m0609': CMAKE_PREFIX_PATH=/opt/ros/humble /usr/bin/cmake --build /home/jack/ros2_ws/build/dsr_moveit_config_m0609 -- -j8 -l8
[2.181s] Invoked command in '/home/jack/ros2_ws/build/dsr_moveit_config_m0609' returned '0': CMAKE_PREFIX_PATH=/opt/ros/humble /usr/bin/cmake --build /home/jack/ros2_ws/build/dsr_moveit_config_m0609 -- -j8 -l8
[2.186s] Invoking command in '/home/jack/ros2_ws/build/dsr_moveit_config_m0609': CMAKE_PREFIX_PATH=/opt/ros/humble /usr/bin/cmake --install /home/jack/ros2_ws/build/dsr_moveit_config_m0609
[2.237s] -- Install configuration: ""
[2.237s] -- Installing: /home/jack/ros2_ws/install/dsr_moveit_config_m0609/share/ament_index/resource_index/package_run_dependencies/dsr_moveit_config_m0609
[2.238s] -- Installing: /home/jack/ros2_ws/install/dsr_moveit_config_m0609/share/ament_index/resource_index/parent_prefix_path/dsr_moveit_config_m0609
[2.238s] -- Installing: /home/jack/ros2_ws/install/dsr_moveit_config_m0609/share/dsr_moveit_config_m0609/environment/ament_prefix_path.sh
[2.238s] -- Installing: /home/jack/ros2_ws/install/dsr_moveit_config_m0609/share/dsr_moveit_config_m0609/environment/ament_prefix_path.dsv
[2.238s] -- Installing: /home/jack/ros2_ws/install/dsr_moveit_config_m0609/share/dsr_moveit_config_m0609/environment/path.sh
[2.238s] -- Installing: /home/jack/ros2_ws/install/dsr_moveit_config_m0609/share/dsr_moveit_config_m0609/environment/path.dsv
[2.238s] -- Installing: /home/jack/ros2_ws/install/dsr_moveit_config_m0609/share/dsr_moveit_config_m0609/local_setup.bash
[2.238s] -- Installing: /home/jack/ros2_ws/install/dsr_moveit_config_m0609/share/dsr_moveit_config_m0609/local_setup.sh
[2.238s] -- Installing: /home/jack/ros2_ws/install/dsr_moveit_config_m0609/share/dsr_moveit_config_m0609/local_setup.zsh
[2.238s] -- Installing: /home/jack/ros2_ws/install/dsr_moveit_config_m0609/share/dsr_moveit_config_m0609/local_setup.dsv
[2.239s] -- Installing: /home/jack/ros2_ws/install/dsr_moveit_config_m0609/share/dsr_moveit_config_m0609/package.dsv
[2.239s] -- Installing: /home/jack/ros2_ws/install/dsr_moveit_config_m0609/share/ament_index/resource_index/packages/dsr_moveit_config_m0609
[2.239s] -- Installing: /home/jack/ros2_ws/install/dsr_moveit_config_m0609/share/dsr_moveit_config_m0609/cmake/dsr_moveit_config_m0609Config.cmake
[2.239s] -- Installing: /home/jack/ros2_ws/install/dsr_moveit_config_m0609/share/dsr_moveit_config_m0609/cmake/dsr_moveit_config_m0609Config-version.cmake
[2.239s] -- Installing: /home/jack/ros2_ws/install/dsr_moveit_config_m0609/share/dsr_moveit_config_m0609/package.xml
[2.239s] -- Installing: /home/jack/ros2_ws/install/dsr_moveit_config_m0609/share/dsr_moveit_config_m0609/launch
[2.239s] -- Installing: /home/jack/ros2_ws/install/dsr_moveit_config_m0609/share/dsr_moveit_config_m0609/launch/demo.launch.py
[2.239s] -- Installing: /home/jack/ros2_ws/install/dsr_moveit_config_m0609/share/dsr_moveit_config_m0609/launch/start.launch.py
[2.239s] -- Installing: /home/jack/ros2_ws/install/dsr_moveit_config_m0609/share/dsr_moveit_config_m0609/launch/moveit.rviz
[2.239s] -- Installing: /home/jack/ros2_ws/install/dsr_moveit_config_m0609/share/dsr_moveit_config_m0609/config
[2.240s] -- Installing: /home/jack/ros2_ws/install/dsr_moveit_config_m0609/share/dsr_moveit_config_m0609/config/m0609.urdf.xacro
[2.240s] -- Installing: /home/jack/ros2_ws/install/dsr_moveit_config_m0609/share/dsr_moveit_config_m0609/config/pilz_cartesian_limits.yaml
[2.240s] -- Installing: /home/jack/ros2_ws/install/dsr_moveit_config_m0609/share/dsr_moveit_config_m0609/config/dsr.ros2_control.xacro
[2.240s] -- Installing: /home/jack/ros2_ws/install/dsr_moveit_config_m0609/share/dsr_moveit_config_m0609/config/kinematics.yaml
[2.240s] -- Installing: /home/jack/ros2_ws/install/dsr_moveit_config_m0609/share/dsr_moveit_config_m0609/config/sensors_3d.yaml
[2.240s] -- Installing: /home/jack/ros2_ws/install/dsr_moveit_config_m0609/share/dsr_moveit_config_m0609/config/joint_limits.yaml
[2.240s] -- Installing: /home/jack/ros2_ws/install/dsr_moveit_config_m0609/share/dsr_moveit_config_m0609/config/chomp_planning.yaml
[2.240s] -- Installing: /home/jack/ros2_ws/install/dsr_moveit_config_m0609/share/dsr_moveit_config_m0609/config/initial_positions.yaml
[2.240s] -- Installing: /home/jack/ros2_ws/install/dsr_moveit_config_m0609/share/dsr_moveit_config_m0609/config/dsr.srdf
[2.240s] -- Installing: /home/jack/ros2_ws/install/dsr_moveit_config_m0609/share/dsr_moveit_config_m0609/config/moveit_controllers.yaml
[2.241s] -- Installing: /home/jack/ros2_ws/install/dsr_moveit_config_m0609/share/dsr_moveit_config_m0609/config/ompl_planning.yaml
[2.241s] -- Installing: /home/jack/ros2_ws/install/dsr_moveit_config_m0609/share/dsr_moveit_config_m0609/config/ros2_controllers.yaml
[2.241s] -- Installing: /home/jack/ros2_ws/install/dsr_moveit_config_m0609/share/dsr_moveit_config_m0609/.setup_assistant
[2.266s] Invoked command in '/home/jack/ros2_ws/build/dsr_moveit_config_m0609' returned '0': CMAKE_PREFIX_PATH=/opt/ros/humble /usr/bin/cmake --install /home/jack/ros2_ws/build/dsr_moveit_config_m0609
