[1.897s] Invoking command in '/home/jack/ros2_ws/src/DoosanBootcamp3rd/somacube': PYTHONPATH=/home/jack/ros2_ws/build/somacube/prefix_override:/home/jack/.local/lib/python3.10/site-packages/colcon_core/task/python/colcon_distutils_commands:/home/jack/ros2_ws/install/somacube/lib/python3.10/site-packages:${PYTHONPATH} /usr/bin/python3 -W ignore:setup.py install is deprecated -W ignore:easy_install command is deprecated setup.py egg_info --egg-base ../../../build/somacube build --build-base /home/jack/ros2_ws/build/somacube/build install --record /home/jack/ros2_ws/build/somacube/install.log --single-version-externally-managed install_data
[2.398s] running egg_info
[2.399s] writing ../../../build/somacube/somacube.egg-info/PKG-INFO
[2.399s] writing dependency_links to ../../../build/somacube/somacube.egg-info/dependency_links.txt
[2.399s] writing entry points to ../../../build/somacube/somacube.egg-info/entry_points.txt
[2.399s] writing requirements to ../../../build/somacube/somacube.egg-info/requires.txt
[2.399s] writing top-level names to ../../../build/somacube/somacube.egg-info/top_level.txt
[2.399s] reading manifest file '../../../build/somacube/somacube.egg-info/SOURCES.txt'
[2.399s] writing manifest file '../../../build/somacube/somacube.egg-info/SOURCES.txt'
[2.399s] running build
[2.399s] running build_py
[2.399s] running install
[2.399s] running install_lib
[2.399s] running install_data
[2.399s] running install_egg_info
[2.399s] removing '/home/jack/ros2_ws/install/somacube/lib/python3.10/site-packages/somacube-0.0.0-py3.10.egg-info' (and everything under it)
[2.399s] Copying ../../../build/somacube/somacube.egg-info to /home/jack/ros2_ws/install/somacube/lib/python3.10/site-packages/somacube-0.0.0-py3.10.egg-info
[2.399s] running install_scripts
[2.399s] Installing RL_with_robot2 script to /home/jack/ros2_ws/install/somacube/lib/somacube
[2.399s] Installing detection script to /home/jack/ros2_ws/install/somacube/lib/somacube
[2.399s] Installing robot_move script to /home/jack/ros2_ws/install/somacube/lib/somacube
[2.399s] writing list of installed files to '/home/jack/ros2_ws/build/somacube/install.log'
[2.408s] Invoked command in '/home/jack/ros2_ws/src/DoosanBootcamp3rd/somacube' returned '0': PYTHONPATH=/home/jack/ros2_ws/build/somacube/prefix_override:/home/jack/.local/lib/python3.10/site-packages/colcon_core/task/python/colcon_distutils_commands:/home/jack/ros2_ws/install/somacube/lib/python3.10/site-packages:${PYTHONPATH} /usr/bin/python3 -W ignore:setup.py install is deprecated -W ignore:easy_install command is deprecated setup.py egg_info --egg-base ../../../build/somacube build --build-base /home/jack/ros2_ws/build/somacube/build install --record /home/jack/ros2_ws/build/somacube/install.log --single-version-externally-managed install_data
