[3.577s] Invoking command in '/home/jack/ros2_ws/src/DoosanBootcamp3rd/dsr_rokey/rokey': PYTHONPATH=/home/jack/ros2_ws/build/rokey/prefix_override:/home/jack/.local/lib/python3.10/site-packages/colcon_core/task/python/colcon_distutils_commands:/home/jack/ros2_ws/install/rokey/lib/python3.10/site-packages:${PYTHONPATH} /usr/bin/python3 -W ignore:setup.py install is deprecated -W ignore:easy_install command is deprecated setup.py egg_info --egg-base ../../../../build/rokey build --build-base /home/jack/ros2_ws/build/rokey/build install --record /home/jack/ros2_ws/build/rokey/install.log --single-version-externally-managed install_data
[4.142s] running egg_info
[4.145s] creating ../../../../build/rokey/rokey.egg-info
[4.146s] writing ../../../../build/rokey/rokey.egg-info/PKG-INFO
[4.147s] writing dependency_links to ../../../../build/rokey/rokey.egg-info/dependency_links.txt
[4.147s] writing entry points to ../../../../build/rokey/rokey.egg-info/entry_points.txt
[4.147s] writing requirements to ../../../../build/rokey/rokey.egg-info/requires.txt
[4.147s] writing top-level names to ../../../../build/rokey/rokey.egg-info/top_level.txt
[4.147s] writing manifest file '../../../../build/rokey/rokey.egg-info/SOURCES.txt'
[4.153s] reading manifest file '../../../../build/rokey/rokey.egg-info/SOURCES.txt'
[4.153s] writing manifest file '../../../../build/rokey/rokey.egg-info/SOURCES.txt'
[4.153s] running build
[4.153s] running build_py
[4.154s] creating /home/jack/ros2_ws/build/rokey/build
[4.154s] creating /home/jack/ros2_ws/build/rokey/build/lib
[4.154s] creating /home/jack/ros2_ws/build/rokey/build/lib/rokey
[4.154s] copying rokey/__init__.py -> /home/jack/ros2_ws/build/rokey/build/lib/rokey
[4.154s] creating /home/jack/ros2_ws/build/rokey/build/lib/rokey/basic
[4.154s] copying rokey/basic/move_periodic.py -> /home/jack/ros2_ws/build/rokey/build/lib/rokey/basic
[4.154s] copying rokey/basic/getting_position.py -> /home/jack/ros2_ws/build/rokey/build/lib/rokey/basic
[4.159s] copying rokey/basic/jog_complete.py -> /home/jack/ros2_ws/build/rokey/build/lib/rokey/basic
[4.159s] copying rokey/basic/grip.py -> /home/jack/ros2_ws/build/rokey/build/lib/rokey/basic
[4.159s] copying rokey/basic/__init__.py -> /home/jack/ros2_ws/build/rokey/build/lib/rokey/basic
[4.159s] copying rokey/basic/move.py -> /home/jack/ros2_ws/build/rokey/build/lib/rokey/basic
[4.159s] copying rokey/basic/amove_test.py -> /home/jack/ros2_ws/build/rokey/build/lib/rokey/basic
[4.159s] copying rokey/basic/get_current_pos.py -> /home/jack/ros2_ws/build/rokey/build/lib/rokey/basic
[4.159s] copying rokey/basic/data_recording.py -> /home/jack/ros2_ws/build/rokey/build/lib/rokey/basic
[4.159s] copying rokey/basic/movesx_test.py -> /home/jack/ros2_ws/build/rokey/build/lib/rokey/basic
[4.160s] copying rokey/basic/force_control.py -> /home/jack/ros2_ws/build/rokey/build/lib/rokey/basic
[4.160s] running install
[4.160s] running install_lib
[4.160s] creating /home/jack/ros2_ws/install/rokey/lib/python3.10/site-packages/rokey
[4.160s] creating /home/jack/ros2_ws/install/rokey/lib/python3.10/site-packages/rokey/basic
[4.160s] copying /home/jack/ros2_ws/build/rokey/build/lib/rokey/basic/move_periodic.py -> /home/jack/ros2_ws/install/rokey/lib/python3.10/site-packages/rokey/basic
[4.160s] copying /home/jack/ros2_ws/build/rokey/build/lib/rokey/basic/getting_position.py -> /home/jack/ros2_ws/install/rokey/lib/python3.10/site-packages/rokey/basic
[4.160s] copying /home/jack/ros2_ws/build/rokey/build/lib/rokey/basic/jog_complete.py -> /home/jack/ros2_ws/install/rokey/lib/python3.10/site-packages/rokey/basic
[4.160s] copying /home/jack/ros2_ws/build/rokey/build/lib/rokey/basic/grip.py -> /home/jack/ros2_ws/install/rokey/lib/python3.10/site-packages/rokey/basic
[4.160s] copying /home/jack/ros2_ws/build/rokey/build/lib/rokey/basic/__init__.py -> /home/jack/ros2_ws/install/rokey/lib/python3.10/site-packages/rokey/basic
[4.160s] copying /home/jack/ros2_ws/build/rokey/build/lib/rokey/basic/move.py -> /home/jack/ros2_ws/install/rokey/lib/python3.10/site-packages/rokey/basic
[4.160s] copying /home/jack/ros2_ws/build/rokey/build/lib/rokey/basic/amove_test.py -> /home/jack/ros2_ws/install/rokey/lib/python3.10/site-packages/rokey/basic
[4.160s] copying /home/jack/ros2_ws/build/rokey/build/lib/rokey/basic/get_current_pos.py -> /home/jack/ros2_ws/install/rokey/lib/python3.10/site-packages/rokey/basic
[4.161s] copying /home/jack/ros2_ws/build/rokey/build/lib/rokey/basic/data_recording.py -> /home/jack/ros2_ws/install/rokey/lib/python3.10/site-packages/rokey/basic
[4.161s] copying /home/jack/ros2_ws/build/rokey/build/lib/rokey/basic/movesx_test.py -> /home/jack/ros2_ws/install/rokey/lib/python3.10/site-packages/rokey/basic
[4.161s] copying /home/jack/ros2_ws/build/rokey/build/lib/rokey/basic/force_control.py -> /home/jack/ros2_ws/install/rokey/lib/python3.10/site-packages/rokey/basic
[4.161s] copying /home/jack/ros2_ws/build/rokey/build/lib/rokey/__init__.py -> /home/jack/ros2_ws/install/rokey/lib/python3.10/site-packages/rokey
[4.166s] byte-compiling /home/jack/ros2_ws/install/rokey/lib/python3.10/site-packages/rokey/basic/move_periodic.py to move_periodic.cpython-310.pyc
[4.166s] byte-compiling /home/jack/ros2_ws/install/rokey/lib/python3.10/site-packages/rokey/basic/getting_position.py to getting_position.cpython-310.pyc
[4.166s] byte-compiling /home/jack/ros2_ws/install/rokey/lib/python3.10/site-packages/rokey/basic/jog_complete.py to jog_complete.cpython-310.pyc
[4.167s] byte-compiling /home/jack/ros2_ws/install/rokey/lib/python3.10/site-packages/rokey/basic/grip.py to grip.cpython-310.pyc
[4.167s] byte-compiling /home/jack/ros2_ws/install/rokey/lib/python3.10/site-packages/rokey/basic/__init__.py to __init__.cpython-310.pyc
[4.167s] byte-compiling /home/jack/ros2_ws/install/rokey/lib/python3.10/site-packages/rokey/basic/move.py to move.cpython-310.pyc
[4.167s] byte-compiling /home/jack/ros2_ws/install/rokey/lib/python3.10/site-packages/rokey/basic/amove_test.py to amove_test.cpython-310.pyc
[4.167s] byte-compiling /home/jack/ros2_ws/install/rokey/lib/python3.10/site-packages/rokey/basic/get_current_pos.py to get_current_pos.cpython-310.pyc
[4.175s] byte-compiling /home/jack/ros2_ws/install/rokey/lib/python3.10/site-packages/rokey/basic/data_recording.py to data_recording.cpython-310.pyc
[4.175s] byte-compiling /home/jack/ros2_ws/install/rokey/lib/python3.10/site-packages/rokey/basic/movesx_test.py to movesx_test.cpython-310.pyc
[4.175s] byte-compiling /home/jack/ros2_ws/install/rokey/lib/python3.10/site-packages/rokey/basic/force_control.py to force_control.cpython-310.pyc
[4.175s] byte-compiling /home/jack/ros2_ws/install/rokey/lib/python3.10/site-packages/rokey/__init__.py to __init__.cpython-310.pyc
[4.176s] running install_data
[4.176s] creating /home/jack/ros2_ws/install/rokey/share/ament_index
[4.176s] creating /home/jack/ros2_ws/install/rokey/share/ament_index/resource_index
[4.176s] creating /home/jack/ros2_ws/install/rokey/share/ament_index/resource_index/packages
[4.176s] copying resource/rokey -> /home/jack/ros2_ws/install/rokey/share/ament_index/resource_index/packages
[4.176s] copying package.xml -> /home/jack/ros2_ws/install/rokey/share/rokey
[4.176s] running install_egg_info
[4.178s] Copying ../../../../build/rokey/rokey.egg-info to /home/jack/ros2_ws/install/rokey/lib/python3.10/site-packages/rokey-0.0.0-py3.10.egg-info
[4.179s] running install_scripts
[4.212s] Installing data_recording script to /home/jack/ros2_ws/install/rokey/lib/rokey
[4.213s] Installing force_control script to /home/jack/ros2_ws/install/rokey/lib/rokey
[4.213s] Installing get_current_pos script to /home/jack/ros2_ws/install/rokey/lib/rokey
[4.213s] Installing getting_position script to /home/jack/ros2_ws/install/rokey/lib/rokey
[4.213s] Installing grip script to /home/jack/ros2_ws/install/rokey/lib/rokey
[4.213s] Installing jog script to /home/jack/ros2_ws/install/rokey/lib/rokey
[4.216s] Installing move_periodic script to /home/jack/ros2_ws/install/rokey/lib/rokey
[4.216s] Installing simple_amove script to /home/jack/ros2_ws/install/rokey/lib/rokey
[4.216s] Installing simple_move script to /home/jack/ros2_ws/install/rokey/lib/rokey
[4.216s] Installing simple_movesx script to /home/jack/ros2_ws/install/rokey/lib/rokey
[4.216s] writing list of installed files to '/home/jack/ros2_ws/build/rokey/install.log'
[4.260s] Invoked command in '/home/jack/ros2_ws/src/DoosanBootcamp3rd/dsr_rokey/rokey' returned '0': PYTHONPATH=/home/jack/ros2_ws/build/rokey/prefix_override:/home/jack/.local/lib/python3.10/site-packages/colcon_core/task/python/colcon_distutils_commands:/home/jack/ros2_ws/install/rokey/lib/python3.10/site-packages:${PYTHONPATH} /usr/bin/python3 -W ignore:setup.py install is deprecated -W ignore:easy_install command is deprecated setup.py egg_info --egg-base ../../../../build/rokey build --build-base /home/jack/ros2_ws/build/rokey/build install --record /home/jack/ros2_ws/build/rokey/install.log --single-version-externally-managed install_data
