[0.018s] Invoking command in '/home/jack/ros2_ws/build/dsr_moveit_config_h2017': CMAKE_PREFIX_PATH=/opt/ros/humble /usr/bin/cmake /home/jack/ros2_ws/src/DoosanBootcamp3rd/dsr_moveit2/dsr_moveit_config_h2017 -DCMAKE_INSTALL_PREFIX=/home/jack/ros2_ws/install/dsr_moveit_config_h2017
[0.228s] -- The C compiler identification is GNU 11.4.0
[0.394s] -- The CXX compiler identification is GNU 11.4.0
[0.405s] -- Detecting C compiler ABI info
[0.493s] -- Detecting C compiler ABI info - done
[0.504s] -- Check for working C compiler: /usr/bin/cc - skipped
[0.504s] -- Detecting C compile features
[0.507s] -- Detecting C compile features - done
[0.515s] -- Detecting CXX compiler ABI info
[0.621s] -- Detecting CXX compiler ABI info - done
[0.637s] -- Check for working CXX compiler: /usr/bin/c++ - skipped
[0.639s] -- Detecting CXX compile features
[0.640s] -- Detecting CXX compile features - done
[0.641s] -- Found ament_cmake: 1.3.11 (/opt/ros/humble/share/ament_cmake/cmake)
[0.867s] -- Found Python3: /usr/bin/python3 (found version "3.10.12") found components: Interpreter 
[1.144s] -- Configuring done
[1.144s] -- Generating done
[1.144s] -- Build files have been written to: /home/jack/ros2_ws/build/dsr_moveit_config_h2017
[1.155s] Invoked command in '/home/jack/ros2_ws/build/dsr_moveit_config_h2017' returned '0': CMAKE_PREFIX_PATH=/opt/ros/humble /usr/bin/cmake /home/jack/ros2_ws/src/DoosanBootcamp3rd/dsr_moveit2/dsr_moveit_config_h2017 -DCMAKE_INSTALL_PREFIX=/home/jack/ros2_ws/install/dsr_moveit_config_h2017
[1.155s] Invoking command in '/home/jack/ros2_ws/build/dsr_moveit_config_h2017': CMAKE_PREFIX_PATH=/opt/ros/humble /usr/bin/cmake --build /home/jack/ros2_ws/build/dsr_moveit_config_h2017 -- -j8 -l8
[1.205s] Invoked command in '/home/jack/ros2_ws/build/dsr_moveit_config_h2017' returned '0': CMAKE_PREFIX_PATH=/opt/ros/humble /usr/bin/cmake --build /home/jack/ros2_ws/build/dsr_moveit_config_h2017 -- -j8 -l8
[1.206s] Invoking command in '/home/jack/ros2_ws/build/dsr_moveit_config_h2017': CMAKE_PREFIX_PATH=/opt/ros/humble /usr/bin/cmake --install /home/jack/ros2_ws/build/dsr_moveit_config_h2017
[1.230s] -- Install configuration: ""
[1.230s] -- Installing: /home/jack/ros2_ws/install/dsr_moveit_config_h2017/share/ament_index/resource_index/package_run_dependencies/dsr_moveit_config_h2017
[1.230s] -- Installing: /home/jack/ros2_ws/install/dsr_moveit_config_h2017/share/ament_index/resource_index/parent_prefix_path/dsr_moveit_config_h2017
[1.230s] -- Installing: /home/jack/ros2_ws/install/dsr_moveit_config_h2017/share/dsr_moveit_config_h2017/environment/ament_prefix_path.sh
[1.230s] -- Installing: /home/jack/ros2_ws/install/dsr_moveit_config_h2017/share/dsr_moveit_config_h2017/environment/ament_prefix_path.dsv
[1.230s] -- Installing: /home/jack/ros2_ws/install/dsr_moveit_config_h2017/share/dsr_moveit_config_h2017/environment/path.sh
[1.230s] -- Installing: /home/jack/ros2_ws/install/dsr_moveit_config_h2017/share/dsr_moveit_config_h2017/environment/path.dsv
[1.230s] -- Installing: /home/jack/ros2_ws/install/dsr_moveit_config_h2017/share/dsr_moveit_config_h2017/local_setup.bash
[1.230s] -- Installing: /home/jack/ros2_ws/install/dsr_moveit_config_h2017/share/dsr_moveit_config_h2017/local_setup.sh
[1.230s] -- Installing: /home/jack/ros2_ws/install/dsr_moveit_config_h2017/share/dsr_moveit_config_h2017/local_setup.zsh
[1.230s] -- Installing: /home/jack/ros2_ws/install/dsr_moveit_config_h2017/share/dsr_moveit_config_h2017/local_setup.dsv
[1.230s] -- Installing: /home/jack/ros2_ws/install/dsr_moveit_config_h2017/share/dsr_moveit_config_h2017/package.dsv
[1.237s] -- Installing: /home/jack/ros2_ws/install/dsr_moveit_config_h2017/share/ament_index/resource_index/packages/dsr_moveit_config_h2017
[1.238s] -- Installing: /home/jack/ros2_ws/install/dsr_moveit_config_h2017/share/dsr_moveit_config_h2017/cmake/dsr_moveit_config_h2017Config.cmake
[1.238s] -- Installing: /home/jack/ros2_ws/install/dsr_moveit_config_h2017/share/dsr_moveit_config_h2017/cmake/dsr_moveit_config_h2017Config-version.cmake
[1.238s] -- Installing: /home/jack/ros2_ws/install/dsr_moveit_config_h2017/share/dsr_moveit_config_h2017/package.xml
[1.238s] -- Installing: /home/jack/ros2_ws/install/dsr_moveit_config_h2017/share/dsr_moveit_config_h2017/launch
[1.239s] -- Installing: /home/jack/ros2_ws/install/dsr_moveit_config_h2017/share/dsr_moveit_config_h2017/launch/demo.launch.py
[1.239s] -- Installing: /home/jack/ros2_ws/install/dsr_moveit_config_h2017/share/dsr_moveit_config_h2017/launch/start.launch.py
[1.239s] -- Installing: /home/jack/ros2_ws/install/dsr_moveit_config_h2017/share/dsr_moveit_config_h2017/launch/moveit.rviz
[1.239s] -- Installing: /home/jack/ros2_ws/install/dsr_moveit_config_h2017/share/dsr_moveit_config_h2017/config
[1.239s] -- Installing: /home/jack/ros2_ws/install/dsr_moveit_config_h2017/share/dsr_moveit_config_h2017/config/pilz_cartesian_limits.yaml
[1.240s] -- Installing: /home/jack/ros2_ws/install/dsr_moveit_config_h2017/share/dsr_moveit_config_h2017/config/dsr.ros2_control.xacro
[1.240s] -- Installing: /home/jack/ros2_ws/install/dsr_moveit_config_h2017/share/dsr_moveit_config_h2017/config/kinematics.yaml
[1.240s] -- Installing: /home/jack/ros2_ws/install/dsr_moveit_config_h2017/share/dsr_moveit_config_h2017/config/h2017.urdf.xacro
[1.240s] -- Installing: /home/jack/ros2_ws/install/dsr_moveit_config_h2017/share/dsr_moveit_config_h2017/config/sensors_3d.yaml
[1.240s] -- Installing: /home/jack/ros2_ws/install/dsr_moveit_config_h2017/share/dsr_moveit_config_h2017/config/joint_limits.yaml
[1.240s] -- Installing: /home/jack/ros2_ws/install/dsr_moveit_config_h2017/share/dsr_moveit_config_h2017/config/chomp_planning.yaml
[1.240s] -- Installing: /home/jack/ros2_ws/install/dsr_moveit_config_h2017/share/dsr_moveit_config_h2017/config/initial_positions.yaml
[1.240s] -- Installing: /home/jack/ros2_ws/install/dsr_moveit_config_h2017/share/dsr_moveit_config_h2017/config/dsr.srdf
[1.240s] -- Installing: /home/jack/ros2_ws/install/dsr_moveit_config_h2017/share/dsr_moveit_config_h2017/config/moveit_controllers.yaml
[1.240s] -- Installing: /home/jack/ros2_ws/install/dsr_moveit_config_h2017/share/dsr_moveit_config_h2017/config/ompl_planning.yaml
[1.240s] -- Installing: /home/jack/ros2_ws/install/dsr_moveit_config_h2017/share/dsr_moveit_config_h2017/config/ros2_controllers.yaml
[1.240s] -- Installing: /home/jack/ros2_ws/install/dsr_moveit_config_h2017/share/dsr_moveit_config_h2017/.setup_assistant
[1.259s] Invoked command in '/home/jack/ros2_ws/build/dsr_moveit_config_h2017' returned '0': CMAKE_PREFIX_PATH=/opt/ros/humble /usr/bin/cmake --install /home/jack/ros2_ws/build/dsr_moveit_config_h2017
