-- Install configuration: ""
-- Installing: /home/jack/ros2_ws/install/dsr_controller2/include/dsr_controller2
-- Installing: /home/jack/ros2_ws/install/dsr_controller2/include/dsr_controller2/dsr_controller2
-- Installing: /home/jack/ros2_ws/install/dsr_controller2/include/dsr_controller2/dsr_controller2/dsr_joint_trajectory.hpp
-- Installing: /home/jack/ros2_ws/install/dsr_controller2/include/dsr_controller2/dsr_controller2/visibility_control.h
-- Installing: /home/jack/ros2_ws/install/dsr_controller2/include/dsr_controller2/dsr_controller2/dsr_controller2.hpp
-- Installing: /home/jack/ros2_ws/install/dsr_controller2/share/dsr_controller2/config
-- Installing: /home/jack/ros2_ws/install/dsr_controller2/share/dsr_controller2/config/console.conf
-- Installing: /home/jack/ros2_ws/install/dsr_controller2/share/dsr_controller2/config/dsr_controller2_gz.yaml
-- Installing: /home/jack/ros2_ws/install/dsr_controller2/share/dsr_controller2/config/dsr_controller2_p3020.yaml
-- Installing: /home/jack/ros2_ws/install/dsr_controller2/share/dsr_controller2/config/default.yaml
-- Installing: /home/jack/ros2_ws/install/dsr_controller2/share/dsr_controller2/config/dsr_controller2_gz_p3020.yaml
-- Installing: /home/jack/ros2_ws/install/dsr_controller2/share/dsr_controller2/config/dsr_controller2.yaml
-- Installing: /home/jack/ros2_ws/install/dsr_controller2/share/dsr_controller2/config/dsr_controller2_ex.yaml
-- Installing: /home/jack/ros2_ws/install/dsr_controller2/share/dsr_controller2/launch
-- Installing: /home/jack/ros2_ws/install/dsr_controller2/share/dsr_controller2/launch/dsr_control2.launch.py
-- Installing: /home/jack/ros2_ws/install/dsr_controller2/share/dsr_controller2/launch/dsr_moveit2.launch.py
-- Installing: /home/jack/ros2_ws/install/dsr_controller2/share/dsr_controller2/launch/dsr_controller2.launch.py
-- Installing: /home/jack/ros2_ws/install/dsr_controller2/share/ament_index/resource_index/package_run_dependencies/dsr_controller2
-- Installing: /home/jack/ros2_ws/install/dsr_controller2/share/ament_index/resource_index/parent_prefix_path/dsr_controller2
-- Installing: /home/jack/ros2_ws/install/dsr_controller2/share/dsr_controller2/environment/ament_prefix_path.sh
-- Installing: /home/jack/ros2_ws/install/dsr_controller2/share/dsr_controller2/environment/ament_prefix_path.dsv
-- Installing: /home/jack/ros2_ws/install/dsr_controller2/share/dsr_controller2/environment/path.sh
-- Installing: /home/jack/ros2_ws/install/dsr_controller2/share/dsr_controller2/environment/path.dsv
-- Installing: /home/jack/ros2_ws/install/dsr_controller2/share/dsr_controller2/local_setup.bash
-- Installing: /home/jack/ros2_ws/install/dsr_controller2/share/dsr_controller2/local_setup.sh
-- Installing: /home/jack/ros2_ws/install/dsr_controller2/share/dsr_controller2/local_setup.zsh
-- Installing: /home/jack/ros2_ws/install/dsr_controller2/share/dsr_controller2/local_setup.dsv
-- Installing: /home/jack/ros2_ws/install/dsr_controller2/share/dsr_controller2/package.dsv
-- Installing: /home/jack/ros2_ws/install/dsr_controller2/share/ament_index/resource_index/packages/dsr_controller2
-- Installing: /home/jack/ros2_ws/install/dsr_controller2/share/dsr_controller2/cmake/ament_cmake_export_dependencies-extras.cmake
-- Installing: /home/jack/ros2_ws/install/dsr_controller2/share/dsr_controller2/cmake/dsr_controller2Config.cmake
-- Installing: /home/jack/ros2_ws/install/dsr_controller2/share/dsr_controller2/cmake/dsr_controller2Config-version.cmake
-- Installing: /home/jack/ros2_ws/install/dsr_controller2/share/dsr_controller2/package.xml
