[0.068s] Invoking command in '/home/jack/ros2_ws/build/dsr_controller2': AMENT_PREFIX_PATH=/home/jack/ros2_ws/install/dsr_hardware2:/home/jack/ros2_ws/install/dsr_msgs2:${AMENT_PREFIX_PATH} CMAKE_PREFIX_PATH=/home/jack/ros2_ws/install/dsr_hardware2:/home/jack/ros2_ws/install/dsr_msgs2:/opt/ros/humble LD_LIBRARY_PATH=/home/jack/ros2_ws/install/dsr_msgs2/lib:${LD_LIBRARY_PATH} PYTHONPATH=/home/jack/ros2_ws/install/dsr_msgs2/local/lib/python3.10/dist-packages:${PYTHONPATH} /usr/bin/cmake --build /home/jack/ros2_ws/build/dsr_controller2 -- -j8 -l8
[0.305s] Invoked command in '/home/jack/ros2_ws/build/dsr_controller2' returned '0': AMENT_PREFIX_PATH=/home/jack/ros2_ws/install/dsr_hardware2:/home/jack/ros2_ws/install/dsr_msgs2:${AMENT_PREFIX_PATH} CMAKE_PREFIX_PATH=/home/jack/ros2_ws/install/dsr_hardware2:/home/jack/ros2_ws/install/dsr_msgs2:/opt/ros/humble LD_LIBRARY_PATH=/home/jack/ros2_ws/install/dsr_msgs2/lib:${LD_LIBRARY_PATH} PYTHONPATH=/home/jack/ros2_ws/install/dsr_msgs2/local/lib/python3.10/dist-packages:${PYTHONPATH} /usr/bin/cmake --build /home/jack/ros2_ws/build/dsr_controller2 -- -j8 -l8
[0.308s] Invoking command in '/home/jack/ros2_ws/build/dsr_controller2': AMENT_PREFIX_PATH=/home/jack/ros2_ws/install/dsr_hardware2:/home/jack/ros2_ws/install/dsr_msgs2:${AMENT_PREFIX_PATH} CMAKE_PREFIX_PATH=/home/jack/ros2_ws/install/dsr_hardware2:/home/jack/ros2_ws/install/dsr_msgs2:/opt/ros/humble LD_LIBRARY_PATH=/home/jack/ros2_ws/install/dsr_msgs2/lib:${LD_LIBRARY_PATH} PYTHONPATH=/home/jack/ros2_ws/install/dsr_msgs2/local/lib/python3.10/dist-packages:${PYTHONPATH} /usr/bin/cmake --install /home/jack/ros2_ws/build/dsr_controller2
[0.319s] -- Install configuration: ""
[0.320s] -- Installing: /home/jack/ros2_ws/install/dsr_controller2/include/dsr_controller2
[0.321s] -- Installing: /home/jack/ros2_ws/install/dsr_controller2/include/dsr_controller2/dsr_controller2
[0.321s] -- Installing: /home/jack/ros2_ws/install/dsr_controller2/include/dsr_controller2/dsr_controller2/dsr_joint_trajectory.hpp
[0.321s] -- Installing: /home/jack/ros2_ws/install/dsr_controller2/include/dsr_controller2/dsr_controller2/visibility_control.h
[0.323s] -- Installing: /home/jack/ros2_ws/install/dsr_controller2/include/dsr_controller2/dsr_controller2/dsr_controller2.hpp
[0.323s] -- Installing: /home/jack/ros2_ws/install/dsr_controller2/share/dsr_controller2/config
[0.323s] -- Installing: /home/jack/ros2_ws/install/dsr_controller2/share/dsr_controller2/config/console.conf
[0.324s] -- Installing: /home/jack/ros2_ws/install/dsr_controller2/share/dsr_controller2/config/dsr_controller2_gz.yaml
[0.324s] -- Installing: /home/jack/ros2_ws/install/dsr_controller2/share/dsr_controller2/config/dsr_controller2_p3020.yaml
[0.325s] -- Installing: /home/jack/ros2_ws/install/dsr_controller2/share/dsr_controller2/config/default.yaml
[0.325s] -- Installing: /home/jack/ros2_ws/install/dsr_controller2/share/dsr_controller2/config/dsr_controller2_gz_p3020.yaml
[0.326s] -- Installing: /home/jack/ros2_ws/install/dsr_controller2/share/dsr_controller2/config/dsr_controller2.yaml
[0.326s] -- Installing: /home/jack/ros2_ws/install/dsr_controller2/share/dsr_controller2/config/dsr_controller2_ex.yaml
[0.327s] -- Installing: /home/jack/ros2_ws/install/dsr_controller2/share/dsr_controller2/launch
[0.328s] -- Installing: /home/jack/ros2_ws/install/dsr_controller2/share/dsr_controller2/launch/dsr_control2.launch.py
[0.328s] -- Installing: /home/jack/ros2_ws/install/dsr_controller2/share/dsr_controller2/launch/dsr_moveit2.launch.py
[0.329s] -- Installing: /home/jack/ros2_ws/install/dsr_controller2/share/dsr_controller2/launch/dsr_controller2.launch.py
[0.329s] -- Installing: /home/jack/ros2_ws/install/dsr_controller2/share/ament_index/resource_index/package_run_dependencies/dsr_controller2
[0.330s] -- Installing: /home/jack/ros2_ws/install/dsr_controller2/share/ament_index/resource_index/parent_prefix_path/dsr_controller2
[0.331s] -- Installing: /home/jack/ros2_ws/install/dsr_controller2/share/dsr_controller2/environment/ament_prefix_path.sh
[0.334s] -- Installing: /home/jack/ros2_ws/install/dsr_controller2/share/dsr_controller2/environment/ament_prefix_path.dsv
[0.334s] -- Installing: /home/jack/ros2_ws/install/dsr_controller2/share/dsr_controller2/environment/path.sh
[0.334s] -- Installing: /home/jack/ros2_ws/install/dsr_controller2/share/dsr_controller2/environment/path.dsv
[0.335s] -- Installing: /home/jack/ros2_ws/install/dsr_controller2/share/dsr_controller2/local_setup.bash
[0.335s] -- Installing: /home/jack/ros2_ws/install/dsr_controller2/share/dsr_controller2/local_setup.sh
[0.335s] -- Installing: /home/jack/ros2_ws/install/dsr_controller2/share/dsr_controller2/local_setup.zsh
[0.336s] -- Installing: /home/jack/ros2_ws/install/dsr_controller2/share/dsr_controller2/local_setup.dsv
[0.336s] -- Installing: /home/jack/ros2_ws/install/dsr_controller2/share/dsr_controller2/package.dsv
[0.336s] -- Installing: /home/jack/ros2_ws/install/dsr_controller2/share/ament_index/resource_index/packages/dsr_controller2
[0.336s] -- Installing: /home/jack/ros2_ws/install/dsr_controller2/share/dsr_controller2/cmake/ament_cmake_export_dependencies-extras.cmake
[0.337s] -- Installing: /home/jack/ros2_ws/install/dsr_controller2/share/dsr_controller2/cmake/dsr_controller2Config.cmake
[0.337s] -- Installing: /home/jack/ros2_ws/install/dsr_controller2/share/dsr_controller2/cmake/dsr_controller2Config-version.cmake
[0.337s] -- Installing: /home/jack/ros2_ws/install/dsr_controller2/share/dsr_controller2/package.xml
[0.348s] Invoked command in '/home/jack/ros2_ws/build/dsr_controller2' returned '0': AMENT_PREFIX_PATH=/home/jack/ros2_ws/install/dsr_hardware2:/home/jack/ros2_ws/install/dsr_msgs2:${AMENT_PREFIX_PATH} CMAKE_PREFIX_PATH=/home/jack/ros2_ws/install/dsr_hardware2:/home/jack/ros2_ws/install/dsr_msgs2:/opt/ros/humble LD_LIBRARY_PATH=/home/jack/ros2_ws/install/dsr_msgs2/lib:${LD_LIBRARY_PATH} PYTHONPATH=/home/jack/ros2_ws/install/dsr_msgs2/local/lib/python3.10/dist-packages:${PYTHONPATH} /usr/bin/cmake --install /home/jack/ros2_ws/build/dsr_controller2
