[0.030s] Invoking command in '/home/jack/ros2_ws/build/dsr_gazebo2': AMENT_PREFIX_PATH=/home/jack/ros2_ws/install/dsr_description2:${AMENT_PREFIX_PATH} CMAKE_PREFIX_PATH=/home/jack/ros2_ws/install/dsr_description2:/opt/ros/humble /usr/bin/cmake --build /home/jack/ros2_ws/build/dsr_gazebo2 -- -j8 -l8
[0.384s] Invoked command in '/home/jack/ros2_ws/build/dsr_gazebo2' returned '0': AMENT_PREFIX_PATH=/home/jack/ros2_ws/install/dsr_description2:${AMENT_PREFIX_PATH} CMAKE_PREFIX_PATH=/home/jack/ros2_ws/install/dsr_description2:/opt/ros/humble /usr/bin/cmake --build /home/jack/ros2_ws/build/dsr_gazebo2 -- -j8 -l8
[0.386s] Invoking command in '/home/jack/ros2_ws/build/dsr_gazebo2': AMENT_PREFIX_PATH=/home/jack/ros2_ws/install/dsr_description2:${AMENT_PREFIX_PATH} CMAKE_PREFIX_PATH=/home/jack/ros2_ws/install/dsr_description2:/opt/ros/humble /usr/bin/cmake --install /home/jack/ros2_ws/build/dsr_gazebo2
[0.448s] -- Install configuration: ""
[0.453s] -- Up-to-date: /home/jack/ros2_ws/install/dsr_gazebo2/share/dsr_gazebo2/launch
[0.455s] -- Up-to-date: /home/jack/ros2_ws/install/dsr_gazebo2/share/dsr_gazebo2/launch/dsr_spawn_on_gazebo.launch.py
[0.458s] -- Up-to-date: /home/jack/ros2_ws/install/dsr_gazebo2/share/dsr_gazebo2/launch/dsr_gazebo.launch.py
[0.458s] -- Up-to-date: /home/jack/ros2_ws/install/dsr_gazebo2/share/dsr_gazebo2/model
[0.459s] -- Up-to-date: /home/jack/ros2_ws/install/dsr_gazebo2/share/dsr_gazebo2/model/m0609
[0.459s] -- Up-to-date: /home/jack/ros2_ws/install/dsr_gazebo2/share/dsr_gazebo2/model/m0609/meshes
[0.459s] -- Up-to-date: /home/jack/ros2_ws/install/dsr_gazebo2/share/dsr_gazebo2/model/m0609/meshes/MF0609_5_0.dae
[0.459s] -- Up-to-date: /home/jack/ros2_ws/install/dsr_gazebo2/share/dsr_gazebo2/model/m0609/meshes/MF0609_2_1.dae
[0.459s] -- Up-to-date: /home/jack/ros2_ws/install/dsr_gazebo2/share/dsr_gazebo2/model/m0609/meshes/MF0609_3_0.dae
[0.459s] -- Up-to-date: /home/jack/ros2_ws/install/dsr_gazebo2/share/dsr_gazebo2/model/m0609/meshes/MF0609_1_0.dae
[0.459s] -- Up-to-date: /home/jack/ros2_ws/install/dsr_gazebo2/share/dsr_gazebo2/model/m0609/meshes/MF0609_4_0.dae
[0.459s] -- Up-to-date: /home/jack/ros2_ws/install/dsr_gazebo2/share/dsr_gazebo2/model/m0609/meshes/MF0609_0_0.dae
[0.459s] -- Up-to-date: /home/jack/ros2_ws/install/dsr_gazebo2/share/dsr_gazebo2/model/m0609/meshes/MF0609_6_0.dae
[0.459s] -- Up-to-date: /home/jack/ros2_ws/install/dsr_gazebo2/share/dsr_gazebo2/model/m0609/meshes/MF0609_4_1.dae
[0.459s] -- Up-to-date: /home/jack/ros2_ws/install/dsr_gazebo2/share/dsr_gazebo2/model/m0609/meshes/MF0609_2_2.dae
[0.459s] -- Up-to-date: /home/jack/ros2_ws/install/dsr_gazebo2/share/dsr_gazebo2/model/m0609/meshes/MF0609_2_0.dae
[0.460s] -- Up-to-date: /home/jack/ros2_ws/install/dsr_gazebo2/share/dsr_gazebo2/model/m0609/m0609.sdf
[0.460s] -- Up-to-date: /home/jack/ros2_ws/install/dsr_gazebo2/share/dsr_gazebo2/model/m0609/model.config
[0.460s] -- Up-to-date: /home/jack/ros2_ws/install/dsr_gazebo2/share/dsr_gazebo2/model/a0912
[0.460s] -- Up-to-date: /home/jack/ros2_ws/install/dsr_gazebo2/share/dsr_gazebo2/model/a0912/meshes
[0.461s] -- Up-to-date: /home/jack/ros2_ws/install/dsr_gazebo2/share/dsr_gazebo2/model/a0912/meshes/A0912_1_1.dae
[0.461s] -- Up-to-date: /home/jack/ros2_ws/install/dsr_gazebo2/share/dsr_gazebo2/model/a0912/meshes/A0912_2_1.dae
[0.461s] -- Up-to-date: /home/jack/ros2_ws/install/dsr_gazebo2/share/dsr_gazebo2/model/a0912/meshes/A0912_5_1.dae
[0.461s] -- Up-to-date: /home/jack/ros2_ws/install/dsr_gazebo2/share/dsr_gazebo2/model/a0912/meshes/A0912_6_0.dae
[0.461s] -- Up-to-date: /home/jack/ros2_ws/install/dsr_gazebo2/share/dsr_gazebo2/model/a0912/meshes/A0912_4_0.dae
[0.461s] -- Up-to-date: /home/jack/ros2_ws/install/dsr_gazebo2/share/dsr_gazebo2/model/a0912/meshes/A0912_1_2.dae
[0.461s] -- Up-to-date: /home/jack/ros2_ws/install/dsr_gazebo2/share/dsr_gazebo2/model/a0912/meshes/A0912_2_2.dae
[0.462s] -- Up-to-date: /home/jack/ros2_ws/install/dsr_gazebo2/share/dsr_gazebo2/model/a0912/meshes/A0912_0_0.dae
[0.462s] -- Up-to-date: /home/jack/ros2_ws/install/dsr_gazebo2/share/dsr_gazebo2/model/a0912/meshes/A0912_2_0.dae
[0.462s] -- Up-to-date: /home/jack/ros2_ws/install/dsr_gazebo2/share/dsr_gazebo2/model/a0912/meshes/A0912_4_1.dae
[0.462s] -- Up-to-date: /home/jack/ros2_ws/install/dsr_gazebo2/share/dsr_gazebo2/model/a0912/meshes/A0912_1_0.dae
[0.462s] -- Up-to-date: /home/jack/ros2_ws/install/dsr_gazebo2/share/dsr_gazebo2/model/a0912/meshes/A0912_5_0.dae
[0.462s] -- Up-to-date: /home/jack/ros2_ws/install/dsr_gazebo2/share/dsr_gazebo2/model/a0912/meshes/A0912_3_1.dae
[0.462s] -- Up-to-date: /home/jack/ros2_ws/install/dsr_gazebo2/share/dsr_gazebo2/model/a0912/meshes/A0912_3_0.dae
[0.462s] -- Up-to-date: /home/jack/ros2_ws/install/dsr_gazebo2/share/dsr_gazebo2/model/a0912/a0912.sdf
[0.462s] -- Up-to-date: /home/jack/ros2_ws/install/dsr_gazebo2/share/dsr_gazebo2/model/a0912/model.config
[0.462s] -- Up-to-date: /home/jack/ros2_ws/install/dsr_gazebo2/share/dsr_gazebo2/model/h2017
[0.462s] -- Up-to-date: /home/jack/ros2_ws/install/dsr_gazebo2/share/dsr_gazebo2/model/h2017/meshes
[0.465s] -- Up-to-date: /home/jack/ros2_ws/install/dsr_gazebo2/share/dsr_gazebo2/model/h2017/meshes/H2017_6_0.dae
[0.465s] -- Up-to-date: /home/jack/ros2_ws/install/dsr_gazebo2/share/dsr_gazebo2/model/h2017/meshes/H2017_5_0.dae
[0.465s] -- Up-to-date: /home/jack/ros2_ws/install/dsr_gazebo2/share/dsr_gazebo2/model/h2017/meshes/H2017_4_1.dae
[0.465s] -- Up-to-date: /home/jack/ros2_ws/install/dsr_gazebo2/share/dsr_gazebo2/model/h2017/meshes/H2017_2_2.dae
[0.465s] -- Up-to-date: /home/jack/ros2_ws/install/dsr_gazebo2/share/dsr_gazebo2/model/h2017/meshes/H2017_1_0.dae
[0.465s] -- Up-to-date: /home/jack/ros2_ws/install/dsr_gazebo2/share/dsr_gazebo2/model/h2017/meshes/H2017_3_0.dae
[0.465s] -- Up-to-date: /home/jack/ros2_ws/install/dsr_gazebo2/share/dsr_gazebo2/model/h2017/meshes/H2017_4_0.dae
[0.465s] -- Up-to-date: /home/jack/ros2_ws/install/dsr_gazebo2/share/dsr_gazebo2/model/h2017/meshes/H2017_2_0.dae
[0.465s] -- Up-to-date: /home/jack/ros2_ws/install/dsr_gazebo2/share/dsr_gazebo2/model/h2017/meshes/H2017_2_1.dae
[0.466s] -- Up-to-date: /home/jack/ros2_ws/install/dsr_gazebo2/share/dsr_gazebo2/model/h2017/meshes/H2017_0_0.dae
[0.466s] -- Up-to-date: /home/jack/ros2_ws/install/dsr_gazebo2/share/dsr_gazebo2/model/h2017/model.config
[0.466s] -- Up-to-date: /home/jack/ros2_ws/install/dsr_gazebo2/share/dsr_gazebo2/model/h2017/h2017.sdf
[0.466s] -- Up-to-date: /home/jack/ros2_ws/install/dsr_gazebo2/share/dsr_gazebo2/model/m1509
[0.466s] -- Up-to-date: /home/jack/ros2_ws/install/dsr_gazebo2/share/dsr_gazebo2/model/m1509/meshes
[0.470s] -- Up-to-date: /home/jack/ros2_ws/install/dsr_gazebo2/share/dsr_gazebo2/model/m1509/meshes/MF1509_2_2.dae
[0.470s] -- Up-to-date: /home/jack/ros2_ws/install/dsr_gazebo2/share/dsr_gazebo2/model/m1509/meshes/MF1509_4_0.dae
[0.470s] -- Up-to-date: /home/jack/ros2_ws/install/dsr_gazebo2/share/dsr_gazebo2/model/m1509/meshes/MF1509_2_1.dae
[0.470s] -- Up-to-date: /home/jack/ros2_ws/install/dsr_gazebo2/share/dsr_gazebo2/model/m1509/meshes/MF1509_4_1.dae
[0.470s] -- Up-to-date: /home/jack/ros2_ws/install/dsr_gazebo2/share/dsr_gazebo2/model/m1509/meshes/MF1509_3_0.dae
[0.470s] -- Up-to-date: /home/jack/ros2_ws/install/dsr_gazebo2/share/dsr_gazebo2/model/m1509/meshes/MF1509_2_0.dae
[0.470s] -- Up-to-date: /home/jack/ros2_ws/install/dsr_gazebo2/share/dsr_gazebo2/model/m1509/meshes/MF1509_5_0.dae
[0.470s] -- Up-to-date: /home/jack/ros2_ws/install/dsr_gazebo2/share/dsr_gazebo2/model/m1509/meshes/MF1509_1_0.dae
[0.470s] -- Up-to-date: /home/jack/ros2_ws/install/dsr_gazebo2/share/dsr_gazebo2/model/m1509/meshes/MF1509_6_0.dae
[0.471s] -- Up-to-date: /home/jack/ros2_ws/install/dsr_gazebo2/share/dsr_gazebo2/model/m1509/meshes/MF1509_0_0.dae
[0.471s] -- Up-to-date: /home/jack/ros2_ws/install/dsr_gazebo2/share/dsr_gazebo2/model/m1509/m1509.sdf
[0.471s] -- Up-to-date: /home/jack/ros2_ws/install/dsr_gazebo2/share/dsr_gazebo2/model/m1509/model.config
[0.471s] -- Up-to-date: /home/jack/ros2_ws/install/dsr_gazebo2/share/dsr_gazebo2/model/a0509
[0.477s] -- Up-to-date: /home/jack/ros2_ws/install/dsr_gazebo2/share/dsr_gazebo2/model/a0509/a0509.sdf
[0.477s] -- Up-to-date: /home/jack/ros2_ws/install/dsr_gazebo2/share/dsr_gazebo2/model/a0509/meshes
[0.477s] -- Up-to-date: /home/jack/ros2_ws/install/dsr_gazebo2/share/dsr_gazebo2/model/a0509/meshes/A0509_3_1.dae
[0.477s] -- Up-to-date: /home/jack/ros2_ws/install/dsr_gazebo2/share/dsr_gazebo2/model/a0509/meshes/A0509_1_2.dae
[0.477s] -- Up-to-date: /home/jack/ros2_ws/install/dsr_gazebo2/share/dsr_gazebo2/model/a0509/meshes/A0509_0_0.dae
[0.478s] -- Up-to-date: /home/jack/ros2_ws/install/dsr_gazebo2/share/dsr_gazebo2/model/a0509/meshes/A0509_5_1.dae
[0.478s] -- Up-to-date: /home/jack/ros2_ws/install/dsr_gazebo2/share/dsr_gazebo2/model/a0509/meshes/A0509_1_1.dae
[0.478s] -- Up-to-date: /home/jack/ros2_ws/install/dsr_gazebo2/share/dsr_gazebo2/model/a0509/meshes/A0509_5_0.dae
[0.478s] -- Up-to-date: /home/jack/ros2_ws/install/dsr_gazebo2/share/dsr_gazebo2/model/a0509/meshes/A0509_3_0.dae
[0.478s] -- Up-to-date: /home/jack/ros2_ws/install/dsr_gazebo2/share/dsr_gazebo2/model/a0509/meshes/A0509_4_0.dae
[0.478s] -- Up-to-date: /home/jack/ros2_ws/install/dsr_gazebo2/share/dsr_gazebo2/model/a0509/meshes/A0509_4_1.dae
[0.478s] -- Up-to-date: /home/jack/ros2_ws/install/dsr_gazebo2/share/dsr_gazebo2/model/a0509/meshes/A0509_6_0.dae
[0.479s] -- Up-to-date: /home/jack/ros2_ws/install/dsr_gazebo2/share/dsr_gazebo2/model/a0509/meshes/A0509_1_0.dae
[0.479s] -- Up-to-date: /home/jack/ros2_ws/install/dsr_gazebo2/share/dsr_gazebo2/model/a0509/meshes/A0509_2_2.dae
[0.479s] -- Up-to-date: /home/jack/ros2_ws/install/dsr_gazebo2/share/dsr_gazebo2/model/a0509/meshes/A0509_2_1.dae
[0.479s] -- Up-to-date: /home/jack/ros2_ws/install/dsr_gazebo2/share/dsr_gazebo2/model/a0509/meshes/A0509_2_0.dae
[0.479s] -- Up-to-date: /home/jack/ros2_ws/install/dsr_gazebo2/share/dsr_gazebo2/model/a0509/model.config
[0.479s] -- Up-to-date: /home/jack/ros2_ws/install/dsr_gazebo2/share/dsr_gazebo2/model/h2515
[0.479s] -- Up-to-date: /home/jack/ros2_ws/install/dsr_gazebo2/share/dsr_gazebo2/model/h2515/meshes
[0.479s] -- Up-to-date: /home/jack/ros2_ws/install/dsr_gazebo2/share/dsr_gazebo2/model/h2515/meshes/H2515_2_2.dae
[0.479s] -- Up-to-date: /home/jack/ros2_ws/install/dsr_gazebo2/share/dsr_gazebo2/model/h2515/meshes/H2515_4_0.dae
[0.479s] -- Up-to-date: /home/jack/ros2_ws/install/dsr_gazebo2/share/dsr_gazebo2/model/h2515/meshes/H2515_4_1.dae
[0.480s] -- Up-to-date: /home/jack/ros2_ws/install/dsr_gazebo2/share/dsr_gazebo2/model/h2515/meshes/H2515_2_0.dae
[0.480s] -- Up-to-date: /home/jack/ros2_ws/install/dsr_gazebo2/share/dsr_gazebo2/model/h2515/meshes/H2515_1_0.dae
[0.480s] -- Up-to-date: /home/jack/ros2_ws/install/dsr_gazebo2/share/dsr_gazebo2/model/h2515/meshes/H2515_6_0.dae
[0.480s] -- Up-to-date: /home/jack/ros2_ws/install/dsr_gazebo2/share/dsr_gazebo2/model/h2515/meshes/H2515_3_0.dae
[0.480s] -- Up-to-date: /home/jack/ros2_ws/install/dsr_gazebo2/share/dsr_gazebo2/model/h2515/meshes/H2515_5_0.dae
[0.480s] -- Up-to-date: /home/jack/ros2_ws/install/dsr_gazebo2/share/dsr_gazebo2/model/h2515/meshes/H2515_0_0.dae
[0.480s] -- Up-to-date: /home/jack/ros2_ws/install/dsr_gazebo2/share/dsr_gazebo2/model/h2515/meshes/H2515_2_1.dae
[0.480s] -- Up-to-date: /home/jack/ros2_ws/install/dsr_gazebo2/share/dsr_gazebo2/model/h2515/model.config
[0.480s] -- Up-to-date: /home/jack/ros2_ws/install/dsr_gazebo2/share/dsr_gazebo2/model/h2515/h2515.sdf
[0.481s] -- Up-to-date: /home/jack/ros2_ws/install/dsr_gazebo2/share/dsr_gazebo2/model/m0617
[0.481s] -- Up-to-date: /home/jack/ros2_ws/install/dsr_gazebo2/share/dsr_gazebo2/model/m0617/meshes
[0.481s] -- Up-to-date: /home/jack/ros2_ws/install/dsr_gazebo2/share/dsr_gazebo2/model/m0617/meshes/MF0617_4_1.dae
[0.481s] -- Up-to-date: /home/jack/ros2_ws/install/dsr_gazebo2/share/dsr_gazebo2/model/m0617/meshes/MF0617_2_0.dae
[0.481s] -- Up-to-date: /home/jack/ros2_ws/install/dsr_gazebo2/share/dsr_gazebo2/model/m0617/meshes/MF0617_2_1.dae
[0.481s] -- Up-to-date: /home/jack/ros2_ws/install/dsr_gazebo2/share/dsr_gazebo2/model/m0617/meshes/MF0617_5_0.dae
[0.481s] -- Up-to-date: /home/jack/ros2_ws/install/dsr_gazebo2/share/dsr_gazebo2/model/m0617/meshes/MF0617_4_0.dae
[0.481s] -- Up-to-date: /home/jack/ros2_ws/install/dsr_gazebo2/share/dsr_gazebo2/model/m0617/meshes/MF0617_0_0.dae
[0.481s] -- Up-to-date: /home/jack/ros2_ws/install/dsr_gazebo2/share/dsr_gazebo2/model/m0617/meshes/MF0617_6_0.dae
[0.481s] -- Up-to-date: /home/jack/ros2_ws/install/dsr_gazebo2/share/dsr_gazebo2/model/m0617/meshes/MF0617_2_2.dae
[0.481s] -- Up-to-date: /home/jack/ros2_ws/install/dsr_gazebo2/share/dsr_gazebo2/model/m0617/meshes/MF0617_1_0.dae
[0.481s] -- Up-to-date: /home/jack/ros2_ws/install/dsr_gazebo2/share/dsr_gazebo2/model/m0617/meshes/MF0617_3_0.dae
[0.481s] -- Up-to-date: /home/jack/ros2_ws/install/dsr_gazebo2/share/dsr_gazebo2/model/m0617/m0617.sdf
[0.482s] -- Up-to-date: /home/jack/ros2_ws/install/dsr_gazebo2/share/dsr_gazebo2/model/m0617/model.config
[0.482s] -- Up-to-date: /home/jack/ros2_ws/install/dsr_gazebo2/share/dsr_gazebo2/model/m1013
[0.482s] -- Up-to-date: /home/jack/ros2_ws/install/dsr_gazebo2/share/dsr_gazebo2/model/m1013/meshes
[0.482s] -- Up-to-date: /home/jack/ros2_ws/install/dsr_gazebo2/share/dsr_gazebo2/model/m1013/meshes/MF1013_6_0.dae
[0.482s] -- Up-to-date: /home/jack/ros2_ws/install/dsr_gazebo2/share/dsr_gazebo2/model/m1013/meshes/MF1013_5_0.dae
[0.482s] -- Up-to-date: /home/jack/ros2_ws/install/dsr_gazebo2/share/dsr_gazebo2/model/m1013/meshes/MF1013_3_0.dae
[0.482s] -- Up-to-date: /home/jack/ros2_ws/install/dsr_gazebo2/share/dsr_gazebo2/model/m1013/meshes/MF1013_1_0.dae
[0.483s] -- Up-to-date: /home/jack/ros2_ws/install/dsr_gazebo2/share/dsr_gazebo2/model/m1013/meshes/MF1013_0_0.dae
[0.483s] -- Up-to-date: /home/jack/ros2_ws/install/dsr_gazebo2/share/dsr_gazebo2/model/m1013/meshes/MF1013_2_2.dae
[0.483s] -- Up-to-date: /home/jack/ros2_ws/install/dsr_gazebo2/share/dsr_gazebo2/model/m1013/meshes/MF1013_2_1.dae
[0.483s] -- Up-to-date: /home/jack/ros2_ws/install/dsr_gazebo2/share/dsr_gazebo2/model/m1013/meshes/MF1013_2_0.dae
[0.483s] -- Up-to-date: /home/jack/ros2_ws/install/dsr_gazebo2/share/dsr_gazebo2/model/m1013/meshes/MF1013_4_0.dae
[0.483s] -- Up-to-date: /home/jack/ros2_ws/install/dsr_gazebo2/share/dsr_gazebo2/model/m1013/meshes/MF1013_4_1.dae
[0.483s] -- Up-to-date: /home/jack/ros2_ws/install/dsr_gazebo2/share/dsr_gazebo2/model/m1013/m1013.sdf
[0.483s] -- Up-to-date: /home/jack/ros2_ws/install/dsr_gazebo2/share/dsr_gazebo2/model/m1013/model.config
[0.483s] -- Up-to-date: /home/jack/ros2_ws/install/dsr_gazebo2/share/dsr_gazebo2/worlds
[0.484s] -- Up-to-date: /home/jack/ros2_ws/install/dsr_gazebo2/share/dsr_gazebo2/worlds/empty_world.model
[0.485s] -- Up-to-date: /home/jack/ros2_ws/install/dsr_gazebo2/share/dsr_gazebo2/worlds/empty_world.world
[0.491s] -- Up-to-date: /home/jack/ros2_ws/install/dsr_gazebo2/share/ament_index/resource_index/package_run_dependencies/dsr_gazebo2
[0.491s] -- Up-to-date: /home/jack/ros2_ws/install/dsr_gazebo2/share/ament_index/resource_index/parent_prefix_path/dsr_gazebo2
[0.493s] -- Up-to-date: /home/jack/ros2_ws/install/dsr_gazebo2/share/dsr_gazebo2/environment/ament_prefix_path.sh
[0.501s] -- Up-to-date: /home/jack/ros2_ws/install/dsr_gazebo2/share/dsr_gazebo2/environment/ament_prefix_path.dsv
[0.501s] -- Up-to-date: /home/jack/ros2_ws/install/dsr_gazebo2/share/dsr_gazebo2/environment/path.sh
[0.502s] -- Up-to-date: /home/jack/ros2_ws/install/dsr_gazebo2/share/dsr_gazebo2/environment/path.dsv
[0.502s] -- Up-to-date: /home/jack/ros2_ws/install/dsr_gazebo2/share/dsr_gazebo2/local_setup.bash
[0.503s] -- Up-to-date: /home/jack/ros2_ws/install/dsr_gazebo2/share/dsr_gazebo2/local_setup.sh
[0.503s] -- Up-to-date: /home/jack/ros2_ws/install/dsr_gazebo2/share/dsr_gazebo2/local_setup.zsh
[0.503s] -- Up-to-date: /home/jack/ros2_ws/install/dsr_gazebo2/share/dsr_gazebo2/local_setup.dsv
[0.503s] -- Up-to-date: /home/jack/ros2_ws/install/dsr_gazebo2/share/dsr_gazebo2/package.dsv
[0.503s] -- Up-to-date: /home/jack/ros2_ws/install/dsr_gazebo2/share/ament_index/resource_index/packages/dsr_gazebo2
[0.503s] -- Up-to-date: /home/jack/ros2_ws/install/dsr_gazebo2/share/dsr_gazebo2/cmake/ament_cmake_export_dependencies-extras.cmake
[0.503s] -- Up-to-date: /home/jack/ros2_ws/install/dsr_gazebo2/share/dsr_gazebo2/cmake/dsr_gazebo2Config.cmake
[0.503s] -- Up-to-date: /home/jack/ros2_ws/install/dsr_gazebo2/share/dsr_gazebo2/cmake/dsr_gazebo2Config-version.cmake
[0.503s] -- Up-to-date: /home/jack/ros2_ws/install/dsr_gazebo2/share/dsr_gazebo2/package.xml
[0.509s] Invoked command in '/home/jack/ros2_ws/build/dsr_gazebo2' returned '0': AMENT_PREFIX_PATH=/home/jack/ros2_ws/install/dsr_description2:${AMENT_PREFIX_PATH} CMAKE_PREFIX_PATH=/home/jack/ros2_ws/install/dsr_description2:/opt/ros/humble /usr/bin/cmake --install /home/jack/ros2_ws/build/dsr_gazebo2
