[0.534s] Invoking command in '/home/jack/ros2_ws/src/DoosanBootcamp3rd/somacube': PYTHONPATH=/home/jack/ros2_ws/build/somacube/prefix_override:/home/jack/.local/lib/python3.10/site-packages/colcon_core/task/python/colcon_distutils_commands:/home/jack/ros2_ws/install/somacube/lib/python3.10/site-packages:${PYTHONPATH} /usr/bin/python3 -W ignore:setup.py install is deprecated -W ignore:easy_install command is deprecated setup.py egg_info --egg-base ../../../build/somacube build --build-base /home/jack/ros2_ws/build/somacube/build install --record /home/jack/ros2_ws/build/somacube/install.log --single-version-externally-managed install_data
[0.734s] running egg_info
[0.734s] writing ../../../build/somacube/somacube.egg-info/PKG-INFO
[0.735s] writing dependency_links to ../../../build/somacube/somacube.egg-info/dependency_links.txt
[0.735s] writing entry points to ../../../build/somacube/somacube.egg-info/entry_points.txt
[0.735s] writing requirements to ../../../build/somacube/somacube.egg-info/requires.txt
[0.735s] writing top-level names to ../../../build/somacube/somacube.egg-info/top_level.txt
[0.736s] reading manifest file '../../../build/somacube/somacube.egg-info/SOURCES.txt'
[0.737s] writing manifest file '../../../build/somacube/somacube.egg-info/SOURCES.txt'
[0.737s] running build
[0.737s] running build_py
[0.737s] copying somacube/RL_with_robot2.py -> /home/jack/ros2_ws/build/somacube/build/lib/somacube
[0.737s] running install
[0.737s] running install_lib
[0.738s] copying /home/jack/ros2_ws/build/somacube/build/lib/somacube/RL_with_robot2.py -> /home/jack/ros2_ws/install/somacube/lib/python3.10/site-packages/somacube
[0.739s] byte-compiling /home/jack/ros2_ws/install/somacube/lib/python3.10/site-packages/somacube/RL_with_robot2.py to RL_with_robot2.cpython-310.pyc
[0.739s]   File "/home/jack/ros2_ws/install/somacube/lib/python3.10/site-packages/somacube/RL_with_robot2.py", line 82
[0.739s]     from dsr_common2.imp.DSR_ROBOT2 import (movej, movel, get_current_posx, mwait,\                           trans, wait, DR_BASE, amovel, amovej, \                        get_current_solution_space, get_current_posj,\                        movejx)
[0.739s]                                                                                    ^
[0.739s] SyntaxError: unexpected character after line continuation character
[0.739s] 
[0.739s] running install_data
[0.740s] running install_egg_info
[0.741s] removing '/home/jack/ros2_ws/install/somacube/lib/python3.10/site-packages/somacube-0.0.0-py3.10.egg-info' (and everything under it)
[0.741s] Copying ../../../build/somacube/somacube.egg-info to /home/jack/ros2_ws/install/somacube/lib/python3.10/site-packages/somacube-0.0.0-py3.10.egg-info
[0.741s] running install_scripts
[0.755s] Installing RL_with_robot2 script to /home/jack/ros2_ws/install/somacube/lib/somacube
[0.755s] Installing detection script to /home/jack/ros2_ws/install/somacube/lib/somacube
[0.755s] Installing robot_move script to /home/jack/ros2_ws/install/somacube/lib/somacube
[0.755s] writing list of installed files to '/home/jack/ros2_ws/build/somacube/install.log'
[0.776s] Invoked command in '/home/jack/ros2_ws/src/DoosanBootcamp3rd/somacube' returned '0': PYTHONPATH=/home/jack/ros2_ws/build/somacube/prefix_override:/home/jack/.local/lib/python3.10/site-packages/colcon_core/task/python/colcon_distutils_commands:/home/jack/ros2_ws/install/somacube/lib/python3.10/site-packages:${PYTHONPATH} /usr/bin/python3 -W ignore:setup.py install is deprecated -W ignore:easy_install command is deprecated setup.py egg_info --egg-base ../../../build/somacube build --build-base /home/jack/ros2_ws/build/somacube/build install --record /home/jack/ros2_ws/build/somacube/install.log --single-version-externally-managed install_data
