-- Found ament_cmake: 1.3.11 (/opt/ros/humble/share/ament_cmake/cmake)
-- Found rclpy: 3.3.16 (/opt/ros/humble/share/rclpy/cmake)
-- Found std_msgs: 4.9.0 (/opt/ros/humble/share/std_msgs/cmake)
-- Found rosidl_generator_c: 3.1.6 (/opt/ros/humble/share/rosidl_generator_c/cmake)
-- Found rosidl_adapter: 3.1.6 (/opt/ros/humble/share/rosidl_adapter/cmake)
-- Found rosidl_generator_cpp: 3.1.6 (/opt/ros/humble/share/rosidl_generator_cpp/cmake)
-- Using all available rosidl_typesupport_c: rosidl_typesupport_fastrtps_c;rosidl_typesupport_introspection_c
-- Using all available rosidl_typesupport_cpp: rosidl_typesupport_fastrtps_cpp;rosidl_typesupport_introspection_cpp
-- Found geometry_msgs: 4.9.0 (/opt/ros/humble/share/geometry_msgs/cmake)
-- Found sensor_msgs: 4.9.0 (/opt/ros/humble/share/sensor_msgs/cmake)
-- Found rosidl_default_generators: 1.2.0 (/opt/ros/humble/share/rosidl_default_generators/cmake)
-- Found ament_cmake_ros: 0.10.0 (/opt/ros/humble/share/ament_cmake_ros/cmake)
-- Using all available rosidl_typesupport_c: rosidl_typesupport_fastrtps_c;rosidl_typesupport_introspection_c
-- Using all available rosidl_typesupport_cpp: rosidl_typesupport_fastrtps_cpp;rosidl_typesupport_introspection_cpp
-- Found python_cmake_module: 0.10.0 (/opt/ros/humble/share/python_cmake_module/cmake)
-- Using PYTHON_EXECUTABLE: /usr/bin/python3
-- Using PYTHON_INCLUDE_DIRS: /usr/include/python3.10
-- Using PYTHON_LIBRARIES: /usr/lib/x86_64-linux-gnu/libpython3.10.so
-- Found ament_lint_auto: 0.12.12 (/opt/ros/humble/share/ament_lint_auto/cmake)
-- Added test 'copyright' to check source files copyright and LICENSE
-- Added test 'flake8' to check Python code syntax and style conventions
-- Added test 'lint_cmake' to check CMake code style
-- Added test 'pep257' to check Python code against some of the docstring style conventions in PEP 257
-- Added test 'xmllint' to check XML markup files
-- Configuring done
-- Generating done
-- Build files have been written to: /home/jack/ros2_ws/build/doosan_somacube_rl
[  2%] Generating C code for ROS interfaces
[  4%] Generating C++ code for ROS interfaces
[  4%] Built target ament_cmake_python_copy_doosan_somacube_rl
running egg_info
creating doosan_somacube_rl.egg-info
writing doosan_somacube_rl.egg-info/PKG-INFO
writing dependency_links to doosan_somacube_rl.egg-info/dependency_links.txt
writing top-level names to doosan_somacube_rl.egg-info/top_level.txt
writing manifest file 'doosan_somacube_rl.egg-info/SOURCES.txt'
reading manifest file 'doosan_somacube_rl.egg-info/SOURCES.txt'
writing manifest file 'doosan_somacube_rl.egg-info/SOURCES.txt'
[  4%] Built target doosan_somacube_rl__cpp
[  8%] Generating C++ introspection for ROS interfaces
[  8%] Generating C++ type support for eProsima Fast-RTPS
[ 10%] Generating C++ type support dispatch for ROS interfaces
[ 10%] Built target ament_cmake_python_build_doosan_somacube_rl_egg
[ 12%] Building C object CMakeFiles/doosan_somacube_rl__rosidl_generator_c.dir/rosidl_generator_c/doosan_somacube_rl/msg/detail/register_quality__functions.c.o
[ 17%] Building C object CMakeFiles/doosan_somacube_rl__rosidl_generator_c.dir/rosidl_generator_c/doosan_somacube_rl/msg/detail/policy_cmd__functions.c.o
[ 17%] Building C object CMakeFiles/doosan_somacube_rl__rosidl_generator_c.dir/rosidl_generator_c/doosan_somacube_rl/msg/detail/safety_event__functions.c.o
[ 19%] Linking C shared library libdoosan_somacube_rl__rosidl_generator_c.so
[ 19%] Built target doosan_somacube_rl__rosidl_generator_c
[ 21%] Generating C introspection for ROS interfaces
[ 25%] Generating C type support dispatch for ROS interfaces
[ 25%] Generating C type support for eProsima Fast-RTPS
[ 27%] Building CXX object CMakeFiles/doosan_somacube_rl__rosidl_typesupport_cpp.dir/rosidl_typesupport_cpp/doosan_somacube_rl/msg/policy_cmd__type_support.cpp.o
[ 29%] Building CXX object CMakeFiles/doosan_somacube_rl__rosidl_typesupport_cpp.dir/rosidl_typesupport_cpp/doosan_somacube_rl/msg/register_quality__type_support.cpp.o
[ 31%] Building CXX object CMakeFiles/doosan_somacube_rl__rosidl_typesupport_cpp.dir/rosidl_typesupport_cpp/doosan_somacube_rl/msg/safety_event__type_support.cpp.o
[ 34%] Building CXX object CMakeFiles/doosan_somacube_rl__rosidl_typesupport_fastrtps_cpp.dir/rosidl_typesupport_fastrtps_cpp/doosan_somacube_rl/msg/detail/dds_fastrtps/register_quality__type_support.cpp.o
[ 36%] Building CXX object CMakeFiles/doosan_somacube_rl__rosidl_typesupport_introspection_cpp.dir/rosidl_typesupport_introspection_cpp/doosan_somacube_rl/msg/detail/register_quality__type_support.cpp.o
[ 38%] Building C object CMakeFiles/doosan_somacube_rl__rosidl_typesupport_introspection_c.dir/rosidl_typesupport_introspection_c/doosan_somacube_rl/msg/detail/register_quality__type_support.c.o
[ 40%] Building CXX object CMakeFiles/doosan_somacube_rl__rosidl_typesupport_c.dir/rosidl_typesupport_c/doosan_somacube_rl/msg/register_quality__type_support.cpp.o
[ 42%] Building C object CMakeFiles/doosan_somacube_rl__rosidl_typesupport_introspection_c.dir/rosidl_typesupport_introspection_c/doosan_somacube_rl/msg/detail/policy_cmd__type_support.c.o
[ 44%] Building CXX object CMakeFiles/doosan_somacube_rl__rosidl_typesupport_c.dir/rosidl_typesupport_c/doosan_somacube_rl/msg/policy_cmd__type_support.cpp.o
[ 46%] Building CXX object CMakeFiles/doosan_somacube_rl__rosidl_typesupport_c.dir/rosidl_typesupport_c/doosan_somacube_rl/msg/safety_event__type_support.cpp.o
[ 48%] Building C object CMakeFiles/doosan_somacube_rl__rosidl_typesupport_introspection_c.dir/rosidl_typesupport_introspection_c/doosan_somacube_rl/msg/detail/safety_event__type_support.c.o
[ 51%] Linking CXX shared library libdoosan_somacube_rl__rosidl_typesupport_c.so
[ 53%] Building CXX object CMakeFiles/doosan_somacube_rl__rosidl_typesupport_fastrtps_c.dir/rosidl_typesupport_fastrtps_c/doosan_somacube_rl/msg/detail/register_quality__type_support_c.cpp.o
[ 55%] Linking C shared library libdoosan_somacube_rl__rosidl_typesupport_introspection_c.so
[ 55%] Built target doosan_somacube_rl__rosidl_typesupport_introspection_c
[ 55%] Built target doosan_somacube_rl__rosidl_typesupport_c
[ 57%] Building CXX object CMakeFiles/doosan_somacube_rl__rosidl_typesupport_fastrtps_c.dir/rosidl_typesupport_fastrtps_c/doosan_somacube_rl/msg/detail/policy_cmd__type_support_c.cpp.o
[ 59%] Building CXX object CMakeFiles/doosan_somacube_rl__rosidl_typesupport_fastrtps_c.dir/rosidl_typesupport_fastrtps_c/doosan_somacube_rl/msg/detail/safety_event__type_support_c.cpp.o
[ 61%] Building CXX object CMakeFiles/doosan_somacube_rl__rosidl_typesupport_introspection_cpp.dir/rosidl_typesupport_introspection_cpp/doosan_somacube_rl/msg/detail/policy_cmd__type_support.cpp.o
[ 63%] Building CXX object CMakeFiles/doosan_somacube_rl__rosidl_typesupport_fastrtps_cpp.dir/rosidl_typesupport_fastrtps_cpp/doosan_somacube_rl/msg/detail/dds_fastrtps/policy_cmd__type_support.cpp.o
[ 65%] Linking CXX shared library libdoosan_somacube_rl__rosidl_typesupport_cpp.so
[ 65%] Built target doosan_somacube_rl__rosidl_typesupport_cpp
[ 68%] Building CXX object CMakeFiles/doosan_somacube_rl__rosidl_typesupport_fastrtps_cpp.dir/rosidl_typesupport_fastrtps_cpp/doosan_somacube_rl/msg/detail/dds_fastrtps/safety_event__type_support.cpp.o
[ 70%] Building CXX object CMakeFiles/doosan_somacube_rl__rosidl_typesupport_introspection_cpp.dir/rosidl_typesupport_introspection_cpp/doosan_somacube_rl/msg/detail/safety_event__type_support.cpp.o
[ 72%] Linking CXX shared library libdoosan_somacube_rl__rosidl_typesupport_fastrtps_c.so
[ 72%] Built target doosan_somacube_rl__rosidl_typesupport_fastrtps_c
[ 74%] Linking CXX shared library libdoosan_somacube_rl__rosidl_typesupport_fastrtps_cpp.so
[ 76%] Linking CXX shared library libdoosan_somacube_rl__rosidl_typesupport_introspection_cpp.so
[ 76%] Built target doosan_somacube_rl__rosidl_typesupport_fastrtps_cpp
[ 76%] Built target doosan_somacube_rl__rosidl_typesupport_introspection_cpp
[ 76%] Built target doosan_somacube_rl
[ 78%] Generating Python code for ROS interfaces
[ 78%] Built target doosan_somacube_rl__py
[ 85%] Building C object CMakeFiles/doosan_somacube_rl__rosidl_generator_py.dir/rosidl_generator_py/doosan_somacube_rl/msg/_safety_event_s.c.o
[ 85%] Building C object CMakeFiles/doosan_somacube_rl__rosidl_generator_py.dir/rosidl_generator_py/doosan_somacube_rl/msg/_register_quality_s.c.o
[ 85%] Building C object CMakeFiles/doosan_somacube_rl__rosidl_generator_py.dir/rosidl_generator_py/doosan_somacube_rl/msg/_policy_cmd_s.c.o
[ 87%] Linking C shared library rosidl_generator_py/doosan_somacube_rl/libdoosan_somacube_rl__rosidl_generator_py.so
[ 87%] Built target doosan_somacube_rl__rosidl_generator_py
[ 93%] Building C object CMakeFiles/doosan_somacube_rl__rosidl_typesupport_fastrtps_c__pyext.dir/rosidl_generator_py/doosan_somacube_rl/_doosan_somacube_rl_s.ep.rosidl_typesupport_fastrtps_c.c.o
[ 93%] Building C object CMakeFiles/doosan_somacube_rl__rosidl_typesupport_c__pyext.dir/rosidl_generator_py/doosan_somacube_rl/_doosan_somacube_rl_s.ep.rosidl_typesupport_c.c.o
[ 93%] Building C object CMakeFiles/doosan_somacube_rl__rosidl_typesupport_introspection_c__pyext.dir/rosidl_generator_py/doosan_somacube_rl/_doosan_somacube_rl_s.ep.rosidl_typesupport_introspection_c.c.o
[100%] Linking C shared library rosidl_generator_py/doosan_somacube_rl/doosan_somacube_rl_s__rosidl_typesupport_introspection_c.cpython-310-x86_64-linux-gnu.so
[100%] Linking C shared library rosidl_generator_py/doosan_somacube_rl/doosan_somacube_rl_s__rosidl_typesupport_fastrtps_c.cpython-310-x86_64-linux-gnu.so
[100%] Linking C shared library rosidl_generator_py/doosan_somacube_rl/doosan_somacube_rl_s__rosidl_typesupport_c.cpython-310-x86_64-linux-gnu.so
[100%] Built target doosan_somacube_rl__rosidl_typesupport_fastrtps_c__pyext
[100%] Built target doosan_somacube_rl__rosidl_typesupport_introspection_c__pyext
[100%] Built target doosan_somacube_rl__rosidl_typesupport_c__pyext
-- Install configuration: ""
-- Installing: /home/jack/ros2_ws/install/doosan_somacube_rl/share/ament_index/resource_index/rosidl_interfaces/doosan_somacube_rl
-- Installing: /home/jack/ros2_ws/install/doosan_somacube_rl/include/doosan_somacube_rl/doosan_somacube_rl
-- Installing: /home/jack/ros2_ws/install/doosan_somacube_rl/include/doosan_somacube_rl/doosan_somacube_rl/msg
-- Installing: /home/jack/ros2_ws/install/doosan_somacube_rl/include/doosan_somacube_rl/doosan_somacube_rl/msg/detail
-- Installing: /home/jack/ros2_ws/install/doosan_somacube_rl/include/doosan_somacube_rl/doosan_somacube_rl/msg/detail/register_quality__functions.h
-- Installing: /home/jack/ros2_ws/install/doosan_somacube_rl/include/doosan_somacube_rl/doosan_somacube_rl/msg/detail/register_quality__functions.c
-- Installing: /home/jack/ros2_ws/install/doosan_somacube_rl/include/doosan_somacube_rl/doosan_somacube_rl/msg/detail/safety_event__functions.c
-- Installing: /home/jack/ros2_ws/install/doosan_somacube_rl/include/doosan_somacube_rl/doosan_somacube_rl/msg/detail/policy_cmd__struct.h
-- Installing: /home/jack/ros2_ws/install/doosan_somacube_rl/include/doosan_somacube_rl/doosan_somacube_rl/msg/detail/safety_event__type_support.h
-- Installing: /home/jack/ros2_ws/install/doosan_somacube_rl/include/doosan_somacube_rl/doosan_somacube_rl/msg/detail/safety_event__functions.h
-- Installing: /home/jack/ros2_ws/install/doosan_somacube_rl/include/doosan_somacube_rl/doosan_somacube_rl/msg/detail/register_quality__type_support.h
-- Installing: /home/jack/ros2_ws/install/doosan_somacube_rl/include/doosan_somacube_rl/doosan_somacube_rl/msg/detail/policy_cmd__functions.h
-- Installing: /home/jack/ros2_ws/install/doosan_somacube_rl/include/doosan_somacube_rl/doosan_somacube_rl/msg/detail/policy_cmd__type_support.h
-- Installing: /home/jack/ros2_ws/install/doosan_somacube_rl/include/doosan_somacube_rl/doosan_somacube_rl/msg/detail/safety_event__struct.h
-- Installing: /home/jack/ros2_ws/install/doosan_somacube_rl/include/doosan_somacube_rl/doosan_somacube_rl/msg/detail/policy_cmd__functions.c
-- Installing: /home/jack/ros2_ws/install/doosan_somacube_rl/include/doosan_somacube_rl/doosan_somacube_rl/msg/detail/register_quality__struct.h
-- Installing: /home/jack/ros2_ws/install/doosan_somacube_rl/include/doosan_somacube_rl/doosan_somacube_rl/msg/register_quality.h
-- Installing: /home/jack/ros2_ws/install/doosan_somacube_rl/include/doosan_somacube_rl/doosan_somacube_rl/msg/policy_cmd.h
-- Installing: /home/jack/ros2_ws/install/doosan_somacube_rl/include/doosan_somacube_rl/doosan_somacube_rl/msg/safety_event.h
-- Installing: /home/jack/ros2_ws/install/doosan_somacube_rl/include/doosan_somacube_rl/doosan_somacube_rl/msg/rosidl_generator_c__visibility_control.h
-- Installing: /home/jack/ros2_ws/install/doosan_somacube_rl/share/doosan_somacube_rl/environment/library_path.sh
-- Installing: /home/jack/ros2_ws/install/doosan_somacube_rl/share/doosan_somacube_rl/environment/library_path.dsv
-- Installing: /home/jack/ros2_ws/install/doosan_somacube_rl/lib/libdoosan_somacube_rl__rosidl_generator_c.so
-- Set runtime path of "/home/jack/ros2_ws/install/doosan_somacube_rl/lib/libdoosan_somacube_rl__rosidl_generator_c.so" to ""
-- Up-to-date: /home/jack/ros2_ws/install/doosan_somacube_rl/include/doosan_somacube_rl/doosan_somacube_rl
-- Up-to-date: /home/jack/ros2_ws/install/doosan_somacube_rl/include/doosan_somacube_rl/doosan_somacube_rl/msg
-- Up-to-date: /home/jack/ros2_ws/install/doosan_somacube_rl/include/doosan_somacube_rl/doosan_somacube_rl/msg/detail
-- Installing: /home/jack/ros2_ws/install/doosan_somacube_rl/include/doosan_somacube_rl/doosan_somacube_rl/msg/detail/safety_event__rosidl_typesupport_fastrtps_c.h
-- Installing: /home/jack/ros2_ws/install/doosan_somacube_rl/include/doosan_somacube_rl/doosan_somacube_rl/msg/detail/register_quality__rosidl_typesupport_fastrtps_c.h
-- Installing: /home/jack/ros2_ws/install/doosan_somacube_rl/include/doosan_somacube_rl/doosan_somacube_rl/msg/detail/policy_cmd__rosidl_typesupport_fastrtps_c.h
-- Installing: /home/jack/ros2_ws/install/doosan_somacube_rl/include/doosan_somacube_rl/doosan_somacube_rl/msg/rosidl_typesupport_fastrtps_c__visibility_control.h
-- Installing: /home/jack/ros2_ws/install/doosan_somacube_rl/lib/libdoosan_somacube_rl__rosidl_typesupport_fastrtps_c.so
-- Set runtime path of "/home/jack/ros2_ws/install/doosan_somacube_rl/lib/libdoosan_somacube_rl__rosidl_typesupport_fastrtps_c.so" to ""
-- Up-to-date: /home/jack/ros2_ws/install/doosan_somacube_rl/include/doosan_somacube_rl/doosan_somacube_rl
-- Up-to-date: /home/jack/ros2_ws/install/doosan_somacube_rl/include/doosan_somacube_rl/doosan_somacube_rl/msg
-- Up-to-date: /home/jack/ros2_ws/install/doosan_somacube_rl/include/doosan_somacube_rl/doosan_somacube_rl/msg/detail
-- Installing: /home/jack/ros2_ws/install/doosan_somacube_rl/include/doosan_somacube_rl/doosan_somacube_rl/msg/detail/register_quality__builder.hpp
-- Installing: /home/jack/ros2_ws/install/doosan_somacube_rl/include/doosan_somacube_rl/doosan_somacube_rl/msg/detail/policy_cmd__builder.hpp
-- Installing: /home/jack/ros2_ws/install/doosan_somacube_rl/include/doosan_somacube_rl/doosan_somacube_rl/msg/detail/policy_cmd__type_support.hpp
-- Installing: /home/jack/ros2_ws/install/doosan_somacube_rl/include/doosan_somacube_rl/doosan_somacube_rl/msg/detail/safety_event__traits.hpp
-- Installing: /home/jack/ros2_ws/install/doosan_somacube_rl/include/doosan_somacube_rl/doosan_somacube_rl/msg/detail/safety_event__struct.hpp
-- Installing: /home/jack/ros2_ws/install/doosan_somacube_rl/include/doosan_somacube_rl/doosan_somacube_rl/msg/detail/safety_event__type_support.hpp
-- Installing: /home/jack/ros2_ws/install/doosan_somacube_rl/include/doosan_somacube_rl/doosan_somacube_rl/msg/detail/register_quality__type_support.hpp
-- Installing: /home/jack/ros2_ws/install/doosan_somacube_rl/include/doosan_somacube_rl/doosan_somacube_rl/msg/detail/safety_event__builder.hpp
-- Installing: /home/jack/ros2_ws/install/doosan_somacube_rl/include/doosan_somacube_rl/doosan_somacube_rl/msg/detail/register_quality__struct.hpp
-- Installing: /home/jack/ros2_ws/install/doosan_somacube_rl/include/doosan_somacube_rl/doosan_somacube_rl/msg/detail/register_quality__traits.hpp
-- Installing: /home/jack/ros2_ws/install/doosan_somacube_rl/include/doosan_somacube_rl/doosan_somacube_rl/msg/detail/policy_cmd__struct.hpp
-- Installing: /home/jack/ros2_ws/install/doosan_somacube_rl/include/doosan_somacube_rl/doosan_somacube_rl/msg/detail/policy_cmd__traits.hpp
-- Installing: /home/jack/ros2_ws/install/doosan_somacube_rl/include/doosan_somacube_rl/doosan_somacube_rl/msg/register_quality.hpp
-- Installing: /home/jack/ros2_ws/install/doosan_somacube_rl/include/doosan_somacube_rl/doosan_somacube_rl/msg/policy_cmd.hpp
-- Installing: /home/jack/ros2_ws/install/doosan_somacube_rl/include/doosan_somacube_rl/doosan_somacube_rl/msg/rosidl_generator_cpp__visibility_control.hpp
-- Installing: /home/jack/ros2_ws/install/doosan_somacube_rl/include/doosan_somacube_rl/doosan_somacube_rl/msg/safety_event.hpp
-- Up-to-date: /home/jack/ros2_ws/install/doosan_somacube_rl/include/doosan_somacube_rl/doosan_somacube_rl
-- Up-to-date: /home/jack/ros2_ws/install/doosan_somacube_rl/include/doosan_somacube_rl/doosan_somacube_rl/msg
-- Up-to-date: /home/jack/ros2_ws/install/doosan_somacube_rl/include/doosan_somacube_rl/doosan_somacube_rl/msg/detail
-- Installing: /home/jack/ros2_ws/install/doosan_somacube_rl/include/doosan_somacube_rl/doosan_somacube_rl/msg/detail/dds_fastrtps
-- Installing: /home/jack/ros2_ws/install/doosan_somacube_rl/include/doosan_somacube_rl/doosan_somacube_rl/msg/detail/register_quality__rosidl_typesupport_fastrtps_cpp.hpp
-- Installing: /home/jack/ros2_ws/install/doosan_somacube_rl/include/doosan_somacube_rl/doosan_somacube_rl/msg/detail/policy_cmd__rosidl_typesupport_fastrtps_cpp.hpp
-- Installing: /home/jack/ros2_ws/install/doosan_somacube_rl/include/doosan_somacube_rl/doosan_somacube_rl/msg/detail/safety_event__rosidl_typesupport_fastrtps_cpp.hpp
-- Installing: /home/jack/ros2_ws/install/doosan_somacube_rl/include/doosan_somacube_rl/doosan_somacube_rl/msg/rosidl_typesupport_fastrtps_cpp__visibility_control.h
-- Installing: /home/jack/ros2_ws/install/doosan_somacube_rl/lib/libdoosan_somacube_rl__rosidl_typesupport_fastrtps_cpp.so
-- Set runtime path of "/home/jack/ros2_ws/install/doosan_somacube_rl/lib/libdoosan_somacube_rl__rosidl_typesupport_fastrtps_cpp.so" to ""
-- Up-to-date: /home/jack/ros2_ws/install/doosan_somacube_rl/include/doosan_somacube_rl/doosan_somacube_rl
-- Up-to-date: /home/jack/ros2_ws/install/doosan_somacube_rl/include/doosan_somacube_rl/doosan_somacube_rl/msg
-- Up-to-date: /home/jack/ros2_ws/install/doosan_somacube_rl/include/doosan_somacube_rl/doosan_somacube_rl/msg/detail
-- Installing: /home/jack/ros2_ws/install/doosan_somacube_rl/include/doosan_somacube_rl/doosan_somacube_rl/msg/detail/safety_event__rosidl_typesupport_introspection_c.h
-- Installing: /home/jack/ros2_ws/install/doosan_somacube_rl/include/doosan_somacube_rl/doosan_somacube_rl/msg/detail/register_quality__type_support.c
-- Installing: /home/jack/ros2_ws/install/doosan_somacube_rl/include/doosan_somacube_rl/doosan_somacube_rl/msg/detail/policy_cmd__rosidl_typesupport_introspection_c.h
-- Installing: /home/jack/ros2_ws/install/doosan_somacube_rl/include/doosan_somacube_rl/doosan_somacube_rl/msg/detail/safety_event__type_support.c
-- Installing: /home/jack/ros2_ws/install/doosan_somacube_rl/include/doosan_somacube_rl/doosan_somacube_rl/msg/detail/policy_cmd__type_support.c
-- Installing: /home/jack/ros2_ws/install/doosan_somacube_rl/include/doosan_somacube_rl/doosan_somacube_rl/msg/detail/register_quality__rosidl_typesupport_introspection_c.h
-- Installing: /home/jack/ros2_ws/install/doosan_somacube_rl/include/doosan_somacube_rl/doosan_somacube_rl/msg/rosidl_typesupport_introspection_c__visibility_control.h
-- Installing: /home/jack/ros2_ws/install/doosan_somacube_rl/lib/libdoosan_somacube_rl__rosidl_typesupport_introspection_c.so
-- Set runtime path of "/home/jack/ros2_ws/install/doosan_somacube_rl/lib/libdoosan_somacube_rl__rosidl_typesupport_introspection_c.so" to ""
-- Installing: /home/jack/ros2_ws/install/doosan_somacube_rl/lib/libdoosan_somacube_rl__rosidl_typesupport_c.so
-- Set runtime path of "/home/jack/ros2_ws/install/doosan_somacube_rl/lib/libdoosan_somacube_rl__rosidl_typesupport_c.so" to ""
-- Up-to-date: /home/jack/ros2_ws/install/doosan_somacube_rl/include/doosan_somacube_rl/doosan_somacube_rl
-- Up-to-date: /home/jack/ros2_ws/install/doosan_somacube_rl/include/doosan_somacube_rl/doosan_somacube_rl/msg
-- Up-to-date: /home/jack/ros2_ws/install/doosan_somacube_rl/include/doosan_somacube_rl/doosan_somacube_rl/msg/detail
-- Installing: /home/jack/ros2_ws/install/doosan_somacube_rl/include/doosan_somacube_rl/doosan_somacube_rl/msg/detail/policy_cmd__type_support.cpp
-- Installing: /home/jack/ros2_ws/install/doosan_somacube_rl/include/doosan_somacube_rl/doosan_somacube_rl/msg/detail/safety_event__type_support.cpp
-- Installing: /home/jack/ros2_ws/install/doosan_somacube_rl/include/doosan_somacube_rl/doosan_somacube_rl/msg/detail/safety_event__rosidl_typesupport_introspection_cpp.hpp
-- Installing: /home/jack/ros2_ws/install/doosan_somacube_rl/include/doosan_somacube_rl/doosan_somacube_rl/msg/detail/register_quality__rosidl_typesupport_introspection_cpp.hpp
-- Installing: /home/jack/ros2_ws/install/doosan_somacube_rl/include/doosan_somacube_rl/doosan_somacube_rl/msg/detail/policy_cmd__rosidl_typesupport_introspection_cpp.hpp
-- Installing: /home/jack/ros2_ws/install/doosan_somacube_rl/include/doosan_somacube_rl/doosan_somacube_rl/msg/detail/register_quality__type_support.cpp
-- Installing: /home/jack/ros2_ws/install/doosan_somacube_rl/lib/libdoosan_somacube_rl__rosidl_typesupport_introspection_cpp.so
-- Set runtime path of "/home/jack/ros2_ws/install/doosan_somacube_rl/lib/libdoosan_somacube_rl__rosidl_typesupport_introspection_cpp.so" to ""
-- Installing: /home/jack/ros2_ws/install/doosan_somacube_rl/lib/libdoosan_somacube_rl__rosidl_typesupport_cpp.so
-- Set runtime path of "/home/jack/ros2_ws/install/doosan_somacube_rl/lib/libdoosan_somacube_rl__rosidl_typesupport_cpp.so" to ""
-- Installing: /home/jack/ros2_ws/install/doosan_somacube_rl/share/doosan_somacube_rl/environment/pythonpath.sh
-- Installing: /home/jack/ros2_ws/install/doosan_somacube_rl/share/doosan_somacube_rl/environment/pythonpath.dsv
-- Installing: /home/jack/ros2_ws/install/doosan_somacube_rl/local/lib/python3.10/dist-packages/doosan_somacube_rl-1.0.0-py3.10.egg-info
-- Installing: /home/jack/ros2_ws/install/doosan_somacube_rl/local/lib/python3.10/dist-packages/doosan_somacube_rl-1.0.0-py3.10.egg-info/SOURCES.txt
-- Installing: /home/jack/ros2_ws/install/doosan_somacube_rl/local/lib/python3.10/dist-packages/doosan_somacube_rl-1.0.0-py3.10.egg-info/PKG-INFO
-- Installing: /home/jack/ros2_ws/install/doosan_somacube_rl/local/lib/python3.10/dist-packages/doosan_somacube_rl-1.0.0-py3.10.egg-info/dependency_links.txt
-- Installing: /home/jack/ros2_ws/install/doosan_somacube_rl/local/lib/python3.10/dist-packages/doosan_somacube_rl-1.0.0-py3.10.egg-info/top_level.txt
-- Installing: /home/jack/ros2_ws/install/doosan_somacube_rl/local/lib/python3.10/dist-packages/doosan_somacube_rl
-- Installing: /home/jack/ros2_ws/install/doosan_somacube_rl/local/lib/python3.10/dist-packages/doosan_somacube_rl/libdoosan_somacube_rl__rosidl_generator_py.so
-- Installing: /home/jack/ros2_ws/install/doosan_somacube_rl/local/lib/python3.10/dist-packages/doosan_somacube_rl/doosan_somacube_rl_s__rosidl_typesupport_introspection_c.cpython-310-x86_64-linux-gnu.so
-- Installing: /home/jack/ros2_ws/install/doosan_somacube_rl/local/lib/python3.10/dist-packages/doosan_somacube_rl/_doosan_somacube_rl_s.ep.rosidl_typesupport_c.c
-- Installing: /home/jack/ros2_ws/install/doosan_somacube_rl/local/lib/python3.10/dist-packages/doosan_somacube_rl/_doosan_somacube_rl_s.ep.rosidl_typesupport_fastrtps_c.c
-- Installing: /home/jack/ros2_ws/install/doosan_somacube_rl/local/lib/python3.10/dist-packages/doosan_somacube_rl/doosan_somacube_rl_s__rosidl_typesupport_c.cpython-310-x86_64-linux-gnu.so
-- Installing: /home/jack/ros2_ws/install/doosan_somacube_rl/local/lib/python3.10/dist-packages/doosan_somacube_rl/doosan_somacube_rl_s__rosidl_typesupport_fastrtps_c.cpython-310-x86_64-linux-gnu.so
-- Installing: /home/jack/ros2_ws/install/doosan_somacube_rl/local/lib/python3.10/dist-packages/doosan_somacube_rl/msg
-- Installing: /home/jack/ros2_ws/install/doosan_somacube_rl/local/lib/python3.10/dist-packages/doosan_somacube_rl/msg/_register_quality.py
-- Installing: /home/jack/ros2_ws/install/doosan_somacube_rl/local/lib/python3.10/dist-packages/doosan_somacube_rl/msg/_safety_event_s.c
-- Installing: /home/jack/ros2_ws/install/doosan_somacube_rl/local/lib/python3.10/dist-packages/doosan_somacube_rl/msg/_safety_event.py
-- Installing: /home/jack/ros2_ws/install/doosan_somacube_rl/local/lib/python3.10/dist-packages/doosan_somacube_rl/msg/_register_quality_s.c
-- Installing: /home/jack/ros2_ws/install/doosan_somacube_rl/local/lib/python3.10/dist-packages/doosan_somacube_rl/msg/__init__.py
-- Installing: /home/jack/ros2_ws/install/doosan_somacube_rl/local/lib/python3.10/dist-packages/doosan_somacube_rl/msg/_policy_cmd.py
-- Installing: /home/jack/ros2_ws/install/doosan_somacube_rl/local/lib/python3.10/dist-packages/doosan_somacube_rl/msg/_policy_cmd_s.c
-- Installing: /home/jack/ros2_ws/install/doosan_somacube_rl/local/lib/python3.10/dist-packages/doosan_somacube_rl/__init__.py
-- Installing: /home/jack/ros2_ws/install/doosan_somacube_rl/local/lib/python3.10/dist-packages/doosan_somacube_rl/_doosan_somacube_rl_s.ep.rosidl_typesupport_introspection_c.c
Listing '/home/jack/ros2_ws/install/doosan_somacube_rl/local/lib/python3.10/dist-packages/doosan_somacube_rl'...
Compiling '/home/jack/ros2_ws/install/doosan_somacube_rl/local/lib/python3.10/dist-packages/doosan_somacube_rl/__init__.py'...
Listing '/home/jack/ros2_ws/install/doosan_somacube_rl/local/lib/python3.10/dist-packages/doosan_somacube_rl/msg'...
Compiling '/home/jack/ros2_ws/install/doosan_somacube_rl/local/lib/python3.10/dist-packages/doosan_somacube_rl/msg/__init__.py'...
Compiling '/home/jack/ros2_ws/install/doosan_somacube_rl/local/lib/python3.10/dist-packages/doosan_somacube_rl/msg/_policy_cmd.py'...
Compiling '/home/jack/ros2_ws/install/doosan_somacube_rl/local/lib/python3.10/dist-packages/doosan_somacube_rl/msg/_register_quality.py'...
Compiling '/home/jack/ros2_ws/install/doosan_somacube_rl/local/lib/python3.10/dist-packages/doosan_somacube_rl/msg/_safety_event.py'...
-- Installing: /home/jack/ros2_ws/install/doosan_somacube_rl/local/lib/python3.10/dist-packages/doosan_somacube_rl/doosan_somacube_rl_s__rosidl_typesupport_fastrtps_c.cpython-310-x86_64-linux-gnu.so
-- Set runtime path of "/home/jack/ros2_ws/install/doosan_somacube_rl/local/lib/python3.10/dist-packages/doosan_somacube_rl/doosan_somacube_rl_s__rosidl_typesupport_fastrtps_c.cpython-310-x86_64-linux-gnu.so" to ""
-- Installing: /home/jack/ros2_ws/install/doosan_somacube_rl/local/lib/python3.10/dist-packages/doosan_somacube_rl/doosan_somacube_rl_s__rosidl_typesupport_introspection_c.cpython-310-x86_64-linux-gnu.so
-- Set runtime path of "/home/jack/ros2_ws/install/doosan_somacube_rl/local/lib/python3.10/dist-packages/doosan_somacube_rl/doosan_somacube_rl_s__rosidl_typesupport_introspection_c.cpython-310-x86_64-linux-gnu.so" to ""
-- Installing: /home/jack/ros2_ws/install/doosan_somacube_rl/local/lib/python3.10/dist-packages/doosan_somacube_rl/doosan_somacube_rl_s__rosidl_typesupport_c.cpython-310-x86_64-linux-gnu.so
-- Set runtime path of "/home/jack/ros2_ws/install/doosan_somacube_rl/local/lib/python3.10/dist-packages/doosan_somacube_rl/doosan_somacube_rl_s__rosidl_typesupport_c.cpython-310-x86_64-linux-gnu.so" to ""
-- Installing: /home/jack/ros2_ws/install/doosan_somacube_rl/lib/libdoosan_somacube_rl__rosidl_generator_py.so
-- Set runtime path of "/home/jack/ros2_ws/install/doosan_somacube_rl/lib/libdoosan_somacube_rl__rosidl_generator_py.so" to ""
-- Installing: /home/jack/ros2_ws/install/doosan_somacube_rl/share/doosan_somacube_rl/msg/RegisterQuality.idl
-- Installing: /home/jack/ros2_ws/install/doosan_somacube_rl/share/doosan_somacube_rl/msg/PolicyCmd.idl
-- Installing: /home/jack/ros2_ws/install/doosan_somacube_rl/share/doosan_somacube_rl/msg/SafetyEvent.idl
-- Installing: /home/jack/ros2_ws/install/doosan_somacube_rl/share/doosan_somacube_rl/msg/RegisterQuality.msg
-- Installing: /home/jack/ros2_ws/install/doosan_somacube_rl/share/doosan_somacube_rl/msg/PolicyCmd.msg
-- Installing: /home/jack/ros2_ws/install/doosan_somacube_rl/share/doosan_somacube_rl/msg/SafetyEvent.msg
-- Installing: /home/jack/ros2_ws/install/doosan_somacube_rl/lib/doosan_somacube_rl/pc_preprocess_node.py
-- Installing: /home/jack/ros2_ws/install/doosan_somacube_rl/lib/doosan_somacube_rl/pc_register_node.py
-- Installing: /home/jack/ros2_ws/install/doosan_somacube_rl/lib/doosan_somacube_rl/pose_tracker_node.py
-- Installing: /home/jack/ros2_ws/install/doosan_somacube_rl/lib/doosan_somacube_rl/imp_ctrl_node.py
-- Installing: /home/jack/ros2_ws/install/doosan_somacube_rl/lib/doosan_somacube_rl/safety_monitor_node.py
-- Installing: /home/jack/ros2_ws/install/doosan_somacube_rl/lib/doosan_somacube_rl/sequencer_node.py
-- Installing: /home/jack/ros2_ws/install/doosan_somacube_rl/lib/doosan_somacube_rl/layer1_manager_node.py
-- Installing: /home/jack/ros2_ws/install/doosan_somacube_rl/lib/doosan_somacube_rl/logger_node.py
-- Installing: /home/jack/ros2_ws/install/doosan_somacube_rl/lib/doosan_somacube_rl/policy_sac_low_node.py
-- Installing: /home/jack/ros2_ws/install/doosan_somacube_rl/share/doosan_somacube_rl/launch
-- Installing: /home/jack/ros2_ws/install/doosan_somacube_rl/share/doosan_somacube_rl/launch/bringup_real.launch.py
-- Installing: /home/jack/ros2_ws/install/doosan_somacube_rl/share/doosan_somacube_rl/config
-- Installing: /home/jack/ros2_ws/install/doosan_somacube_rl/share/doosan_somacube_rl/config/grid.yaml
-- Installing: /home/jack/ros2_ws/install/doosan_somacube_rl/share/doosan_somacube_rl/config/layer1_layout.yaml
-- Installing: /home/jack/ros2_ws/install/doosan_somacube_rl/share/doosan_somacube_rl/config/rl_somacube_params.yaml
-- Installing: /home/jack/ros2_ws/install/doosan_somacube_rl/share/doosan_somacube_rl/config/topics_interfaces.yaml
-- Installing: /home/jack/ros2_ws/install/doosan_somacube_rl/share/doosan_somacube_rl/scripts
-- Installing: /home/jack/ros2_ws/install/doosan_somacube_rl/share/doosan_somacube_rl/scripts/verify_topics.py
-- Installing: /home/jack/ros2_ws/install/doosan_somacube_rl/share/doosan_somacube_rl/scripts/bag_record.sh
-- Installing: /home/jack/ros2_ws/install/doosan_somacube_rl/share/doosan_somacube_rl/test
-- Installing: /home/jack/ros2_ws/install/doosan_somacube_rl/share/doosan_somacube_rl/test/test_gating_math.py
-- Installing: /home/jack/ros2_ws/install/doosan_somacube_rl/share/ament_index/resource_index/package_run_dependencies/doosan_somacube_rl
-- Installing: /home/jack/ros2_ws/install/doosan_somacube_rl/share/ament_index/resource_index/parent_prefix_path/doosan_somacube_rl
-- Installing: /home/jack/ros2_ws/install/doosan_somacube_rl/share/doosan_somacube_rl/environment/ament_prefix_path.sh
-- Installing: /home/jack/ros2_ws/install/doosan_somacube_rl/share/doosan_somacube_rl/environment/ament_prefix_path.dsv
-- Installing: /home/jack/ros2_ws/install/doosan_somacube_rl/share/doosan_somacube_rl/environment/path.sh
-- Installing: /home/jack/ros2_ws/install/doosan_somacube_rl/share/doosan_somacube_rl/environment/path.dsv
-- Installing: /home/jack/ros2_ws/install/doosan_somacube_rl/share/doosan_somacube_rl/local_setup.bash
-- Installing: /home/jack/ros2_ws/install/doosan_somacube_rl/share/doosan_somacube_rl/local_setup.sh
-- Installing: /home/jack/ros2_ws/install/doosan_somacube_rl/share/doosan_somacube_rl/local_setup.zsh
-- Installing: /home/jack/ros2_ws/install/doosan_somacube_rl/share/doosan_somacube_rl/local_setup.dsv
-- Installing: /home/jack/ros2_ws/install/doosan_somacube_rl/share/doosan_somacube_rl/package.dsv
-- Installing: /home/jack/ros2_ws/install/doosan_somacube_rl/share/ament_index/resource_index/packages/doosan_somacube_rl
-- Installing: /home/jack/ros2_ws/install/doosan_somacube_rl/share/doosan_somacube_rl/cmake/export_doosan_somacube_rl__rosidl_generator_cExport.cmake
-- Installing: /home/jack/ros2_ws/install/doosan_somacube_rl/share/doosan_somacube_rl/cmake/export_doosan_somacube_rl__rosidl_generator_cExport-noconfig.cmake
-- Installing: /home/jack/ros2_ws/install/doosan_somacube_rl/share/doosan_somacube_rl/cmake/export_doosan_somacube_rl__rosidl_typesupport_fastrtps_cExport.cmake
-- Installing: /home/jack/ros2_ws/install/doosan_somacube_rl/share/doosan_somacube_rl/cmake/export_doosan_somacube_rl__rosidl_typesupport_fastrtps_cExport-noconfig.cmake
-- Installing: /home/jack/ros2_ws/install/doosan_somacube_rl/share/doosan_somacube_rl/cmake/export_doosan_somacube_rl__rosidl_generator_cppExport.cmake
-- Installing: /home/jack/ros2_ws/install/doosan_somacube_rl/share/doosan_somacube_rl/cmake/export_doosan_somacube_rl__rosidl_typesupport_fastrtps_cppExport.cmake
-- Installing: /home/jack/ros2_ws/install/doosan_somacube_rl/share/doosan_somacube_rl/cmake/export_doosan_somacube_rl__rosidl_typesupport_fastrtps_cppExport-noconfig.cmake
-- Installing: /home/jack/ros2_ws/install/doosan_somacube_rl/share/doosan_somacube_rl/cmake/doosan_somacube_rl__rosidl_typesupport_introspection_cExport.cmake
-- Installing: /home/jack/ros2_ws/install/doosan_somacube_rl/share/doosan_somacube_rl/cmake/doosan_somacube_rl__rosidl_typesupport_introspection_cExport-noconfig.cmake
-- Installing: /home/jack/ros2_ws/install/doosan_somacube_rl/share/doosan_somacube_rl/cmake/doosan_somacube_rl__rosidl_typesupport_cExport.cmake
-- Installing: /home/jack/ros2_ws/install/doosan_somacube_rl/share/doosan_somacube_rl/cmake/doosan_somacube_rl__rosidl_typesupport_cExport-noconfig.cmake
-- Installing: /home/jack/ros2_ws/install/doosan_somacube_rl/share/doosan_somacube_rl/cmake/doosan_somacube_rl__rosidl_typesupport_introspection_cppExport.cmake
-- Installing: /home/jack/ros2_ws/install/doosan_somacube_rl/share/doosan_somacube_rl/cmake/doosan_somacube_rl__rosidl_typesupport_introspection_cppExport-noconfig.cmake
-- Installing: /home/jack/ros2_ws/install/doosan_somacube_rl/share/doosan_somacube_rl/cmake/doosan_somacube_rl__rosidl_typesupport_cppExport.cmake
-- Installing: /home/jack/ros2_ws/install/doosan_somacube_rl/share/doosan_somacube_rl/cmake/doosan_somacube_rl__rosidl_typesupport_cppExport-noconfig.cmake
-- Installing: /home/jack/ros2_ws/install/doosan_somacube_rl/share/doosan_somacube_rl/cmake/export_doosan_somacube_rl__rosidl_generator_pyExport.cmake
-- Installing: /home/jack/ros2_ws/install/doosan_somacube_rl/share/doosan_somacube_rl/cmake/export_doosan_somacube_rl__rosidl_generator_pyExport-noconfig.cmake
-- Installing: /home/jack/ros2_ws/install/doosan_somacube_rl/share/doosan_somacube_rl/cmake/rosidl_cmake-extras.cmake
-- Installing: /home/jack/ros2_ws/install/doosan_somacube_rl/share/doosan_somacube_rl/cmake/ament_cmake_export_dependencies-extras.cmake
-- Installing: /home/jack/ros2_ws/install/doosan_somacube_rl/share/doosan_somacube_rl/cmake/ament_cmake_export_include_directories-extras.cmake
-- Installing: /home/jack/ros2_ws/install/doosan_somacube_rl/share/doosan_somacube_rl/cmake/ament_cmake_export_libraries-extras.cmake
-- Installing: /home/jack/ros2_ws/install/doosan_somacube_rl/share/doosan_somacube_rl/cmake/ament_cmake_export_targets-extras.cmake
-- Installing: /home/jack/ros2_ws/install/doosan_somacube_rl/share/doosan_somacube_rl/cmake/rosidl_cmake_export_typesupport_targets-extras.cmake
-- Installing: /home/jack/ros2_ws/install/doosan_somacube_rl/share/doosan_somacube_rl/cmake/rosidl_cmake_export_typesupport_libraries-extras.cmake
-- Installing: /home/jack/ros2_ws/install/doosan_somacube_rl/share/doosan_somacube_rl/cmake/doosan_somacube_rlConfig.cmake
-- Installing: /home/jack/ros2_ws/install/doosan_somacube_rl/share/doosan_somacube_rl/cmake/doosan_somacube_rlConfig-version.cmake
-- Installing: /home/jack/ros2_ws/install/doosan_somacube_rl/share/doosan_somacube_rl/package.xml
