[0.007s] Invoking command in '/home/jack/ros2_ws/build/doosan_somacube_rl': CMAKE_PREFIX_PATH=/opt/ros/humble /usr/bin/cmake /home/jack/ros2_ws/src/doosan_somacube_rl -DCMAKE_INSTALL_PREFIX=/home/jack/ros2_ws/install/doosan_somacube_rl
[0.016s] -- Found ament_cmake: 1.3.11 (/opt/ros/humble/share/ament_cmake/cmake)
[0.102s] -- Found rclpy: 3.3.16 (/opt/ros/humble/share/rclpy/cmake)
[0.103s] -- Found std_msgs: 4.9.0 (/opt/ros/humble/share/std_msgs/cmake)
[0.119s] -- Found rosidl_generator_c: 3.1.6 (/opt/ros/humble/share/rosidl_generator_c/cmake)
[0.121s] -- Found rosidl_adapter: 3.1.6 (/opt/ros/humble/share/rosidl_adapter/cmake)
[0.124s] -- Found rosidl_generator_cpp: 3.1.6 (/opt/ros/humble/share/rosidl_generator_cpp/cmake)
[0.131s] -- Using all available rosidl_typesupport_c: rosidl_typesupport_fastrtps_c;rosidl_typesupport_introspection_c
[0.138s] -- Using all available rosidl_typesupport_cpp: rosidl_typesupport_fastrtps_cpp;rosidl_typesupport_introspection_cpp
[0.156s] -- Found geometry_msgs: 4.9.0 (/opt/ros/humble/share/geometry_msgs/cmake)
[0.165s] -- Found sensor_msgs: 4.9.0 (/opt/ros/humble/share/sensor_msgs/cmake)
[0.177s] -- Found rosidl_default_generators: 1.2.0 (/opt/ros/humble/share/rosidl_default_generators/cmake)
[0.400s] -- Found ament_cmake_ros: 0.10.0 (/opt/ros/humble/share/ament_cmake_ros/cmake)
[0.690s] -- Using all available rosidl_typesupport_c: rosidl_typesupport_fastrtps_c;rosidl_typesupport_introspection_c
[0.804s] -- Using all available rosidl_typesupport_cpp: rosidl_typesupport_fastrtps_cpp;rosidl_typesupport_introspection_cpp
[0.820s] -- Found python_cmake_module: 0.10.0 (/opt/ros/humble/share/python_cmake_module/cmake)
[0.836s] -- Using PYTHON_EXECUTABLE: /usr/bin/python3
[0.836s] -- Using PYTHON_INCLUDE_DIRS: /usr/include/python3.10
[0.836s] -- Using PYTHON_LIBRARIES: /usr/lib/x86_64-linux-gnu/libpython3.10.so
[0.861s] -- Found ament_lint_auto: 0.12.12 (/opt/ros/humble/share/ament_lint_auto/cmake)
[0.917s] -- Added test 'copyright' to check source files copyright and LICENSE
[0.919s] -- Added test 'flake8' to check Python code syntax and style conventions
[0.920s] -- Added test 'lint_cmake' to check CMake code style
[0.921s] -- Added test 'pep257' to check Python code against some of the docstring style conventions in PEP 257
[0.922s] -- Added test 'xmllint' to check XML markup files
[0.924s] -- Configuring done
[0.948s] -- Generating done
[0.956s] -- Build files have been written to: /home/jack/ros2_ws/build/doosan_somacube_rl
[0.961s] Invoked command in '/home/jack/ros2_ws/build/doosan_somacube_rl' returned '0': CMAKE_PREFIX_PATH=/opt/ros/humble /usr/bin/cmake /home/jack/ros2_ws/src/doosan_somacube_rl -DCMAKE_INSTALL_PREFIX=/home/jack/ros2_ws/install/doosan_somacube_rl
[0.962s] Invoking command in '/home/jack/ros2_ws/build/doosan_somacube_rl': CMAKE_PREFIX_PATH=/opt/ros/humble /usr/bin/cmake --build /home/jack/ros2_ws/build/doosan_somacube_rl -- -j8 -l8
[0.991s] [  2%] Generating C code for ROS interfaces
[0.998s] [  4%] Generating C++ code for ROS interfaces
[1.003s] [  4%] Built target ament_cmake_python_copy_doosan_somacube_rl
[1.255s] running egg_info
[1.255s] creating doosan_somacube_rl.egg-info
[1.256s] writing doosan_somacube_rl.egg-info/PKG-INFO
[1.256s] writing dependency_links to doosan_somacube_rl.egg-info/dependency_links.txt
[1.256s] writing top-level names to doosan_somacube_rl.egg-info/top_level.txt
[1.256s] writing manifest file 'doosan_somacube_rl.egg-info/SOURCES.txt'
[1.263s] reading manifest file 'doosan_somacube_rl.egg-info/SOURCES.txt'
[1.263s] writing manifest file 'doosan_somacube_rl.egg-info/SOURCES.txt'
[1.278s] [  4%] Built target doosan_somacube_rl__cpp
[1.289s] [  8%] Generating C++ introspection for ROS interfaces
[1.290s] [  8%] Generating C++ type support for eProsima Fast-RTPS
[1.290s] [ 10%] Generating C++ type support dispatch for ROS interfaces
[1.290s] [ 10%] Built target ament_cmake_python_build_doosan_somacube_rl_egg
[1.323s] [ 12%] Building C object CMakeFiles/doosan_somacube_rl__rosidl_generator_c.dir/rosidl_generator_c/doosan_somacube_rl/msg/detail/register_quality__functions.c.o
[1.325s] [ 17%] Building C object CMakeFiles/doosan_somacube_rl__rosidl_generator_c.dir/rosidl_generator_c/doosan_somacube_rl/msg/detail/policy_cmd__functions.c.o
[1.326s] [ 17%] Building C object CMakeFiles/doosan_somacube_rl__rosidl_generator_c.dir/rosidl_generator_c/doosan_somacube_rl/msg/detail/safety_event__functions.c.o
[1.391s] [ 19%] Linking C shared library libdoosan_somacube_rl__rosidl_generator_c.so
[1.423s] [ 19%] Built target doosan_somacube_rl__rosidl_generator_c
[1.432s] [ 21%] Generating C introspection for ROS interfaces
[1.433s] [ 25%] Generating C type support dispatch for ROS interfaces
[1.433s] [ 25%] Generating C type support for eProsima Fast-RTPS
[1.572s] [ 27%] Building CXX object CMakeFiles/doosan_somacube_rl__rosidl_typesupport_cpp.dir/rosidl_typesupport_cpp/doosan_somacube_rl/msg/policy_cmd__type_support.cpp.o
[1.572s] [ 29%] Building CXX object CMakeFiles/doosan_somacube_rl__rosidl_typesupport_cpp.dir/rosidl_typesupport_cpp/doosan_somacube_rl/msg/register_quality__type_support.cpp.o
[1.581s] [ 31%] Building CXX object CMakeFiles/doosan_somacube_rl__rosidl_typesupport_cpp.dir/rosidl_typesupport_cpp/doosan_somacube_rl/msg/safety_event__type_support.cpp.o
[1.593s] [ 34%] Building CXX object CMakeFiles/doosan_somacube_rl__rosidl_typesupport_fastrtps_cpp.dir/rosidl_typesupport_fastrtps_cpp/doosan_somacube_rl/msg/detail/dds_fastrtps/register_quality__type_support.cpp.o
[1.656s] [ 36%] Building CXX object CMakeFiles/doosan_somacube_rl__rosidl_typesupport_introspection_cpp.dir/rosidl_typesupport_introspection_cpp/doosan_somacube_rl/msg/detail/register_quality__type_support.cpp.o
[1.760s] [ 38%] Building C object CMakeFiles/doosan_somacube_rl__rosidl_typesupport_introspection_c.dir/rosidl_typesupport_introspection_c/doosan_somacube_rl/msg/detail/register_quality__type_support.c.o
[1.771s] [ 40%] Building CXX object CMakeFiles/doosan_somacube_rl__rosidl_typesupport_c.dir/rosidl_typesupport_c/doosan_somacube_rl/msg/register_quality__type_support.cpp.o
[1.804s] [ 42%] Building C object CMakeFiles/doosan_somacube_rl__rosidl_typesupport_introspection_c.dir/rosidl_typesupport_introspection_c/doosan_somacube_rl/msg/detail/policy_cmd__type_support.c.o
[1.806s] [ 44%] Building CXX object CMakeFiles/doosan_somacube_rl__rosidl_typesupport_c.dir/rosidl_typesupport_c/doosan_somacube_rl/msg/policy_cmd__type_support.cpp.o
[1.841s] [ 46%] Building CXX object CMakeFiles/doosan_somacube_rl__rosidl_typesupport_c.dir/rosidl_typesupport_c/doosan_somacube_rl/msg/safety_event__type_support.cpp.o
[1.844s] [ 48%] Building C object CMakeFiles/doosan_somacube_rl__rosidl_typesupport_introspection_c.dir/rosidl_typesupport_introspection_c/doosan_somacube_rl/msg/detail/safety_event__type_support.c.o
[1.876s] [ 51%] Linking CXX shared library libdoosan_somacube_rl__rosidl_typesupport_c.so
[1.878s] [ 53%] Building CXX object CMakeFiles/doosan_somacube_rl__rosidl_typesupport_fastrtps_c.dir/rosidl_typesupport_fastrtps_c/doosan_somacube_rl/msg/detail/register_quality__type_support_c.cpp.o
[1.887s] [ 55%] Linking C shared library libdoosan_somacube_rl__rosidl_typesupport_introspection_c.so
[1.922s] [ 55%] Built target doosan_somacube_rl__rosidl_typesupport_introspection_c
[1.922s] [ 55%] Built target doosan_somacube_rl__rosidl_typesupport_c
[1.930s] [ 57%] Building CXX object CMakeFiles/doosan_somacube_rl__rosidl_typesupport_fastrtps_c.dir/rosidl_typesupport_fastrtps_c/doosan_somacube_rl/msg/detail/policy_cmd__type_support_c.cpp.o
[1.932s] [ 59%] Building CXX object CMakeFiles/doosan_somacube_rl__rosidl_typesupport_fastrtps_c.dir/rosidl_typesupport_fastrtps_c/doosan_somacube_rl/msg/detail/safety_event__type_support_c.cpp.o
[1.939s] [ 61%] Building CXX object CMakeFiles/doosan_somacube_rl__rosidl_typesupport_introspection_cpp.dir/rosidl_typesupport_introspection_cpp/doosan_somacube_rl/msg/detail/policy_cmd__type_support.cpp.o
[1.948s] [ 63%] Building CXX object CMakeFiles/doosan_somacube_rl__rosidl_typesupport_fastrtps_cpp.dir/rosidl_typesupport_fastrtps_cpp/doosan_somacube_rl/msg/detail/dds_fastrtps/policy_cmd__type_support.cpp.o
[1.956s] [ 65%] Linking CXX shared library libdoosan_somacube_rl__rosidl_typesupport_cpp.so
[2.011s] [ 65%] Built target doosan_somacube_rl__rosidl_typesupport_cpp
[2.017s] [ 68%] Building CXX object CMakeFiles/doosan_somacube_rl__rosidl_typesupport_fastrtps_cpp.dir/rosidl_typesupport_fastrtps_cpp/doosan_somacube_rl/msg/detail/dds_fastrtps/safety_event__type_support.cpp.o
[2.099s] [ 70%] Building CXX object CMakeFiles/doosan_somacube_rl__rosidl_typesupport_introspection_cpp.dir/rosidl_typesupport_introspection_cpp/doosan_somacube_rl/msg/detail/safety_event__type_support.cpp.o
[2.332s] [ 72%] Linking CXX shared library libdoosan_somacube_rl__rosidl_typesupport_fastrtps_c.so
[2.393s] [ 72%] Built target doosan_somacube_rl__rosidl_typesupport_fastrtps_c
[2.396s] [ 74%] Linking CXX shared library libdoosan_somacube_rl__rosidl_typesupport_fastrtps_cpp.so
[2.450s] [ 76%] Linking CXX shared library libdoosan_somacube_rl__rosidl_typesupport_introspection_cpp.so
[2.451s] [ 76%] Built target doosan_somacube_rl__rosidl_typesupport_fastrtps_cpp
[2.512s] [ 76%] Built target doosan_somacube_rl__rosidl_typesupport_introspection_cpp
[2.526s] [ 76%] Built target doosan_somacube_rl
[2.543s] [ 78%] Generating Python code for ROS interfaces
[2.886s] [ 78%] Built target doosan_somacube_rl__py
[2.901s] [ 85%] Building C object CMakeFiles/doosan_somacube_rl__rosidl_generator_py.dir/rosidl_generator_py/doosan_somacube_rl/msg/_safety_event_s.c.o
[2.901s] [ 85%] Building C object CMakeFiles/doosan_somacube_rl__rosidl_generator_py.dir/rosidl_generator_py/doosan_somacube_rl/msg/_register_quality_s.c.o
[2.901s] [ 85%] Building C object CMakeFiles/doosan_somacube_rl__rosidl_generator_py.dir/rosidl_generator_py/doosan_somacube_rl/msg/_policy_cmd_s.c.o
[3.013s] [ 87%] Linking C shared library rosidl_generator_py/doosan_somacube_rl/libdoosan_somacube_rl__rosidl_generator_py.so
[3.047s] [ 87%] Built target doosan_somacube_rl__rosidl_generator_py
[3.062s] [ 93%] Building C object CMakeFiles/doosan_somacube_rl__rosidl_typesupport_fastrtps_c__pyext.dir/rosidl_generator_py/doosan_somacube_rl/_doosan_somacube_rl_s.ep.rosidl_typesupport_fastrtps_c.c.o
[3.063s] [ 93%] Building C object CMakeFiles/doosan_somacube_rl__rosidl_typesupport_c__pyext.dir/rosidl_generator_py/doosan_somacube_rl/_doosan_somacube_rl_s.ep.rosidl_typesupport_c.c.o
[3.063s] [ 93%] Building C object CMakeFiles/doosan_somacube_rl__rosidl_typesupport_introspection_c__pyext.dir/rosidl_generator_py/doosan_somacube_rl/_doosan_somacube_rl_s.ep.rosidl_typesupport_introspection_c.c.o
[3.137s] [100%] Linking C shared library rosidl_generator_py/doosan_somacube_rl/doosan_somacube_rl_s__rosidl_typesupport_introspection_c.cpython-310-x86_64-linux-gnu.so
[3.137s] [100%] Linking C shared library rosidl_generator_py/doosan_somacube_rl/doosan_somacube_rl_s__rosidl_typesupport_fastrtps_c.cpython-310-x86_64-linux-gnu.so
[3.137s] [100%] Linking C shared library rosidl_generator_py/doosan_somacube_rl/doosan_somacube_rl_s__rosidl_typesupport_c.cpython-310-x86_64-linux-gnu.so
[3.166s] [100%] Built target doosan_somacube_rl__rosidl_typesupport_fastrtps_c__pyext
[3.166s] [100%] Built target doosan_somacube_rl__rosidl_typesupport_introspection_c__pyext
[3.166s] [100%] Built target doosan_somacube_rl__rosidl_typesupport_c__pyext
[3.174s] Invoked command in '/home/jack/ros2_ws/build/doosan_somacube_rl' returned '0': CMAKE_PREFIX_PATH=/opt/ros/humble /usr/bin/cmake --build /home/jack/ros2_ws/build/doosan_somacube_rl -- -j8 -l8
[3.181s] Invoking command in '/home/jack/ros2_ws/build/doosan_somacube_rl': CMAKE_PREFIX_PATH=/opt/ros/humble /usr/bin/cmake --install /home/jack/ros2_ws/build/doosan_somacube_rl
[3.186s] -- Install configuration: ""
[3.186s] -- Installing: /home/jack/ros2_ws/install/doosan_somacube_rl/share/ament_index/resource_index/rosidl_interfaces/doosan_somacube_rl
[3.186s] -- Installing: /home/jack/ros2_ws/install/doosan_somacube_rl/include/doosan_somacube_rl/doosan_somacube_rl
[3.187s] -- Installing: /home/jack/ros2_ws/install/doosan_somacube_rl/include/doosan_somacube_rl/doosan_somacube_rl/msg
[3.187s] -- Installing: /home/jack/ros2_ws/install/doosan_somacube_rl/include/doosan_somacube_rl/doosan_somacube_rl/msg/detail
[3.187s] -- Installing: /home/jack/ros2_ws/install/doosan_somacube_rl/include/doosan_somacube_rl/doosan_somacube_rl/msg/detail/register_quality__functions.h
[3.187s] -- Installing: /home/jack/ros2_ws/install/doosan_somacube_rl/include/doosan_somacube_rl/doosan_somacube_rl/msg/detail/register_quality__functions.c
[3.187s] -- Installing: /home/jack/ros2_ws/install/doosan_somacube_rl/include/doosan_somacube_rl/doosan_somacube_rl/msg/detail/safety_event__functions.c
[3.187s] -- Installing: /home/jack/ros2_ws/install/doosan_somacube_rl/include/doosan_somacube_rl/doosan_somacube_rl/msg/detail/policy_cmd__struct.h
[3.187s] -- Installing: /home/jack/ros2_ws/install/doosan_somacube_rl/include/doosan_somacube_rl/doosan_somacube_rl/msg/detail/safety_event__type_support.h
[3.187s] -- Installing: /home/jack/ros2_ws/install/doosan_somacube_rl/include/doosan_somacube_rl/doosan_somacube_rl/msg/detail/safety_event__functions.h
[3.187s] -- Installing: /home/jack/ros2_ws/install/doosan_somacube_rl/include/doosan_somacube_rl/doosan_somacube_rl/msg/detail/register_quality__type_support.h
[3.187s] -- Installing: /home/jack/ros2_ws/install/doosan_somacube_rl/include/doosan_somacube_rl/doosan_somacube_rl/msg/detail/policy_cmd__functions.h
[3.188s] -- Installing: /home/jack/ros2_ws/install/doosan_somacube_rl/include/doosan_somacube_rl/doosan_somacube_rl/msg/detail/policy_cmd__type_support.h
[3.188s] -- Installing: /home/jack/ros2_ws/install/doosan_somacube_rl/include/doosan_somacube_rl/doosan_somacube_rl/msg/detail/safety_event__struct.h
[3.188s] -- Installing: /home/jack/ros2_ws/install/doosan_somacube_rl/include/doosan_somacube_rl/doosan_somacube_rl/msg/detail/policy_cmd__functions.c
[3.188s] -- Installing: /home/jack/ros2_ws/install/doosan_somacube_rl/include/doosan_somacube_rl/doosan_somacube_rl/msg/detail/register_quality__struct.h
[3.188s] -- Installing: /home/jack/ros2_ws/install/doosan_somacube_rl/include/doosan_somacube_rl/doosan_somacube_rl/msg/register_quality.h
[3.188s] -- Installing: /home/jack/ros2_ws/install/doosan_somacube_rl/include/doosan_somacube_rl/doosan_somacube_rl/msg/policy_cmd.h
[3.188s] -- Installing: /home/jack/ros2_ws/install/doosan_somacube_rl/include/doosan_somacube_rl/doosan_somacube_rl/msg/safety_event.h
[3.188s] -- Installing: /home/jack/ros2_ws/install/doosan_somacube_rl/include/doosan_somacube_rl/doosan_somacube_rl/msg/rosidl_generator_c__visibility_control.h
[3.188s] -- Installing: /home/jack/ros2_ws/install/doosan_somacube_rl/share/doosan_somacube_rl/environment/library_path.sh
[3.188s] -- Installing: /home/jack/ros2_ws/install/doosan_somacube_rl/share/doosan_somacube_rl/environment/library_path.dsv
[3.188s] -- Installing: /home/jack/ros2_ws/install/doosan_somacube_rl/lib/libdoosan_somacube_rl__rosidl_generator_c.so
[3.188s] -- Set runtime path of "/home/jack/ros2_ws/install/doosan_somacube_rl/lib/libdoosan_somacube_rl__rosidl_generator_c.so" to ""
[3.188s] -- Up-to-date: /home/jack/ros2_ws/install/doosan_somacube_rl/include/doosan_somacube_rl/doosan_somacube_rl
[3.188s] -- Up-to-date: /home/jack/ros2_ws/install/doosan_somacube_rl/include/doosan_somacube_rl/doosan_somacube_rl/msg
[3.189s] -- Up-to-date: /home/jack/ros2_ws/install/doosan_somacube_rl/include/doosan_somacube_rl/doosan_somacube_rl/msg/detail
[3.189s] -- Installing: /home/jack/ros2_ws/install/doosan_somacube_rl/include/doosan_somacube_rl/doosan_somacube_rl/msg/detail/safety_event__rosidl_typesupport_fastrtps_c.h
[3.189s] -- Installing: /home/jack/ros2_ws/install/doosan_somacube_rl/include/doosan_somacube_rl/doosan_somacube_rl/msg/detail/register_quality__rosidl_typesupport_fastrtps_c.h
[3.189s] -- Installing: /home/jack/ros2_ws/install/doosan_somacube_rl/include/doosan_somacube_rl/doosan_somacube_rl/msg/detail/policy_cmd__rosidl_typesupport_fastrtps_c.h
[3.189s] -- Installing: /home/jack/ros2_ws/install/doosan_somacube_rl/include/doosan_somacube_rl/doosan_somacube_rl/msg/rosidl_typesupport_fastrtps_c__visibility_control.h
[3.189s] -- Installing: /home/jack/ros2_ws/install/doosan_somacube_rl/lib/libdoosan_somacube_rl__rosidl_typesupport_fastrtps_c.so
[3.189s] -- Set runtime path of "/home/jack/ros2_ws/install/doosan_somacube_rl/lib/libdoosan_somacube_rl__rosidl_typesupport_fastrtps_c.so" to ""
[3.189s] -- Up-to-date: /home/jack/ros2_ws/install/doosan_somacube_rl/include/doosan_somacube_rl/doosan_somacube_rl
[3.189s] -- Up-to-date: /home/jack/ros2_ws/install/doosan_somacube_rl/include/doosan_somacube_rl/doosan_somacube_rl/msg
[3.189s] -- Up-to-date: /home/jack/ros2_ws/install/doosan_somacube_rl/include/doosan_somacube_rl/doosan_somacube_rl/msg/detail
[3.189s] -- Installing: /home/jack/ros2_ws/install/doosan_somacube_rl/include/doosan_somacube_rl/doosan_somacube_rl/msg/detail/register_quality__builder.hpp
[3.189s] -- Installing: /home/jack/ros2_ws/install/doosan_somacube_rl/include/doosan_somacube_rl/doosan_somacube_rl/msg/detail/policy_cmd__builder.hpp
[3.190s] -- Installing: /home/jack/ros2_ws/install/doosan_somacube_rl/include/doosan_somacube_rl/doosan_somacube_rl/msg/detail/policy_cmd__type_support.hpp
[3.190s] -- Installing: /home/jack/ros2_ws/install/doosan_somacube_rl/include/doosan_somacube_rl/doosan_somacube_rl/msg/detail/safety_event__traits.hpp
[3.190s] -- Installing: /home/jack/ros2_ws/install/doosan_somacube_rl/include/doosan_somacube_rl/doosan_somacube_rl/msg/detail/safety_event__struct.hpp
[3.190s] -- Installing: /home/jack/ros2_ws/install/doosan_somacube_rl/include/doosan_somacube_rl/doosan_somacube_rl/msg/detail/safety_event__type_support.hpp
[3.190s] -- Installing: /home/jack/ros2_ws/install/doosan_somacube_rl/include/doosan_somacube_rl/doosan_somacube_rl/msg/detail/register_quality__type_support.hpp
[3.190s] -- Installing: /home/jack/ros2_ws/install/doosan_somacube_rl/include/doosan_somacube_rl/doosan_somacube_rl/msg/detail/safety_event__builder.hpp
[3.190s] -- Installing: /home/jack/ros2_ws/install/doosan_somacube_rl/include/doosan_somacube_rl/doosan_somacube_rl/msg/detail/register_quality__struct.hpp
[3.190s] -- Installing: /home/jack/ros2_ws/install/doosan_somacube_rl/include/doosan_somacube_rl/doosan_somacube_rl/msg/detail/register_quality__traits.hpp
[3.190s] -- Installing: /home/jack/ros2_ws/install/doosan_somacube_rl/include/doosan_somacube_rl/doosan_somacube_rl/msg/detail/policy_cmd__struct.hpp
[3.190s] -- Installing: /home/jack/ros2_ws/install/doosan_somacube_rl/include/doosan_somacube_rl/doosan_somacube_rl/msg/detail/policy_cmd__traits.hpp
[3.190s] -- Installing: /home/jack/ros2_ws/install/doosan_somacube_rl/include/doosan_somacube_rl/doosan_somacube_rl/msg/register_quality.hpp
[3.190s] -- Installing: /home/jack/ros2_ws/install/doosan_somacube_rl/include/doosan_somacube_rl/doosan_somacube_rl/msg/policy_cmd.hpp
[3.190s] -- Installing: /home/jack/ros2_ws/install/doosan_somacube_rl/include/doosan_somacube_rl/doosan_somacube_rl/msg/rosidl_generator_cpp__visibility_control.hpp
[3.190s] -- Installing: /home/jack/ros2_ws/install/doosan_somacube_rl/include/doosan_somacube_rl/doosan_somacube_rl/msg/safety_event.hpp
[3.191s] -- Up-to-date: /home/jack/ros2_ws/install/doosan_somacube_rl/include/doosan_somacube_rl/doosan_somacube_rl
[3.191s] -- Up-to-date: /home/jack/ros2_ws/install/doosan_somacube_rl/include/doosan_somacube_rl/doosan_somacube_rl/msg
[3.191s] -- Up-to-date: /home/jack/ros2_ws/install/doosan_somacube_rl/include/doosan_somacube_rl/doosan_somacube_rl/msg/detail
[3.191s] -- Installing: /home/jack/ros2_ws/install/doosan_somacube_rl/include/doosan_somacube_rl/doosan_somacube_rl/msg/detail/dds_fastrtps
[3.191s] -- Installing: /home/jack/ros2_ws/install/doosan_somacube_rl/include/doosan_somacube_rl/doosan_somacube_rl/msg/detail/register_quality__rosidl_typesupport_fastrtps_cpp.hpp
[3.191s] -- Installing: /home/jack/ros2_ws/install/doosan_somacube_rl/include/doosan_somacube_rl/doosan_somacube_rl/msg/detail/policy_cmd__rosidl_typesupport_fastrtps_cpp.hpp
[3.191s] -- Installing: /home/jack/ros2_ws/install/doosan_somacube_rl/include/doosan_somacube_rl/doosan_somacube_rl/msg/detail/safety_event__rosidl_typesupport_fastrtps_cpp.hpp
[3.191s] -- Installing: /home/jack/ros2_ws/install/doosan_somacube_rl/include/doosan_somacube_rl/doosan_somacube_rl/msg/rosidl_typesupport_fastrtps_cpp__visibility_control.h
[3.191s] -- Installing: /home/jack/ros2_ws/install/doosan_somacube_rl/lib/libdoosan_somacube_rl__rosidl_typesupport_fastrtps_cpp.so
[3.191s] -- Set runtime path of "/home/jack/ros2_ws/install/doosan_somacube_rl/lib/libdoosan_somacube_rl__rosidl_typesupport_fastrtps_cpp.so" to ""
[3.191s] -- Up-to-date: /home/jack/ros2_ws/install/doosan_somacube_rl/include/doosan_somacube_rl/doosan_somacube_rl
[3.191s] -- Up-to-date: /home/jack/ros2_ws/install/doosan_somacube_rl/include/doosan_somacube_rl/doosan_somacube_rl/msg
[3.191s] -- Up-to-date: /home/jack/ros2_ws/install/doosan_somacube_rl/include/doosan_somacube_rl/doosan_somacube_rl/msg/detail
[3.191s] -- Installing: /home/jack/ros2_ws/install/doosan_somacube_rl/include/doosan_somacube_rl/doosan_somacube_rl/msg/detail/safety_event__rosidl_typesupport_introspection_c.h
[3.192s] -- Installing: /home/jack/ros2_ws/install/doosan_somacube_rl/include/doosan_somacube_rl/doosan_somacube_rl/msg/detail/register_quality__type_support.c
[3.192s] -- Installing: /home/jack/ros2_ws/install/doosan_somacube_rl/include/doosan_somacube_rl/doosan_somacube_rl/msg/detail/policy_cmd__rosidl_typesupport_introspection_c.h
[3.192s] -- Installing: /home/jack/ros2_ws/install/doosan_somacube_rl/include/doosan_somacube_rl/doosan_somacube_rl/msg/detail/safety_event__type_support.c
[3.192s] -- Installing: /home/jack/ros2_ws/install/doosan_somacube_rl/include/doosan_somacube_rl/doosan_somacube_rl/msg/detail/policy_cmd__type_support.c
[3.192s] -- Installing: /home/jack/ros2_ws/install/doosan_somacube_rl/include/doosan_somacube_rl/doosan_somacube_rl/msg/detail/register_quality__rosidl_typesupport_introspection_c.h
[3.192s] -- Installing: /home/jack/ros2_ws/install/doosan_somacube_rl/include/doosan_somacube_rl/doosan_somacube_rl/msg/rosidl_typesupport_introspection_c__visibility_control.h
[3.192s] -- Installing: /home/jack/ros2_ws/install/doosan_somacube_rl/lib/libdoosan_somacube_rl__rosidl_typesupport_introspection_c.so
[3.192s] -- Set runtime path of "/home/jack/ros2_ws/install/doosan_somacube_rl/lib/libdoosan_somacube_rl__rosidl_typesupport_introspection_c.so" to ""
[3.192s] -- Installing: /home/jack/ros2_ws/install/doosan_somacube_rl/lib/libdoosan_somacube_rl__rosidl_typesupport_c.so
[3.192s] -- Set runtime path of "/home/jack/ros2_ws/install/doosan_somacube_rl/lib/libdoosan_somacube_rl__rosidl_typesupport_c.so" to ""
[3.192s] -- Up-to-date: /home/jack/ros2_ws/install/doosan_somacube_rl/include/doosan_somacube_rl/doosan_somacube_rl
[3.193s] -- Up-to-date: /home/jack/ros2_ws/install/doosan_somacube_rl/include/doosan_somacube_rl/doosan_somacube_rl/msg
[3.193s] -- Up-to-date: /home/jack/ros2_ws/install/doosan_somacube_rl/include/doosan_somacube_rl/doosan_somacube_rl/msg/detail
[3.193s] -- Installing: /home/jack/ros2_ws/install/doosan_somacube_rl/include/doosan_somacube_rl/doosan_somacube_rl/msg/detail/policy_cmd__type_support.cpp
[3.193s] -- Installing: /home/jack/ros2_ws/install/doosan_somacube_rl/include/doosan_somacube_rl/doosan_somacube_rl/msg/detail/safety_event__type_support.cpp
[3.193s] -- Installing: /home/jack/ros2_ws/install/doosan_somacube_rl/include/doosan_somacube_rl/doosan_somacube_rl/msg/detail/safety_event__rosidl_typesupport_introspection_cpp.hpp
[3.193s] -- Installing: /home/jack/ros2_ws/install/doosan_somacube_rl/include/doosan_somacube_rl/doosan_somacube_rl/msg/detail/register_quality__rosidl_typesupport_introspection_cpp.hpp
[3.193s] -- Installing: /home/jack/ros2_ws/install/doosan_somacube_rl/include/doosan_somacube_rl/doosan_somacube_rl/msg/detail/policy_cmd__rosidl_typesupport_introspection_cpp.hpp
[3.193s] -- Installing: /home/jack/ros2_ws/install/doosan_somacube_rl/include/doosan_somacube_rl/doosan_somacube_rl/msg/detail/register_quality__type_support.cpp
[3.193s] -- Installing: /home/jack/ros2_ws/install/doosan_somacube_rl/lib/libdoosan_somacube_rl__rosidl_typesupport_introspection_cpp.so
[3.193s] -- Set runtime path of "/home/jack/ros2_ws/install/doosan_somacube_rl/lib/libdoosan_somacube_rl__rosidl_typesupport_introspection_cpp.so" to ""
[3.193s] -- Installing: /home/jack/ros2_ws/install/doosan_somacube_rl/lib/libdoosan_somacube_rl__rosidl_typesupport_cpp.so
[3.193s] -- Set runtime path of "/home/jack/ros2_ws/install/doosan_somacube_rl/lib/libdoosan_somacube_rl__rosidl_typesupport_cpp.so" to ""
[3.193s] -- Installing: /home/jack/ros2_ws/install/doosan_somacube_rl/share/doosan_somacube_rl/environment/pythonpath.sh
[3.193s] -- Installing: /home/jack/ros2_ws/install/doosan_somacube_rl/share/doosan_somacube_rl/environment/pythonpath.dsv
[3.193s] -- Installing: /home/jack/ros2_ws/install/doosan_somacube_rl/local/lib/python3.10/dist-packages/doosan_somacube_rl-1.0.0-py3.10.egg-info
[3.194s] -- Installing: /home/jack/ros2_ws/install/doosan_somacube_rl/local/lib/python3.10/dist-packages/doosan_somacube_rl-1.0.0-py3.10.egg-info/SOURCES.txt
[3.194s] -- Installing: /home/jack/ros2_ws/install/doosan_somacube_rl/local/lib/python3.10/dist-packages/doosan_somacube_rl-1.0.0-py3.10.egg-info/PKG-INFO
[3.194s] -- Installing: /home/jack/ros2_ws/install/doosan_somacube_rl/local/lib/python3.10/dist-packages/doosan_somacube_rl-1.0.0-py3.10.egg-info/dependency_links.txt
[3.194s] -- Installing: /home/jack/ros2_ws/install/doosan_somacube_rl/local/lib/python3.10/dist-packages/doosan_somacube_rl-1.0.0-py3.10.egg-info/top_level.txt
[3.194s] -- Installing: /home/jack/ros2_ws/install/doosan_somacube_rl/local/lib/python3.10/dist-packages/doosan_somacube_rl
[3.194s] -- Installing: /home/jack/ros2_ws/install/doosan_somacube_rl/local/lib/python3.10/dist-packages/doosan_somacube_rl/libdoosan_somacube_rl__rosidl_generator_py.so
[3.194s] -- Installing: /home/jack/ros2_ws/install/doosan_somacube_rl/local/lib/python3.10/dist-packages/doosan_somacube_rl/doosan_somacube_rl_s__rosidl_typesupport_introspection_c.cpython-310-x86_64-linux-gnu.so
[3.194s] -- Installing: /home/jack/ros2_ws/install/doosan_somacube_rl/local/lib/python3.10/dist-packages/doosan_somacube_rl/_doosan_somacube_rl_s.ep.rosidl_typesupport_c.c
[3.194s] -- Installing: /home/jack/ros2_ws/install/doosan_somacube_rl/local/lib/python3.10/dist-packages/doosan_somacube_rl/_doosan_somacube_rl_s.ep.rosidl_typesupport_fastrtps_c.c
[3.194s] -- Installing: /home/jack/ros2_ws/install/doosan_somacube_rl/local/lib/python3.10/dist-packages/doosan_somacube_rl/doosan_somacube_rl_s__rosidl_typesupport_c.cpython-310-x86_64-linux-gnu.so
[3.194s] -- Installing: /home/jack/ros2_ws/install/doosan_somacube_rl/local/lib/python3.10/dist-packages/doosan_somacube_rl/doosan_somacube_rl_s__rosidl_typesupport_fastrtps_c.cpython-310-x86_64-linux-gnu.so
[3.194s] -- Installing: /home/jack/ros2_ws/install/doosan_somacube_rl/local/lib/python3.10/dist-packages/doosan_somacube_rl/msg
[3.194s] -- Installing: /home/jack/ros2_ws/install/doosan_somacube_rl/local/lib/python3.10/dist-packages/doosan_somacube_rl/msg/_register_quality.py
[3.194s] -- Installing: /home/jack/ros2_ws/install/doosan_somacube_rl/local/lib/python3.10/dist-packages/doosan_somacube_rl/msg/_safety_event_s.c
[3.194s] -- Installing: /home/jack/ros2_ws/install/doosan_somacube_rl/local/lib/python3.10/dist-packages/doosan_somacube_rl/msg/_safety_event.py
[3.195s] -- Installing: /home/jack/ros2_ws/install/doosan_somacube_rl/local/lib/python3.10/dist-packages/doosan_somacube_rl/msg/_register_quality_s.c
[3.195s] -- Installing: /home/jack/ros2_ws/install/doosan_somacube_rl/local/lib/python3.10/dist-packages/doosan_somacube_rl/msg/__init__.py
[3.195s] -- Installing: /home/jack/ros2_ws/install/doosan_somacube_rl/local/lib/python3.10/dist-packages/doosan_somacube_rl/msg/_policy_cmd.py
[3.195s] -- Installing: /home/jack/ros2_ws/install/doosan_somacube_rl/local/lib/python3.10/dist-packages/doosan_somacube_rl/msg/_policy_cmd_s.c
[3.195s] -- Installing: /home/jack/ros2_ws/install/doosan_somacube_rl/local/lib/python3.10/dist-packages/doosan_somacube_rl/__init__.py
[3.195s] -- Installing: /home/jack/ros2_ws/install/doosan_somacube_rl/local/lib/python3.10/dist-packages/doosan_somacube_rl/_doosan_somacube_rl_s.ep.rosidl_typesupport_introspection_c.c
[3.220s] Listing '/home/jack/ros2_ws/install/doosan_somacube_rl/local/lib/python3.10/dist-packages/doosan_somacube_rl'...
[3.220s] Compiling '/home/jack/ros2_ws/install/doosan_somacube_rl/local/lib/python3.10/dist-packages/doosan_somacube_rl/__init__.py'...
[3.220s] Listing '/home/jack/ros2_ws/install/doosan_somacube_rl/local/lib/python3.10/dist-packages/doosan_somacube_rl/msg'...
[3.220s] Compiling '/home/jack/ros2_ws/install/doosan_somacube_rl/local/lib/python3.10/dist-packages/doosan_somacube_rl/msg/__init__.py'...
[3.220s] Compiling '/home/jack/ros2_ws/install/doosan_somacube_rl/local/lib/python3.10/dist-packages/doosan_somacube_rl/msg/_policy_cmd.py'...
[3.220s] Compiling '/home/jack/ros2_ws/install/doosan_somacube_rl/local/lib/python3.10/dist-packages/doosan_somacube_rl/msg/_register_quality.py'...
[3.220s] Compiling '/home/jack/ros2_ws/install/doosan_somacube_rl/local/lib/python3.10/dist-packages/doosan_somacube_rl/msg/_safety_event.py'...
[3.224s] -- Installing: /home/jack/ros2_ws/install/doosan_somacube_rl/local/lib/python3.10/dist-packages/doosan_somacube_rl/doosan_somacube_rl_s__rosidl_typesupport_fastrtps_c.cpython-310-x86_64-linux-gnu.so
[3.224s] -- Set runtime path of "/home/jack/ros2_ws/install/doosan_somacube_rl/local/lib/python3.10/dist-packages/doosan_somacube_rl/doosan_somacube_rl_s__rosidl_typesupport_fastrtps_c.cpython-310-x86_64-linux-gnu.so" to ""
[3.224s] -- Installing: /home/jack/ros2_ws/install/doosan_somacube_rl/local/lib/python3.10/dist-packages/doosan_somacube_rl/doosan_somacube_rl_s__rosidl_typesupport_introspection_c.cpython-310-x86_64-linux-gnu.so
[3.224s] -- Set runtime path of "/home/jack/ros2_ws/install/doosan_somacube_rl/local/lib/python3.10/dist-packages/doosan_somacube_rl/doosan_somacube_rl_s__rosidl_typesupport_introspection_c.cpython-310-x86_64-linux-gnu.so" to ""
[3.224s] -- Installing: /home/jack/ros2_ws/install/doosan_somacube_rl/local/lib/python3.10/dist-packages/doosan_somacube_rl/doosan_somacube_rl_s__rosidl_typesupport_c.cpython-310-x86_64-linux-gnu.so
[3.224s] -- Set runtime path of "/home/jack/ros2_ws/install/doosan_somacube_rl/local/lib/python3.10/dist-packages/doosan_somacube_rl/doosan_somacube_rl_s__rosidl_typesupport_c.cpython-310-x86_64-linux-gnu.so" to ""
[3.224s] -- Installing: /home/jack/ros2_ws/install/doosan_somacube_rl/lib/libdoosan_somacube_rl__rosidl_generator_py.so
[3.224s] -- Set runtime path of "/home/jack/ros2_ws/install/doosan_somacube_rl/lib/libdoosan_somacube_rl__rosidl_generator_py.so" to ""
[3.225s] -- Installing: /home/jack/ros2_ws/install/doosan_somacube_rl/share/doosan_somacube_rl/msg/RegisterQuality.idl
[3.225s] -- Installing: /home/jack/ros2_ws/install/doosan_somacube_rl/share/doosan_somacube_rl/msg/PolicyCmd.idl
[3.225s] -- Installing: /home/jack/ros2_ws/install/doosan_somacube_rl/share/doosan_somacube_rl/msg/SafetyEvent.idl
[3.225s] -- Installing: /home/jack/ros2_ws/install/doosan_somacube_rl/share/doosan_somacube_rl/msg/RegisterQuality.msg
[3.225s] -- Installing: /home/jack/ros2_ws/install/doosan_somacube_rl/share/doosan_somacube_rl/msg/PolicyCmd.msg
[3.225s] -- Installing: /home/jack/ros2_ws/install/doosan_somacube_rl/share/doosan_somacube_rl/msg/SafetyEvent.msg
[3.225s] -- Installing: /home/jack/ros2_ws/install/doosan_somacube_rl/lib/doosan_somacube_rl/pc_preprocess_node.py
[3.225s] -- Installing: /home/jack/ros2_ws/install/doosan_somacube_rl/lib/doosan_somacube_rl/pc_register_node.py
[3.225s] -- Installing: /home/jack/ros2_ws/install/doosan_somacube_rl/lib/doosan_somacube_rl/pose_tracker_node.py
[3.225s] -- Installing: /home/jack/ros2_ws/install/doosan_somacube_rl/lib/doosan_somacube_rl/imp_ctrl_node.py
[3.226s] -- Installing: /home/jack/ros2_ws/install/doosan_somacube_rl/lib/doosan_somacube_rl/safety_monitor_node.py
[3.226s] -- Installing: /home/jack/ros2_ws/install/doosan_somacube_rl/lib/doosan_somacube_rl/sequencer_node.py
[3.226s] -- Installing: /home/jack/ros2_ws/install/doosan_somacube_rl/lib/doosan_somacube_rl/layer1_manager_node.py
[3.226s] -- Installing: /home/jack/ros2_ws/install/doosan_somacube_rl/lib/doosan_somacube_rl/logger_node.py
[3.226s] -- Installing: /home/jack/ros2_ws/install/doosan_somacube_rl/lib/doosan_somacube_rl/policy_sac_low_node.py
[3.226s] -- Installing: /home/jack/ros2_ws/install/doosan_somacube_rl/share/doosan_somacube_rl/launch
[3.226s] -- Installing: /home/jack/ros2_ws/install/doosan_somacube_rl/share/doosan_somacube_rl/launch/bringup_real.launch.py
[3.226s] -- Installing: /home/jack/ros2_ws/install/doosan_somacube_rl/share/doosan_somacube_rl/config
[3.226s] -- Installing: /home/jack/ros2_ws/install/doosan_somacube_rl/share/doosan_somacube_rl/config/grid.yaml
[3.226s] -- Installing: /home/jack/ros2_ws/install/doosan_somacube_rl/share/doosan_somacube_rl/config/layer1_layout.yaml
[3.226s] -- Installing: /home/jack/ros2_ws/install/doosan_somacube_rl/share/doosan_somacube_rl/config/rl_somacube_params.yaml
[3.227s] -- Installing: /home/jack/ros2_ws/install/doosan_somacube_rl/share/doosan_somacube_rl/config/topics_interfaces.yaml
[3.227s] -- Installing: /home/jack/ros2_ws/install/doosan_somacube_rl/share/doosan_somacube_rl/scripts
[3.227s] -- Installing: /home/jack/ros2_ws/install/doosan_somacube_rl/share/doosan_somacube_rl/scripts/verify_topics.py
[3.227s] -- Installing: /home/jack/ros2_ws/install/doosan_somacube_rl/share/doosan_somacube_rl/scripts/bag_record.sh
[3.227s] -- Installing: /home/jack/ros2_ws/install/doosan_somacube_rl/share/doosan_somacube_rl/test
[3.227s] -- Installing: /home/jack/ros2_ws/install/doosan_somacube_rl/share/doosan_somacube_rl/test/test_gating_math.py
[3.227s] -- Installing: /home/jack/ros2_ws/install/doosan_somacube_rl/share/ament_index/resource_index/package_run_dependencies/doosan_somacube_rl
[3.228s] -- Installing: /home/jack/ros2_ws/install/doosan_somacube_rl/share/ament_index/resource_index/parent_prefix_path/doosan_somacube_rl
[3.228s] -- Installing: /home/jack/ros2_ws/install/doosan_somacube_rl/share/doosan_somacube_rl/environment/ament_prefix_path.sh
[3.228s] -- Installing: /home/jack/ros2_ws/install/doosan_somacube_rl/share/doosan_somacube_rl/environment/ament_prefix_path.dsv
[3.228s] -- Installing: /home/jack/ros2_ws/install/doosan_somacube_rl/share/doosan_somacube_rl/environment/path.sh
[3.228s] -- Installing: /home/jack/ros2_ws/install/doosan_somacube_rl/share/doosan_somacube_rl/environment/path.dsv
[3.228s] -- Installing: /home/jack/ros2_ws/install/doosan_somacube_rl/share/doosan_somacube_rl/local_setup.bash
[3.228s] -- Installing: /home/jack/ros2_ws/install/doosan_somacube_rl/share/doosan_somacube_rl/local_setup.sh
[3.228s] -- Installing: /home/jack/ros2_ws/install/doosan_somacube_rl/share/doosan_somacube_rl/local_setup.zsh
[3.228s] -- Installing: /home/jack/ros2_ws/install/doosan_somacube_rl/share/doosan_somacube_rl/local_setup.dsv
[3.228s] -- Installing: /home/jack/ros2_ws/install/doosan_somacube_rl/share/doosan_somacube_rl/package.dsv
[3.228s] -- Installing: /home/jack/ros2_ws/install/doosan_somacube_rl/share/ament_index/resource_index/packages/doosan_somacube_rl
[3.229s] -- Installing: /home/jack/ros2_ws/install/doosan_somacube_rl/share/doosan_somacube_rl/cmake/export_doosan_somacube_rl__rosidl_generator_cExport.cmake
[3.229s] -- Installing: /home/jack/ros2_ws/install/doosan_somacube_rl/share/doosan_somacube_rl/cmake/export_doosan_somacube_rl__rosidl_generator_cExport-noconfig.cmake
[3.229s] -- Installing: /home/jack/ros2_ws/install/doosan_somacube_rl/share/doosan_somacube_rl/cmake/export_doosan_somacube_rl__rosidl_typesupport_fastrtps_cExport.cmake
[3.229s] -- Installing: /home/jack/ros2_ws/install/doosan_somacube_rl/share/doosan_somacube_rl/cmake/export_doosan_somacube_rl__rosidl_typesupport_fastrtps_cExport-noconfig.cmake
[3.229s] -- Installing: /home/jack/ros2_ws/install/doosan_somacube_rl/share/doosan_somacube_rl/cmake/export_doosan_somacube_rl__rosidl_generator_cppExport.cmake
[3.229s] -- Installing: /home/jack/ros2_ws/install/doosan_somacube_rl/share/doosan_somacube_rl/cmake/export_doosan_somacube_rl__rosidl_typesupport_fastrtps_cppExport.cmake
[3.229s] -- Installing: /home/jack/ros2_ws/install/doosan_somacube_rl/share/doosan_somacube_rl/cmake/export_doosan_somacube_rl__rosidl_typesupport_fastrtps_cppExport-noconfig.cmake
[3.229s] -- Installing: /home/jack/ros2_ws/install/doosan_somacube_rl/share/doosan_somacube_rl/cmake/doosan_somacube_rl__rosidl_typesupport_introspection_cExport.cmake
[3.229s] -- Installing: /home/jack/ros2_ws/install/doosan_somacube_rl/share/doosan_somacube_rl/cmake/doosan_somacube_rl__rosidl_typesupport_introspection_cExport-noconfig.cmake
[3.229s] -- Installing: /home/jack/ros2_ws/install/doosan_somacube_rl/share/doosan_somacube_rl/cmake/doosan_somacube_rl__rosidl_typesupport_cExport.cmake
[3.229s] -- Installing: /home/jack/ros2_ws/install/doosan_somacube_rl/share/doosan_somacube_rl/cmake/doosan_somacube_rl__rosidl_typesupport_cExport-noconfig.cmake
[3.229s] -- Installing: /home/jack/ros2_ws/install/doosan_somacube_rl/share/doosan_somacube_rl/cmake/doosan_somacube_rl__rosidl_typesupport_introspection_cppExport.cmake
[3.229s] -- Installing: /home/jack/ros2_ws/install/doosan_somacube_rl/share/doosan_somacube_rl/cmake/doosan_somacube_rl__rosidl_typesupport_introspection_cppExport-noconfig.cmake
[3.230s] -- Installing: /home/jack/ros2_ws/install/doosan_somacube_rl/share/doosan_somacube_rl/cmake/doosan_somacube_rl__rosidl_typesupport_cppExport.cmake
[3.230s] -- Installing: /home/jack/ros2_ws/install/doosan_somacube_rl/share/doosan_somacube_rl/cmake/doosan_somacube_rl__rosidl_typesupport_cppExport-noconfig.cmake
[3.230s] -- Installing: /home/jack/ros2_ws/install/doosan_somacube_rl/share/doosan_somacube_rl/cmake/export_doosan_somacube_rl__rosidl_generator_pyExport.cmake
[3.230s] -- Installing: /home/jack/ros2_ws/install/doosan_somacube_rl/share/doosan_somacube_rl/cmake/export_doosan_somacube_rl__rosidl_generator_pyExport-noconfig.cmake
[3.230s] -- Installing: /home/jack/ros2_ws/install/doosan_somacube_rl/share/doosan_somacube_rl/cmake/rosidl_cmake-extras.cmake
[3.230s] -- Installing: /home/jack/ros2_ws/install/doosan_somacube_rl/share/doosan_somacube_rl/cmake/ament_cmake_export_dependencies-extras.cmake
[3.230s] -- Installing: /home/jack/ros2_ws/install/doosan_somacube_rl/share/doosan_somacube_rl/cmake/ament_cmake_export_include_directories-extras.cmake
[3.230s] -- Installing: /home/jack/ros2_ws/install/doosan_somacube_rl/share/doosan_somacube_rl/cmake/ament_cmake_export_libraries-extras.cmake
[3.230s] -- Installing: /home/jack/ros2_ws/install/doosan_somacube_rl/share/doosan_somacube_rl/cmake/ament_cmake_export_targets-extras.cmake
[3.230s] -- Installing: /home/jack/ros2_ws/install/doosan_somacube_rl/share/doosan_somacube_rl/cmake/rosidl_cmake_export_typesupport_targets-extras.cmake
[3.230s] -- Installing: /home/jack/ros2_ws/install/doosan_somacube_rl/share/doosan_somacube_rl/cmake/rosidl_cmake_export_typesupport_libraries-extras.cmake
[3.230s] -- Installing: /home/jack/ros2_ws/install/doosan_somacube_rl/share/doosan_somacube_rl/cmake/doosan_somacube_rlConfig.cmake
[3.230s] -- Installing: /home/jack/ros2_ws/install/doosan_somacube_rl/share/doosan_somacube_rl/cmake/doosan_somacube_rlConfig-version.cmake
[3.230s] -- Installing: /home/jack/ros2_ws/install/doosan_somacube_rl/share/doosan_somacube_rl/package.xml
[3.232s] Invoked command in '/home/jack/ros2_ws/build/doosan_somacube_rl' returned '0': CMAKE_PREFIX_PATH=/opt/ros/humble /usr/bin/cmake --install /home/jack/ros2_ws/build/doosan_somacube_rl
