[0.544s] Invoking command in '/home/jack/ros2_ws/src/DoosanBootcamp3rd/somacube': PYTHONPATH=/home/jack/ros2_ws/build/somacube/prefix_override:/home/jack/.local/lib/python3.10/site-packages/colcon_core/task/python/colcon_distutils_commands:/home/jack/ros2_ws/install/somacube/lib/python3.10/site-packages:${PYTHONPATH} /usr/bin/python3 -W ignore:setup.py install is deprecated -W ignore:easy_install command is deprecated setup.py egg_info --egg-base ../../../build/somacube build --build-base /home/jack/ros2_ws/build/somacube/build install --record /home/jack/ros2_ws/build/somacube/install.log --single-version-externally-managed install_data
[0.745s] running egg_info
[0.746s] writing ../../../build/somacube/somacube.egg-info/PKG-INFO
[0.746s] writing dependency_links to ../../../build/somacube/somacube.egg-info/dependency_links.txt
[0.746s] writing entry points to ../../../build/somacube/somacube.egg-info/entry_points.txt
[0.746s] writing requirements to ../../../build/somacube/somacube.egg-info/requires.txt
[0.746s] writing top-level names to ../../../build/somacube/somacube.egg-info/top_level.txt
[0.747s] reading manifest file '../../../build/somacube/somacube.egg-info/SOURCES.txt'
[0.748s] writing manifest file '../../../build/somacube/somacube.egg-info/SOURCES.txt'
[0.748s] running build
[0.748s] running build_py
[0.748s] copying somacube/RL_with_robot2.py -> /home/jack/ros2_ws/build/somacube/build/lib/somacube
[0.748s] running install
[0.749s] running install_lib
[0.749s] copying /home/jack/ros2_ws/build/somacube/build/lib/somacube/RL_with_robot2.py -> /home/jack/ros2_ws/install/somacube/lib/python3.10/site-packages/somacube
[0.750s] byte-compiling /home/jack/ros2_ws/install/somacube/lib/python3.10/site-packages/somacube/RL_with_robot2.py to RL_with_robot2.cpython-310.pyc
[0.750s]   File "/home/jack/ros2_ws/install/somacube/lib/python3.10/site-packages/somacube/RL_with_robot2.py", line 82
[0.750s]     from DSR_ROBOT2 import movej, movel, get_current_posx, mwait,
[0.750s]                                                                  ^
[0.751s] SyntaxError: trailing comma not allowed without surrounding parentheses
[0.751s] 
[0.751s] running install_data
[0.751s] running install_egg_info
[0.752s] removing '/home/jack/ros2_ws/install/somacube/lib/python3.10/site-packages/somacube-0.0.0-py3.10.egg-info' (and everything under it)
[0.752s] Copying ../../../build/somacube/somacube.egg-info to /home/jack/ros2_ws/install/somacube/lib/python3.10/site-packages/somacube-0.0.0-py3.10.egg-info
[0.753s] running install_scripts
[0.767s] Installing RL_with_robot2 script to /home/jack/ros2_ws/install/somacube/lib/somacube
[0.767s] Installing detection script to /home/jack/ros2_ws/install/somacube/lib/somacube
[0.767s] Installing robot_move script to /home/jack/ros2_ws/install/somacube/lib/somacube
[0.767s] writing list of installed files to '/home/jack/ros2_ws/build/somacube/install.log'
[0.787s] Invoked command in '/home/jack/ros2_ws/src/DoosanBootcamp3rd/somacube' returned '0': PYTHONPATH=/home/jack/ros2_ws/build/somacube/prefix_override:/home/jack/.local/lib/python3.10/site-packages/colcon_core/task/python/colcon_distutils_commands:/home/jack/ros2_ws/install/somacube/lib/python3.10/site-packages:${PYTHONPATH} /usr/bin/python3 -W ignore:setup.py install is deprecated -W ignore:easy_install command is deprecated setup.py egg_info --egg-base ../../../build/somacube build --build-base /home/jack/ros2_ws/build/somacube/build install --record /home/jack/ros2_ws/build/somacube/install.log --single-version-externally-managed install_data
