[61.405s] Invoking command in '/home/jack/ros2_ws/src/DoosanBootcamp3rd/dsr_bringup2': AMENT_PREFIX_PATH=/home/jack/ros2_ws/install/dsr_msgs2:${AMENT_PREFIX_PATH} CMAKE_PREFIX_PATH=/home/jack/ros2_ws/install/dsr_msgs2 LD_LIBRARY_PATH=/home/jack/ros2_ws/install/dsr_msgs2/lib:${LD_LIBRARY_PATH} PYTHONPATH=/home/jack/ros2_ws/build/dsr_bringup2/prefix_override:/home/jack/.local/lib/python3.10/site-packages/colcon_core/task/python/colcon_distutils_commands:/home/jack/ros2_ws/install/dsr_bringup2/lib/python3.10/site-packages:/home/jack/ros2_ws/install/dsr_msgs2/local/lib/python3.10/dist-packages:${PYTHONPATH} /usr/bin/python3 -W ignore:setup.py install is deprecated -W ignore:easy_install command is deprecated setup.py egg_info --egg-base ../../../build/dsr_bringup2 build --build-base /home/jack/ros2_ws/build/dsr_bringup2/build install --record /home/jack/ros2_ws/build/dsr_bringup2/install.log --single-version-externally-managed install_data
[61.779s] running egg_info
[61.780s] writing ../../../build/dsr_bringup2/dsr_bringup2.egg-info/PKG-INFO
[61.780s] writing dependency_links to ../../../build/dsr_bringup2/dsr_bringup2.egg-info/dependency_links.txt
[61.781s] writing entry points to ../../../build/dsr_bringup2/dsr_bringup2.egg-info/entry_points.txt
[61.781s] writing requirements to ../../../build/dsr_bringup2/dsr_bringup2.egg-info/requires.txt
[61.781s] writing top-level names to ../../../build/dsr_bringup2/dsr_bringup2.egg-info/top_level.txt
[61.783s] reading manifest file '../../../build/dsr_bringup2/dsr_bringup2.egg-info/SOURCES.txt'
[61.784s] writing manifest file '../../../build/dsr_bringup2/dsr_bringup2.egg-info/SOURCES.txt'
[61.784s] running build
[61.784s] running build_py
[61.785s] running install
[61.786s] running install_lib
[61.787s] running install_data
[61.788s] running install_egg_info
[61.790s] removing '/home/jack/ros2_ws/install/dsr_bringup2/lib/python3.10/site-packages/dsr_bringup2-0.1.2-py3.10.egg-info' (and everything under it)
[61.791s] Copying ../../../build/dsr_bringup2/dsr_bringup2.egg-info to /home/jack/ros2_ws/install/dsr_bringup2/lib/python3.10/site-packages/dsr_bringup2-0.1.2-py3.10.egg-info
[61.792s] running install_scripts
[61.810s] Installing gazebo_connection script to /home/jack/ros2_ws/install/dsr_bringup2/lib/dsr_bringup2
[61.810s] Installing moveit_connection script to /home/jack/ros2_ws/install/dsr_bringup2/lib/dsr_bringup2
[61.810s] Installing run_emulator script to /home/jack/ros2_ws/install/dsr_bringup2/lib/dsr_bringup2
[61.810s] Installing set_config script to /home/jack/ros2_ws/install/dsr_bringup2/lib/dsr_bringup2
[61.811s] writing list of installed files to '/home/jack/ros2_ws/build/dsr_bringup2/install.log'
[61.837s] Invoked command in '/home/jack/ros2_ws/src/DoosanBootcamp3rd/dsr_bringup2' returned '0': AMENT_PREFIX_PATH=/home/jack/ros2_ws/install/dsr_msgs2:${AMENT_PREFIX_PATH} CMAKE_PREFIX_PATH=/home/jack/ros2_ws/install/dsr_msgs2 LD_LIBRARY_PATH=/home/jack/ros2_ws/install/dsr_msgs2/lib:${LD_LIBRARY_PATH} PYTHONPATH=/home/jack/ros2_ws/build/dsr_bringup2/prefix_override:/home/jack/.local/lib/python3.10/site-packages/colcon_core/task/python/colcon_distutils_commands:/home/jack/ros2_ws/install/dsr_bringup2/lib/python3.10/site-packages:/home/jack/ros2_ws/install/dsr_msgs2/local/lib/python3.10/dist-packages:${PYTHONPATH} /usr/bin/python3 -W ignore:setup.py install is deprecated -W ignore:easy_install command is deprecated setup.py egg_info --egg-base ../../../build/dsr_bringup2 build --build-base /home/jack/ros2_ws/build/dsr_bringup2/build install --record /home/jack/ros2_ws/build/dsr_bringup2/install.log --single-version-externally-managed install_data
