[0.860s] Invoking command in '/home/jack/ros2_ws/src/DoosanBootcamp3rd/somacube': PYTHONPATH=/home/jack/ros2_ws/build/somacube/prefix_override:/home/jack/.local/lib/python3.10/site-packages/colcon_core/task/python/colcon_distutils_commands:/home/jack/ros2_ws/install/somacube/lib/python3.10/site-packages:${PYTHONPATH} /usr/bin/python3 -W ignore:setup.py install is deprecated -W ignore:easy_install command is deprecated setup.py egg_info --egg-base ../../../build/somacube build --build-base /home/jack/ros2_ws/build/somacube/build install --record /home/jack/ros2_ws/build/somacube/install.log --single-version-externally-managed install_data
[1.142s] running egg_info
[1.143s] writing ../../../build/somacube/somacube.egg-info/PKG-INFO
[1.150s] writing dependency_links to ../../../build/somacube/somacube.egg-info/dependency_links.txt
[1.150s] writing entry points to ../../../build/somacube/somacube.egg-info/entry_points.txt
[1.150s] writing requirements to ../../../build/somacube/somacube.egg-info/requires.txt
[1.150s] writing top-level names to ../../../build/somacube/somacube.egg-info/top_level.txt
[1.153s] reading manifest file '../../../build/somacube/somacube.egg-info/SOURCES.txt'
[1.154s] writing manifest file '../../../build/somacube/somacube.egg-info/SOURCES.txt'
[1.154s] running build
[1.154s] running build_py
[1.155s] copying somacube/RL_with_robot2.py -> /home/jack/ros2_ws/build/somacube/build/lib/somacube
[1.156s] running install
[1.156s] running install_lib
[1.157s] copying /home/jack/ros2_ws/build/somacube/build/lib/somacube/RL_with_robot2.py -> /home/jack/ros2_ws/install/somacube/lib/python3.10/site-packages/somacube
[1.159s] byte-compiling /home/jack/ros2_ws/install/somacube/lib/python3.10/site-packages/somacube/RL_with_robot2.py to RL_with_robot2.cpython-310.pyc
[1.166s]   File "/home/jack/ros2_ws/install/somacube/lib/python3.10/site-packages/somacube/RL_with_robot2.py", line 457
[1.166s]     print("=">*60)
[1.166s]               ^
[1.166s] SyntaxError: invalid syntax
[1.166s] 
[1.166s] running install_data
[1.167s] running install_egg_info
[1.169s] removing '/home/jack/ros2_ws/install/somacube/lib/python3.10/site-packages/somacube-0.0.0-py3.10.egg-info' (and everything under it)
[1.169s] Copying ../../../build/somacube/somacube.egg-info to /home/jack/ros2_ws/install/somacube/lib/python3.10/site-packages/somacube-0.0.0-py3.10.egg-info
[1.170s] running install_scripts
[1.203s] Installing RL_with_robot2 script to /home/jack/ros2_ws/install/somacube/lib/somacube
[1.203s] Installing detection script to /home/jack/ros2_ws/install/somacube/lib/somacube
[1.203s] Installing robot_move script to /home/jack/ros2_ws/install/somacube/lib/somacube
[1.204s] writing list of installed files to '/home/jack/ros2_ws/build/somacube/install.log'
[1.235s] Invoked command in '/home/jack/ros2_ws/src/DoosanBootcamp3rd/somacube' returned '0': PYTHONPATH=/home/jack/ros2_ws/build/somacube/prefix_override:/home/jack/.local/lib/python3.10/site-packages/colcon_core/task/python/colcon_distutils_commands:/home/jack/ros2_ws/install/somacube/lib/python3.10/site-packages:${PYTHONPATH} /usr/bin/python3 -W ignore:setup.py install is deprecated -W ignore:easy_install command is deprecated setup.py egg_info --egg-base ../../../build/somacube build --build-base /home/jack/ros2_ws/build/somacube/build install --record /home/jack/ros2_ws/build/somacube/install.log --single-version-externally-managed install_data
