[0.019s] Invoking command in '/home/jack/ros2_ws/build/dsr_moveit_config_a0912': CMAKE_PREFIX_PATH=/opt/ros/humble /usr/bin/cmake /home/jack/ros2_ws/src/DoosanBootcamp3rd/dsr_moveit2/dsr_moveit_config_a0912 -DCMAKE_INSTALL_PREFIX=/home/jack/ros2_ws/install/dsr_moveit_config_a0912
[0.232s] -- The C compiler identification is GNU 11.4.0
[0.391s] -- The CXX compiler identification is GNU 11.4.0
[0.410s] -- Detecting C compiler ABI info
[0.499s] -- Detecting C compiler ABI info - done
[0.508s] -- Check for working C compiler: /usr/bin/cc - skipped
[0.509s] -- Detecting C compile features
[0.511s] -- Detecting C compile features - done
[0.519s] -- Detecting CXX compiler ABI info
[0.625s] -- Detecting CXX compiler ABI info - done
[0.637s] -- Check for working CXX compiler: /usr/bin/c++ - skipped
[0.637s] -- Detecting CXX compile features
[0.637s] -- Detecting CXX compile features - done
[0.645s] -- Found ament_cmake: 1.3.11 (/opt/ros/humble/share/ament_cmake/cmake)
[0.925s] -- Found Python3: /usr/bin/python3 (found version "3.10.12") found components: Interpreter 
[1.134s] -- Configuring done
[1.137s] -- Generating done
[1.149s] -- Build files have been written to: /home/jack/ros2_ws/build/dsr_moveit_config_a0912
[1.151s] Invoked command in '/home/jack/ros2_ws/build/dsr_moveit_config_a0912' returned '0': CMAKE_PREFIX_PATH=/opt/ros/humble /usr/bin/cmake /home/jack/ros2_ws/src/DoosanBootcamp3rd/dsr_moveit2/dsr_moveit_config_a0912 -DCMAKE_INSTALL_PREFIX=/home/jack/ros2_ws/install/dsr_moveit_config_a0912
[1.154s] Invoking command in '/home/jack/ros2_ws/build/dsr_moveit_config_a0912': CMAKE_PREFIX_PATH=/opt/ros/humble /usr/bin/cmake --build /home/jack/ros2_ws/build/dsr_moveit_config_a0912 -- -j8 -l8
[1.215s] Invoked command in '/home/jack/ros2_ws/build/dsr_moveit_config_a0912' returned '0': CMAKE_PREFIX_PATH=/opt/ros/humble /usr/bin/cmake --build /home/jack/ros2_ws/build/dsr_moveit_config_a0912 -- -j8 -l8
[1.219s] Invoking command in '/home/jack/ros2_ws/build/dsr_moveit_config_a0912': CMAKE_PREFIX_PATH=/opt/ros/humble /usr/bin/cmake --install /home/jack/ros2_ws/build/dsr_moveit_config_a0912
[1.246s] -- Install configuration: ""
[1.246s] -- Installing: /home/jack/ros2_ws/install/dsr_moveit_config_a0912/share/ament_index/resource_index/package_run_dependencies/dsr_moveit_config_a0912
[1.246s] -- Installing: /home/jack/ros2_ws/install/dsr_moveit_config_a0912/share/ament_index/resource_index/parent_prefix_path/dsr_moveit_config_a0912
[1.246s] -- Installing: /home/jack/ros2_ws/install/dsr_moveit_config_a0912/share/dsr_moveit_config_a0912/environment/ament_prefix_path.sh
[1.246s] -- Installing: /home/jack/ros2_ws/install/dsr_moveit_config_a0912/share/dsr_moveit_config_a0912/environment/ament_prefix_path.dsv
[1.246s] -- Installing: /home/jack/ros2_ws/install/dsr_moveit_config_a0912/share/dsr_moveit_config_a0912/environment/path.sh
[1.246s] -- Installing: /home/jack/ros2_ws/install/dsr_moveit_config_a0912/share/dsr_moveit_config_a0912/environment/path.dsv
[1.246s] -- Installing: /home/jack/ros2_ws/install/dsr_moveit_config_a0912/share/dsr_moveit_config_a0912/local_setup.bash
[1.246s] -- Installing: /home/jack/ros2_ws/install/dsr_moveit_config_a0912/share/dsr_moveit_config_a0912/local_setup.sh
[1.247s] -- Installing: /home/jack/ros2_ws/install/dsr_moveit_config_a0912/share/dsr_moveit_config_a0912/local_setup.zsh
[1.247s] -- Installing: /home/jack/ros2_ws/install/dsr_moveit_config_a0912/share/dsr_moveit_config_a0912/local_setup.dsv
[1.247s] -- Installing: /home/jack/ros2_ws/install/dsr_moveit_config_a0912/share/dsr_moveit_config_a0912/package.dsv
[1.247s] -- Installing: /home/jack/ros2_ws/install/dsr_moveit_config_a0912/share/ament_index/resource_index/packages/dsr_moveit_config_a0912
[1.247s] -- Installing: /home/jack/ros2_ws/install/dsr_moveit_config_a0912/share/dsr_moveit_config_a0912/cmake/dsr_moveit_config_a0912Config.cmake
[1.247s] -- Installing: /home/jack/ros2_ws/install/dsr_moveit_config_a0912/share/dsr_moveit_config_a0912/cmake/dsr_moveit_config_a0912Config-version.cmake
[1.247s] -- Installing: /home/jack/ros2_ws/install/dsr_moveit_config_a0912/share/dsr_moveit_config_a0912/package.xml
[1.247s] -- Installing: /home/jack/ros2_ws/install/dsr_moveit_config_a0912/share/dsr_moveit_config_a0912/launch
[1.247s] -- Installing: /home/jack/ros2_ws/install/dsr_moveit_config_a0912/share/dsr_moveit_config_a0912/launch/demo.launch.py
[1.247s] -- Installing: /home/jack/ros2_ws/install/dsr_moveit_config_a0912/share/dsr_moveit_config_a0912/launch/start.launch.py
[1.247s] -- Installing: /home/jack/ros2_ws/install/dsr_moveit_config_a0912/share/dsr_moveit_config_a0912/launch/moveit.rviz
[1.247s] -- Installing: /home/jack/ros2_ws/install/dsr_moveit_config_a0912/share/dsr_moveit_config_a0912/config
[1.247s] -- Installing: /home/jack/ros2_ws/install/dsr_moveit_config_a0912/share/dsr_moveit_config_a0912/config/a0912.urdf.xacro
[1.247s] -- Installing: /home/jack/ros2_ws/install/dsr_moveit_config_a0912/share/dsr_moveit_config_a0912/config/pilz_cartesian_limits.yaml
[1.247s] -- Installing: /home/jack/ros2_ws/install/dsr_moveit_config_a0912/share/dsr_moveit_config_a0912/config/dsr.ros2_control.xacro
[1.248s] -- Installing: /home/jack/ros2_ws/install/dsr_moveit_config_a0912/share/dsr_moveit_config_a0912/config/kinematics.yaml
[1.248s] -- Installing: /home/jack/ros2_ws/install/dsr_moveit_config_a0912/share/dsr_moveit_config_a0912/config/sensors_3d.yaml
[1.248s] -- Installing: /home/jack/ros2_ws/install/dsr_moveit_config_a0912/share/dsr_moveit_config_a0912/config/joint_limits.yaml
[1.248s] -- Installing: /home/jack/ros2_ws/install/dsr_moveit_config_a0912/share/dsr_moveit_config_a0912/config/chomp_planning.yaml
[1.248s] -- Installing: /home/jack/ros2_ws/install/dsr_moveit_config_a0912/share/dsr_moveit_config_a0912/config/initial_positions.yaml
[1.248s] -- Installing: /home/jack/ros2_ws/install/dsr_moveit_config_a0912/share/dsr_moveit_config_a0912/config/dsr.srdf
[1.248s] -- Installing: /home/jack/ros2_ws/install/dsr_moveit_config_a0912/share/dsr_moveit_config_a0912/config/moveit_controllers.yaml
[1.249s] -- Installing: /home/jack/ros2_ws/install/dsr_moveit_config_a0912/share/dsr_moveit_config_a0912/config/ompl_planning.yaml
[1.249s] -- Installing: /home/jack/ros2_ws/install/dsr_moveit_config_a0912/share/dsr_moveit_config_a0912/config/ros2_controllers.yaml
[1.249s] -- Installing: /home/jack/ros2_ws/install/dsr_moveit_config_a0912/share/dsr_moveit_config_a0912/.setup_assistant
[1.288s] Invoked command in '/home/jack/ros2_ws/build/dsr_moveit_config_a0912' returned '0': CMAKE_PREFIX_PATH=/opt/ros/humble /usr/bin/cmake --install /home/jack/ros2_ws/build/dsr_moveit_config_a0912
