[0.021s] Invoking command in '/home/jack/ros2_ws/build/dsr_common2': CMAKE_PREFIX_PATH=/opt/ros/humble /usr/bin/cmake /home/jack/ros2_ws/src/DoosanBootcamp3rd/dsr_common2 -DCMAKE_INSTALL_PREFIX=/home/jack/ros2_ws/install/dsr_common2
[0.242s] -- The C compiler identification is GNU 11.4.0
[0.413s] -- The CXX compiler identification is GNU 11.4.0
[0.423s] -- Detecting C compiler ABI info
[0.507s] -- Detecting C compiler ABI info - done
[0.518s] -- Check for working C compiler: /usr/bin/cc - skipped
[0.519s] -- Detecting C compile features
[0.520s] -- Detecting C compile features - done
[0.529s] -- Detecting CXX compiler ABI info
[0.629s] -- Detecting CXX compiler ABI info - done
[0.641s] -- Check for working CXX compiler: /usr/bin/c++ - skipped
[0.641s] -- Detecting CXX compile features
[0.642s] -- Detecting CXX compile features - done
[0.655s] -- Found ament_cmake: 1.3.11 (/opt/ros/humble/share/ament_cmake/cmake)
[0.920s] -- Found Python3: /usr/bin/python3 (found version "3.10.12") found components: Interpreter 
[1.142s] -- Configuring done
[1.142s] -- Generating done
[1.143s] -- Build files have been written to: /home/jack/ros2_ws/build/dsr_common2
[1.159s] Invoked command in '/home/jack/ros2_ws/build/dsr_common2' returned '0': CMAKE_PREFIX_PATH=/opt/ros/humble /usr/bin/cmake /home/jack/ros2_ws/src/DoosanBootcamp3rd/dsr_common2 -DCMAKE_INSTALL_PREFIX=/home/jack/ros2_ws/install/dsr_common2
[1.160s] Invoking command in '/home/jack/ros2_ws/build/dsr_common2': CMAKE_PREFIX_PATH=/opt/ros/humble /usr/bin/cmake --build /home/jack/ros2_ws/build/dsr_common2 -- -j8 -l8
[1.206s] Invoked command in '/home/jack/ros2_ws/build/dsr_common2' returned '0': CMAKE_PREFIX_PATH=/opt/ros/humble /usr/bin/cmake --build /home/jack/ros2_ws/build/dsr_common2 -- -j8 -l8
[1.207s] Invoking command in '/home/jack/ros2_ws/build/dsr_common2': CMAKE_PREFIX_PATH=/opt/ros/humble /usr/bin/cmake --install /home/jack/ros2_ws/build/dsr_common2
[1.223s] -- Install configuration: ""
[1.223s] -- Installing: /home/jack/ros2_ws/install/dsr_common2/share/ament_index/resource_index/package_run_dependencies/dsr_common2
[1.223s] -- Installing: /home/jack/ros2_ws/install/dsr_common2/share/ament_index/resource_index/parent_prefix_path/dsr_common2
[1.224s] -- Installing: /home/jack/ros2_ws/install/dsr_common2/share/dsr_common2/environment/ament_prefix_path.sh
[1.224s] -- Installing: /home/jack/ros2_ws/install/dsr_common2/share/dsr_common2/environment/ament_prefix_path.dsv
[1.224s] -- Installing: /home/jack/ros2_ws/install/dsr_common2/share/dsr_common2/environment/path.sh
[1.224s] -- Installing: /home/jack/ros2_ws/install/dsr_common2/share/dsr_common2/environment/path.dsv
[1.224s] -- Installing: /home/jack/ros2_ws/install/dsr_common2/share/dsr_common2/local_setup.bash
[1.224s] -- Installing: /home/jack/ros2_ws/install/dsr_common2/share/dsr_common2/local_setup.sh
[1.224s] -- Installing: /home/jack/ros2_ws/install/dsr_common2/share/dsr_common2/local_setup.zsh
[1.224s] -- Installing: /home/jack/ros2_ws/install/dsr_common2/share/dsr_common2/local_setup.dsv
[1.224s] -- Installing: /home/jack/ros2_ws/install/dsr_common2/share/dsr_common2/package.dsv
[1.224s] -- Installing: /home/jack/ros2_ws/install/dsr_common2/share/ament_index/resource_index/packages/dsr_common2
[1.224s] -- Installing: /home/jack/ros2_ws/install/dsr_common2/share/dsr_common2/cmake/dsr_common2Config.cmake
[1.224s] -- Installing: /home/jack/ros2_ws/install/dsr_common2/share/dsr_common2/cmake/dsr_common2Config-version.cmake
[1.224s] -- Installing: /home/jack/ros2_ws/install/dsr_common2/share/dsr_common2/package.xml
[1.224s] -- Installing: /home/jack/ros2_ws/install/dsr_common2/share/dsr_common2/bin
[1.225s] -- Installing: /home/jack/ros2_ws/install/dsr_common2/share/dsr_common2/bin/common2
[1.225s] -- Installing: /home/jack/ros2_ws/install/dsr_common2/share/dsr_common2/bin/run_drcf.sh
[1.225s] -- Installing: /home/jack/ros2_ws/install/dsr_common2/lib/dsr_common2/imp
[1.225s] -- Installing: /home/jack/ros2_ws/install/dsr_common2/lib/dsr_common2/imp/DSR_util2.py
[1.225s] -- Installing: /home/jack/ros2_ws/install/dsr_common2/lib/dsr_common2/imp/DR_tcp_server2.py
[1.225s] -- Installing: /home/jack/ros2_ws/install/dsr_common2/lib/dsr_common2/imp/DRFC.py
[1.225s] -- Installing: /home/jack/ros2_ws/install/dsr_common2/lib/dsr_common2/imp/DR_tcp_client2.py
[1.231s] -- Installing: /home/jack/ros2_ws/install/dsr_common2/lib/dsr_common2/imp/__init__.py
[1.243s] -- Installing: /home/jack/ros2_ws/install/dsr_common2/lib/dsr_common2/imp/__pycache__
[1.243s] -- Installing: /home/jack/ros2_ws/install/dsr_common2/lib/dsr_common2/imp/DSR_ROBOT2.py
[1.243s] -- Installing: /home/jack/ros2_ws/install/dsr_common2/lib/dsr_common2/imp/DR_common2.py
[1.243s] -- Installing: /home/jack/ros2_ws/install/dsr_common2/lib/dsr_common2/imp/DR_init.py
[1.243s] -- Installing: /home/jack/ros2_ws/install/dsr_common2/lib/dsr_common2/imp/DR_error2.py
[1.259s] Invoked command in '/home/jack/ros2_ws/build/dsr_common2' returned '0': CMAKE_PREFIX_PATH=/opt/ros/humble /usr/bin/cmake --install /home/jack/ros2_ws/build/dsr_common2
