running egg_info
writing ../../../../build/rokey/rokey.egg-info/PKG-INFO
writing dependency_links to ../../../../build/rokey/rokey.egg-info/dependency_links.txt
writing entry points to ../../../../build/rokey/rokey.egg-info/entry_points.txt
writing requirements to ../../../../build/rokey/rokey.egg-info/requires.txt
writing top-level names to ../../../../build/rokey/rokey.egg-info/top_level.txt
reading manifest file '../../../../build/rokey/rokey.egg-info/SOURCES.txt'
writing manifest file '../../../../build/rokey/rokey.egg-info/SOURCES.txt'
running build
running build_py
copying rokey/speech_test_launcher.py -> /home/jack/ros2_ws/build/rokey/build/lib/rokey
copying rokey/speech_to_text.py -> /home/jack/ros2_ws/build/rokey/build/lib/rokey
copying rokey/tts_feedback.py -> /home/jack/ros2_ws/build/rokey/build/lib/rokey
running install
running install_lib
copying /home/jack/ros2_ws/build/rokey/build/lib/rokey/speech_test_launcher.py -> /home/jack/ros2_ws/install/rokey/lib/python3.10/site-packages/rokey
copying /home/jack/ros2_ws/build/rokey/build/lib/rokey/speech_to_text.py -> /home/jack/ros2_ws/install/rokey/lib/python3.10/site-packages/rokey
copying /home/jack/ros2_ws/build/rokey/build/lib/rokey/tts_feedback.py -> /home/jack/ros2_ws/install/rokey/lib/python3.10/site-packages/rokey
byte-compiling /home/jack/ros2_ws/install/rokey/lib/python3.10/site-packages/rokey/speech_test_launcher.py to speech_test_launcher.cpython-310.pyc
byte-compiling /home/jack/ros2_ws/install/rokey/lib/python3.10/site-packages/rokey/speech_to_text.py to speech_to_text.cpython-310.pyc
byte-compiling /home/jack/ros2_ws/install/rokey/lib/python3.10/site-packages/rokey/tts_feedback.py to tts_feedback.cpython-310.pyc
running install_data
copying .env -> /home/jack/ros2_ws/install/rokey/share/rokey
copying requirements.txt -> /home/jack/ros2_ws/install/rokey/share/rokey
copying SPEECH_TO_TEXT_README.md -> /home/jack/ros2_ws/install/rokey/share/rokey
copying test_speech_to_text.sh -> /home/jack/ros2_ws/install/rokey/share/rokey
running install_egg_info
Copying ../../../../build/rokey/rokey.egg-info to /home/jack/ros2_ws/install/rokey/lib/python3.10/site-packages/rokey-1.0.0-py3.10.egg-info
running install_scripts
Installing data_recording script to /home/jack/ros2_ws/install/rokey/lib/rokey
Installing force_control script to /home/jack/ros2_ws/install/rokey/lib/rokey
Installing get_current_pos script to /home/jack/ros2_ws/install/rokey/lib/rokey
Installing getting_position script to /home/jack/ros2_ws/install/rokey/lib/rokey
Installing grip script to /home/jack/ros2_ws/install/rokey/lib/rokey
Installing jog script to /home/jack/ros2_ws/install/rokey/lib/rokey
Installing move_periodic script to /home/jack/ros2_ws/install/rokey/lib/rokey
Installing rokey-speech script to /home/jack/ros2_ws/install/rokey/lib/rokey
Installing rokey-speech-test script to /home/jack/ros2_ws/install/rokey/lib/rokey
Installing rokey-test script to /home/jack/ros2_ws/install/rokey/lib/rokey
Installing simple_amove script to /home/jack/ros2_ws/install/rokey/lib/rokey
Installing simple_move script to /home/jack/ros2_ws/install/rokey/lib/rokey
Installing simple_movesx script to /home/jack/ros2_ws/install/rokey/lib/rokey
Installing speech_to_text script to /home/jack/ros2_ws/install/rokey/lib/rokey
Installing start_signal_test script to /home/jack/ros2_ws/install/rokey/lib/rokey
writing list of installed files to '/home/jack/ros2_ws/build/rokey/install.log'
