[0.625s] Invoking command in '/home/jack/ros2_ws/src/DoosanBootcamp3rd/dsr_rokey/rokey': PYTHONPATH=/home/jack/ros2_ws/build/rokey/prefix_override:/home/jack/.local/lib/python3.10/site-packages/colcon_core/task/python/colcon_distutils_commands:/home/jack/ros2_ws/install/rokey/lib/python3.10/site-packages:${PYTHONPATH} /usr/bin/python3 -W ignore:setup.py install is deprecated -W ignore:easy_install command is deprecated setup.py egg_info --egg-base ../../../../build/rokey build --build-base /home/jack/ros2_ws/build/rokey/build install --record /home/jack/ros2_ws/build/rokey/install.log --single-version-externally-managed install_data
[0.834s] running egg_info
[0.834s] writing ../../../../build/rokey/rokey.egg-info/PKG-INFO
[0.835s] writing dependency_links to ../../../../build/rokey/rokey.egg-info/dependency_links.txt
[0.835s] writing entry points to ../../../../build/rokey/rokey.egg-info/entry_points.txt
[0.835s] writing requirements to ../../../../build/rokey/rokey.egg-info/requires.txt
[0.835s] writing top-level names to ../../../../build/rokey/rokey.egg-info/top_level.txt
[0.837s] reading manifest file '../../../../build/rokey/rokey.egg-info/SOURCES.txt'
[0.837s] writing manifest file '../../../../build/rokey/rokey.egg-info/SOURCES.txt'
[0.837s] running build
[0.837s] running build_py
[0.838s] copying rokey/speech_test_launcher.py -> /home/jack/ros2_ws/build/rokey/build/lib/rokey
[0.838s] copying rokey/speech_to_text.py -> /home/jack/ros2_ws/build/rokey/build/lib/rokey
[0.838s] copying rokey/tts_feedback.py -> /home/jack/ros2_ws/build/rokey/build/lib/rokey
[0.839s] running install
[0.839s] running install_lib
[0.840s] copying /home/jack/ros2_ws/build/rokey/build/lib/rokey/speech_test_launcher.py -> /home/jack/ros2_ws/install/rokey/lib/python3.10/site-packages/rokey
[0.840s] copying /home/jack/ros2_ws/build/rokey/build/lib/rokey/speech_to_text.py -> /home/jack/ros2_ws/install/rokey/lib/python3.10/site-packages/rokey
[0.841s] copying /home/jack/ros2_ws/build/rokey/build/lib/rokey/tts_feedback.py -> /home/jack/ros2_ws/install/rokey/lib/python3.10/site-packages/rokey
[0.841s] byte-compiling /home/jack/ros2_ws/install/rokey/lib/python3.10/site-packages/rokey/speech_test_launcher.py to speech_test_launcher.cpython-310.pyc
[0.842s] byte-compiling /home/jack/ros2_ws/install/rokey/lib/python3.10/site-packages/rokey/speech_to_text.py to speech_to_text.cpython-310.pyc
[0.845s] byte-compiling /home/jack/ros2_ws/install/rokey/lib/python3.10/site-packages/rokey/tts_feedback.py to tts_feedback.cpython-310.pyc
[0.846s] running install_data
[0.846s] copying .env -> /home/jack/ros2_ws/install/rokey/share/rokey
[0.846s] copying requirements.txt -> /home/jack/ros2_ws/install/rokey/share/rokey
[0.847s] copying SPEECH_TO_TEXT_README.md -> /home/jack/ros2_ws/install/rokey/share/rokey
[0.847s] copying test_speech_to_text.sh -> /home/jack/ros2_ws/install/rokey/share/rokey
[0.847s] running install_egg_info
[0.848s] Copying ../../../../build/rokey/rokey.egg-info to /home/jack/ros2_ws/install/rokey/lib/python3.10/site-packages/rokey-1.0.0-py3.10.egg-info
[0.849s] running install_scripts
[0.863s] Installing data_recording script to /home/jack/ros2_ws/install/rokey/lib/rokey
[0.863s] Installing force_control script to /home/jack/ros2_ws/install/rokey/lib/rokey
[0.864s] Installing get_current_pos script to /home/jack/ros2_ws/install/rokey/lib/rokey
[0.864s] Installing getting_position script to /home/jack/ros2_ws/install/rokey/lib/rokey
[0.864s] Installing grip script to /home/jack/ros2_ws/install/rokey/lib/rokey
[0.864s] Installing jog script to /home/jack/ros2_ws/install/rokey/lib/rokey
[0.864s] Installing move_periodic script to /home/jack/ros2_ws/install/rokey/lib/rokey
[0.864s] Installing rokey-speech script to /home/jack/ros2_ws/install/rokey/lib/rokey
[0.864s] Installing rokey-speech-test script to /home/jack/ros2_ws/install/rokey/lib/rokey
[0.864s] Installing rokey-test script to /home/jack/ros2_ws/install/rokey/lib/rokey
[0.864s] Installing simple_amove script to /home/jack/ros2_ws/install/rokey/lib/rokey
[0.864s] Installing simple_move script to /home/jack/ros2_ws/install/rokey/lib/rokey
[0.864s] Installing simple_movesx script to /home/jack/ros2_ws/install/rokey/lib/rokey
[0.864s] Installing speech_to_text script to /home/jack/ros2_ws/install/rokey/lib/rokey
[0.865s] Installing start_signal_test script to /home/jack/ros2_ws/install/rokey/lib/rokey
[0.865s] writing list of installed files to '/home/jack/ros2_ws/build/rokey/install.log'
[0.885s] Invoked command in '/home/jack/ros2_ws/src/DoosanBootcamp3rd/dsr_rokey/rokey' returned '0': PYTHONPATH=/home/jack/ros2_ws/build/rokey/prefix_override:/home/jack/.local/lib/python3.10/site-packages/colcon_core/task/python/colcon_distutils_commands:/home/jack/ros2_ws/install/rokey/lib/python3.10/site-packages:${PYTHONPATH} /usr/bin/python3 -W ignore:setup.py install is deprecated -W ignore:easy_install command is deprecated setup.py egg_info --egg-base ../../../../build/rokey build --build-base /home/jack/ros2_ws/build/rokey/build install --record /home/jack/ros2_ws/build/rokey/install.log --single-version-externally-managed install_data
