running egg_info
creating ../../build/map_builder/map_builder.egg-info
writing ../../build/map_builder/map_builder.egg-info/PKG-INFO
writing dependency_links to ../../build/map_builder/map_builder.egg-info/dependency_links.txt
writing entry points to ../../build/map_builder/map_builder.egg-info/entry_points.txt
writing requirements to ../../build/map_builder/map_builder.egg-info/requires.txt
writing top-level names to ../../build/map_builder/map_builder.egg-info/top_level.txt
writing manifest file '../../build/map_builder/map_builder.egg-info/SOURCES.txt'
reading manifest file '../../build/map_builder/map_builder.egg-info/SOURCES.txt'
writing manifest file '../../build/map_builder/map_builder.egg-info/SOURCES.txt'
running build
running build_py
creating /home/jack/ros2_ws/build/map_builder/build
creating /home/jack/ros2_ws/build/map_builder/build/lib
creating /home/jack/ros2_ws/build/map_builder/build/lib/map_builder
copying map_builder/__init__.py -> /home/jack/ros2_ws/build/map_builder/build/lib/map_builder
copying map_builder/map_builder_node.py -> /home/jack/ros2_ws/build/map_builder/build/lib/map_builder
running install
running install_lib
creating /home/jack/ros2_ws/install/map_builder/lib/python3.10/site-packages/map_builder
copying /home/jack/ros2_ws/build/map_builder/build/lib/map_builder/__init__.py -> /home/jack/ros2_ws/install/map_builder/lib/python3.10/site-packages/map_builder
copying /home/jack/ros2_ws/build/map_builder/build/lib/map_builder/map_builder_node.py -> /home/jack/ros2_ws/install/map_builder/lib/python3.10/site-packages/map_builder
byte-compiling /home/jack/ros2_ws/install/map_builder/lib/python3.10/site-packages/map_builder/__init__.py to __init__.cpython-310.pyc
byte-compiling /home/jack/ros2_ws/install/map_builder/lib/python3.10/site-packages/map_builder/map_builder_node.py to map_builder_node.cpython-310.pyc
running install_data
creating /home/jack/ros2_ws/install/map_builder/share/ament_index
creating /home/jack/ros2_ws/install/map_builder/share/ament_index/resource_index
creating /home/jack/ros2_ws/install/map_builder/share/ament_index/resource_index/packages
copying resource/map_builder -> /home/jack/ros2_ws/install/map_builder/share/ament_index/resource_index/packages
copying package.xml -> /home/jack/ros2_ws/install/map_builder/share/map_builder
running install_egg_info
Copying ../../build/map_builder/map_builder.egg-info to /home/jack/ros2_ws/install/map_builder/lib/python3.10/site-packages/map_builder-0.0.0-py3.10.egg-info
running install_scripts
Installing map_builder_node script to /home/jack/ros2_ws/install/map_builder/lib/map_builder
writing list of installed files to '/home/jack/ros2_ws/build/map_builder/install.log'
