[0.554s] Invoking command in '/home/jack/ros2_ws/src/map_builder': PYTHONPATH=/home/jack/ros2_ws/build/map_builder/prefix_override:/home/jack/.local/lib/python3.10/site-packages/colcon_core/task/python/colcon_distutils_commands:/home/jack/ros2_ws/install/map_builder/lib/python3.10/site-packages:${PYTHONPATH} /usr/bin/python3 -W ignore:setup.py install is deprecated -W ignore:easy_install command is deprecated setup.py egg_info --egg-base ../../build/map_builder build --build-base /home/jack/ros2_ws/build/map_builder/build install --record /home/jack/ros2_ws/build/map_builder/install.log --single-version-externally-managed install_data
[0.744s] running egg_info
[0.744s] creating ../../build/map_builder/map_builder.egg-info
[0.744s] writing ../../build/map_builder/map_builder.egg-info/PKG-INFO
[0.744s] writing dependency_links to ../../build/map_builder/map_builder.egg-info/dependency_links.txt
[0.744s] writing entry points to ../../build/map_builder/map_builder.egg-info/entry_points.txt
[0.744s] writing requirements to ../../build/map_builder/map_builder.egg-info/requires.txt
[0.744s] writing top-level names to ../../build/map_builder/map_builder.egg-info/top_level.txt
[0.744s] writing manifest file '../../build/map_builder/map_builder.egg-info/SOURCES.txt'
[0.745s] reading manifest file '../../build/map_builder/map_builder.egg-info/SOURCES.txt'
[0.746s] writing manifest file '../../build/map_builder/map_builder.egg-info/SOURCES.txt'
[0.746s] running build
[0.746s] running build_py
[0.746s] creating /home/jack/ros2_ws/build/map_builder/build
[0.746s] creating /home/jack/ros2_ws/build/map_builder/build/lib
[0.746s] creating /home/jack/ros2_ws/build/map_builder/build/lib/map_builder
[0.746s] copying map_builder/__init__.py -> /home/jack/ros2_ws/build/map_builder/build/lib/map_builder
[0.746s] copying map_builder/map_builder_node.py -> /home/jack/ros2_ws/build/map_builder/build/lib/map_builder
[0.746s] running install
[0.746s] running install_lib
[0.747s] creating /home/jack/ros2_ws/install/map_builder/lib/python3.10/site-packages/map_builder
[0.747s] copying /home/jack/ros2_ws/build/map_builder/build/lib/map_builder/__init__.py -> /home/jack/ros2_ws/install/map_builder/lib/python3.10/site-packages/map_builder
[0.747s] copying /home/jack/ros2_ws/build/map_builder/build/lib/map_builder/map_builder_node.py -> /home/jack/ros2_ws/install/map_builder/lib/python3.10/site-packages/map_builder
[0.747s] byte-compiling /home/jack/ros2_ws/install/map_builder/lib/python3.10/site-packages/map_builder/__init__.py to __init__.cpython-310.pyc
[0.747s] byte-compiling /home/jack/ros2_ws/install/map_builder/lib/python3.10/site-packages/map_builder/map_builder_node.py to map_builder_node.cpython-310.pyc
[0.748s] running install_data
[0.748s] creating /home/jack/ros2_ws/install/map_builder/share/ament_index
[0.748s] creating /home/jack/ros2_ws/install/map_builder/share/ament_index/resource_index
[0.748s] creating /home/jack/ros2_ws/install/map_builder/share/ament_index/resource_index/packages
[0.748s] copying resource/map_builder -> /home/jack/ros2_ws/install/map_builder/share/ament_index/resource_index/packages
[0.748s] copying package.xml -> /home/jack/ros2_ws/install/map_builder/share/map_builder
[0.748s] running install_egg_info
[0.749s] Copying ../../build/map_builder/map_builder.egg-info to /home/jack/ros2_ws/install/map_builder/lib/python3.10/site-packages/map_builder-0.0.0-py3.10.egg-info
[0.750s] running install_scripts
[0.761s] Installing map_builder_node script to /home/jack/ros2_ws/install/map_builder/lib/map_builder
[0.762s] writing list of installed files to '/home/jack/ros2_ws/build/map_builder/install.log'
[0.776s] Invoked command in '/home/jack/ros2_ws/src/map_builder' returned '0': PYTHONPATH=/home/jack/ros2_ws/build/map_builder/prefix_override:/home/jack/.local/lib/python3.10/site-packages/colcon_core/task/python/colcon_distutils_commands:/home/jack/ros2_ws/install/map_builder/lib/python3.10/site-packages:${PYTHONPATH} /usr/bin/python3 -W ignore:setup.py install is deprecated -W ignore:easy_install command is deprecated setup.py egg_info --egg-base ../../build/map_builder build --build-base /home/jack/ros2_ws/build/map_builder/build install --record /home/jack/ros2_ws/build/map_builder/install.log --single-version-externally-managed install_data
