[0.020s] Invoking command in '/home/jack/ros2_ws/build/dsr_description2': CMAKE_PREFIX_PATH=/opt/ros/humble /usr/bin/cmake /home/jack/ros2_ws/src/DoosanBootcamp3rd/dsr_description2 -DCMAKE_INSTALL_PREFIX=/home/jack/ros2_ws/install/dsr_description2
[0.252s] -- The C compiler identification is GNU 11.4.0
[0.404s] -- The CXX compiler identification is GNU 11.4.0
[0.418s] -- Detecting C compiler ABI info
[0.510s] -- Detecting C compiler ABI info - done
[0.522s] -- Check for working C compiler: /usr/bin/cc - skipped
[0.522s] -- Detecting C compile features
[0.523s] -- Detecting C compile features - done
[0.528s] -- Detecting CXX compiler ABI info
[0.634s] -- Detecting CXX compiler ABI info - done
[0.645s] -- Check for working CXX compiler: /usr/bin/c++ - skipped
[0.645s] -- Detecting CXX compile features
[0.645s] -- Detecting CXX compile features - done
[0.653s] -- Found ament_cmake: 1.3.11 (/opt/ros/humble/share/ament_cmake/cmake)
[0.918s] -- Found Python3: /usr/bin/python3 (found version "3.10.12") found components: Interpreter 
[1.139s] -- Configuring done
[1.139s] -- Generating done
[1.141s] -- Build files have been written to: /home/jack/ros2_ws/build/dsr_description2
[1.151s] Invoked command in '/home/jack/ros2_ws/build/dsr_description2' returned '0': CMAKE_PREFIX_PATH=/opt/ros/humble /usr/bin/cmake /home/jack/ros2_ws/src/DoosanBootcamp3rd/dsr_description2 -DCMAKE_INSTALL_PREFIX=/home/jack/ros2_ws/install/dsr_description2
[1.152s] Invoking command in '/home/jack/ros2_ws/build/dsr_description2': CMAKE_PREFIX_PATH=/opt/ros/humble /usr/bin/cmake --build /home/jack/ros2_ws/build/dsr_description2 -- -j8 -l8
[1.211s] Invoked command in '/home/jack/ros2_ws/build/dsr_description2' returned '0': CMAKE_PREFIX_PATH=/opt/ros/humble /usr/bin/cmake --build /home/jack/ros2_ws/build/dsr_description2 -- -j8 -l8
[1.211s] Invoking command in '/home/jack/ros2_ws/build/dsr_description2': CMAKE_PREFIX_PATH=/opt/ros/humble /usr/bin/cmake --install /home/jack/ros2_ws/build/dsr_description2
[1.240s] -- Install configuration: ""
[1.241s] -- Installing: /home/jack/ros2_ws/install/dsr_description2/share/dsr_description2/environment/dsr_description2_path.dsv
[1.241s] -- Installing: /home/jack/ros2_ws/install/dsr_description2/share/ament_index/resource_index/package_run_dependencies/dsr_description2
[1.241s] -- Installing: /home/jack/ros2_ws/install/dsr_description2/share/ament_index/resource_index/parent_prefix_path/dsr_description2
[1.241s] -- Installing: /home/jack/ros2_ws/install/dsr_description2/share/dsr_description2/environment/ament_prefix_path.sh
[1.241s] -- Installing: /home/jack/ros2_ws/install/dsr_description2/share/dsr_description2/environment/ament_prefix_path.dsv
[1.241s] -- Installing: /home/jack/ros2_ws/install/dsr_description2/share/dsr_description2/environment/path.sh
[1.241s] -- Installing: /home/jack/ros2_ws/install/dsr_description2/share/dsr_description2/environment/path.dsv
[1.241s] -- Installing: /home/jack/ros2_ws/install/dsr_description2/share/dsr_description2/local_setup.bash
[1.241s] -- Installing: /home/jack/ros2_ws/install/dsr_description2/share/dsr_description2/local_setup.sh
[1.241s] -- Installing: /home/jack/ros2_ws/install/dsr_description2/share/dsr_description2/local_setup.zsh
[1.241s] -- Installing: /home/jack/ros2_ws/install/dsr_description2/share/dsr_description2/local_setup.dsv
[1.241s] -- Installing: /home/jack/ros2_ws/install/dsr_description2/share/dsr_description2/package.dsv
[1.241s] -- Installing: /home/jack/ros2_ws/install/dsr_description2/share/ament_index/resource_index/packages/dsr_description2
[1.241s] -- Installing: /home/jack/ros2_ws/install/dsr_description2/share/dsr_description2/cmake/dsr_description2Config.cmake
[1.241s] -- Installing: /home/jack/ros2_ws/install/dsr_description2/share/dsr_description2/cmake/dsr_description2Config-version.cmake
[1.241s] -- Installing: /home/jack/ros2_ws/install/dsr_description2/share/dsr_description2/package.xml
[1.241s] -- Installing: /home/jack/ros2_ws/install/dsr_description2/share/dsr_description2/meshes
[1.242s] -- Installing: /home/jack/ros2_ws/install/dsr_description2/share/dsr_description2/meshes/p3020_collision
[1.242s] -- Installing: /home/jack/ros2_ws/install/dsr_description2/share/dsr_description2/meshes/p3020_collision/4-4.STL
[1.242s] -- Installing: /home/jack/ros2_ws/install/dsr_description2/share/dsr_description2/meshes/p3020_collision/2-5.STL
[1.252s] -- Installing: /home/jack/ros2_ws/install/dsr_description2/share/dsr_description2/meshes/p3020_collision/2-1.STL
[1.253s] -- Installing: /home/jack/ros2_ws/install/dsr_description2/share/dsr_description2/meshes/p3020_collision/1.STL
[1.253s] -- Installing: /home/jack/ros2_ws/install/dsr_description2/share/dsr_description2/meshes/p3020_collision/2-3.STL
[1.253s] -- Installing: /home/jack/ros2_ws/install/dsr_description2/share/dsr_description2/meshes/p3020_collision/3-1.STL
[1.253s] -- Installing: /home/jack/ros2_ws/install/dsr_description2/share/dsr_description2/meshes/p3020_collision/4-2.STL
[1.253s] -- Installing: /home/jack/ros2_ws/install/dsr_description2/share/dsr_description2/meshes/p3020_collision/6-2.STL
[1.253s] -- Installing: /home/jack/ros2_ws/install/dsr_description2/share/dsr_description2/meshes/p3020_collision/3-8.STL
[1.253s] -- Installing: /home/jack/ros2_ws/install/dsr_description2/share/dsr_description2/meshes/p3020_collision/3-4.STL
[1.253s] -- Installing: /home/jack/ros2_ws/install/dsr_description2/share/dsr_description2/meshes/p3020_collision/3-7.STL
[1.255s] -- Installing: /home/jack/ros2_ws/install/dsr_description2/share/dsr_description2/meshes/p3020_collision/7.STL
[1.256s] -- Installing: /home/jack/ros2_ws/install/dsr_description2/share/dsr_description2/meshes/p3020_collision/4-3.STL
[1.270s] -- Installing: /home/jack/ros2_ws/install/dsr_description2/share/dsr_description2/meshes/p3020_collision/3-3.STL
[1.270s] -- Installing: /home/jack/ros2_ws/install/dsr_description2/share/dsr_description2/meshes/p3020_collision/2-2.STL
[1.270s] -- Installing: /home/jack/ros2_ws/install/dsr_description2/share/dsr_description2/meshes/p3020_collision/2-4.STL
[1.270s] -- Installing: /home/jack/ros2_ws/install/dsr_description2/share/dsr_description2/meshes/p3020_collision/6-3.STL
[1.270s] -- Installing: /home/jack/ros2_ws/install/dsr_description2/share/dsr_description2/meshes/p3020_collision/3-5.STL
[1.270s] -- Installing: /home/jack/ros2_ws/install/dsr_description2/share/dsr_description2/meshes/p3020_collision/4-1.STL
[1.270s] -- Installing: /home/jack/ros2_ws/install/dsr_description2/share/dsr_description2/meshes/p3020_collision/6-1.STL
[1.312s] -- Installing: /home/jack/ros2_ws/install/dsr_description2/share/dsr_description2/meshes/p3020_collision/3-2.STL
[1.312s] -- Installing: /home/jack/ros2_ws/install/dsr_description2/share/dsr_description2/meshes/p3020_collision/3-6.STL
[1.312s] -- Installing: /home/jack/ros2_ws/install/dsr_description2/share/dsr_description2/meshes/h2017_white
[1.312s] -- Installing: /home/jack/ros2_ws/install/dsr_description2/share/dsr_description2/meshes/h2017_white/H2017_6_0.dae
[1.312s] -- Installing: /home/jack/ros2_ws/install/dsr_description2/share/dsr_description2/meshes/h2017_white/H2017_5_0.dae
[1.312s] -- Installing: /home/jack/ros2_ws/install/dsr_description2/share/dsr_description2/meshes/h2017_white/H2017_4_1.dae
[1.313s] -- Installing: /home/jack/ros2_ws/install/dsr_description2/share/dsr_description2/meshes/h2017_white/H2017_2_2.dae
[1.313s] -- Installing: /home/jack/ros2_ws/install/dsr_description2/share/dsr_description2/meshes/h2017_white/H2017_1_0.dae
[1.313s] -- Installing: /home/jack/ros2_ws/install/dsr_description2/share/dsr_description2/meshes/h2017_white/H2017_3_0.dae
[1.313s] -- Installing: /home/jack/ros2_ws/install/dsr_description2/share/dsr_description2/meshes/h2017_white/H2017_4_0.dae
[1.313s] -- Installing: /home/jack/ros2_ws/install/dsr_description2/share/dsr_description2/meshes/h2017_white/H2017_2_0.dae
[1.313s] -- Installing: /home/jack/ros2_ws/install/dsr_description2/share/dsr_description2/meshes/h2017_white/H2017_2_1.dae
[1.313s] -- Installing: /home/jack/ros2_ws/install/dsr_description2/share/dsr_description2/meshes/h2017_white/H2017_0_0.dae
[1.313s] -- Installing: /home/jack/ros2_ws/install/dsr_description2/share/dsr_description2/meshes/m1013_white
[1.313s] -- Installing: /home/jack/ros2_ws/install/dsr_description2/share/dsr_description2/meshes/m1013_white/MF1013_6_0.dae
[1.313s] -- Installing: /home/jack/ros2_ws/install/dsr_description2/share/dsr_description2/meshes/m1013_white/MF1013_5_0.dae
[1.316s] -- Installing: /home/jack/ros2_ws/install/dsr_description2/share/dsr_description2/meshes/m1013_white/MF1013_3_0.dae
[1.316s] -- Installing: /home/jack/ros2_ws/install/dsr_description2/share/dsr_description2/meshes/m1013_white/MF1013_1_0.dae
[1.316s] -- Installing: /home/jack/ros2_ws/install/dsr_description2/share/dsr_description2/meshes/m1013_white/MF1013_0_0.dae
[1.316s] -- Installing: /home/jack/ros2_ws/install/dsr_description2/share/dsr_description2/meshes/m1013_white/MF1013_2_2.dae
[1.316s] -- Installing: /home/jack/ros2_ws/install/dsr_description2/share/dsr_description2/meshes/m1013_white/MF1013_2_1.dae
[1.316s] -- Installing: /home/jack/ros2_ws/install/dsr_description2/share/dsr_description2/meshes/m1013_white/MF1013_2_0.dae
[1.316s] -- Installing: /home/jack/ros2_ws/install/dsr_description2/share/dsr_description2/meshes/m1013_white/MF1013_4_0.dae
[1.316s] -- Installing: /home/jack/ros2_ws/install/dsr_description2/share/dsr_description2/meshes/m1013_white/MF1013_4_1.dae
[1.330s] -- Installing: /home/jack/ros2_ws/install/dsr_description2/share/dsr_description2/meshes/m1013_collision
[1.330s] -- Installing: /home/jack/ros2_ws/install/dsr_description2/share/dsr_description2/meshes/m1013_collision/MF1013_6_0.dae
[1.333s] -- Installing: /home/jack/ros2_ws/install/dsr_description2/share/dsr_description2/meshes/m1013_collision/MF1013_5_0.dae
[1.333s] -- Installing: /home/jack/ros2_ws/install/dsr_description2/share/dsr_description2/meshes/m1013_collision/MF1013_3_0.dae
[1.333s] -- Installing: /home/jack/ros2_ws/install/dsr_description2/share/dsr_description2/meshes/m1013_collision/MF1013_1_0.dae
[1.333s] -- Installing: /home/jack/ros2_ws/install/dsr_description2/share/dsr_description2/meshes/m1013_collision/MF1013_0_0.dae
[1.333s] -- Installing: /home/jack/ros2_ws/install/dsr_description2/share/dsr_description2/meshes/m1013_collision/MF1013_2_2.dae
[1.333s] -- Installing: /home/jack/ros2_ws/install/dsr_description2/share/dsr_description2/meshes/m1013_collision/MF1013_2_1.dae
[1.337s] -- Installing: /home/jack/ros2_ws/install/dsr_description2/share/dsr_description2/meshes/m1013_collision/MF1013_2_0.dae
[1.337s] -- Installing: /home/jack/ros2_ws/install/dsr_description2/share/dsr_description2/meshes/m1013_collision/MF1013_4_0.dae
[1.337s] -- Installing: /home/jack/ros2_ws/install/dsr_description2/share/dsr_description2/meshes/m1013_collision/MF1013_4_1.dae
[1.345s] -- Installing: /home/jack/ros2_ws/install/dsr_description2/share/dsr_description2/meshes/a0509_blue
[1.345s] -- Installing: /home/jack/ros2_ws/install/dsr_description2/share/dsr_description2/meshes/a0509_blue/A0509_3_1.dae
[1.345s] -- Installing: /home/jack/ros2_ws/install/dsr_description2/share/dsr_description2/meshes/a0509_blue/A0509_1_2.dae
[1.346s] -- Installing: /home/jack/ros2_ws/install/dsr_description2/share/dsr_description2/meshes/a0509_blue/A0509_0_0.dae
[1.352s] -- Installing: /home/jack/ros2_ws/install/dsr_description2/share/dsr_description2/meshes/a0509_blue/A0509_5_1.dae
[1.352s] -- Installing: /home/jack/ros2_ws/install/dsr_description2/share/dsr_description2/meshes/a0509_blue/A0509_1_1.dae
[1.352s] -- Installing: /home/jack/ros2_ws/install/dsr_description2/share/dsr_description2/meshes/a0509_blue/A0509_5_0.dae
[1.353s] -- Installing: /home/jack/ros2_ws/install/dsr_description2/share/dsr_description2/meshes/a0509_blue/A0509_3_0.dae
[1.355s] -- Installing: /home/jack/ros2_ws/install/dsr_description2/share/dsr_description2/meshes/a0509_blue/A0509_4_0.dae
[1.357s] -- Installing: /home/jack/ros2_ws/install/dsr_description2/share/dsr_description2/meshes/a0509_blue/A0509_4_1.dae
[1.361s] -- Installing: /home/jack/ros2_ws/install/dsr_description2/share/dsr_description2/meshes/a0509_blue/A0509_6_0.dae
[1.364s] -- Installing: /home/jack/ros2_ws/install/dsr_description2/share/dsr_description2/meshes/a0509_blue/A0509_1_0.dae
[1.364s] -- Installing: /home/jack/ros2_ws/install/dsr_description2/share/dsr_description2/meshes/a0509_blue/A0509_2_2.dae
[1.369s] -- Installing: /home/jack/ros2_ws/install/dsr_description2/share/dsr_description2/meshes/a0509_blue/A0509_2_1.dae
[1.377s] -- Installing: /home/jack/ros2_ws/install/dsr_description2/share/dsr_description2/meshes/a0509_blue/A0509_2_0.dae
[1.382s] -- Installing: /home/jack/ros2_ws/install/dsr_description2/share/dsr_description2/meshes/mobile
[1.382s] -- Installing: /home/jack/ros2_ws/install/dsr_description2/share/dsr_description2/meshes/mobile/wheel.stl
[1.389s] -- Installing: /home/jack/ros2_ws/install/dsr_description2/share/dsr_description2/meshes/mobile/base_link.dae
[1.391s] -- Installing: /home/jack/ros2_ws/install/dsr_description2/share/dsr_description2/meshes/mobile/large_top_plate_collision.stl
[1.391s] -- Installing: /home/jack/ros2_ws/install/dsr_description2/share/dsr_description2/meshes/mobile/bumper.dae
[1.395s] -- Installing: /home/jack/ros2_ws/install/dsr_description2/share/dsr_description2/meshes/mobile/bumper.stl
[1.397s] -- Installing: /home/jack/ros2_ws/install/dsr_description2/share/dsr_description2/meshes/mobile/user_rail.stl
[1.401s] -- Installing: /home/jack/ros2_ws/install/dsr_description2/share/dsr_description2/meshes/mobile/large_top_plate.dae
[1.401s] -- Installing: /home/jack/ros2_ws/install/dsr_description2/share/dsr_description2/meshes/mobile/wheel.dae
[1.409s] -- Installing: /home/jack/ros2_ws/install/dsr_description2/share/dsr_description2/meshes/mobile/top_chassis.stl
[1.416s] -- Installing: /home/jack/ros2_ws/install/dsr_description2/share/dsr_description2/meshes/mobile/base_link.stl
[1.420s] -- Installing: /home/jack/ros2_ws/install/dsr_description2/share/dsr_description2/meshes/mobile/top_plate.stl
[1.420s] -- Installing: /home/jack/ros2_ws/install/dsr_description2/share/dsr_description2/meshes/mobile/top_plate.dae
[1.420s] -- Installing: /home/jack/ros2_ws/install/dsr_description2/share/dsr_description2/meshes/mobile/user_rail.dae
[1.425s] -- Installing: /home/jack/ros2_ws/install/dsr_description2/share/dsr_description2/meshes/mobile/top_chassis.dae
[1.429s] -- Installing: /home/jack/ros2_ws/install/dsr_description2/share/dsr_description2/meshes/a0912_collision
[1.429s] -- Installing: /home/jack/ros2_ws/install/dsr_description2/share/dsr_description2/meshes/a0912_collision/A0912_1_1.dae
[1.433s] -- Installing: /home/jack/ros2_ws/install/dsr_description2/share/dsr_description2/meshes/a0912_collision/A0912_2_1.dae
[1.438s] -- Installing: /home/jack/ros2_ws/install/dsr_description2/share/dsr_description2/meshes/a0912_collision/A0912_5_1.dae
[1.442s] -- Installing: /home/jack/ros2_ws/install/dsr_description2/share/dsr_description2/meshes/a0912_collision/A0912_6_0.dae
[1.445s] -- Installing: /home/jack/ros2_ws/install/dsr_description2/share/dsr_description2/meshes/a0912_collision/A0912_4_0.dae
[1.448s] -- Installing: /home/jack/ros2_ws/install/dsr_description2/share/dsr_description2/meshes/a0912_collision/A0912_1_2.dae
[1.449s] -- Installing: /home/jack/ros2_ws/install/dsr_description2/share/dsr_description2/meshes/a0912_collision/A0912_2_2.dae
[1.452s] -- Installing: /home/jack/ros2_ws/install/dsr_description2/share/dsr_description2/meshes/a0912_collision/A0912_0_0.dae
[1.455s] -- Installing: /home/jack/ros2_ws/install/dsr_description2/share/dsr_description2/meshes/a0912_collision/A0912_2_0.dae
[1.461s] -- Installing: /home/jack/ros2_ws/install/dsr_description2/share/dsr_description2/meshes/a0912_collision/A0912_4_1.dae
[1.465s] -- Installing: /home/jack/ros2_ws/install/dsr_description2/share/dsr_description2/meshes/a0912_collision/A0912_1_0.dae
[1.468s] -- Installing: /home/jack/ros2_ws/install/dsr_description2/share/dsr_description2/meshes/a0912_collision/A0912_5_0.dae
[1.468s] -- Installing: /home/jack/ros2_ws/install/dsr_description2/share/dsr_description2/meshes/a0912_collision/A0912_3_1.dae
[1.471s] -- Installing: /home/jack/ros2_ws/install/dsr_description2/share/dsr_description2/meshes/a0912_collision/A0912_3_0.dae
[1.473s] -- Installing: /home/jack/ros2_ws/install/dsr_description2/share/dsr_description2/meshes/h2515_blue
[1.474s] -- Installing: /home/jack/ros2_ws/install/dsr_description2/share/dsr_description2/meshes/h2515_blue/H2515_2_2.dae
[1.477s] -- Installing: /home/jack/ros2_ws/install/dsr_description2/share/dsr_description2/meshes/h2515_blue/H2515_4_0.dae
[1.480s] -- Installing: /home/jack/ros2_ws/install/dsr_description2/share/dsr_description2/meshes/h2515_blue/H2515_4_1.dae
[1.482s] -- Installing: /home/jack/ros2_ws/install/dsr_description2/share/dsr_description2/meshes/h2515_blue/H2515_2_0.dae
[1.487s] -- Installing: /home/jack/ros2_ws/install/dsr_description2/share/dsr_description2/meshes/h2515_blue/H2515_1_0.dae
[1.491s] -- Installing: /home/jack/ros2_ws/install/dsr_description2/share/dsr_description2/meshes/h2515_blue/H2515_6_0.dae
[1.492s] -- Installing: /home/jack/ros2_ws/install/dsr_description2/share/dsr_description2/meshes/h2515_blue/H2515_3_0.dae
[1.497s] -- Installing: /home/jack/ros2_ws/install/dsr_description2/share/dsr_description2/meshes/h2515_blue/H2515_5_0.dae
[1.504s] -- Installing: /home/jack/ros2_ws/install/dsr_description2/share/dsr_description2/meshes/h2515_blue/H2515_0_0.dae
[1.507s] -- Installing: /home/jack/ros2_ws/install/dsr_description2/share/dsr_description2/meshes/h2515_blue/H2515_2_1.dae
[1.515s] -- Installing: /home/jack/ros2_ws/install/dsr_description2/share/dsr_description2/meshes/m1509_white
[1.515s] -- Installing: /home/jack/ros2_ws/install/dsr_description2/share/dsr_description2/meshes/m1509_white/MF1509_2_2.dae
[1.517s] -- Installing: /home/jack/ros2_ws/install/dsr_description2/share/dsr_description2/meshes/m1509_white/MF1509_4_0.dae
[1.519s] -- Installing: /home/jack/ros2_ws/install/dsr_description2/share/dsr_description2/meshes/m1509_white/MF1509_2_1.dae
[1.525s] -- Installing: /home/jack/ros2_ws/install/dsr_description2/share/dsr_description2/meshes/m1509_white/MF1509_4_1.dae
[1.528s] -- Installing: /home/jack/ros2_ws/install/dsr_description2/share/dsr_description2/meshes/m1509_white/MF1509_3_0.dae
[1.529s] -- Installing: /home/jack/ros2_ws/install/dsr_description2/share/dsr_description2/meshes/m1509_white/MF1509_2_0.dae
[1.532s] -- Installing: /home/jack/ros2_ws/install/dsr_description2/share/dsr_description2/meshes/m1509_white/MF1509_5_0.dae
[1.539s] -- Installing: /home/jack/ros2_ws/install/dsr_description2/share/dsr_description2/meshes/m1509_white/MF1509_1_0.dae
[1.544s] -- Installing: /home/jack/ros2_ws/install/dsr_description2/share/dsr_description2/meshes/m1509_white/MF1509_6_0.dae
[1.546s] -- Installing: /home/jack/ros2_ws/install/dsr_description2/share/dsr_description2/meshes/m1509_white/MF1509_0_0.dae
[1.551s] -- Installing: /home/jack/ros2_ws/install/dsr_description2/share/dsr_description2/meshes/p3020
[1.553s] -- Installing: /home/jack/ros2_ws/install/dsr_description2/share/dsr_description2/meshes/p3020/P3020_2_6.STL
[1.554s] -- Installing: /home/jack/ros2_ws/install/dsr_description2/share/dsr_description2/meshes/p3020/P3020_6_1.STL
[1.555s] -- Installing: /home/jack/ros2_ws/install/dsr_description2/share/dsr_description2/meshes/p3020/P3020_1_4.STL
[1.559s] -- Installing: /home/jack/ros2_ws/install/dsr_description2/share/dsr_description2/meshes/p3020/P3020_2_7.STL
[1.561s] -- Installing: /home/jack/ros2_ws/install/dsr_description2/share/dsr_description2/meshes/p3020/P3020_3_4.STL
[1.563s] -- Installing: /home/jack/ros2_ws/install/dsr_description2/share/dsr_description2/meshes/p3020/P3020_2_4.STL
[1.564s] -- Installing: /home/jack/ros2_ws/install/dsr_description2/share/dsr_description2/meshes/p3020/P3020_5_3.STL
[1.566s] -- Installing: /home/jack/ros2_ws/install/dsr_description2/share/dsr_description2/meshes/p3020/P3020_1_3.STL
[1.568s] -- Installing: /home/jack/ros2_ws/install/dsr_description2/share/dsr_description2/meshes/p3020/P3020_1_2.STL
[1.571s] -- Installing: /home/jack/ros2_ws/install/dsr_description2/share/dsr_description2/meshes/p3020/P3020_1_1.STL
[1.576s] -- Installing: /home/jack/ros2_ws/install/dsr_description2/share/dsr_description2/meshes/p3020/P3020_2_3.STL
[1.576s] -- Installing: /home/jack/ros2_ws/install/dsr_description2/share/dsr_description2/meshes/p3020/P3020_3_3.STL
[1.580s] -- Installing: /home/jack/ros2_ws/install/dsr_description2/share/dsr_description2/meshes/p3020/P3020_2_2.STL
[1.581s] -- Installing: /home/jack/ros2_ws/install/dsr_description2/share/dsr_description2/meshes/p3020/P3020_1_5.STL
[1.585s] -- Installing: /home/jack/ros2_ws/install/dsr_description2/share/dsr_description2/meshes/p3020/P3020_3_2.STL
[1.585s] -- Installing: /home/jack/ros2_ws/install/dsr_description2/share/dsr_description2/meshes/p3020/P3020_0_1.STL
[1.588s] -- Installing: /home/jack/ros2_ws/install/dsr_description2/share/dsr_description2/meshes/p3020/P3020_2_8.STL
[1.591s] -- Installing: /home/jack/ros2_ws/install/dsr_description2/share/dsr_description2/meshes/p3020/P3020_5_1.STL
[1.593s] -- Installing: /home/jack/ros2_ws/install/dsr_description2/share/dsr_description2/meshes/p3020/P3020_5_2.STL
[1.594s] -- Installing: /home/jack/ros2_ws/install/dsr_description2/share/dsr_description2/meshes/p3020/P3020_2_1.STL
[1.598s] -- Installing: /home/jack/ros2_ws/install/dsr_description2/share/dsr_description2/meshes/p3020/P3020_2_5.STL
[1.599s] -- Installing: /home/jack/ros2_ws/install/dsr_description2/share/dsr_description2/meshes/p3020/P3020_3_1.STL
[1.601s] -- Installing: /home/jack/ros2_ws/install/dsr_description2/share/dsr_description2/meshes/m1013_blue
[1.604s] -- Installing: /home/jack/ros2_ws/install/dsr_description2/share/dsr_description2/meshes/m1013_blue/MF1013_6_0.dae
[1.606s] -- Installing: /home/jack/ros2_ws/install/dsr_description2/share/dsr_description2/meshes/m1013_blue/MF1013_5_0.dae
[1.612s] -- Installing: /home/jack/ros2_ws/install/dsr_description2/share/dsr_description2/meshes/m1013_blue/MF1013_3_0.dae
[1.618s] -- Installing: /home/jack/ros2_ws/install/dsr_description2/share/dsr_description2/meshes/m1013_blue/MF1013_1_0.dae
[1.621s] -- Installing: /home/jack/ros2_ws/install/dsr_description2/share/dsr_description2/meshes/m1013_blue/MF1013_0_0.dae
[1.631s] -- Installing: /home/jack/ros2_ws/install/dsr_description2/share/dsr_description2/meshes/m1013_blue/MF1013_2_2.dae
[1.643s] -- Installing: /home/jack/ros2_ws/install/dsr_description2/share/dsr_description2/meshes/m1013_blue/MF1013_2_1.dae
[1.652s] -- Installing: /home/jack/ros2_ws/install/dsr_description2/share/dsr_description2/meshes/m1013_blue/MF1013_2_0.dae
[1.659s] -- Installing: /home/jack/ros2_ws/install/dsr_description2/share/dsr_description2/meshes/m1013_blue/MF1013_4_0.dae
[1.661s] -- Installing: /home/jack/ros2_ws/install/dsr_description2/share/dsr_description2/meshes/m1013_blue/MF1013_4_1.dae
[1.668s] -- Installing: /home/jack/ros2_ws/install/dsr_description2/share/dsr_description2/meshes/gripper
[1.668s] -- Installing: /home/jack/ros2_ws/install/dsr_description2/share/dsr_description2/meshes/gripper/robotiq
[1.668s] -- Installing: /home/jack/ros2_ws/install/dsr_description2/share/dsr_description2/meshes/gripper/robotiq/85_2f
[1.668s] -- Installing: /home/jack/ros2_ws/install/dsr_description2/share/dsr_description2/meshes/gripper/robotiq/85_2f/visual
[1.669s] -- Installing: /home/jack/ros2_ws/install/dsr_description2/share/dsr_description2/meshes/gripper/robotiq/85_2f/visual/robotiq_85_finger_link.dae
[1.671s] -- Installing: /home/jack/ros2_ws/install/dsr_description2/share/dsr_description2/meshes/gripper/robotiq/85_2f/visual/robotiq_85_finger_tip_link.dae
[1.674s] -- Installing: /home/jack/ros2_ws/install/dsr_description2/share/dsr_description2/meshes/gripper/robotiq/85_2f/visual/robotiq_85_inner_knuckle_link.dae
[1.675s] -- Installing: /home/jack/ros2_ws/install/dsr_description2/share/dsr_description2/meshes/gripper/robotiq/85_2f/visual/robotiq_85_knuckle_link.dae
[1.678s] -- Installing: /home/jack/ros2_ws/install/dsr_description2/share/dsr_description2/meshes/gripper/robotiq/85_2f/visual/robotiq_85_base_link.dae
[1.692s] -- Installing: /home/jack/ros2_ws/install/dsr_description2/share/dsr_description2/meshes/gripper/robotiq/85_2f/robotiq_85_coupler.stl
[1.696s] -- Installing: /home/jack/ros2_ws/install/dsr_description2/share/dsr_description2/meshes/gripper/robotiq/85_2f/collision
[1.697s] -- Installing: /home/jack/ros2_ws/install/dsr_description2/share/dsr_description2/meshes/gripper/robotiq/85_2f/collision/robotiq_85_knuckle_link.stl
[1.698s] -- Installing: /home/jack/ros2_ws/install/dsr_description2/share/dsr_description2/meshes/gripper/robotiq/85_2f/collision/robotiq_85_finger_tip_link.stl
[1.701s] -- Installing: /home/jack/ros2_ws/install/dsr_description2/share/dsr_description2/meshes/gripper/robotiq/85_2f/collision/robotiq_85_finger_link.stl
[1.703s] -- Installing: /home/jack/ros2_ws/install/dsr_description2/share/dsr_description2/meshes/gripper/robotiq/85_2f/collision/robotiq_85_inner_knuckle_link.stl
[1.705s] -- Installing: /home/jack/ros2_ws/install/dsr_description2/share/dsr_description2/meshes/gripper/robotiq/85_2f/collision/robotiq_85_base_link.stl
[1.713s] -- Installing: /home/jack/ros2_ws/install/dsr_description2/share/dsr_description2/meshes/m0617_white
[1.714s] -- Installing: /home/jack/ros2_ws/install/dsr_description2/share/dsr_description2/meshes/m0617_white/MF0617_4_1.dae
[1.715s] -- Installing: /home/jack/ros2_ws/install/dsr_description2/share/dsr_description2/meshes/m0617_white/MF0617_2_0.dae
[1.716s] -- Installing: /home/jack/ros2_ws/install/dsr_description2/share/dsr_description2/meshes/m0617_white/MF0617_2_1.dae
[1.728s] -- Installing: /home/jack/ros2_ws/install/dsr_description2/share/dsr_description2/meshes/m0617_white/MF0617_5_0.dae
[1.732s] -- Installing: /home/jack/ros2_ws/install/dsr_description2/share/dsr_description2/meshes/m0617_white/MF0617_4_0.dae
[1.733s] -- Installing: /home/jack/ros2_ws/install/dsr_description2/share/dsr_description2/meshes/m0617_white/MF0617_0_0.dae
[1.738s] -- Installing: /home/jack/ros2_ws/install/dsr_description2/share/dsr_description2/meshes/m0617_white/MF0617_6_0.dae
[1.741s] -- Installing: /home/jack/ros2_ws/install/dsr_description2/share/dsr_description2/meshes/m0617_white/MF0617_2_2.dae
[1.743s] -- Installing: /home/jack/ros2_ws/install/dsr_description2/share/dsr_description2/meshes/m0617_white/MF0617_1_0.dae
[1.744s] -- Installing: /home/jack/ros2_ws/install/dsr_description2/share/dsr_description2/meshes/m0617_white/MF0617_3_0.dae
[1.747s] -- Installing: /home/jack/ros2_ws/install/dsr_description2/share/dsr_description2/meshes/h2515_collision
[1.748s] -- Installing: /home/jack/ros2_ws/install/dsr_description2/share/dsr_description2/meshes/h2515_collision/H2515_2_2.dae
[1.756s] -- Installing: /home/jack/ros2_ws/install/dsr_description2/share/dsr_description2/meshes/h2515_collision/H2515_4_0.dae
[1.761s] -- Installing: /home/jack/ros2_ws/install/dsr_description2/share/dsr_description2/meshes/h2515_collision/H2515_4_1.dae
[1.767s] -- Installing: /home/jack/ros2_ws/install/dsr_description2/share/dsr_description2/meshes/h2515_collision/H2515_2_0.dae
[1.773s] -- Installing: /home/jack/ros2_ws/install/dsr_description2/share/dsr_description2/meshes/h2515_collision/H2515_1_0.dae
[1.784s] -- Installing: /home/jack/ros2_ws/install/dsr_description2/share/dsr_description2/meshes/h2515_collision/H2515_6_0.dae
[1.784s] -- Installing: /home/jack/ros2_ws/install/dsr_description2/share/dsr_description2/meshes/h2515_collision/H2515_3_0.dae
[1.787s] -- Installing: /home/jack/ros2_ws/install/dsr_description2/share/dsr_description2/meshes/h2515_collision/H2515_5_0.dae
[1.791s] -- Installing: /home/jack/ros2_ws/install/dsr_description2/share/dsr_description2/meshes/h2515_collision/H2515_0_0.dae
[1.804s] -- Installing: /home/jack/ros2_ws/install/dsr_description2/share/dsr_description2/meshes/h2515_collision/H2515_2_1.dae
[1.806s] -- Installing: /home/jack/ros2_ws/install/dsr_description2/share/dsr_description2/meshes/e0509_collision
[1.807s] -- Installing: /home/jack/ros2_ws/install/dsr_description2/share/dsr_description2/meshes/e0509_collision/E0509_4_2.dae
[1.807s] -- Installing: /home/jack/ros2_ws/install/dsr_description2/share/dsr_description2/meshes/e0509_collision/E0509_1_3.dae
[1.813s] -- Installing: /home/jack/ros2_ws/install/dsr_description2/share/dsr_description2/meshes/e0509_collision/E0509_0_0.dae
[1.816s] -- Installing: /home/jack/ros2_ws/install/dsr_description2/share/dsr_description2/meshes/e0509_collision/E0509_1_4.dae
[1.817s] -- Installing: /home/jack/ros2_ws/install/dsr_description2/share/dsr_description2/meshes/e0509_collision/E0509_3_1.dae
[1.824s] -- Installing: /home/jack/ros2_ws/install/dsr_description2/share/dsr_description2/meshes/e0509_collision/E0509_1_1.dae
[1.827s] -- Installing: /home/jack/ros2_ws/install/dsr_description2/share/dsr_description2/meshes/e0509_collision/E0509_4_1.dae
[1.834s] -- Installing: /home/jack/ros2_ws/install/dsr_description2/share/dsr_description2/meshes/e0509_collision/E0509_3_2.dae
[1.838s] -- Installing: /home/jack/ros2_ws/install/dsr_description2/share/dsr_description2/meshes/e0509_collision/E0509_2_1.dae
[1.843s] -- Installing: /home/jack/ros2_ws/install/dsr_description2/share/dsr_description2/meshes/e0509_collision/E0509_1_2.dae
[1.851s] -- Installing: /home/jack/ros2_ws/install/dsr_description2/share/dsr_description2/meshes/e0509_collision/E0509_5_1.dae
[1.858s] -- Installing: /home/jack/ros2_ws/install/dsr_description2/share/dsr_description2/meshes/e0509_collision/E0509_6_1.dae
[1.864s] -- Installing: /home/jack/ros2_ws/install/dsr_description2/share/dsr_description2/meshes/e0509_collision/E0509_2_2.dae
[1.877s] -- Installing: /home/jack/ros2_ws/install/dsr_description2/share/dsr_description2/meshes/e0509_collision/E0509_5_2.dae
[1.878s] -- Installing: /home/jack/ros2_ws/install/dsr_description2/share/dsr_description2/meshes/a0912_blue
[1.878s] -- Installing: /home/jack/ros2_ws/install/dsr_description2/share/dsr_description2/meshes/a0912_blue/A0912_1_1.dae
[1.878s] -- Installing: /home/jack/ros2_ws/install/dsr_description2/share/dsr_description2/meshes/a0912_blue/A0912_2_1.dae
[1.886s] -- Installing: /home/jack/ros2_ws/install/dsr_description2/share/dsr_description2/meshes/a0912_blue/A0912_5_1.dae
[1.891s] -- Installing: /home/jack/ros2_ws/install/dsr_description2/share/dsr_description2/meshes/a0912_blue/A0912_6_0.dae
[1.895s] -- Installing: /home/jack/ros2_ws/install/dsr_description2/share/dsr_description2/meshes/a0912_blue/A0912_4_0.dae
[1.899s] -- Installing: /home/jack/ros2_ws/install/dsr_description2/share/dsr_description2/meshes/a0912_blue/A0912_1_2.dae
[1.903s] -- Installing: /home/jack/ros2_ws/install/dsr_description2/share/dsr_description2/meshes/a0912_blue/A0912_2_2.dae
[1.907s] -- Installing: /home/jack/ros2_ws/install/dsr_description2/share/dsr_description2/meshes/a0912_blue/A0912_0_0.dae
[1.909s] -- Installing: /home/jack/ros2_ws/install/dsr_description2/share/dsr_description2/meshes/a0912_blue/A0912_2_0.dae
[1.916s] -- Installing: /home/jack/ros2_ws/install/dsr_description2/share/dsr_description2/meshes/a0912_blue/A0912_4_1.dae
[1.928s] -- Installing: /home/jack/ros2_ws/install/dsr_description2/share/dsr_description2/meshes/a0912_blue/A0912_1_0.dae
[1.928s] -- Installing: /home/jack/ros2_ws/install/dsr_description2/share/dsr_description2/meshes/a0912_blue/A0912_5_0.dae
[1.931s] -- Installing: /home/jack/ros2_ws/install/dsr_description2/share/dsr_description2/meshes/a0912_blue/A0912_3_1.dae
[1.934s] -- Installing: /home/jack/ros2_ws/install/dsr_description2/share/dsr_description2/meshes/a0912_blue/A0912_3_0.dae
[1.936s] -- Installing: /home/jack/ros2_ws/install/dsr_description2/share/dsr_description2/meshes/m1509_blue
[1.936s] -- Installing: /home/jack/ros2_ws/install/dsr_description2/share/dsr_description2/meshes/m1509_blue/MF1509_2_2.dae
[1.938s] -- Installing: /home/jack/ros2_ws/install/dsr_description2/share/dsr_description2/meshes/m1509_blue/MF1509_4_0.dae
[1.941s] -- Installing: /home/jack/ros2_ws/install/dsr_description2/share/dsr_description2/meshes/m1509_blue/MF1509_2_1.dae
[1.951s] -- Installing: /home/jack/ros2_ws/install/dsr_description2/share/dsr_description2/meshes/m1509_blue/MF1509_4_1.dae
[1.954s] -- Installing: /home/jack/ros2_ws/install/dsr_description2/share/dsr_description2/meshes/m1509_blue/MF1509_3_0.dae
[1.958s] -- Installing: /home/jack/ros2_ws/install/dsr_description2/share/dsr_description2/meshes/m1509_blue/MF1509_2_0.dae
[1.962s] -- Installing: /home/jack/ros2_ws/install/dsr_description2/share/dsr_description2/meshes/m1509_blue/MF1509_5_0.dae
[1.966s] -- Installing: /home/jack/ros2_ws/install/dsr_description2/share/dsr_description2/meshes/m1509_blue/MF1509_1_0.dae
[1.970s] -- Installing: /home/jack/ros2_ws/install/dsr_description2/share/dsr_description2/meshes/m1509_blue/MF1509_6_0.dae
[1.972s] -- Installing: /home/jack/ros2_ws/install/dsr_description2/share/dsr_description2/meshes/m1509_blue/MF1509_0_0.dae
[1.979s] -- Installing: /home/jack/ros2_ws/install/dsr_description2/share/dsr_description2/meshes/m0617_blue
[1.979s] -- Installing: /home/jack/ros2_ws/install/dsr_description2/share/dsr_description2/meshes/m0617_blue/MF0617_4_1.dae
[1.983s] -- Installing: /home/jack/ros2_ws/install/dsr_description2/share/dsr_description2/meshes/m0617_blue/MF0617_2_0.dae
[1.985s] -- Installing: /home/jack/ros2_ws/install/dsr_description2/share/dsr_description2/meshes/m0617_blue/MF0617_2_1.dae
[1.993s] -- Installing: /home/jack/ros2_ws/install/dsr_description2/share/dsr_description2/meshes/m0617_blue/MF0617_5_0.dae
[1.995s] -- Installing: /home/jack/ros2_ws/install/dsr_description2/share/dsr_description2/meshes/m0617_blue/MF0617_4_0.dae
[1.997s] -- Installing: /home/jack/ros2_ws/install/dsr_description2/share/dsr_description2/meshes/m0617_blue/MF0617_0_0.dae
[2.001s] -- Installing: /home/jack/ros2_ws/install/dsr_description2/share/dsr_description2/meshes/m0617_blue/MF0617_6_0.dae
[2.003s] -- Installing: /home/jack/ros2_ws/install/dsr_description2/share/dsr_description2/meshes/m0617_blue/MF0617_2_2.dae
[2.008s] -- Installing: /home/jack/ros2_ws/install/dsr_description2/share/dsr_description2/meshes/m0617_blue/MF0617_1_0.dae
[2.009s] -- Installing: /home/jack/ros2_ws/install/dsr_description2/share/dsr_description2/meshes/m0617_blue/MF0617_3_0.dae
[2.011s] -- Installing: /home/jack/ros2_ws/install/dsr_description2/share/dsr_description2/meshes/m0617_collision
[2.012s] -- Installing: /home/jack/ros2_ws/install/dsr_description2/share/dsr_description2/meshes/m0617_collision/MF0617_4_1.dae
[2.016s] -- Installing: /home/jack/ros2_ws/install/dsr_description2/share/dsr_description2/meshes/m0617_collision/MF0617_2_0.dae
[2.019s] -- Installing: /home/jack/ros2_ws/install/dsr_description2/share/dsr_description2/meshes/m0617_collision/MF0617_2_1.dae
[2.029s] -- Installing: /home/jack/ros2_ws/install/dsr_description2/share/dsr_description2/meshes/m0617_collision/MF0617_5_0.dae
[2.034s] -- Installing: /home/jack/ros2_ws/install/dsr_description2/share/dsr_description2/meshes/m0617_collision/MF0617_4_0.dae
[2.040s] -- Installing: /home/jack/ros2_ws/install/dsr_description2/share/dsr_description2/meshes/m0617_collision/MF0617_0_0.dae
[2.044s] -- Installing: /home/jack/ros2_ws/install/dsr_description2/share/dsr_description2/meshes/m0617_collision/MF0617_6_0.dae
[2.051s] -- Installing: /home/jack/ros2_ws/install/dsr_description2/share/dsr_description2/meshes/m0617_collision/MF0617_2_2.dae
[2.056s] -- Installing: /home/jack/ros2_ws/install/dsr_description2/share/dsr_description2/meshes/m0617_collision/MF0617_1_0.dae
[2.056s] -- Installing: /home/jack/ros2_ws/install/dsr_description2/share/dsr_description2/meshes/m0617_collision/MF0617_3_0.dae
[2.060s] -- Installing: /home/jack/ros2_ws/install/dsr_description2/share/dsr_description2/meshes/h2515_white
[2.060s] -- Installing: /home/jack/ros2_ws/install/dsr_description2/share/dsr_description2/meshes/h2515_white/H2515_2_2.dae
[2.070s] -- Installing: /home/jack/ros2_ws/install/dsr_description2/share/dsr_description2/meshes/h2515_white/H2515_4_0.dae
[2.079s] -- Installing: /home/jack/ros2_ws/install/dsr_description2/share/dsr_description2/meshes/h2515_white/H2515_4_1.dae
[2.081s] -- Installing: /home/jack/ros2_ws/install/dsr_description2/share/dsr_description2/meshes/h2515_white/H2515_2_0.dae
[2.087s] -- Installing: /home/jack/ros2_ws/install/dsr_description2/share/dsr_description2/meshes/h2515_white/H2515_1_0.dae
[2.094s] -- Installing: /home/jack/ros2_ws/install/dsr_description2/share/dsr_description2/meshes/h2515_white/H2515_6_0.dae
[2.096s] -- Installing: /home/jack/ros2_ws/install/dsr_description2/share/dsr_description2/meshes/h2515_white/H2515_3_0.dae
[2.105s] -- Installing: /home/jack/ros2_ws/install/dsr_description2/share/dsr_description2/meshes/h2515_white/H2515_5_0.dae
[2.107s] -- Installing: /home/jack/ros2_ws/install/dsr_description2/share/dsr_description2/meshes/h2515_white/H2515_0_0.dae
[2.117s] -- Installing: /home/jack/ros2_ws/install/dsr_description2/share/dsr_description2/meshes/h2515_white/H2515_2_1.dae
[2.125s] -- Installing: /home/jack/ros2_ws/install/dsr_description2/share/dsr_description2/meshes/a0912_white
[2.125s] -- Installing: /home/jack/ros2_ws/install/dsr_description2/share/dsr_description2/meshes/a0912_white/A0912_1_1.dae
[2.129s] -- Installing: /home/jack/ros2_ws/install/dsr_description2/share/dsr_description2/meshes/a0912_white/A0912_2_1.dae
[2.137s] -- Installing: /home/jack/ros2_ws/install/dsr_description2/share/dsr_description2/meshes/a0912_white/A0912_5_1.dae
[2.145s] -- Installing: /home/jack/ros2_ws/install/dsr_description2/share/dsr_description2/meshes/a0912_white/A0912_6_0.dae
[2.151s] -- Installing: /home/jack/ros2_ws/install/dsr_description2/share/dsr_description2/meshes/a0912_white/A0912_4_0.dae
[2.155s] -- Installing: /home/jack/ros2_ws/install/dsr_description2/share/dsr_description2/meshes/a0912_white/A0912_1_2.dae
[2.158s] -- Installing: /home/jack/ros2_ws/install/dsr_description2/share/dsr_description2/meshes/a0912_white/A0912_2_2.dae
[2.161s] -- Installing: /home/jack/ros2_ws/install/dsr_description2/share/dsr_description2/meshes/a0912_white/A0912_0_0.dae
[2.164s] -- Installing: /home/jack/ros2_ws/install/dsr_description2/share/dsr_description2/meshes/a0912_white/A0912_2_0.dae
[2.173s] -- Installing: /home/jack/ros2_ws/install/dsr_description2/share/dsr_description2/meshes/a0912_white/A0912_4_1.dae
[2.178s] -- Installing: /home/jack/ros2_ws/install/dsr_description2/share/dsr_description2/meshes/a0912_white/A0912_1_0.dae
[2.181s] -- Installing: /home/jack/ros2_ws/install/dsr_description2/share/dsr_description2/meshes/a0912_white/A0912_5_0.dae
[2.187s] -- Installing: /home/jack/ros2_ws/install/dsr_description2/share/dsr_description2/meshes/a0912_white/A0912_3_1.dae
[2.189s] -- Installing: /home/jack/ros2_ws/install/dsr_description2/share/dsr_description2/meshes/a0912_white/A0912_3_0.dae
[2.191s] -- Installing: /home/jack/ros2_ws/install/dsr_description2/share/dsr_description2/meshes/m0609_blue
[2.191s] -- Installing: /home/jack/ros2_ws/install/dsr_description2/share/dsr_description2/meshes/m0609_blue/MF0609_5_0.dae
[2.196s] -- Installing: /home/jack/ros2_ws/install/dsr_description2/share/dsr_description2/meshes/m0609_blue/MF0609_2_1.dae
[2.211s] -- Installing: /home/jack/ros2_ws/install/dsr_description2/share/dsr_description2/meshes/m0609_blue/MF0609_3_0.dae
[2.224s] -- Installing: /home/jack/ros2_ws/install/dsr_description2/share/dsr_description2/meshes/m0609_blue/MF0609_1_0.dae
[2.224s] -- Installing: /home/jack/ros2_ws/install/dsr_description2/share/dsr_description2/meshes/m0609_blue/MF0609_4_0.dae
[2.224s] -- Installing: /home/jack/ros2_ws/install/dsr_description2/share/dsr_description2/meshes/m0609_blue/MF0609_0_0.dae
[2.226s] -- Installing: /home/jack/ros2_ws/install/dsr_description2/share/dsr_description2/meshes/m0609_blue/MF0609_6_0.dae
[2.231s] -- Installing: /home/jack/ros2_ws/install/dsr_description2/share/dsr_description2/meshes/m0609_blue/MF0609_4_1.dae
[2.234s] -- Installing: /home/jack/ros2_ws/install/dsr_description2/share/dsr_description2/meshes/m0609_blue/MF0609_2_2.dae
[2.236s] -- Installing: /home/jack/ros2_ws/install/dsr_description2/share/dsr_description2/meshes/m0609_blue/MF0609_2_0.dae
[2.240s] -- Installing: /home/jack/ros2_ws/install/dsr_description2/share/dsr_description2/meshes/m1509_collision
[2.241s] -- Installing: /home/jack/ros2_ws/install/dsr_description2/share/dsr_description2/meshes/m1509_collision/MF1509_2_2.dae
[2.255s] -- Installing: /home/jack/ros2_ws/install/dsr_description2/share/dsr_description2/meshes/m1509_collision/MF1509_4_0.dae
[2.255s] -- Installing: /home/jack/ros2_ws/install/dsr_description2/share/dsr_description2/meshes/m1509_collision/MF1509_2_1.dae
[2.267s] -- Installing: /home/jack/ros2_ws/install/dsr_description2/share/dsr_description2/meshes/m1509_collision/MF1509_4_1.dae
[2.271s] -- Installing: /home/jack/ros2_ws/install/dsr_description2/share/dsr_description2/meshes/m1509_collision/MF1509_3_0.dae
[2.274s] -- Installing: /home/jack/ros2_ws/install/dsr_description2/share/dsr_description2/meshes/m1509_collision/MF1509_2_0.dae
[2.275s] -- Installing: /home/jack/ros2_ws/install/dsr_description2/share/dsr_description2/meshes/m1509_collision/MF1509_5_0.dae
[2.293s] -- Installing: /home/jack/ros2_ws/install/dsr_description2/share/dsr_description2/meshes/m1509_collision/MF1509_1_0.dae
[2.293s] -- Installing: /home/jack/ros2_ws/install/dsr_description2/share/dsr_description2/meshes/m1509_collision/MF1509_6_0.dae
[2.293s] -- Installing: /home/jack/ros2_ws/install/dsr_description2/share/dsr_description2/meshes/m1509_collision/MF1509_0_0.dae
[2.306s] -- Installing: /home/jack/ros2_ws/install/dsr_description2/share/dsr_description2/meshes/m0609_collision
[2.306s] -- Installing: /home/jack/ros2_ws/install/dsr_description2/share/dsr_description2/meshes/m0609_collision/MF0609_5_0.dae
[2.306s] -- Installing: /home/jack/ros2_ws/install/dsr_description2/share/dsr_description2/meshes/m0609_collision/MF0609_2_1.dae
[2.321s] -- Installing: /home/jack/ros2_ws/install/dsr_description2/share/dsr_description2/meshes/m0609_collision/MF0609_3_0.dae
[2.323s] -- Installing: /home/jack/ros2_ws/install/dsr_description2/share/dsr_description2/meshes/m0609_collision/MF0609_1_0.dae
[2.328s] -- Installing: /home/jack/ros2_ws/install/dsr_description2/share/dsr_description2/meshes/m0609_collision/MF0609_4_0.dae
[2.332s] -- Installing: /home/jack/ros2_ws/install/dsr_description2/share/dsr_description2/meshes/m0609_collision/MF0609_0_0.dae
[2.339s] -- Installing: /home/jack/ros2_ws/install/dsr_description2/share/dsr_description2/meshes/m0609_collision/MF0609_6_0.dae
[2.342s] -- Installing: /home/jack/ros2_ws/install/dsr_description2/share/dsr_description2/meshes/m0609_collision/MF0609_4_1.dae
[2.344s] -- Installing: /home/jack/ros2_ws/install/dsr_description2/share/dsr_description2/meshes/m0609_collision/MF0609_2_2.dae
[2.349s] -- Installing: /home/jack/ros2_ws/install/dsr_description2/share/dsr_description2/meshes/m0609_collision/MF0609_2_0.dae
[2.357s] -- Installing: /home/jack/ros2_ws/install/dsr_description2/share/dsr_description2/meshes/h2017_blue
[2.357s] -- Installing: /home/jack/ros2_ws/install/dsr_description2/share/dsr_description2/meshes/h2017_blue/H2017_6_0.dae
[2.358s] -- Installing: /home/jack/ros2_ws/install/dsr_description2/share/dsr_description2/meshes/h2017_blue/H2017_5_0.dae
[2.473s] -- Installing: /home/jack/ros2_ws/install/dsr_description2/share/dsr_description2/meshes/h2017_blue/H2017_4_1.dae
[2.473s] -- Installing: /home/jack/ros2_ws/install/dsr_description2/share/dsr_description2/meshes/h2017_blue/H2017_2_2.dae
[2.473s] -- Installing: /home/jack/ros2_ws/install/dsr_description2/share/dsr_description2/meshes/h2017_blue/H2017_1_0.dae
[2.473s] -- Installing: /home/jack/ros2_ws/install/dsr_description2/share/dsr_description2/meshes/h2017_blue/H2017_3_0.dae
[2.473s] -- Installing: /home/jack/ros2_ws/install/dsr_description2/share/dsr_description2/meshes/h2017_blue/H2017_4_0.dae
[2.473s] -- Installing: /home/jack/ros2_ws/install/dsr_description2/share/dsr_description2/meshes/h2017_blue/H2017_2_0.dae
[2.474s] -- Installing: /home/jack/ros2_ws/install/dsr_description2/share/dsr_description2/meshes/h2017_blue/H2017_2_1.dae
[2.474s] -- Installing: /home/jack/ros2_ws/install/dsr_description2/share/dsr_description2/meshes/h2017_blue/H2017_0_0.dae
[2.474s] -- Installing: /home/jack/ros2_ws/install/dsr_description2/share/dsr_description2/meshes/a0509_collision
[2.474s] -- Installing: /home/jack/ros2_ws/install/dsr_description2/share/dsr_description2/meshes/a0509_collision/A0509_3_1.dae
[2.474s] -- Installing: /home/jack/ros2_ws/install/dsr_description2/share/dsr_description2/meshes/a0509_collision/A0509_1_2.dae
[2.474s] -- Installing: /home/jack/ros2_ws/install/dsr_description2/share/dsr_description2/meshes/a0509_collision/A0509_0_0.dae
[2.474s] -- Installing: /home/jack/ros2_ws/install/dsr_description2/share/dsr_description2/meshes/a0509_collision/A0509_5_1.dae
[2.474s] -- Installing: /home/jack/ros2_ws/install/dsr_description2/share/dsr_description2/meshes/a0509_collision/A0509_1_1.dae
[2.474s] -- Installing: /home/jack/ros2_ws/install/dsr_description2/share/dsr_description2/meshes/a0509_collision/A0509_5_0.dae
[2.474s] -- Installing: /home/jack/ros2_ws/install/dsr_description2/share/dsr_description2/meshes/a0509_collision/A0509_3_0.dae
[2.475s] -- Installing: /home/jack/ros2_ws/install/dsr_description2/share/dsr_description2/meshes/a0509_collision/A0509_4_0.dae
[3.192s] -- Installing: /home/jack/ros2_ws/install/dsr_description2/share/dsr_description2/meshes/a0509_collision/A0509_4_1.dae
[3.192s] -- Installing: /home/jack/ros2_ws/install/dsr_description2/share/dsr_description2/meshes/a0509_collision/A0509_6_0.dae
[3.192s] -- Installing: /home/jack/ros2_ws/install/dsr_description2/share/dsr_description2/meshes/a0509_collision/A0509_1_0.dae
[3.193s] -- Installing: /home/jack/ros2_ws/install/dsr_description2/share/dsr_description2/meshes/a0509_collision/A0509_2_2.dae
[3.193s] -- Installing: /home/jack/ros2_ws/install/dsr_description2/share/dsr_description2/meshes/a0509_collision/A0509_2_1.dae
[3.193s] -- Installing: /home/jack/ros2_ws/install/dsr_description2/share/dsr_description2/meshes/a0509_collision/A0509_2_0.dae
[3.193s] -- Installing: /home/jack/ros2_ws/install/dsr_description2/share/dsr_description2/meshes/e0509_white
[3.193s] -- Installing: /home/jack/ros2_ws/install/dsr_description2/share/dsr_description2/meshes/e0509_white/E0509_4_2.dae
[3.193s] -- Installing: /home/jack/ros2_ws/install/dsr_description2/share/dsr_description2/meshes/e0509_white/E0509_1_3.dae
[3.193s] -- Installing: /home/jack/ros2_ws/install/dsr_description2/share/dsr_description2/meshes/e0509_white/E0509_0_0.dae
[3.193s] -- Installing: /home/jack/ros2_ws/install/dsr_description2/share/dsr_description2/meshes/e0509_white/E0509_1_4.dae
[3.194s] -- Installing: /home/jack/ros2_ws/install/dsr_description2/share/dsr_description2/meshes/e0509_white/E0509_3_1.dae
[3.194s] -- Installing: /home/jack/ros2_ws/install/dsr_description2/share/dsr_description2/meshes/e0509_white/E0509_1_1.dae
[3.194s] -- Installing: /home/jack/ros2_ws/install/dsr_description2/share/dsr_description2/meshes/e0509_white/E0509_4_1.dae
[3.194s] -- Installing: /home/jack/ros2_ws/install/dsr_description2/share/dsr_description2/meshes/e0509_white/E0509_3_2.dae
[3.194s] -- Installing: /home/jack/ros2_ws/install/dsr_description2/share/dsr_description2/meshes/e0509_white/E0509_2_1.dae
[3.194s] -- Installing: /home/jack/ros2_ws/install/dsr_description2/share/dsr_description2/meshes/e0509_white/E0509_1_2.dae
[3.194s] -- Installing: /home/jack/ros2_ws/install/dsr_description2/share/dsr_description2/meshes/e0509_white/E0509_5_1.dae
[3.194s] -- Installing: /home/jack/ros2_ws/install/dsr_description2/share/dsr_description2/meshes/e0509_white/E0509_6_1.dae
[3.194s] -- Installing: /home/jack/ros2_ws/install/dsr_description2/share/dsr_description2/meshes/e0509_white/E0509_2_2.dae
[3.194s] -- Installing: /home/jack/ros2_ws/install/dsr_description2/share/dsr_description2/meshes/e0509_white/E0509_5_2.dae
[3.195s] -- Installing: /home/jack/ros2_ws/install/dsr_description2/share/dsr_description2/meshes/h2017_collision
[3.195s] -- Installing: /home/jack/ros2_ws/install/dsr_description2/share/dsr_description2/meshes/h2017_collision/H2017_6_0.dae
[3.195s] -- Installing: /home/jack/ros2_ws/install/dsr_description2/share/dsr_description2/meshes/h2017_collision/H2017_5_0.dae
[3.195s] -- Installing: /home/jack/ros2_ws/install/dsr_description2/share/dsr_description2/meshes/h2017_collision/H2017_4_1.dae
[3.195s] -- Installing: /home/jack/ros2_ws/install/dsr_description2/share/dsr_description2/meshes/h2017_collision/H2017_2_2.dae
[3.195s] -- Installing: /home/jack/ros2_ws/install/dsr_description2/share/dsr_description2/meshes/h2017_collision/H2017_1_0.dae
[3.195s] -- Installing: /home/jack/ros2_ws/install/dsr_description2/share/dsr_description2/meshes/h2017_collision/H2017_3_0.dae
[3.195s] -- Installing: /home/jack/ros2_ws/install/dsr_description2/share/dsr_description2/meshes/h2017_collision/H2017_4_0.dae
[3.195s] -- Installing: /home/jack/ros2_ws/install/dsr_description2/share/dsr_description2/meshes/h2017_collision/H2017_2_0.dae
[3.196s] -- Installing: /home/jack/ros2_ws/install/dsr_description2/share/dsr_description2/meshes/h2017_collision/H2017_2_1.dae
[3.196s] -- Installing: /home/jack/ros2_ws/install/dsr_description2/share/dsr_description2/meshes/h2017_collision/H2017_0_0.dae
[3.196s] -- Installing: /home/jack/ros2_ws/install/dsr_description2/share/dsr_description2/meshes/a0509_white
[3.196s] -- Installing: /home/jack/ros2_ws/install/dsr_description2/share/dsr_description2/meshes/a0509_white/A0509_3_1.dae
[3.196s] -- Installing: /home/jack/ros2_ws/install/dsr_description2/share/dsr_description2/meshes/a0509_white/A0509_1_2.dae
[3.200s] -- Installing: /home/jack/ros2_ws/install/dsr_description2/share/dsr_description2/meshes/a0509_white/A0509_0_0.dae
[3.200s] -- Installing: /home/jack/ros2_ws/install/dsr_description2/share/dsr_description2/meshes/a0509_white/A0509_5_1.dae
[3.200s] -- Installing: /home/jack/ros2_ws/install/dsr_description2/share/dsr_description2/meshes/a0509_white/A0509_1_1.dae
[3.201s] -- Installing: /home/jack/ros2_ws/install/dsr_description2/share/dsr_description2/meshes/a0509_white/A0509_5_0.dae
[3.201s] -- Installing: /home/jack/ros2_ws/install/dsr_description2/share/dsr_description2/meshes/a0509_white/A0509_3_0.dae
[3.201s] -- Installing: /home/jack/ros2_ws/install/dsr_description2/share/dsr_description2/meshes/a0509_white/A0509_4_0.dae
[3.201s] -- Installing: /home/jack/ros2_ws/install/dsr_description2/share/dsr_description2/meshes/a0509_white/A0509_4_1.dae
[3.201s] -- Installing: /home/jack/ros2_ws/install/dsr_description2/share/dsr_description2/meshes/a0509_white/A0509_6_0.dae
[3.201s] -- Installing: /home/jack/ros2_ws/install/dsr_description2/share/dsr_description2/meshes/a0509_white/A0509_1_0.dae
[3.201s] -- Installing: /home/jack/ros2_ws/install/dsr_description2/share/dsr_description2/meshes/a0509_white/A0509_2_2.dae
[3.201s] -- Installing: /home/jack/ros2_ws/install/dsr_description2/share/dsr_description2/meshes/a0509_white/A0509_2_1.dae
[3.201s] -- Installing: /home/jack/ros2_ws/install/dsr_description2/share/dsr_description2/meshes/a0509_white/A0509_2_0.dae
[3.201s] -- Installing: /home/jack/ros2_ws/install/dsr_description2/share/dsr_description2/meshes/m0609_white
[3.202s] -- Installing: /home/jack/ros2_ws/install/dsr_description2/share/dsr_description2/meshes/m0609_white/MF0609_5_0.dae
[3.202s] -- Installing: /home/jack/ros2_ws/install/dsr_description2/share/dsr_description2/meshes/m0609_white/MF0609_2_1.dae
[3.202s] -- Installing: /home/jack/ros2_ws/install/dsr_description2/share/dsr_description2/meshes/m0609_white/MF0609_3_0.dae
[3.202s] -- Installing: /home/jack/ros2_ws/install/dsr_description2/share/dsr_description2/meshes/m0609_white/MF0609_1_0.dae
[3.202s] -- Installing: /home/jack/ros2_ws/install/dsr_description2/share/dsr_description2/meshes/m0609_white/MF0609_4_0.dae
[3.202s] -- Installing: /home/jack/ros2_ws/install/dsr_description2/share/dsr_description2/meshes/m0609_white/MF0609_0_0.dae
[3.202s] -- Installing: /home/jack/ros2_ws/install/dsr_description2/share/dsr_description2/meshes/m0609_white/MF0609_6_0.dae
[3.202s] -- Installing: /home/jack/ros2_ws/install/dsr_description2/share/dsr_description2/meshes/m0609_white/MF0609_4_1.dae
[3.202s] -- Installing: /home/jack/ros2_ws/install/dsr_description2/share/dsr_description2/meshes/m0609_white/MF0609_2_2.dae
[3.203s] -- Installing: /home/jack/ros2_ws/install/dsr_description2/share/dsr_description2/meshes/m0609_white/MF0609_2_0.dae
[3.203s] -- Installing: /home/jack/ros2_ws/install/dsr_description2/share/dsr_description2/urdf
[3.203s] -- Installing: /home/jack/ros2_ws/install/dsr_description2/share/dsr_description2/urdf/h2515.urdf
[3.203s] -- Installing: /home/jack/ros2_ws/install/dsr_description2/share/dsr_description2/urdf/e0509.urdf
[3.203s] -- Installing: /home/jack/ros2_ws/install/dsr_description2/share/dsr_description2/urdf/m1509.white.urdf
[3.203s] -- Installing: /home/jack/ros2_ws/install/dsr_description2/share/dsr_description2/urdf/m0617.white.urdf
[3.203s] -- Installing: /home/jack/ros2_ws/install/dsr_description2/share/dsr_description2/urdf/a0509.urdf
[3.203s] -- Installing: /home/jack/ros2_ws/install/dsr_description2/share/dsr_description2/urdf/m1509.blue.urdf
[3.203s] -- Installing: /home/jack/ros2_ws/install/dsr_description2/share/dsr_description2/urdf/h2515.white.urdf
[3.203s] -- Installing: /home/jack/ros2_ws/install/dsr_description2/share/dsr_description2/urdf/h2017.blue.urdf
[3.204s] -- Installing: /home/jack/ros2_ws/install/dsr_description2/share/dsr_description2/urdf/a0912.urdf
[3.205s] -- Installing: /home/jack/ros2_ws/install/dsr_description2/share/dsr_description2/urdf/a0509.white.urdf
[3.205s] -- Installing: /home/jack/ros2_ws/install/dsr_description2/share/dsr_description2/urdf/m1013.urdf
[3.205s] -- Installing: /home/jack/ros2_ws/install/dsr_description2/share/dsr_description2/urdf/m1509.urdf
[3.205s] -- Installing: /home/jack/ros2_ws/install/dsr_description2/share/dsr_description2/urdf/a0509.blue.urdf
[3.205s] -- Installing: /home/jack/ros2_ws/install/dsr_description2/share/dsr_description2/urdf/h2017.urdf
[3.205s] -- Installing: /home/jack/ros2_ws/install/dsr_description2/share/dsr_description2/urdf/m0609.blue.urdf
[3.205s] -- Installing: /home/jack/ros2_ws/install/dsr_description2/share/dsr_description2/urdf/a0912.blue.urdf
[3.205s] -- Installing: /home/jack/ros2_ws/install/dsr_description2/share/dsr_description2/urdf/m0617.urdf
[3.205s] -- Installing: /home/jack/ros2_ws/install/dsr_description2/share/dsr_description2/urdf/m0617.blue.urdf
[3.205s] -- Installing: /home/jack/ros2_ws/install/dsr_description2/share/dsr_description2/urdf/h2017.white.urdf
[3.206s] -- Installing: /home/jack/ros2_ws/install/dsr_description2/share/dsr_description2/urdf/m0609.urdf
[3.206s] -- Installing: /home/jack/ros2_ws/install/dsr_description2/share/dsr_description2/urdf/h2515.blue.urdf
[3.206s] -- Installing: /home/jack/ros2_ws/install/dsr_description2/share/dsr_description2/urdf/a0912.white.urdf
[3.206s] -- Installing: /home/jack/ros2_ws/install/dsr_description2/share/dsr_description2/urdf/m1013.blue.urdf
[3.206s] -- Installing: /home/jack/ros2_ws/install/dsr_description2/share/dsr_description2/urdf/m1013.white.urdf
[3.206s] -- Installing: /home/jack/ros2_ws/install/dsr_description2/share/dsr_description2/urdf/e0509.white.urdf
[3.206s] -- Installing: /home/jack/ros2_ws/install/dsr_description2/share/dsr_description2/urdf/p3020.urdf
[3.206s] -- Installing: /home/jack/ros2_ws/install/dsr_description2/share/dsr_description2/urdf/m0609.white.urdf
[3.206s] -- Installing: /home/jack/ros2_ws/install/dsr_description2/share/dsr_description2/xacro
[3.206s] -- Installing: /home/jack/ros2_ws/install/dsr_description2/share/dsr_description2/xacro/macro.m0609.white.xacro
[3.207s] -- Installing: /home/jack/ros2_ws/install/dsr_description2/share/dsr_description2/xacro/macro.h2515.white.xacro
[3.207s] -- Installing: /home/jack/ros2_ws/install/dsr_description2/share/dsr_description2/xacro/m0609.urdf.xacro
[3.207s] -- Installing: /home/jack/ros2_ws/install/dsr_description2/share/dsr_description2/xacro/a0912.urdf.xacro
[3.207s] -- Installing: /home/jack/ros2_ws/install/dsr_description2/share/dsr_description2/xacro/e0509.urdf.xacro
[3.207s] -- Installing: /home/jack/ros2_ws/install/dsr_description2/share/dsr_description2/xacro/macro.e0509.white.xacro
[3.207s] -- Installing: /home/jack/ros2_ws/install/dsr_description2/share/dsr_description2/xacro/macro.a0509.white.xacro
[3.207s] -- Installing: /home/jack/ros2_ws/install/dsr_description2/share/dsr_description2/xacro/macro.m0617.white.xacro
[3.207s] -- Installing: /home/jack/ros2_ws/install/dsr_description2/share/dsr_description2/xacro/macro.m1013.blue.xacro
[3.209s] -- Installing: /home/jack/ros2_ws/install/dsr_description2/share/dsr_description2/xacro/m0617.urdf.xacro
[3.209s] -- Installing: /home/jack/ros2_ws/install/dsr_description2/share/dsr_description2/xacro/a0509.urdf.xacro
[3.210s] -- Installing: /home/jack/ros2_ws/install/dsr_description2/share/dsr_description2/xacro/macro.a0912.blue.xacro
[3.210s] -- Installing: /home/jack/ros2_ws/install/dsr_description2/share/dsr_description2/xacro/m1509.urdf.xacro
[3.210s] -- Installing: /home/jack/ros2_ws/install/dsr_description2/share/dsr_description2/xacro/h2017.urdf.xacro
[3.210s] -- Installing: /home/jack/ros2_ws/install/dsr_description2/share/dsr_description2/xacro/macro.h2515.blue.xacro
[3.211s] -- Installing: /home/jack/ros2_ws/install/dsr_description2/share/dsr_description2/xacro/macro.m1509.white.xacro
[3.212s] -- Installing: /home/jack/ros2_ws/install/dsr_description2/share/dsr_description2/xacro/macro.a0912.white.xacro
[3.212s] -- Installing: /home/jack/ros2_ws/install/dsr_description2/share/dsr_description2/xacro/m1013.urdf.xacro
[3.212s] -- Installing: /home/jack/ros2_ws/install/dsr_description2/share/dsr_description2/xacro/macro.h2017.white.xacro
[3.212s] -- Installing: /home/jack/ros2_ws/install/dsr_description2/share/dsr_description2/xacro/macro.a0509.blue.xacro
[3.213s] -- Installing: /home/jack/ros2_ws/install/dsr_description2/share/dsr_description2/xacro/macro.h2017.blue.xacro
[3.213s] -- Installing: /home/jack/ros2_ws/install/dsr_description2/share/dsr_description2/xacro/h2515.urdf.xacro
[3.213s] -- Installing: /home/jack/ros2_ws/install/dsr_description2/share/dsr_description2/xacro/macro.m0617.blue.xacro
[3.213s] -- Installing: /home/jack/ros2_ws/install/dsr_description2/share/dsr_description2/xacro/macro.m1013.white.xacro
[3.213s] -- Installing: /home/jack/ros2_ws/install/dsr_description2/share/dsr_description2/xacro/macro.m0609.blue.xacro
[3.213s] -- Installing: /home/jack/ros2_ws/install/dsr_description2/share/dsr_description2/xacro/macro.p3020.white.xacro
[3.213s] -- Installing: /home/jack/ros2_ws/install/dsr_description2/share/dsr_description2/xacro/macro.p3020.blue.xacro
[3.213s] -- Installing: /home/jack/ros2_ws/install/dsr_description2/share/dsr_description2/xacro/p3020.urdf.xacro
[3.213s] -- Installing: /home/jack/ros2_ws/install/dsr_description2/share/dsr_description2/xacro/macro.m1509.blue.xacro
[3.214s] -- Installing: /home/jack/ros2_ws/install/dsr_description2/share/dsr_description2/config
[3.214s] -- Installing: /home/jack/ros2_ws/install/dsr_description2/share/dsr_description2/config/macro.wheel.xacro
[3.214s] -- Installing: /home/jack/ros2_ws/install/dsr_description2/share/dsr_description2/config/macro.gazebo.p3020.xacro
[3.214s] -- Installing: /home/jack/ros2_ws/install/dsr_description2/share/dsr_description2/config/macro.transmission.xacro
[3.214s] -- Installing: /home/jack/ros2_ws/install/dsr_description2/share/dsr_description2/config/macro.materials.xacro
[3.214s] -- Installing: /home/jack/ros2_ws/install/dsr_description2/share/dsr_description2/config/macro.gazebo.xacro
[3.214s] -- Installing: /home/jack/ros2_ws/install/dsr_description2/share/dsr_description2/config/macro.decorations.xacro
[3.214s] -- Installing: /home/jack/ros2_ws/install/dsr_description2/share/dsr_description2/ros2_control
[3.214s] -- Installing: /home/jack/ros2_ws/install/dsr_description2/share/dsr_description2/ros2_control/p3020.ros2_control.xacro
[3.214s] -- Installing: /home/jack/ros2_ws/install/dsr_description2/share/dsr_description2/ros2_control/m1509.ros2_control.xacro
[3.214s] -- Installing: /home/jack/ros2_ws/install/dsr_description2/share/dsr_description2/ros2_control/a0509.gz_ros2_control.xacro
[3.214s] -- Installing: /home/jack/ros2_ws/install/dsr_description2/share/dsr_description2/ros2_control/a0912.ros2_control.xacro
[3.214s] -- Installing: /home/jack/ros2_ws/install/dsr_description2/share/dsr_description2/ros2_control/h2017.gz_ros2_control.xacro
[3.215s] -- Installing: /home/jack/ros2_ws/install/dsr_description2/share/dsr_description2/ros2_control/h2017.ros2_control.xacro
[3.215s] -- Installing: /home/jack/ros2_ws/install/dsr_description2/share/dsr_description2/ros2_control/m1509.gz_ros2_control.xacro
[3.215s] -- Installing: /home/jack/ros2_ws/install/dsr_description2/share/dsr_description2/ros2_control/m0617.ros2_control.xacro
[3.215s] -- Installing: /home/jack/ros2_ws/install/dsr_description2/share/dsr_description2/ros2_control/h2515.gz_ros2_control.xacro
[3.215s] -- Installing: /home/jack/ros2_ws/install/dsr_description2/share/dsr_description2/ros2_control/p3020.gz_ros2_control.xacro
[3.215s] -- Installing: /home/jack/ros2_ws/install/dsr_description2/share/dsr_description2/ros2_control/h2515.ros2_control.xacro
[3.215s] -- Installing: /home/jack/ros2_ws/install/dsr_description2/share/dsr_description2/ros2_control/m0609.ros2_control.xacro
[3.215s] -- Installing: /home/jack/ros2_ws/install/dsr_description2/share/dsr_description2/ros2_control/m0617.gz_ros2_control.xacro
[3.215s] -- Installing: /home/jack/ros2_ws/install/dsr_description2/share/dsr_description2/ros2_control/m1013.ros2_control.xacro
[3.215s] -- Installing: /home/jack/ros2_ws/install/dsr_description2/share/dsr_description2/ros2_control/e0509.gz_ros2_control.xacro
[3.215s] -- Installing: /home/jack/ros2_ws/install/dsr_description2/share/dsr_description2/ros2_control/a0912.gz_ros2_control.xacro
[3.215s] -- Installing: /home/jack/ros2_ws/install/dsr_description2/share/dsr_description2/ros2_control/e0509.ros2_control.xacro
[3.216s] -- Installing: /home/jack/ros2_ws/install/dsr_description2/share/dsr_description2/ros2_control/m1013.gz_ros2_control.xacro
[3.216s] -- Installing: /home/jack/ros2_ws/install/dsr_description2/share/dsr_description2/ros2_control/m0609.gz_ros2_control.xacro
[3.216s] -- Installing: /home/jack/ros2_ws/install/dsr_description2/share/dsr_description2/ros2_control/a0509.ros2_control.xacro
[3.216s] -- Installing: /home/jack/ros2_ws/install/dsr_description2/share/dsr_description2/launch
[3.216s] -- Installing: /home/jack/ros2_ws/install/dsr_description2/share/dsr_description2/launch/dsr_description.launch.py
[3.216s] -- Installing: /home/jack/ros2_ws/install/dsr_description2/share/dsr_description2/rviz
[3.216s] -- Installing: /home/jack/ros2_ws/install/dsr_description2/share/dsr_description2/rviz/default.rviz
[3.216s] -- Installing: /home/jack/ros2_ws/install/dsr_description2/share/dsr_description2/rviz/moveit.rviz
[3.224s] Invoked command in '/home/jack/ros2_ws/build/dsr_description2' returned '0': CMAKE_PREFIX_PATH=/opt/ros/humble /usr/bin/cmake --install /home/jack/ros2_ws/build/dsr_description2
