[0.010s] Invoking command in '/home/jack/ros2_ws/build/doosan_somacube_rl': CMAKE_PREFIX_PATH=/opt/ros/humble /usr/bin/cmake --build /home/jack/ros2_ws/build/doosan_somacube_rl -- -j8 -l8
[0.035s] -- Found ament_cmake: 1.3.11 (/opt/ros/humble/share/ament_cmake/cmake)
[0.147s] -- Found rclpy: 3.3.16 (/opt/ros/humble/share/rclpy/cmake)
[0.147s] -- Found std_msgs: 4.9.0 (/opt/ros/humble/share/std_msgs/cmake)
[0.179s] -- Found rosidl_generator_c: 3.1.6 (/opt/ros/humble/share/rosidl_generator_c/cmake)
[0.182s] -- Found rosidl_adapter: 3.1.6 (/opt/ros/humble/share/rosidl_adapter/cmake)
[0.191s] -- Found rosidl_generator_cpp: 3.1.6 (/opt/ros/humble/share/rosidl_generator_cpp/cmake)
[0.202s] -- Using all available rosidl_typesupport_c: rosidl_typesupport_fastrtps_c;rosidl_typesupport_introspection_c
[0.216s] -- Using all available rosidl_typesupport_cpp: rosidl_typesupport_fastrtps_cpp;rosidl_typesupport_introspection_cpp
[0.242s] -- Found geometry_msgs: 4.9.0 (/opt/ros/humble/share/geometry_msgs/cmake)
[0.255s] -- Found sensor_msgs: 4.9.0 (/opt/ros/humble/share/sensor_msgs/cmake)
[0.272s] -- Found rosidl_default_generators: 1.2.0 (/opt/ros/humble/share/rosidl_default_generators/cmake)
[0.430s] CMake Error at /opt/ros/humble/share/rosidl_adapter/cmake/rosidl_adapt_interfaces.cmake:59 (message):
[0.430s]   execute_process(/usr/bin/python3 -m rosidl_adapter --package-name
[0.430s]   doosan_somacube_rl --arguments-file
[0.430s]   /home/jack/ros2_ws/build/doosan_somacube_rl/rosidl_adapter__arguments__doosan_somacube_rl.json
[0.430s]   --output-dir
[0.430s]   /home/jack/ros2_ws/build/doosan_somacube_rl/rosidl_adapter/doosan_somacube_rl
[0.430s]   --output-file
[0.430s]   /home/jack/ros2_ws/build/doosan_somacube_rl/rosidl_adapter/doosan_somacube_rl.idls)
[0.430s]   returned error code 1:
[0.430s] 
[0.430s]   Error processing 'float32 dKp' of 'doosan_somacube_rl/PolicyCmd': ''dKp' is
[0.430s]   an invalid field name.  It should have the pattern
[0.430s]   '^(?!.*__)(?!.*_$)[a-z][a-z0-9_]*$''
[0.430s] 
[0.430s]   Traceback (most recent call last):
[0.431s] 
[0.431s]     File "/usr/lib/python3.10/runpy.py", line 196, in _run_module_as_main
[0.431s]       return _run_code(code, main_globals, None,
[0.431s]     File "/usr/lib/python3.10/runpy.py", line 86, in _run_code
[0.431s]       exec(code, run_globals)
[0.431s]     File "/opt/ros/humble/local/lib/python3.10/dist-packages/rosidl_adapter/__main__.py", line 19, in <module>
[0.431s]       sys.exit(main())
[0.431s]     File "/opt/ros/humble/local/lib/python3.10/dist-packages/rosidl_adapter/main.py", line 53, in main
[0.431s]       abs_idl_file = convert_to_idl(
[0.431s]     File "/opt/ros/humble/local/lib/python3.10/dist-packages/rosidl_adapter/__init__.py", line 19, in convert_to_idl
[0.431s]       return convert_msg_to_idl(
[0.431s]     File "/opt/ros/humble/local/lib/python3.10/dist-packages/rosidl_adapter/msg/__init__.py", line 28, in convert_msg_to_idl
[0.431s]       msg = parse_message_string(package_name, input_file.stem, content)
[0.431s]     File "/opt/ros/humble/local/lib/python3.10/dist-packages/rosidl_adapter/parser.py", line 519, in parse_message_string
[0.431s]       fields.append(Field(
[0.432s]     File "/opt/ros/humble/local/lib/python3.10/dist-packages/rosidl_adapter/parser.py", line 354, in __init__
[0.432s]       raise NameError(
[0.432s] 
[0.432s]   NameError: 'dKp' is an invalid field name.  It should have the pattern
[0.432s]   '^(?!.*__)(?!.*_$)[a-z][a-z0-9_]*$'
[0.432s] 
[0.432s] Call Stack (most recent call first):
[0.432s]   /opt/ros/humble/share/rosidl_cmake/cmake/rosidl_generate_interfaces.cmake:130 (rosidl_adapt_interfaces)
[0.432s]   CMakeLists.txt:18 (rosidl_generate_interfaces)
[0.432s] 
[0.432s] 
[0.432s] -- Configuring incomplete, errors occurred!
[0.432s] See also "/home/jack/ros2_ws/build/doosan_somacube_rl/CMakeFiles/CMakeOutput.log".
[0.434s] gmake: *** [Makefile:1179: cmake_check_build_system] Error 1
[0.436s] Invoked command in '/home/jack/ros2_ws/build/doosan_somacube_rl' returned '2': CMAKE_PREFIX_PATH=/opt/ros/humble /usr/bin/cmake --build /home/jack/ros2_ws/build/doosan_somacube_rl -- -j8 -l8
