[0.008s] Invoking command in '/home/jack/ros2_ws/build/doosan_somacube_rl': CMAKE_PREFIX_PATH=/opt/ros/humble /usr/bin/cmake --build /home/jack/ros2_ws/build/doosan_somacube_rl -- -j8 -l8
[0.046s] Consolidate compiler generated dependencies of target doosan_somacube_rl__rosidl_generator_c
[0.052s] [  2%] Built target doosan_somacube_rl__cpp
[0.053s] [ 12%] Built target doosan_somacube_rl__rosidl_generator_c
[0.059s] [ 12%] Built target ament_cmake_python_copy_doosan_somacube_rl
[0.063s] Consolidate compiler generated dependencies of target doosan_somacube_rl__rosidl_typesupport_c
[0.064s] Consolidate compiler generated dependencies of target doosan_somacube_rl__rosidl_typesupport_introspection_c
[0.065s] Consolidate compiler generated dependencies of target doosan_somacube_rl__rosidl_typesupport_cpp
[0.065s] Consolidate compiler generated dependencies of target doosan_somacube_rl__rosidl_typesupport_introspection_cpp
[0.065s] Consolidate compiler generated dependencies of target doosan_somacube_rl__rosidl_typesupport_fastrtps_cpp
[0.065s] Consolidate compiler generated dependencies of target doosan_somacube_rl__rosidl_typesupport_fastrtps_c
[0.073s] [ 23%] Built target doosan_somacube_rl__rosidl_typesupport_introspection_c
[0.074s] [ 34%] Built target doosan_somacube_rl__rosidl_typesupport_c
[0.076s] [ 44%] Built target doosan_somacube_rl__rosidl_typesupport_fastrtps_cpp
[0.076s] [ 55%] Built target doosan_somacube_rl__rosidl_typesupport_cpp
[0.077s] [ 76%] Built target doosan_somacube_rl__rosidl_typesupport_introspection_cpp
[0.077s] [ 76%] Built target doosan_somacube_rl__rosidl_typesupport_fastrtps_c
[0.091s] [ 76%] Built target doosan_somacube_rl
[0.107s] [ 78%] Built target doosan_somacube_rl__py
[0.116s] Consolidate compiler generated dependencies of target doosan_somacube_rl__rosidl_generator_py
[0.125s] [ 87%] Built target doosan_somacube_rl__rosidl_generator_py
[0.133s] Consolidate compiler generated dependencies of target doosan_somacube_rl__rosidl_typesupport_fastrtps_c__pyext
[0.133s] Consolidate compiler generated dependencies of target doosan_somacube_rl__rosidl_typesupport_c__pyext
[0.133s] Consolidate compiler generated dependencies of target doosan_somacube_rl__rosidl_typesupport_introspection_c__pyext
[0.142s] [ 97%] Built target doosan_somacube_rl__rosidl_typesupport_fastrtps_c__pyext
[0.142s] [ 97%] Built target doosan_somacube_rl__rosidl_typesupport_c__pyext
[0.142s] [100%] Built target doosan_somacube_rl__rosidl_typesupport_introspection_c__pyext
[0.273s] running egg_info
[0.273s] writing doosan_somacube_rl.egg-info/PKG-INFO
[0.274s] writing dependency_links to doosan_somacube_rl.egg-info/dependency_links.txt
[0.274s] writing top-level names to doosan_somacube_rl.egg-info/top_level.txt
[0.276s] reading manifest file 'doosan_somacube_rl.egg-info/SOURCES.txt'
[0.276s] writing manifest file 'doosan_somacube_rl.egg-info/SOURCES.txt'
[0.297s] [100%] Built target ament_cmake_python_build_doosan_somacube_rl_egg
[0.305s] Invoked command in '/home/jack/ros2_ws/build/doosan_somacube_rl' returned '0': CMAKE_PREFIX_PATH=/opt/ros/humble /usr/bin/cmake --build /home/jack/ros2_ws/build/doosan_somacube_rl -- -j8 -l8
[0.312s] Invoking command in '/home/jack/ros2_ws/build/doosan_somacube_rl': CMAKE_PREFIX_PATH=/opt/ros/humble /usr/bin/cmake --install /home/jack/ros2_ws/build/doosan_somacube_rl
[0.318s] -- Install configuration: ""
[0.318s] -- Up-to-date: /home/jack/ros2_ws/install/doosan_somacube_rl/share/ament_index/resource_index/rosidl_interfaces/doosan_somacube_rl
[0.318s] -- Up-to-date: /home/jack/ros2_ws/install/doosan_somacube_rl/include/doosan_somacube_rl/doosan_somacube_rl
[0.318s] -- Up-to-date: /home/jack/ros2_ws/install/doosan_somacube_rl/include/doosan_somacube_rl/doosan_somacube_rl/msg
[0.318s] -- Up-to-date: /home/jack/ros2_ws/install/doosan_somacube_rl/include/doosan_somacube_rl/doosan_somacube_rl/msg/detail
[0.318s] -- Up-to-date: /home/jack/ros2_ws/install/doosan_somacube_rl/include/doosan_somacube_rl/doosan_somacube_rl/msg/detail/register_quality__functions.h
[0.318s] -- Up-to-date: /home/jack/ros2_ws/install/doosan_somacube_rl/include/doosan_somacube_rl/doosan_somacube_rl/msg/detail/register_quality__functions.c
[0.319s] -- Up-to-date: /home/jack/ros2_ws/install/doosan_somacube_rl/include/doosan_somacube_rl/doosan_somacube_rl/msg/detail/safety_event__functions.c
[0.319s] -- Up-to-date: /home/jack/ros2_ws/install/doosan_somacube_rl/include/doosan_somacube_rl/doosan_somacube_rl/msg/detail/policy_cmd__struct.h
[0.319s] -- Up-to-date: /home/jack/ros2_ws/install/doosan_somacube_rl/include/doosan_somacube_rl/doosan_somacube_rl/msg/detail/safety_event__type_support.h
[0.319s] -- Up-to-date: /home/jack/ros2_ws/install/doosan_somacube_rl/include/doosan_somacube_rl/doosan_somacube_rl/msg/detail/safety_event__functions.h
[0.319s] -- Up-to-date: /home/jack/ros2_ws/install/doosan_somacube_rl/include/doosan_somacube_rl/doosan_somacube_rl/msg/detail/register_quality__type_support.h
[0.320s] -- Up-to-date: /home/jack/ros2_ws/install/doosan_somacube_rl/include/doosan_somacube_rl/doosan_somacube_rl/msg/detail/policy_cmd__functions.h
[0.320s] -- Up-to-date: /home/jack/ros2_ws/install/doosan_somacube_rl/include/doosan_somacube_rl/doosan_somacube_rl/msg/detail/policy_cmd__type_support.h
[0.320s] -- Up-to-date: /home/jack/ros2_ws/install/doosan_somacube_rl/include/doosan_somacube_rl/doosan_somacube_rl/msg/detail/safety_event__struct.h
[0.320s] -- Up-to-date: /home/jack/ros2_ws/install/doosan_somacube_rl/include/doosan_somacube_rl/doosan_somacube_rl/msg/detail/policy_cmd__functions.c
[0.320s] -- Up-to-date: /home/jack/ros2_ws/install/doosan_somacube_rl/include/doosan_somacube_rl/doosan_somacube_rl/msg/detail/register_quality__struct.h
[0.320s] -- Up-to-date: /home/jack/ros2_ws/install/doosan_somacube_rl/include/doosan_somacube_rl/doosan_somacube_rl/msg/register_quality.h
[0.320s] -- Up-to-date: /home/jack/ros2_ws/install/doosan_somacube_rl/include/doosan_somacube_rl/doosan_somacube_rl/msg/policy_cmd.h
[0.320s] -- Up-to-date: /home/jack/ros2_ws/install/doosan_somacube_rl/include/doosan_somacube_rl/doosan_somacube_rl/msg/safety_event.h
[0.320s] -- Up-to-date: /home/jack/ros2_ws/install/doosan_somacube_rl/include/doosan_somacube_rl/doosan_somacube_rl/msg/rosidl_generator_c__visibility_control.h
[0.320s] -- Up-to-date: /home/jack/ros2_ws/install/doosan_somacube_rl/share/doosan_somacube_rl/environment/library_path.sh
[0.320s] -- Up-to-date: /home/jack/ros2_ws/install/doosan_somacube_rl/share/doosan_somacube_rl/environment/library_path.dsv
[0.321s] -- Up-to-date: /home/jack/ros2_ws/install/doosan_somacube_rl/lib/libdoosan_somacube_rl__rosidl_generator_c.so
[0.321s] -- Up-to-date: /home/jack/ros2_ws/install/doosan_somacube_rl/include/doosan_somacube_rl/doosan_somacube_rl
[0.321s] -- Up-to-date: /home/jack/ros2_ws/install/doosan_somacube_rl/include/doosan_somacube_rl/doosan_somacube_rl/msg
[0.321s] -- Up-to-date: /home/jack/ros2_ws/install/doosan_somacube_rl/include/doosan_somacube_rl/doosan_somacube_rl/msg/detail
[0.321s] -- Up-to-date: /home/jack/ros2_ws/install/doosan_somacube_rl/include/doosan_somacube_rl/doosan_somacube_rl/msg/detail/safety_event__rosidl_typesupport_fastrtps_c.h
[0.321s] -- Up-to-date: /home/jack/ros2_ws/install/doosan_somacube_rl/include/doosan_somacube_rl/doosan_somacube_rl/msg/detail/register_quality__rosidl_typesupport_fastrtps_c.h
[0.321s] -- Up-to-date: /home/jack/ros2_ws/install/doosan_somacube_rl/include/doosan_somacube_rl/doosan_somacube_rl/msg/detail/policy_cmd__rosidl_typesupport_fastrtps_c.h
[0.321s] -- Up-to-date: /home/jack/ros2_ws/install/doosan_somacube_rl/include/doosan_somacube_rl/doosan_somacube_rl/msg/rosidl_typesupport_fastrtps_c__visibility_control.h
[0.322s] -- Up-to-date: /home/jack/ros2_ws/install/doosan_somacube_rl/lib/libdoosan_somacube_rl__rosidl_typesupport_fastrtps_c.so
[0.322s] -- Up-to-date: /home/jack/ros2_ws/install/doosan_somacube_rl/include/doosan_somacube_rl/doosan_somacube_rl
[0.322s] -- Up-to-date: /home/jack/ros2_ws/install/doosan_somacube_rl/include/doosan_somacube_rl/doosan_somacube_rl/msg
[0.322s] -- Up-to-date: /home/jack/ros2_ws/install/doosan_somacube_rl/include/doosan_somacube_rl/doosan_somacube_rl/msg/detail
[0.322s] -- Up-to-date: /home/jack/ros2_ws/install/doosan_somacube_rl/include/doosan_somacube_rl/doosan_somacube_rl/msg/detail/register_quality__builder.hpp
[0.322s] -- Up-to-date: /home/jack/ros2_ws/install/doosan_somacube_rl/include/doosan_somacube_rl/doosan_somacube_rl/msg/detail/policy_cmd__builder.hpp
[0.322s] -- Up-to-date: /home/jack/ros2_ws/install/doosan_somacube_rl/include/doosan_somacube_rl/doosan_somacube_rl/msg/detail/policy_cmd__type_support.hpp
[0.322s] -- Up-to-date: /home/jack/ros2_ws/install/doosan_somacube_rl/include/doosan_somacube_rl/doosan_somacube_rl/msg/detail/safety_event__traits.hpp
[0.322s] -- Up-to-date: /home/jack/ros2_ws/install/doosan_somacube_rl/include/doosan_somacube_rl/doosan_somacube_rl/msg/detail/safety_event__struct.hpp
[0.322s] -- Up-to-date: /home/jack/ros2_ws/install/doosan_somacube_rl/include/doosan_somacube_rl/doosan_somacube_rl/msg/detail/safety_event__type_support.hpp
[0.322s] -- Up-to-date: /home/jack/ros2_ws/install/doosan_somacube_rl/include/doosan_somacube_rl/doosan_somacube_rl/msg/detail/register_quality__type_support.hpp
[0.322s] -- Up-to-date: /home/jack/ros2_ws/install/doosan_somacube_rl/include/doosan_somacube_rl/doosan_somacube_rl/msg/detail/safety_event__builder.hpp
[0.322s] -- Up-to-date: /home/jack/ros2_ws/install/doosan_somacube_rl/include/doosan_somacube_rl/doosan_somacube_rl/msg/detail/register_quality__struct.hpp
[0.322s] -- Up-to-date: /home/jack/ros2_ws/install/doosan_somacube_rl/include/doosan_somacube_rl/doosan_somacube_rl/msg/detail/register_quality__traits.hpp
[0.322s] -- Up-to-date: /home/jack/ros2_ws/install/doosan_somacube_rl/include/doosan_somacube_rl/doosan_somacube_rl/msg/detail/policy_cmd__struct.hpp
[0.322s] -- Up-to-date: /home/jack/ros2_ws/install/doosan_somacube_rl/include/doosan_somacube_rl/doosan_somacube_rl/msg/detail/policy_cmd__traits.hpp
[0.323s] -- Up-to-date: /home/jack/ros2_ws/install/doosan_somacube_rl/include/doosan_somacube_rl/doosan_somacube_rl/msg/register_quality.hpp
[0.323s] -- Up-to-date: /home/jack/ros2_ws/install/doosan_somacube_rl/include/doosan_somacube_rl/doosan_somacube_rl/msg/policy_cmd.hpp
[0.323s] -- Up-to-date: /home/jack/ros2_ws/install/doosan_somacube_rl/include/doosan_somacube_rl/doosan_somacube_rl/msg/rosidl_generator_cpp__visibility_control.hpp
[0.323s] -- Up-to-date: /home/jack/ros2_ws/install/doosan_somacube_rl/include/doosan_somacube_rl/doosan_somacube_rl/msg/safety_event.hpp
[0.323s] -- Up-to-date: /home/jack/ros2_ws/install/doosan_somacube_rl/include/doosan_somacube_rl/doosan_somacube_rl
[0.323s] -- Up-to-date: /home/jack/ros2_ws/install/doosan_somacube_rl/include/doosan_somacube_rl/doosan_somacube_rl/msg
[0.323s] -- Up-to-date: /home/jack/ros2_ws/install/doosan_somacube_rl/include/doosan_somacube_rl/doosan_somacube_rl/msg/detail
[0.323s] -- Up-to-date: /home/jack/ros2_ws/install/doosan_somacube_rl/include/doosan_somacube_rl/doosan_somacube_rl/msg/detail/dds_fastrtps
[0.323s] -- Up-to-date: /home/jack/ros2_ws/install/doosan_somacube_rl/include/doosan_somacube_rl/doosan_somacube_rl/msg/detail/register_quality__rosidl_typesupport_fastrtps_cpp.hpp
[0.323s] -- Up-to-date: /home/jack/ros2_ws/install/doosan_somacube_rl/include/doosan_somacube_rl/doosan_somacube_rl/msg/detail/policy_cmd__rosidl_typesupport_fastrtps_cpp.hpp
[0.323s] -- Up-to-date: /home/jack/ros2_ws/install/doosan_somacube_rl/include/doosan_somacube_rl/doosan_somacube_rl/msg/detail/safety_event__rosidl_typesupport_fastrtps_cpp.hpp
[0.323s] -- Up-to-date: /home/jack/ros2_ws/install/doosan_somacube_rl/include/doosan_somacube_rl/doosan_somacube_rl/msg/rosidl_typesupport_fastrtps_cpp__visibility_control.h
[0.323s] -- Up-to-date: /home/jack/ros2_ws/install/doosan_somacube_rl/lib/libdoosan_somacube_rl__rosidl_typesupport_fastrtps_cpp.so
[0.323s] -- Up-to-date: /home/jack/ros2_ws/install/doosan_somacube_rl/include/doosan_somacube_rl/doosan_somacube_rl
[0.323s] -- Up-to-date: /home/jack/ros2_ws/install/doosan_somacube_rl/include/doosan_somacube_rl/doosan_somacube_rl/msg
[0.323s] -- Up-to-date: /home/jack/ros2_ws/install/doosan_somacube_rl/include/doosan_somacube_rl/doosan_somacube_rl/msg/detail
[0.324s] -- Up-to-date: /home/jack/ros2_ws/install/doosan_somacube_rl/include/doosan_somacube_rl/doosan_somacube_rl/msg/detail/safety_event__rosidl_typesupport_introspection_c.h
[0.324s] -- Up-to-date: /home/jack/ros2_ws/install/doosan_somacube_rl/include/doosan_somacube_rl/doosan_somacube_rl/msg/detail/register_quality__type_support.c
[0.324s] -- Up-to-date: /home/jack/ros2_ws/install/doosan_somacube_rl/include/doosan_somacube_rl/doosan_somacube_rl/msg/detail/policy_cmd__rosidl_typesupport_introspection_c.h
[0.324s] -- Up-to-date: /home/jack/ros2_ws/install/doosan_somacube_rl/include/doosan_somacube_rl/doosan_somacube_rl/msg/detail/safety_event__type_support.c
[0.324s] -- Up-to-date: /home/jack/ros2_ws/install/doosan_somacube_rl/include/doosan_somacube_rl/doosan_somacube_rl/msg/detail/policy_cmd__type_support.c
[0.324s] -- Up-to-date: /home/jack/ros2_ws/install/doosan_somacube_rl/include/doosan_somacube_rl/doosan_somacube_rl/msg/detail/register_quality__rosidl_typesupport_introspection_c.h
[0.324s] -- Up-to-date: /home/jack/ros2_ws/install/doosan_somacube_rl/include/doosan_somacube_rl/doosan_somacube_rl/msg/rosidl_typesupport_introspection_c__visibility_control.h
[0.324s] -- Up-to-date: /home/jack/ros2_ws/install/doosan_somacube_rl/lib/libdoosan_somacube_rl__rosidl_typesupport_introspection_c.so
[0.324s] -- Up-to-date: /home/jack/ros2_ws/install/doosan_somacube_rl/lib/libdoosan_somacube_rl__rosidl_typesupport_c.so
[0.324s] -- Up-to-date: /home/jack/ros2_ws/install/doosan_somacube_rl/include/doosan_somacube_rl/doosan_somacube_rl
[0.324s] -- Up-to-date: /home/jack/ros2_ws/install/doosan_somacube_rl/include/doosan_somacube_rl/doosan_somacube_rl/msg
[0.324s] -- Up-to-date: /home/jack/ros2_ws/install/doosan_somacube_rl/include/doosan_somacube_rl/doosan_somacube_rl/msg/detail
[0.324s] -- Up-to-date: /home/jack/ros2_ws/install/doosan_somacube_rl/include/doosan_somacube_rl/doosan_somacube_rl/msg/detail/policy_cmd__type_support.cpp
[0.324s] -- Up-to-date: /home/jack/ros2_ws/install/doosan_somacube_rl/include/doosan_somacube_rl/doosan_somacube_rl/msg/detail/safety_event__type_support.cpp
[0.324s] -- Up-to-date: /home/jack/ros2_ws/install/doosan_somacube_rl/include/doosan_somacube_rl/doosan_somacube_rl/msg/detail/safety_event__rosidl_typesupport_introspection_cpp.hpp
[0.324s] -- Up-to-date: /home/jack/ros2_ws/install/doosan_somacube_rl/include/doosan_somacube_rl/doosan_somacube_rl/msg/detail/register_quality__rosidl_typesupport_introspection_cpp.hpp
[0.325s] -- Up-to-date: /home/jack/ros2_ws/install/doosan_somacube_rl/include/doosan_somacube_rl/doosan_somacube_rl/msg/detail/policy_cmd__rosidl_typesupport_introspection_cpp.hpp
[0.325s] -- Up-to-date: /home/jack/ros2_ws/install/doosan_somacube_rl/include/doosan_somacube_rl/doosan_somacube_rl/msg/detail/register_quality__type_support.cpp
[0.325s] -- Up-to-date: /home/jack/ros2_ws/install/doosan_somacube_rl/lib/libdoosan_somacube_rl__rosidl_typesupport_introspection_cpp.so
[0.325s] -- Up-to-date: /home/jack/ros2_ws/install/doosan_somacube_rl/lib/libdoosan_somacube_rl__rosidl_typesupport_cpp.so
[0.325s] -- Up-to-date: /home/jack/ros2_ws/install/doosan_somacube_rl/share/doosan_somacube_rl/environment/pythonpath.sh
[0.325s] -- Up-to-date: /home/jack/ros2_ws/install/doosan_somacube_rl/share/doosan_somacube_rl/environment/pythonpath.dsv
[0.325s] -- Up-to-date: /home/jack/ros2_ws/install/doosan_somacube_rl/local/lib/python3.10/dist-packages/doosan_somacube_rl-1.0.0-py3.10.egg-info
[0.325s] -- Installing: /home/jack/ros2_ws/install/doosan_somacube_rl/local/lib/python3.10/dist-packages/doosan_somacube_rl-1.0.0-py3.10.egg-info/SOURCES.txt
[0.325s] -- Installing: /home/jack/ros2_ws/install/doosan_somacube_rl/local/lib/python3.10/dist-packages/doosan_somacube_rl-1.0.0-py3.10.egg-info/PKG-INFO
[0.325s] -- Installing: /home/jack/ros2_ws/install/doosan_somacube_rl/local/lib/python3.10/dist-packages/doosan_somacube_rl-1.0.0-py3.10.egg-info/dependency_links.txt
[0.325s] -- Installing: /home/jack/ros2_ws/install/doosan_somacube_rl/local/lib/python3.10/dist-packages/doosan_somacube_rl-1.0.0-py3.10.egg-info/top_level.txt
[0.325s] -- Up-to-date: /home/jack/ros2_ws/install/doosan_somacube_rl/local/lib/python3.10/dist-packages/doosan_somacube_rl
[0.325s] -- Up-to-date: /home/jack/ros2_ws/install/doosan_somacube_rl/local/lib/python3.10/dist-packages/doosan_somacube_rl/libdoosan_somacube_rl__rosidl_generator_py.so
[0.325s] -- Up-to-date: /home/jack/ros2_ws/install/doosan_somacube_rl/local/lib/python3.10/dist-packages/doosan_somacube_rl/doosan_somacube_rl_s__rosidl_typesupport_introspection_c.cpython-310-x86_64-linux-gnu.so
[0.325s] -- Up-to-date: /home/jack/ros2_ws/install/doosan_somacube_rl/local/lib/python3.10/dist-packages/doosan_somacube_rl/_doosan_somacube_rl_s.ep.rosidl_typesupport_c.c
[0.325s] -- Up-to-date: /home/jack/ros2_ws/install/doosan_somacube_rl/local/lib/python3.10/dist-packages/doosan_somacube_rl/_doosan_somacube_rl_s.ep.rosidl_typesupport_fastrtps_c.c
[0.325s] -- Up-to-date: /home/jack/ros2_ws/install/doosan_somacube_rl/local/lib/python3.10/dist-packages/doosan_somacube_rl/doosan_somacube_rl_s__rosidl_typesupport_c.cpython-310-x86_64-linux-gnu.so
[0.326s] -- Up-to-date: /home/jack/ros2_ws/install/doosan_somacube_rl/local/lib/python3.10/dist-packages/doosan_somacube_rl/doosan_somacube_rl_s__rosidl_typesupport_fastrtps_c.cpython-310-x86_64-linux-gnu.so
[0.326s] -- Up-to-date: /home/jack/ros2_ws/install/doosan_somacube_rl/local/lib/python3.10/dist-packages/doosan_somacube_rl/msg
[0.326s] -- Up-to-date: /home/jack/ros2_ws/install/doosan_somacube_rl/local/lib/python3.10/dist-packages/doosan_somacube_rl/msg/_register_quality.py
[0.326s] -- Up-to-date: /home/jack/ros2_ws/install/doosan_somacube_rl/local/lib/python3.10/dist-packages/doosan_somacube_rl/msg/_safety_event_s.c
[0.326s] -- Up-to-date: /home/jack/ros2_ws/install/doosan_somacube_rl/local/lib/python3.10/dist-packages/doosan_somacube_rl/msg/_safety_event.py
[0.326s] -- Up-to-date: /home/jack/ros2_ws/install/doosan_somacube_rl/local/lib/python3.10/dist-packages/doosan_somacube_rl/msg/_register_quality_s.c
[0.326s] -- Up-to-date: /home/jack/ros2_ws/install/doosan_somacube_rl/local/lib/python3.10/dist-packages/doosan_somacube_rl/msg/__init__.py
[0.326s] -- Up-to-date: /home/jack/ros2_ws/install/doosan_somacube_rl/local/lib/python3.10/dist-packages/doosan_somacube_rl/msg/_policy_cmd.py
[0.326s] -- Up-to-date: /home/jack/ros2_ws/install/doosan_somacube_rl/local/lib/python3.10/dist-packages/doosan_somacube_rl/msg/_policy_cmd_s.c
[0.326s] -- Up-to-date: /home/jack/ros2_ws/install/doosan_somacube_rl/local/lib/python3.10/dist-packages/doosan_somacube_rl/__init__.py
[0.326s] -- Up-to-date: /home/jack/ros2_ws/install/doosan_somacube_rl/local/lib/python3.10/dist-packages/doosan_somacube_rl/_doosan_somacube_rl_s.ep.rosidl_typesupport_introspection_c.c
[0.345s] Listing '/home/jack/ros2_ws/install/doosan_somacube_rl/local/lib/python3.10/dist-packages/doosan_somacube_rl'...
[0.345s] Listing '/home/jack/ros2_ws/install/doosan_somacube_rl/local/lib/python3.10/dist-packages/doosan_somacube_rl/msg'...
[0.348s] -- Up-to-date: /home/jack/ros2_ws/install/doosan_somacube_rl/local/lib/python3.10/dist-packages/doosan_somacube_rl/doosan_somacube_rl_s__rosidl_typesupport_fastrtps_c.cpython-310-x86_64-linux-gnu.so
[0.348s] -- Up-to-date: /home/jack/ros2_ws/install/doosan_somacube_rl/local/lib/python3.10/dist-packages/doosan_somacube_rl/doosan_somacube_rl_s__rosidl_typesupport_introspection_c.cpython-310-x86_64-linux-gnu.so
[0.348s] -- Up-to-date: /home/jack/ros2_ws/install/doosan_somacube_rl/local/lib/python3.10/dist-packages/doosan_somacube_rl/doosan_somacube_rl_s__rosidl_typesupport_c.cpython-310-x86_64-linux-gnu.so
[0.348s] -- Up-to-date: /home/jack/ros2_ws/install/doosan_somacube_rl/lib/libdoosan_somacube_rl__rosidl_generator_py.so
[0.349s] -- Up-to-date: /home/jack/ros2_ws/install/doosan_somacube_rl/share/doosan_somacube_rl/msg/RegisterQuality.idl
[0.349s] -- Up-to-date: /home/jack/ros2_ws/install/doosan_somacube_rl/share/doosan_somacube_rl/msg/PolicyCmd.idl
[0.349s] -- Up-to-date: /home/jack/ros2_ws/install/doosan_somacube_rl/share/doosan_somacube_rl/msg/SafetyEvent.idl
[0.349s] -- Up-to-date: /home/jack/ros2_ws/install/doosan_somacube_rl/share/doosan_somacube_rl/msg/RegisterQuality.msg
[0.349s] -- Up-to-date: /home/jack/ros2_ws/install/doosan_somacube_rl/share/doosan_somacube_rl/msg/PolicyCmd.msg
[0.349s] -- Up-to-date: /home/jack/ros2_ws/install/doosan_somacube_rl/share/doosan_somacube_rl/msg/SafetyEvent.msg
[0.349s] -- Up-to-date: /home/jack/ros2_ws/install/doosan_somacube_rl/lib/doosan_somacube_rl/pc_preprocess_node.py
[0.349s] -- Up-to-date: /home/jack/ros2_ws/install/doosan_somacube_rl/lib/doosan_somacube_rl/pc_register_node.py
[0.349s] -- Up-to-date: /home/jack/ros2_ws/install/doosan_somacube_rl/lib/doosan_somacube_rl/pose_tracker_node.py
[0.350s] -- Up-to-date: /home/jack/ros2_ws/install/doosan_somacube_rl/lib/doosan_somacube_rl/imp_ctrl_node.py
[0.350s] -- Up-to-date: /home/jack/ros2_ws/install/doosan_somacube_rl/lib/doosan_somacube_rl/safety_monitor_node.py
[0.350s] -- Up-to-date: /home/jack/ros2_ws/install/doosan_somacube_rl/lib/doosan_somacube_rl/sequencer_node.py
[0.350s] -- Up-to-date: /home/jack/ros2_ws/install/doosan_somacube_rl/lib/doosan_somacube_rl/layer1_manager_node.py
[0.350s] -- Up-to-date: /home/jack/ros2_ws/install/doosan_somacube_rl/lib/doosan_somacube_rl/logger_node.py
[0.350s] -- Up-to-date: /home/jack/ros2_ws/install/doosan_somacube_rl/lib/doosan_somacube_rl/policy_sac_low_node.py
[0.350s] -- Up-to-date: /home/jack/ros2_ws/install/doosan_somacube_rl/share/doosan_somacube_rl/launch
[0.350s] -- Up-to-date: /home/jack/ros2_ws/install/doosan_somacube_rl/share/doosan_somacube_rl/launch/bringup_real.launch.py
[0.350s] -- Up-to-date: /home/jack/ros2_ws/install/doosan_somacube_rl/share/doosan_somacube_rl/config
[0.350s] -- Up-to-date: /home/jack/ros2_ws/install/doosan_somacube_rl/share/doosan_somacube_rl/config/grid.yaml
[0.350s] -- Up-to-date: /home/jack/ros2_ws/install/doosan_somacube_rl/share/doosan_somacube_rl/config/layer1_layout.yaml
[0.351s] -- Installing: /home/jack/ros2_ws/install/doosan_somacube_rl/share/doosan_somacube_rl/config/rl_somacube_params.yaml
[0.351s] -- Up-to-date: /home/jack/ros2_ws/install/doosan_somacube_rl/share/doosan_somacube_rl/config/topics_interfaces.yaml
[0.351s] -- Up-to-date: /home/jack/ros2_ws/install/doosan_somacube_rl/share/doosan_somacube_rl/scripts
[0.351s] -- Up-to-date: /home/jack/ros2_ws/install/doosan_somacube_rl/share/doosan_somacube_rl/scripts/verify_topics.py
[0.351s] -- Up-to-date: /home/jack/ros2_ws/install/doosan_somacube_rl/share/doosan_somacube_rl/scripts/bag_record.sh
[0.351s] -- Up-to-date: /home/jack/ros2_ws/install/doosan_somacube_rl/share/doosan_somacube_rl/test
[0.351s] -- Up-to-date: /home/jack/ros2_ws/install/doosan_somacube_rl/share/doosan_somacube_rl/test/test_gating_math.py
[0.351s] -- Up-to-date: /home/jack/ros2_ws/install/doosan_somacube_rl/share/ament_index/resource_index/package_run_dependencies/doosan_somacube_rl
[0.351s] -- Up-to-date: /home/jack/ros2_ws/install/doosan_somacube_rl/share/ament_index/resource_index/parent_prefix_path/doosan_somacube_rl
[0.351s] -- Up-to-date: /home/jack/ros2_ws/install/doosan_somacube_rl/share/doosan_somacube_rl/environment/ament_prefix_path.sh
[0.351s] -- Up-to-date: /home/jack/ros2_ws/install/doosan_somacube_rl/share/doosan_somacube_rl/environment/ament_prefix_path.dsv
[0.351s] -- Up-to-date: /home/jack/ros2_ws/install/doosan_somacube_rl/share/doosan_somacube_rl/environment/path.sh
[0.351s] -- Up-to-date: /home/jack/ros2_ws/install/doosan_somacube_rl/share/doosan_somacube_rl/environment/path.dsv
[0.352s] -- Up-to-date: /home/jack/ros2_ws/install/doosan_somacube_rl/share/doosan_somacube_rl/local_setup.bash
[0.352s] -- Up-to-date: /home/jack/ros2_ws/install/doosan_somacube_rl/share/doosan_somacube_rl/local_setup.sh
[0.352s] -- Up-to-date: /home/jack/ros2_ws/install/doosan_somacube_rl/share/doosan_somacube_rl/local_setup.zsh
[0.352s] -- Up-to-date: /home/jack/ros2_ws/install/doosan_somacube_rl/share/doosan_somacube_rl/local_setup.dsv
[0.352s] -- Installing: /home/jack/ros2_ws/install/doosan_somacube_rl/share/doosan_somacube_rl/package.dsv
[0.352s] -- Up-to-date: /home/jack/ros2_ws/install/doosan_somacube_rl/share/ament_index/resource_index/packages/doosan_somacube_rl
[0.352s] -- Up-to-date: /home/jack/ros2_ws/install/doosan_somacube_rl/share/doosan_somacube_rl/cmake/export_doosan_somacube_rl__rosidl_generator_cExport.cmake
[0.352s] -- Up-to-date: /home/jack/ros2_ws/install/doosan_somacube_rl/share/doosan_somacube_rl/cmake/export_doosan_somacube_rl__rosidl_generator_cExport-noconfig.cmake
[0.352s] -- Up-to-date: /home/jack/ros2_ws/install/doosan_somacube_rl/share/doosan_somacube_rl/cmake/export_doosan_somacube_rl__rosidl_typesupport_fastrtps_cExport.cmake
[0.352s] -- Up-to-date: /home/jack/ros2_ws/install/doosan_somacube_rl/share/doosan_somacube_rl/cmake/export_doosan_somacube_rl__rosidl_typesupport_fastrtps_cExport-noconfig.cmake
[0.352s] -- Up-to-date: /home/jack/ros2_ws/install/doosan_somacube_rl/share/doosan_somacube_rl/cmake/export_doosan_somacube_rl__rosidl_generator_cppExport.cmake
[0.352s] -- Up-to-date: /home/jack/ros2_ws/install/doosan_somacube_rl/share/doosan_somacube_rl/cmake/export_doosan_somacube_rl__rosidl_typesupport_fastrtps_cppExport.cmake
[0.352s] -- Up-to-date: /home/jack/ros2_ws/install/doosan_somacube_rl/share/doosan_somacube_rl/cmake/export_doosan_somacube_rl__rosidl_typesupport_fastrtps_cppExport-noconfig.cmake
[0.352s] -- Up-to-date: /home/jack/ros2_ws/install/doosan_somacube_rl/share/doosan_somacube_rl/cmake/doosan_somacube_rl__rosidl_typesupport_introspection_cExport.cmake
[0.352s] -- Up-to-date: /home/jack/ros2_ws/install/doosan_somacube_rl/share/doosan_somacube_rl/cmake/doosan_somacube_rl__rosidl_typesupport_introspection_cExport-noconfig.cmake
[0.352s] -- Up-to-date: /home/jack/ros2_ws/install/doosan_somacube_rl/share/doosan_somacube_rl/cmake/doosan_somacube_rl__rosidl_typesupport_cExport.cmake
[0.352s] -- Up-to-date: /home/jack/ros2_ws/install/doosan_somacube_rl/share/doosan_somacube_rl/cmake/doosan_somacube_rl__rosidl_typesupport_cExport-noconfig.cmake
[0.352s] -- Up-to-date: /home/jack/ros2_ws/install/doosan_somacube_rl/share/doosan_somacube_rl/cmake/doosan_somacube_rl__rosidl_typesupport_introspection_cppExport.cmake
[0.352s] -- Up-to-date: /home/jack/ros2_ws/install/doosan_somacube_rl/share/doosan_somacube_rl/cmake/doosan_somacube_rl__rosidl_typesupport_introspection_cppExport-noconfig.cmake
[0.352s] -- Up-to-date: /home/jack/ros2_ws/install/doosan_somacube_rl/share/doosan_somacube_rl/cmake/doosan_somacube_rl__rosidl_typesupport_cppExport.cmake
[0.352s] -- Up-to-date: /home/jack/ros2_ws/install/doosan_somacube_rl/share/doosan_somacube_rl/cmake/doosan_somacube_rl__rosidl_typesupport_cppExport-noconfig.cmake
[0.352s] -- Up-to-date: /home/jack/ros2_ws/install/doosan_somacube_rl/share/doosan_somacube_rl/cmake/export_doosan_somacube_rl__rosidl_generator_pyExport.cmake
[0.352s] -- Up-to-date: /home/jack/ros2_ws/install/doosan_somacube_rl/share/doosan_somacube_rl/cmake/export_doosan_somacube_rl__rosidl_generator_pyExport-noconfig.cmake
[0.352s] -- Up-to-date: /home/jack/ros2_ws/install/doosan_somacube_rl/share/doosan_somacube_rl/cmake/rosidl_cmake-extras.cmake
[0.352s] -- Up-to-date: /home/jack/ros2_ws/install/doosan_somacube_rl/share/doosan_somacube_rl/cmake/ament_cmake_export_dependencies-extras.cmake
[0.353s] -- Up-to-date: /home/jack/ros2_ws/install/doosan_somacube_rl/share/doosan_somacube_rl/cmake/ament_cmake_export_include_directories-extras.cmake
[0.353s] -- Up-to-date: /home/jack/ros2_ws/install/doosan_somacube_rl/share/doosan_somacube_rl/cmake/ament_cmake_export_libraries-extras.cmake
[0.353s] -- Up-to-date: /home/jack/ros2_ws/install/doosan_somacube_rl/share/doosan_somacube_rl/cmake/ament_cmake_export_targets-extras.cmake
[0.353s] -- Up-to-date: /home/jack/ros2_ws/install/doosan_somacube_rl/share/doosan_somacube_rl/cmake/rosidl_cmake_export_typesupport_targets-extras.cmake
[0.353s] -- Up-to-date: /home/jack/ros2_ws/install/doosan_somacube_rl/share/doosan_somacube_rl/cmake/rosidl_cmake_export_typesupport_libraries-extras.cmake
[0.353s] -- Up-to-date: /home/jack/ros2_ws/install/doosan_somacube_rl/share/doosan_somacube_rl/cmake/doosan_somacube_rlConfig.cmake
[0.353s] -- Up-to-date: /home/jack/ros2_ws/install/doosan_somacube_rl/share/doosan_somacube_rl/cmake/doosan_somacube_rlConfig-version.cmake
[0.353s] -- Up-to-date: /home/jack/ros2_ws/install/doosan_somacube_rl/share/doosan_somacube_rl/package.xml
[0.353s] Invoked command in '/home/jack/ros2_ws/build/doosan_somacube_rl' returned '0': CMAKE_PREFIX_PATH=/opt/ros/humble /usr/bin/cmake --install /home/jack/ros2_ws/build/doosan_somacube_rl
