[0.909s] Invoking command in '/home/jack/ros2_ws/src/DoosanBootcamp3rd/somacube': PYTHONPATH=/home/jack/ros2_ws/build/somacube/prefix_override:/home/jack/.local/lib/python3.10/site-packages/colcon_core/task/python/colcon_distutils_commands:/home/jack/ros2_ws/install/somacube/lib/python3.10/site-packages:${PYTHONPATH} /usr/bin/python3 -W ignore:setup.py install is deprecated -W ignore:easy_install command is deprecated setup.py egg_info --egg-base ../../../build/somacube build --build-base /home/jack/ros2_ws/build/somacube/build install --record /home/jack/ros2_ws/build/somacube/install.log --single-version-externally-managed install_data
[1.211s] running egg_info
[1.212s] writing ../../../build/somacube/somacube.egg-info/PKG-INFO
[1.212s] writing dependency_links to ../../../build/somacube/somacube.egg-info/dependency_links.txt
[1.212s] writing entry points to ../../../build/somacube/somacube.egg-info/entry_points.txt
[1.212s] writing requirements to ../../../build/somacube/somacube.egg-info/requires.txt
[1.212s] writing top-level names to ../../../build/somacube/somacube.egg-info/top_level.txt
[1.220s] reading manifest file '../../../build/somacube/somacube.egg-info/SOURCES.txt'
[1.221s] writing manifest file '../../../build/somacube/somacube.egg-info/SOURCES.txt'
[1.221s] running build
[1.221s] running build_py
[1.222s] copying somacube/RL_with_robot2.py -> /home/jack/ros2_ws/build/somacube/build/lib/somacube
[1.222s] running install
[1.222s] running install_lib
[1.223s] copying /home/jack/ros2_ws/build/somacube/build/lib/somacube/RL_with_robot2.py -> /home/jack/ros2_ws/install/somacube/lib/python3.10/site-packages/somacube
[1.224s] byte-compiling /home/jack/ros2_ws/install/somacube/lib/python3.10/site-packages/somacube/RL_with_robot2.py to RL_with_robot2.cpython-310.pyc
[1.230s] running install_data
[1.230s] running install_egg_info
[1.233s] removing '/home/jack/ros2_ws/install/somacube/lib/python3.10/site-packages/somacube-0.0.0-py3.10.egg-info' (and everything under it)
[1.233s] Copying ../../../build/somacube/somacube.egg-info to /home/jack/ros2_ws/install/somacube/lib/python3.10/site-packages/somacube-0.0.0-py3.10.egg-info
[1.234s] running install_scripts
[1.255s] Installing RL_with_robot2 script to /home/jack/ros2_ws/install/somacube/lib/somacube
[1.255s] Installing detection script to /home/jack/ros2_ws/install/somacube/lib/somacube
[1.255s] Installing robot_move script to /home/jack/ros2_ws/install/somacube/lib/somacube
[1.255s] writing list of installed files to '/home/jack/ros2_ws/build/somacube/install.log'
[1.283s] Invoked command in '/home/jack/ros2_ws/src/DoosanBootcamp3rd/somacube' returned '0': PYTHONPATH=/home/jack/ros2_ws/build/somacube/prefix_override:/home/jack/.local/lib/python3.10/site-packages/colcon_core/task/python/colcon_distutils_commands:/home/jack/ros2_ws/install/somacube/lib/python3.10/site-packages:${PYTHONPATH} /usr/bin/python3 -W ignore:setup.py install is deprecated -W ignore:easy_install command is deprecated setup.py egg_info --egg-base ../../../build/somacube build --build-base /home/jack/ros2_ws/build/somacube/build install --record /home/jack/ros2_ws/build/somacube/install.log --single-version-externally-managed install_data
