[0.052s] Invoking command in '/home/jack/ros2_ws/build/dsr_moveit_config_m1013': CMAKE_PREFIX_PATH=/opt/ros/humble /usr/bin/cmake /home/jack/ros2_ws/src/DoosanBootcamp3rd/dsr_moveit2/dsr_moveit_config_m1013 -DCMAKE_INSTALL_PREFIX=/home/jack/ros2_ws/install/dsr_moveit_config_m1013
[0.118s] -- The C compiler identification is GNU 11.4.0
[0.188s] -- The CXX compiler identification is GNU 11.4.0
[0.198s] -- Detecting C compiler ABI info
[0.290s] -- Detecting C compiler ABI info - done
[0.310s] -- Check for working C compiler: /usr/bin/cc - skipped
[0.311s] -- Detecting C compile features
[0.311s] -- Detecting C compile features - done
[0.314s] -- Detecting CXX compiler ABI info
[0.438s] -- Detecting CXX compiler ABI info - done
[0.471s] -- Check for working CXX compiler: /usr/bin/c++ - skipped
[0.471s] -- Detecting CXX compile features
[0.471s] -- Detecting CXX compile features - done
[0.475s] -- Found ament_cmake: 1.3.11 (/opt/ros/humble/share/ament_cmake/cmake)
[0.790s] -- Found Python3: /usr/bin/python3 (found version "3.10.12") found components: Interpreter 
[1.933s] -- Configuring done
[1.933s] -- Generating done
[1.934s] -- Build files have been written to: /home/jack/ros2_ws/build/dsr_moveit_config_m1013
[1.966s] Invoked command in '/home/jack/ros2_ws/build/dsr_moveit_config_m1013' returned '0': CMAKE_PREFIX_PATH=/opt/ros/humble /usr/bin/cmake /home/jack/ros2_ws/src/DoosanBootcamp3rd/dsr_moveit2/dsr_moveit_config_m1013 -DCMAKE_INSTALL_PREFIX=/home/jack/ros2_ws/install/dsr_moveit_config_m1013
[1.969s] Invoking command in '/home/jack/ros2_ws/build/dsr_moveit_config_m1013': CMAKE_PREFIX_PATH=/opt/ros/humble /usr/bin/cmake --build /home/jack/ros2_ws/build/dsr_moveit_config_m1013 -- -j8 -l8
[2.142s] Invoked command in '/home/jack/ros2_ws/build/dsr_moveit_config_m1013' returned '0': CMAKE_PREFIX_PATH=/opt/ros/humble /usr/bin/cmake --build /home/jack/ros2_ws/build/dsr_moveit_config_m1013 -- -j8 -l8
[2.143s] Invoking command in '/home/jack/ros2_ws/build/dsr_moveit_config_m1013': CMAKE_PREFIX_PATH=/opt/ros/humble /usr/bin/cmake --install /home/jack/ros2_ws/build/dsr_moveit_config_m1013
[2.196s] -- Install configuration: ""
[2.198s] -- Installing: /home/jack/ros2_ws/install/dsr_moveit_config_m1013/share/ament_index/resource_index/package_run_dependencies/dsr_moveit_config_m1013
[2.204s] -- Installing: /home/jack/ros2_ws/install/dsr_moveit_config_m1013/share/ament_index/resource_index/parent_prefix_path/dsr_moveit_config_m1013
[2.204s] -- Installing: /home/jack/ros2_ws/install/dsr_moveit_config_m1013/share/dsr_moveit_config_m1013/environment/ament_prefix_path.sh
[2.204s] -- Installing: /home/jack/ros2_ws/install/dsr_moveit_config_m1013/share/dsr_moveit_config_m1013/environment/ament_prefix_path.dsv
[2.204s] -- Installing: /home/jack/ros2_ws/install/dsr_moveit_config_m1013/share/dsr_moveit_config_m1013/environment/path.sh
[2.204s] -- Installing: /home/jack/ros2_ws/install/dsr_moveit_config_m1013/share/dsr_moveit_config_m1013/environment/path.dsv
[2.204s] -- Installing: /home/jack/ros2_ws/install/dsr_moveit_config_m1013/share/dsr_moveit_config_m1013/local_setup.bash
[2.204s] -- Installing: /home/jack/ros2_ws/install/dsr_moveit_config_m1013/share/dsr_moveit_config_m1013/local_setup.sh
[2.204s] -- Installing: /home/jack/ros2_ws/install/dsr_moveit_config_m1013/share/dsr_moveit_config_m1013/local_setup.zsh
[2.204s] -- Installing: /home/jack/ros2_ws/install/dsr_moveit_config_m1013/share/dsr_moveit_config_m1013/local_setup.dsv
[2.204s] -- Installing: /home/jack/ros2_ws/install/dsr_moveit_config_m1013/share/dsr_moveit_config_m1013/package.dsv
[2.205s] -- Installing: /home/jack/ros2_ws/install/dsr_moveit_config_m1013/share/ament_index/resource_index/packages/dsr_moveit_config_m1013
[2.205s] -- Installing: /home/jack/ros2_ws/install/dsr_moveit_config_m1013/share/dsr_moveit_config_m1013/cmake/dsr_moveit_config_m1013Config.cmake
[2.205s] -- Installing: /home/jack/ros2_ws/install/dsr_moveit_config_m1013/share/dsr_moveit_config_m1013/cmake/dsr_moveit_config_m1013Config-version.cmake
[2.205s] -- Installing: /home/jack/ros2_ws/install/dsr_moveit_config_m1013/share/dsr_moveit_config_m1013/package.xml
[2.205s] -- Installing: /home/jack/ros2_ws/install/dsr_moveit_config_m1013/share/dsr_moveit_config_m1013/launch
[2.205s] -- Installing: /home/jack/ros2_ws/install/dsr_moveit_config_m1013/share/dsr_moveit_config_m1013/launch/demo.launch.py
[2.205s] -- Installing: /home/jack/ros2_ws/install/dsr_moveit_config_m1013/share/dsr_moveit_config_m1013/launch/start.launch.py
[2.205s] -- Installing: /home/jack/ros2_ws/install/dsr_moveit_config_m1013/share/dsr_moveit_config_m1013/launch/moveit.rviz
[2.205s] -- Installing: /home/jack/ros2_ws/install/dsr_moveit_config_m1013/share/dsr_moveit_config_m1013/config
[2.206s] -- Installing: /home/jack/ros2_ws/install/dsr_moveit_config_m1013/share/dsr_moveit_config_m1013/config/pilz_cartesian_limits.yaml
[2.206s] -- Installing: /home/jack/ros2_ws/install/dsr_moveit_config_m1013/share/dsr_moveit_config_m1013/config/dsr.ros2_control.xacro
[2.206s] -- Installing: /home/jack/ros2_ws/install/dsr_moveit_config_m1013/share/dsr_moveit_config_m1013/config/kinematics.yaml
[2.206s] -- Installing: /home/jack/ros2_ws/install/dsr_moveit_config_m1013/share/dsr_moveit_config_m1013/config/sensors_3d.yaml
[2.206s] -- Installing: /home/jack/ros2_ws/install/dsr_moveit_config_m1013/share/dsr_moveit_config_m1013/config/joint_limits.yaml
[2.206s] -- Installing: /home/jack/ros2_ws/install/dsr_moveit_config_m1013/share/dsr_moveit_config_m1013/config/chomp_planning.yaml
[2.206s] -- Installing: /home/jack/ros2_ws/install/dsr_moveit_config_m1013/share/dsr_moveit_config_m1013/config/m1013.urdf.xacro
[2.206s] -- Installing: /home/jack/ros2_ws/install/dsr_moveit_config_m1013/share/dsr_moveit_config_m1013/config/initial_positions.yaml
[2.206s] -- Installing: /home/jack/ros2_ws/install/dsr_moveit_config_m1013/share/dsr_moveit_config_m1013/config/dsr.srdf
[2.211s] -- Installing: /home/jack/ros2_ws/install/dsr_moveit_config_m1013/share/dsr_moveit_config_m1013/config/moveit_controllers.yaml
[2.211s] -- Installing: /home/jack/ros2_ws/install/dsr_moveit_config_m1013/share/dsr_moveit_config_m1013/config/ompl_planning.yaml
[2.211s] -- Installing: /home/jack/ros2_ws/install/dsr_moveit_config_m1013/share/dsr_moveit_config_m1013/config/ros2_controllers.yaml
[2.211s] -- Installing: /home/jack/ros2_ws/install/dsr_moveit_config_m1013/share/dsr_moveit_config_m1013/.setup_assistant
[2.239s] Invoked command in '/home/jack/ros2_ws/build/dsr_moveit_config_m1013' returned '0': CMAKE_PREFIX_PATH=/opt/ros/humble /usr/bin/cmake --install /home/jack/ros2_ws/build/dsr_moveit_config_m1013
