-- Found ament_cmake: 1.3.11 (/opt/ros/humble/share/ament_cmake/cmake)
-- Found rclpy: 3.3.16 (/opt/ros/humble/share/rclpy/cmake)
-- Found std_msgs: 4.9.0 (/opt/ros/humble/share/std_msgs/cmake)
-- Found rosidl_generator_c: 3.1.6 (/opt/ros/humble/share/rosidl_generator_c/cmake)
-- Found rosidl_adapter: 3.1.6 (/opt/ros/humble/share/rosidl_adapter/cmake)
-- Found rosidl_generator_cpp: 3.1.6 (/opt/ros/humble/share/rosidl_generator_cpp/cmake)
-- Using all available rosidl_typesupport_c: rosidl_typesupport_fastrtps_c;rosidl_typesupport_introspection_c
-- Using all available rosidl_typesupport_cpp: rosidl_typesupport_fastrtps_cpp;rosidl_typesupport_introspection_cpp
-- Found geometry_msgs: 4.9.0 (/opt/ros/humble/share/geometry_msgs/cmake)
-- Found sensor_msgs: 4.9.0 (/opt/ros/humble/share/sensor_msgs/cmake)
-- Found rosidl_default_generators: 1.2.0 (/opt/ros/humble/share/rosidl_default_generators/cmake)
-- Found ament_cmake_ros: 0.10.0 (/opt/ros/humble/share/ament_cmake_ros/cmake)
-- Using all available rosidl_typesupport_c: rosidl_typesupport_fastrtps_c;rosidl_typesupport_introspection_c
-- Using all available rosidl_typesupport_cpp: rosidl_typesupport_fastrtps_cpp;rosidl_typesupport_introspection_cpp
-- Found python_cmake_module: 0.10.0 (/opt/ros/humble/share/python_cmake_module/cmake)
-- Using PYTHON_EXECUTABLE: /usr/bin/python3
-- Using PYTHON_INCLUDE_DIRS: /usr/include/python3.10
-- Using PYTHON_LIBRARIES: /usr/lib/x86_64-linux-gnu/libpython3.10.so
-- Found ament_lint_auto: 0.12.12 (/opt/ros/humble/share/ament_lint_auto/cmake)
-- Added test 'copyright' to check source files copyright and LICENSE
-- Added test 'flake8' to check Python code syntax and style conventions
-- Added test 'lint_cmake' to check CMake code style
-- Added test 'pep257' to check Python code against some of the docstring style conventions in PEP 257
-- Added test 'xmllint' to check XML markup files
-- Configuring done
-- Generating done
-- Build files have been written to: /home/jack/ros2_ws/build/doosan_somacube_rl
Consolidate compiler generated dependencies of target doosan_somacube_rl__rosidl_generator_c
[  2%] Built target doosan_somacube_rl__cpp
[ 12%] Built target doosan_somacube_rl__rosidl_generator_c
[ 12%] Built target ament_cmake_python_copy_doosan_somacube_rl
Consolidate compiler generated dependencies of target doosan_somacube_rl__rosidl_typesupport_introspection_c
Consolidate compiler generated dependencies of target doosan_somacube_rl__rosidl_typesupport_cpp
Consolidate compiler generated dependencies of target doosan_somacube_rl__rosidl_typesupport_fastrtps_c
Consolidate compiler generated dependencies of target doosan_somacube_rl__rosidl_typesupport_introspection_cpp
Consolidate compiler generated dependencies of target doosan_somacube_rl__rosidl_typesupport_fastrtps_cpp
Consolidate compiler generated dependencies of target doosan_somacube_rl__rosidl_typesupport_c
[ 23%] Built target doosan_somacube_rl__rosidl_typesupport_introspection_c
[ 42%] Built target doosan_somacube_rl__rosidl_typesupport_fastrtps_c
[ 44%] Built target doosan_somacube_rl__rosidl_typesupport_cpp
[ 55%] Built target doosan_somacube_rl__rosidl_typesupport_fastrtps_cpp
[ 65%] Built target doosan_somacube_rl__rosidl_typesupport_c
[ 76%] Built target doosan_somacube_rl__rosidl_typesupport_introspection_cpp
[ 76%] Built target doosan_somacube_rl
[ 78%] Built target doosan_somacube_rl__py
Consolidate compiler generated dependencies of target doosan_somacube_rl__rosidl_generator_py
[ 87%] Built target doosan_somacube_rl__rosidl_generator_py
Consolidate compiler generated dependencies of target doosan_somacube_rl__rosidl_typesupport_fastrtps_c__pyext
Consolidate compiler generated dependencies of target doosan_somacube_rl__rosidl_typesupport_c__pyext
Consolidate compiler generated dependencies of target doosan_somacube_rl__rosidl_typesupport_introspection_c__pyext
[ 91%] Built target doosan_somacube_rl__rosidl_typesupport_fastrtps_c__pyext
[ 95%] Built target doosan_somacube_rl__rosidl_typesupport_c__pyext
[100%] Built target doosan_somacube_rl__rosidl_typesupport_introspection_c__pyext
running egg_info
writing doosan_somacube_rl.egg-info/PKG-INFO
writing dependency_links to doosan_somacube_rl.egg-info/dependency_links.txt
writing top-level names to doosan_somacube_rl.egg-info/top_level.txt
reading manifest file 'doosan_somacube_rl.egg-info/SOURCES.txt'
writing manifest file 'doosan_somacube_rl.egg-info/SOURCES.txt'
[100%] Built target ament_cmake_python_build_doosan_somacube_rl_egg
-- Install configuration: ""
-- Up-to-date: /home/jack/ros2_ws/install/doosan_somacube_rl/share/ament_index/resource_index/rosidl_interfaces/doosan_somacube_rl
-- Up-to-date: /home/jack/ros2_ws/install/doosan_somacube_rl/include/doosan_somacube_rl/doosan_somacube_rl
-- Up-to-date: /home/jack/ros2_ws/install/doosan_somacube_rl/include/doosan_somacube_rl/doosan_somacube_rl/msg
-- Up-to-date: /home/jack/ros2_ws/install/doosan_somacube_rl/include/doosan_somacube_rl/doosan_somacube_rl/msg/detail
-- Up-to-date: /home/jack/ros2_ws/install/doosan_somacube_rl/include/doosan_somacube_rl/doosan_somacube_rl/msg/detail/register_quality__functions.h
-- Up-to-date: /home/jack/ros2_ws/install/doosan_somacube_rl/include/doosan_somacube_rl/doosan_somacube_rl/msg/detail/register_quality__functions.c
-- Up-to-date: /home/jack/ros2_ws/install/doosan_somacube_rl/include/doosan_somacube_rl/doosan_somacube_rl/msg/detail/safety_event__functions.c
-- Up-to-date: /home/jack/ros2_ws/install/doosan_somacube_rl/include/doosan_somacube_rl/doosan_somacube_rl/msg/detail/policy_cmd__struct.h
-- Up-to-date: /home/jack/ros2_ws/install/doosan_somacube_rl/include/doosan_somacube_rl/doosan_somacube_rl/msg/detail/safety_event__type_support.h
-- Up-to-date: /home/jack/ros2_ws/install/doosan_somacube_rl/include/doosan_somacube_rl/doosan_somacube_rl/msg/detail/safety_event__functions.h
-- Up-to-date: /home/jack/ros2_ws/install/doosan_somacube_rl/include/doosan_somacube_rl/doosan_somacube_rl/msg/detail/register_quality__type_support.h
-- Up-to-date: /home/jack/ros2_ws/install/doosan_somacube_rl/include/doosan_somacube_rl/doosan_somacube_rl/msg/detail/policy_cmd__functions.h
-- Up-to-date: /home/jack/ros2_ws/install/doosan_somacube_rl/include/doosan_somacube_rl/doosan_somacube_rl/msg/detail/policy_cmd__type_support.h
-- Up-to-date: /home/jack/ros2_ws/install/doosan_somacube_rl/include/doosan_somacube_rl/doosan_somacube_rl/msg/detail/safety_event__struct.h
-- Up-to-date: /home/jack/ros2_ws/install/doosan_somacube_rl/include/doosan_somacube_rl/doosan_somacube_rl/msg/detail/policy_cmd__functions.c
-- Up-to-date: /home/jack/ros2_ws/install/doosan_somacube_rl/include/doosan_somacube_rl/doosan_somacube_rl/msg/detail/register_quality__struct.h
-- Up-to-date: /home/jack/ros2_ws/install/doosan_somacube_rl/include/doosan_somacube_rl/doosan_somacube_rl/msg/register_quality.h
-- Up-to-date: /home/jack/ros2_ws/install/doosan_somacube_rl/include/doosan_somacube_rl/doosan_somacube_rl/msg/policy_cmd.h
-- Up-to-date: /home/jack/ros2_ws/install/doosan_somacube_rl/include/doosan_somacube_rl/doosan_somacube_rl/msg/safety_event.h
-- Up-to-date: /home/jack/ros2_ws/install/doosan_somacube_rl/include/doosan_somacube_rl/doosan_somacube_rl/msg/rosidl_generator_c__visibility_control.h
-- Up-to-date: /home/jack/ros2_ws/install/doosan_somacube_rl/share/doosan_somacube_rl/environment/library_path.sh
-- Installing: /home/jack/ros2_ws/install/doosan_somacube_rl/share/doosan_somacube_rl/environment/library_path.dsv
-- Up-to-date: /home/jack/ros2_ws/install/doosan_somacube_rl/lib/libdoosan_somacube_rl__rosidl_generator_c.so
-- Up-to-date: /home/jack/ros2_ws/install/doosan_somacube_rl/include/doosan_somacube_rl/doosan_somacube_rl
-- Up-to-date: /home/jack/ros2_ws/install/doosan_somacube_rl/include/doosan_somacube_rl/doosan_somacube_rl/msg
-- Up-to-date: /home/jack/ros2_ws/install/doosan_somacube_rl/include/doosan_somacube_rl/doosan_somacube_rl/msg/detail
-- Up-to-date: /home/jack/ros2_ws/install/doosan_somacube_rl/include/doosan_somacube_rl/doosan_somacube_rl/msg/detail/safety_event__rosidl_typesupport_fastrtps_c.h
-- Up-to-date: /home/jack/ros2_ws/install/doosan_somacube_rl/include/doosan_somacube_rl/doosan_somacube_rl/msg/detail/register_quality__rosidl_typesupport_fastrtps_c.h
-- Up-to-date: /home/jack/ros2_ws/install/doosan_somacube_rl/include/doosan_somacube_rl/doosan_somacube_rl/msg/detail/policy_cmd__rosidl_typesupport_fastrtps_c.h
-- Up-to-date: /home/jack/ros2_ws/install/doosan_somacube_rl/include/doosan_somacube_rl/doosan_somacube_rl/msg/rosidl_typesupport_fastrtps_c__visibility_control.h
-- Up-to-date: /home/jack/ros2_ws/install/doosan_somacube_rl/lib/libdoosan_somacube_rl__rosidl_typesupport_fastrtps_c.so
-- Up-to-date: /home/jack/ros2_ws/install/doosan_somacube_rl/include/doosan_somacube_rl/doosan_somacube_rl
-- Up-to-date: /home/jack/ros2_ws/install/doosan_somacube_rl/include/doosan_somacube_rl/doosan_somacube_rl/msg
-- Up-to-date: /home/jack/ros2_ws/install/doosan_somacube_rl/include/doosan_somacube_rl/doosan_somacube_rl/msg/detail
-- Up-to-date: /home/jack/ros2_ws/install/doosan_somacube_rl/include/doosan_somacube_rl/doosan_somacube_rl/msg/detail/register_quality__builder.hpp
-- Up-to-date: /home/jack/ros2_ws/install/doosan_somacube_rl/include/doosan_somacube_rl/doosan_somacube_rl/msg/detail/policy_cmd__builder.hpp
-- Up-to-date: /home/jack/ros2_ws/install/doosan_somacube_rl/include/doosan_somacube_rl/doosan_somacube_rl/msg/detail/policy_cmd__type_support.hpp
-- Up-to-date: /home/jack/ros2_ws/install/doosan_somacube_rl/include/doosan_somacube_rl/doosan_somacube_rl/msg/detail/safety_event__traits.hpp
-- Up-to-date: /home/jack/ros2_ws/install/doosan_somacube_rl/include/doosan_somacube_rl/doosan_somacube_rl/msg/detail/safety_event__struct.hpp
-- Up-to-date: /home/jack/ros2_ws/install/doosan_somacube_rl/include/doosan_somacube_rl/doosan_somacube_rl/msg/detail/safety_event__type_support.hpp
-- Up-to-date: /home/jack/ros2_ws/install/doosan_somacube_rl/include/doosan_somacube_rl/doosan_somacube_rl/msg/detail/register_quality__type_support.hpp
-- Up-to-date: /home/jack/ros2_ws/install/doosan_somacube_rl/include/doosan_somacube_rl/doosan_somacube_rl/msg/detail/safety_event__builder.hpp
-- Up-to-date: /home/jack/ros2_ws/install/doosan_somacube_rl/include/doosan_somacube_rl/doosan_somacube_rl/msg/detail/register_quality__struct.hpp
-- Up-to-date: /home/jack/ros2_ws/install/doosan_somacube_rl/include/doosan_somacube_rl/doosan_somacube_rl/msg/detail/register_quality__traits.hpp
-- Up-to-date: /home/jack/ros2_ws/install/doosan_somacube_rl/include/doosan_somacube_rl/doosan_somacube_rl/msg/detail/policy_cmd__struct.hpp
-- Up-to-date: /home/jack/ros2_ws/install/doosan_somacube_rl/include/doosan_somacube_rl/doosan_somacube_rl/msg/detail/policy_cmd__traits.hpp
-- Up-to-date: /home/jack/ros2_ws/install/doosan_somacube_rl/include/doosan_somacube_rl/doosan_somacube_rl/msg/register_quality.hpp
-- Up-to-date: /home/jack/ros2_ws/install/doosan_somacube_rl/include/doosan_somacube_rl/doosan_somacube_rl/msg/policy_cmd.hpp
-- Up-to-date: /home/jack/ros2_ws/install/doosan_somacube_rl/include/doosan_somacube_rl/doosan_somacube_rl/msg/rosidl_generator_cpp__visibility_control.hpp
-- Up-to-date: /home/jack/ros2_ws/install/doosan_somacube_rl/include/doosan_somacube_rl/doosan_somacube_rl/msg/safety_event.hpp
-- Up-to-date: /home/jack/ros2_ws/install/doosan_somacube_rl/include/doosan_somacube_rl/doosan_somacube_rl
-- Up-to-date: /home/jack/ros2_ws/install/doosan_somacube_rl/include/doosan_somacube_rl/doosan_somacube_rl/msg
-- Up-to-date: /home/jack/ros2_ws/install/doosan_somacube_rl/include/doosan_somacube_rl/doosan_somacube_rl/msg/detail
-- Up-to-date: /home/jack/ros2_ws/install/doosan_somacube_rl/include/doosan_somacube_rl/doosan_somacube_rl/msg/detail/dds_fastrtps
-- Up-to-date: /home/jack/ros2_ws/install/doosan_somacube_rl/include/doosan_somacube_rl/doosan_somacube_rl/msg/detail/register_quality__rosidl_typesupport_fastrtps_cpp.hpp
-- Up-to-date: /home/jack/ros2_ws/install/doosan_somacube_rl/include/doosan_somacube_rl/doosan_somacube_rl/msg/detail/policy_cmd__rosidl_typesupport_fastrtps_cpp.hpp
-- Up-to-date: /home/jack/ros2_ws/install/doosan_somacube_rl/include/doosan_somacube_rl/doosan_somacube_rl/msg/detail/safety_event__rosidl_typesupport_fastrtps_cpp.hpp
-- Up-to-date: /home/jack/ros2_ws/install/doosan_somacube_rl/include/doosan_somacube_rl/doosan_somacube_rl/msg/rosidl_typesupport_fastrtps_cpp__visibility_control.h
-- Up-to-date: /home/jack/ros2_ws/install/doosan_somacube_rl/lib/libdoosan_somacube_rl__rosidl_typesupport_fastrtps_cpp.so
-- Up-to-date: /home/jack/ros2_ws/install/doosan_somacube_rl/include/doosan_somacube_rl/doosan_somacube_rl
-- Up-to-date: /home/jack/ros2_ws/install/doosan_somacube_rl/include/doosan_somacube_rl/doosan_somacube_rl/msg
-- Up-to-date: /home/jack/ros2_ws/install/doosan_somacube_rl/include/doosan_somacube_rl/doosan_somacube_rl/msg/detail
-- Up-to-date: /home/jack/ros2_ws/install/doosan_somacube_rl/include/doosan_somacube_rl/doosan_somacube_rl/msg/detail/safety_event__rosidl_typesupport_introspection_c.h
-- Up-to-date: /home/jack/ros2_ws/install/doosan_somacube_rl/include/doosan_somacube_rl/doosan_somacube_rl/msg/detail/register_quality__type_support.c
-- Up-to-date: /home/jack/ros2_ws/install/doosan_somacube_rl/include/doosan_somacube_rl/doosan_somacube_rl/msg/detail/policy_cmd__rosidl_typesupport_introspection_c.h
-- Up-to-date: /home/jack/ros2_ws/install/doosan_somacube_rl/include/doosan_somacube_rl/doosan_somacube_rl/msg/detail/safety_event__type_support.c
-- Up-to-date: /home/jack/ros2_ws/install/doosan_somacube_rl/include/doosan_somacube_rl/doosan_somacube_rl/msg/detail/policy_cmd__type_support.c
-- Up-to-date: /home/jack/ros2_ws/install/doosan_somacube_rl/include/doosan_somacube_rl/doosan_somacube_rl/msg/detail/register_quality__rosidl_typesupport_introspection_c.h
-- Up-to-date: /home/jack/ros2_ws/install/doosan_somacube_rl/include/doosan_somacube_rl/doosan_somacube_rl/msg/rosidl_typesupport_introspection_c__visibility_control.h
-- Up-to-date: /home/jack/ros2_ws/install/doosan_somacube_rl/lib/libdoosan_somacube_rl__rosidl_typesupport_introspection_c.so
-- Up-to-date: /home/jack/ros2_ws/install/doosan_somacube_rl/lib/libdoosan_somacube_rl__rosidl_typesupport_c.so
-- Up-to-date: /home/jack/ros2_ws/install/doosan_somacube_rl/include/doosan_somacube_rl/doosan_somacube_rl
-- Up-to-date: /home/jack/ros2_ws/install/doosan_somacube_rl/include/doosan_somacube_rl/doosan_somacube_rl/msg
-- Up-to-date: /home/jack/ros2_ws/install/doosan_somacube_rl/include/doosan_somacube_rl/doosan_somacube_rl/msg/detail
-- Up-to-date: /home/jack/ros2_ws/install/doosan_somacube_rl/include/doosan_somacube_rl/doosan_somacube_rl/msg/detail/policy_cmd__type_support.cpp
-- Up-to-date: /home/jack/ros2_ws/install/doosan_somacube_rl/include/doosan_somacube_rl/doosan_somacube_rl/msg/detail/safety_event__type_support.cpp
-- Up-to-date: /home/jack/ros2_ws/install/doosan_somacube_rl/include/doosan_somacube_rl/doosan_somacube_rl/msg/detail/safety_event__rosidl_typesupport_introspection_cpp.hpp
-- Up-to-date: /home/jack/ros2_ws/install/doosan_somacube_rl/include/doosan_somacube_rl/doosan_somacube_rl/msg/detail/register_quality__rosidl_typesupport_introspection_cpp.hpp
-- Up-to-date: /home/jack/ros2_ws/install/doosan_somacube_rl/include/doosan_somacube_rl/doosan_somacube_rl/msg/detail/policy_cmd__rosidl_typesupport_introspection_cpp.hpp
-- Up-to-date: /home/jack/ros2_ws/install/doosan_somacube_rl/include/doosan_somacube_rl/doosan_somacube_rl/msg/detail/register_quality__type_support.cpp
-- Up-to-date: /home/jack/ros2_ws/install/doosan_somacube_rl/lib/libdoosan_somacube_rl__rosidl_typesupport_introspection_cpp.so
-- Up-to-date: /home/jack/ros2_ws/install/doosan_somacube_rl/lib/libdoosan_somacube_rl__rosidl_typesupport_cpp.so
-- Up-to-date: /home/jack/ros2_ws/install/doosan_somacube_rl/share/doosan_somacube_rl/environment/pythonpath.sh
-- Installing: /home/jack/ros2_ws/install/doosan_somacube_rl/share/doosan_somacube_rl/environment/pythonpath.dsv
-- Up-to-date: /home/jack/ros2_ws/install/doosan_somacube_rl/local/lib/python3.10/dist-packages/doosan_somacube_rl-1.0.0-py3.10.egg-info
-- Installing: /home/jack/ros2_ws/install/doosan_somacube_rl/local/lib/python3.10/dist-packages/doosan_somacube_rl-1.0.0-py3.10.egg-info/SOURCES.txt
-- Installing: /home/jack/ros2_ws/install/doosan_somacube_rl/local/lib/python3.10/dist-packages/doosan_somacube_rl-1.0.0-py3.10.egg-info/PKG-INFO
-- Installing: /home/jack/ros2_ws/install/doosan_somacube_rl/local/lib/python3.10/dist-packages/doosan_somacube_rl-1.0.0-py3.10.egg-info/dependency_links.txt
-- Installing: /home/jack/ros2_ws/install/doosan_somacube_rl/local/lib/python3.10/dist-packages/doosan_somacube_rl-1.0.0-py3.10.egg-info/top_level.txt
-- Up-to-date: /home/jack/ros2_ws/install/doosan_somacube_rl/local/lib/python3.10/dist-packages/doosan_somacube_rl
-- Up-to-date: /home/jack/ros2_ws/install/doosan_somacube_rl/local/lib/python3.10/dist-packages/doosan_somacube_rl/libdoosan_somacube_rl__rosidl_generator_py.so
-- Up-to-date: /home/jack/ros2_ws/install/doosan_somacube_rl/local/lib/python3.10/dist-packages/doosan_somacube_rl/doosan_somacube_rl_s__rosidl_typesupport_introspection_c.cpython-310-x86_64-linux-gnu.so
-- Up-to-date: /home/jack/ros2_ws/install/doosan_somacube_rl/local/lib/python3.10/dist-packages/doosan_somacube_rl/_doosan_somacube_rl_s.ep.rosidl_typesupport_c.c
-- Up-to-date: /home/jack/ros2_ws/install/doosan_somacube_rl/local/lib/python3.10/dist-packages/doosan_somacube_rl/_doosan_somacube_rl_s.ep.rosidl_typesupport_fastrtps_c.c
-- Up-to-date: /home/jack/ros2_ws/install/doosan_somacube_rl/local/lib/python3.10/dist-packages/doosan_somacube_rl/doosan_somacube_rl_s__rosidl_typesupport_c.cpython-310-x86_64-linux-gnu.so
-- Up-to-date: /home/jack/ros2_ws/install/doosan_somacube_rl/local/lib/python3.10/dist-packages/doosan_somacube_rl/doosan_somacube_rl_s__rosidl_typesupport_fastrtps_c.cpython-310-x86_64-linux-gnu.so
-- Up-to-date: /home/jack/ros2_ws/install/doosan_somacube_rl/local/lib/python3.10/dist-packages/doosan_somacube_rl/msg
-- Up-to-date: /home/jack/ros2_ws/install/doosan_somacube_rl/local/lib/python3.10/dist-packages/doosan_somacube_rl/msg/_register_quality.py
-- Up-to-date: /home/jack/ros2_ws/install/doosan_somacube_rl/local/lib/python3.10/dist-packages/doosan_somacube_rl/msg/_safety_event_s.c
-- Up-to-date: /home/jack/ros2_ws/install/doosan_somacube_rl/local/lib/python3.10/dist-packages/doosan_somacube_rl/msg/_safety_event.py
-- Up-to-date: /home/jack/ros2_ws/install/doosan_somacube_rl/local/lib/python3.10/dist-packages/doosan_somacube_rl/msg/_register_quality_s.c
-- Up-to-date: /home/jack/ros2_ws/install/doosan_somacube_rl/local/lib/python3.10/dist-packages/doosan_somacube_rl/msg/__init__.py
-- Up-to-date: /home/jack/ros2_ws/install/doosan_somacube_rl/local/lib/python3.10/dist-packages/doosan_somacube_rl/msg/_policy_cmd.py
-- Up-to-date: /home/jack/ros2_ws/install/doosan_somacube_rl/local/lib/python3.10/dist-packages/doosan_somacube_rl/msg/_policy_cmd_s.c
-- Installing: /home/jack/ros2_ws/install/doosan_somacube_rl/local/lib/python3.10/dist-packages/doosan_somacube_rl/__init__.py
-- Up-to-date: /home/jack/ros2_ws/install/doosan_somacube_rl/local/lib/python3.10/dist-packages/doosan_somacube_rl/_doosan_somacube_rl_s.ep.rosidl_typesupport_introspection_c.c
Listing '/home/jack/ros2_ws/install/doosan_somacube_rl/local/lib/python3.10/dist-packages/doosan_somacube_rl'...
Compiling '/home/jack/ros2_ws/install/doosan_somacube_rl/local/lib/python3.10/dist-packages/doosan_somacube_rl/__init__.py'...
Listing '/home/jack/ros2_ws/install/doosan_somacube_rl/local/lib/python3.10/dist-packages/doosan_somacube_rl/msg'...
-- Up-to-date: /home/jack/ros2_ws/install/doosan_somacube_rl/local/lib/python3.10/dist-packages/doosan_somacube_rl/doosan_somacube_rl_s__rosidl_typesupport_fastrtps_c.cpython-310-x86_64-linux-gnu.so
-- Up-to-date: /home/jack/ros2_ws/install/doosan_somacube_rl/local/lib/python3.10/dist-packages/doosan_somacube_rl/doosan_somacube_rl_s__rosidl_typesupport_introspection_c.cpython-310-x86_64-linux-gnu.so
-- Up-to-date: /home/jack/ros2_ws/install/doosan_somacube_rl/local/lib/python3.10/dist-packages/doosan_somacube_rl/doosan_somacube_rl_s__rosidl_typesupport_c.cpython-310-x86_64-linux-gnu.so
-- Up-to-date: /home/jack/ros2_ws/install/doosan_somacube_rl/lib/libdoosan_somacube_rl__rosidl_generator_py.so
-- Up-to-date: /home/jack/ros2_ws/install/doosan_somacube_rl/share/doosan_somacube_rl/msg/RegisterQuality.idl
-- Up-to-date: /home/jack/ros2_ws/install/doosan_somacube_rl/share/doosan_somacube_rl/msg/PolicyCmd.idl
-- Up-to-date: /home/jack/ros2_ws/install/doosan_somacube_rl/share/doosan_somacube_rl/msg/SafetyEvent.idl
-- Up-to-date: /home/jack/ros2_ws/install/doosan_somacube_rl/share/doosan_somacube_rl/msg/RegisterQuality.msg
-- Installing: /home/jack/ros2_ws/install/doosan_somacube_rl/share/doosan_somacube_rl/msg/PolicyCmd.msg
-- Up-to-date: /home/jack/ros2_ws/install/doosan_somacube_rl/share/doosan_somacube_rl/msg/SafetyEvent.msg
-- Up-to-date: /home/jack/ros2_ws/install/doosan_somacube_rl/lib/doosan_somacube_rl/pc_preprocess_node.py
-- Up-to-date: /home/jack/ros2_ws/install/doosan_somacube_rl/lib/doosan_somacube_rl/pc_register_node.py
-- Up-to-date: /home/jack/ros2_ws/install/doosan_somacube_rl/lib/doosan_somacube_rl/pose_tracker_node.py
-- Up-to-date: /home/jack/ros2_ws/install/doosan_somacube_rl/lib/doosan_somacube_rl/imp_ctrl_node.py
-- Up-to-date: /home/jack/ros2_ws/install/doosan_somacube_rl/lib/doosan_somacube_rl/safety_monitor_node.py
-- Up-to-date: /home/jack/ros2_ws/install/doosan_somacube_rl/lib/doosan_somacube_rl/sequencer_node.py
-- Up-to-date: /home/jack/ros2_ws/install/doosan_somacube_rl/lib/doosan_somacube_rl/layer1_manager_node.py
-- Up-to-date: /home/jack/ros2_ws/install/doosan_somacube_rl/lib/doosan_somacube_rl/logger_node.py
-- Installing: /home/jack/ros2_ws/install/doosan_somacube_rl/lib/doosan_somacube_rl/policy_sac_low_node.py
-- Up-to-date: /home/jack/ros2_ws/install/doosan_somacube_rl/share/doosan_somacube_rl/launch
-- Up-to-date: /home/jack/ros2_ws/install/doosan_somacube_rl/share/doosan_somacube_rl/launch/bringup_real.launch.py
-- Up-to-date: /home/jack/ros2_ws/install/doosan_somacube_rl/share/doosan_somacube_rl/config
-- Up-to-date: /home/jack/ros2_ws/install/doosan_somacube_rl/share/doosan_somacube_rl/config/grid.yaml
-- Up-to-date: /home/jack/ros2_ws/install/doosan_somacube_rl/share/doosan_somacube_rl/config/layer1_layout.yaml
-- Up-to-date: /home/jack/ros2_ws/install/doosan_somacube_rl/share/doosan_somacube_rl/config/rl_somacube_params.yaml
-- Up-to-date: /home/jack/ros2_ws/install/doosan_somacube_rl/share/doosan_somacube_rl/config/topics_interfaces.yaml
-- Up-to-date: /home/jack/ros2_ws/install/doosan_somacube_rl/share/doosan_somacube_rl/scripts
-- Installing: /home/jack/ros2_ws/install/doosan_somacube_rl/share/doosan_somacube_rl/scripts/integration_test.sh
-- Up-to-date: /home/jack/ros2_ws/install/doosan_somacube_rl/share/doosan_somacube_rl/scripts/rqt_quickpanels.sh
-- Up-to-date: /home/jack/ros2_ws/install/doosan_somacube_rl/share/doosan_somacube_rl/scripts/validate_dod.py
-- Up-to-date: /home/jack/ros2_ws/install/doosan_somacube_rl/share/doosan_somacube_rl/scripts/verify_topics.py
-- Up-to-date: /home/jack/ros2_ws/install/doosan_somacube_rl/share/doosan_somacube_rl/scripts/simulate_data.py
-- Up-to-date: /home/jack/ros2_ws/install/doosan_somacube_rl/share/doosan_somacube_rl/scripts/system_monitor.py
-- Up-to-date: /home/jack/ros2_ws/install/doosan_somacube_rl/share/doosan_somacube_rl/scripts/bag_record.sh
-- Up-to-date: /home/jack/ros2_ws/install/doosan_somacube_rl/share/doosan_somacube_rl/test
-- Up-to-date: /home/jack/ros2_ws/install/doosan_somacube_rl/share/doosan_somacube_rl/test/test_gating_math.py
-- Up-to-date: /home/jack/ros2_ws/install/doosan_somacube_rl/share/ament_index/resource_index/package_run_dependencies/doosan_somacube_rl
-- Up-to-date: /home/jack/ros2_ws/install/doosan_somacube_rl/share/ament_index/resource_index/parent_prefix_path/doosan_somacube_rl
-- Up-to-date: /home/jack/ros2_ws/install/doosan_somacube_rl/share/doosan_somacube_rl/environment/ament_prefix_path.sh
-- Installing: /home/jack/ros2_ws/install/doosan_somacube_rl/share/doosan_somacube_rl/environment/ament_prefix_path.dsv
-- Up-to-date: /home/jack/ros2_ws/install/doosan_somacube_rl/share/doosan_somacube_rl/environment/path.sh
-- Installing: /home/jack/ros2_ws/install/doosan_somacube_rl/share/doosan_somacube_rl/environment/path.dsv
-- Up-to-date: /home/jack/ros2_ws/install/doosan_somacube_rl/share/doosan_somacube_rl/local_setup.bash
-- Up-to-date: /home/jack/ros2_ws/install/doosan_somacube_rl/share/doosan_somacube_rl/local_setup.sh
-- Up-to-date: /home/jack/ros2_ws/install/doosan_somacube_rl/share/doosan_somacube_rl/local_setup.zsh
-- Installing: /home/jack/ros2_ws/install/doosan_somacube_rl/share/doosan_somacube_rl/local_setup.dsv
-- Installing: /home/jack/ros2_ws/install/doosan_somacube_rl/share/doosan_somacube_rl/package.dsv
-- Up-to-date: /home/jack/ros2_ws/install/doosan_somacube_rl/share/ament_index/resource_index/packages/doosan_somacube_rl
-- Up-to-date: /home/jack/ros2_ws/install/doosan_somacube_rl/share/doosan_somacube_rl/cmake/export_doosan_somacube_rl__rosidl_generator_cExport.cmake
-- Up-to-date: /home/jack/ros2_ws/install/doosan_somacube_rl/share/doosan_somacube_rl/cmake/export_doosan_somacube_rl__rosidl_generator_cExport-noconfig.cmake
-- Up-to-date: /home/jack/ros2_ws/install/doosan_somacube_rl/share/doosan_somacube_rl/cmake/export_doosan_somacube_rl__rosidl_typesupport_fastrtps_cExport.cmake
-- Up-to-date: /home/jack/ros2_ws/install/doosan_somacube_rl/share/doosan_somacube_rl/cmake/export_doosan_somacube_rl__rosidl_typesupport_fastrtps_cExport-noconfig.cmake
-- Up-to-date: /home/jack/ros2_ws/install/doosan_somacube_rl/share/doosan_somacube_rl/cmake/export_doosan_somacube_rl__rosidl_generator_cppExport.cmake
-- Up-to-date: /home/jack/ros2_ws/install/doosan_somacube_rl/share/doosan_somacube_rl/cmake/export_doosan_somacube_rl__rosidl_typesupport_fastrtps_cppExport.cmake
-- Up-to-date: /home/jack/ros2_ws/install/doosan_somacube_rl/share/doosan_somacube_rl/cmake/export_doosan_somacube_rl__rosidl_typesupport_fastrtps_cppExport-noconfig.cmake
-- Up-to-date: /home/jack/ros2_ws/install/doosan_somacube_rl/share/doosan_somacube_rl/cmake/doosan_somacube_rl__rosidl_typesupport_introspection_cExport.cmake
-- Up-to-date: /home/jack/ros2_ws/install/doosan_somacube_rl/share/doosan_somacube_rl/cmake/doosan_somacube_rl__rosidl_typesupport_introspection_cExport-noconfig.cmake
-- Up-to-date: /home/jack/ros2_ws/install/doosan_somacube_rl/share/doosan_somacube_rl/cmake/doosan_somacube_rl__rosidl_typesupport_cExport.cmake
-- Up-to-date: /home/jack/ros2_ws/install/doosan_somacube_rl/share/doosan_somacube_rl/cmake/doosan_somacube_rl__rosidl_typesupport_cExport-noconfig.cmake
-- Up-to-date: /home/jack/ros2_ws/install/doosan_somacube_rl/share/doosan_somacube_rl/cmake/doosan_somacube_rl__rosidl_typesupport_introspection_cppExport.cmake
-- Up-to-date: /home/jack/ros2_ws/install/doosan_somacube_rl/share/doosan_somacube_rl/cmake/doosan_somacube_rl__rosidl_typesupport_introspection_cppExport-noconfig.cmake
-- Up-to-date: /home/jack/ros2_ws/install/doosan_somacube_rl/share/doosan_somacube_rl/cmake/doosan_somacube_rl__rosidl_typesupport_cppExport.cmake
-- Up-to-date: /home/jack/ros2_ws/install/doosan_somacube_rl/share/doosan_somacube_rl/cmake/doosan_somacube_rl__rosidl_typesupport_cppExport-noconfig.cmake
-- Up-to-date: /home/jack/ros2_ws/install/doosan_somacube_rl/share/doosan_somacube_rl/cmake/export_doosan_somacube_rl__rosidl_generator_pyExport.cmake
-- Up-to-date: /home/jack/ros2_ws/install/doosan_somacube_rl/share/doosan_somacube_rl/cmake/export_doosan_somacube_rl__rosidl_generator_pyExport-noconfig.cmake
-- Up-to-date: /home/jack/ros2_ws/install/doosan_somacube_rl/share/doosan_somacube_rl/cmake/rosidl_cmake-extras.cmake
-- Up-to-date: /home/jack/ros2_ws/install/doosan_somacube_rl/share/doosan_somacube_rl/cmake/ament_cmake_export_dependencies-extras.cmake
-- Up-to-date: /home/jack/ros2_ws/install/doosan_somacube_rl/share/doosan_somacube_rl/cmake/ament_cmake_export_include_directories-extras.cmake
-- Up-to-date: /home/jack/ros2_ws/install/doosan_somacube_rl/share/doosan_somacube_rl/cmake/ament_cmake_export_libraries-extras.cmake
-- Up-to-date: /home/jack/ros2_ws/install/doosan_somacube_rl/share/doosan_somacube_rl/cmake/ament_cmake_export_targets-extras.cmake
-- Up-to-date: /home/jack/ros2_ws/install/doosan_somacube_rl/share/doosan_somacube_rl/cmake/rosidl_cmake_export_typesupport_targets-extras.cmake
-- Up-to-date: /home/jack/ros2_ws/install/doosan_somacube_rl/share/doosan_somacube_rl/cmake/rosidl_cmake_export_typesupport_libraries-extras.cmake
-- Up-to-date: /home/jack/ros2_ws/install/doosan_somacube_rl/share/doosan_somacube_rl/cmake/doosan_somacube_rlConfig.cmake
-- Up-to-date: /home/jack/ros2_ws/install/doosan_somacube_rl/share/doosan_somacube_rl/cmake/doosan_somacube_rlConfig-version.cmake
-- Up-to-date: /home/jack/ros2_ws/install/doosan_somacube_rl/share/doosan_somacube_rl/package.xml
