[0.007s] Invoking command in '/home/jack/ros2_ws/build/doosan_somacube_rl': CMAKE_PREFIX_PATH=/opt/ros/humble /usr/bin/cmake --build /home/jack/ros2_ws/build/doosan_somacube_rl -- -j8 -l8
[0.025s] -- Found ament_cmake: 1.3.11 (/opt/ros/humble/share/ament_cmake/cmake)
[0.112s] -- Found rclpy: 3.3.16 (/opt/ros/humble/share/rclpy/cmake)
[0.112s] -- Found std_msgs: 4.9.0 (/opt/ros/humble/share/std_msgs/cmake)
[0.129s] -- Found rosidl_generator_c: 3.1.6 (/opt/ros/humble/share/rosidl_generator_c/cmake)
[0.130s] -- Found rosidl_adapter: 3.1.6 (/opt/ros/humble/share/rosidl_adapter/cmake)
[0.134s] -- Found rosidl_generator_cpp: 3.1.6 (/opt/ros/humble/share/rosidl_generator_cpp/cmake)
[0.140s] -- Using all available rosidl_typesupport_c: rosidl_typesupport_fastrtps_c;rosidl_typesupport_introspection_c
[0.148s] -- Using all available rosidl_typesupport_cpp: rosidl_typesupport_fastrtps_cpp;rosidl_typesupport_introspection_cpp
[0.163s] -- Found geometry_msgs: 4.9.0 (/opt/ros/humble/share/geometry_msgs/cmake)
[0.170s] -- Found sensor_msgs: 4.9.0 (/opt/ros/humble/share/sensor_msgs/cmake)
[0.181s] -- Found rosidl_default_generators: 1.2.0 (/opt/ros/humble/share/rosidl_default_generators/cmake)
[0.397s] -- Found ament_cmake_ros: 0.10.0 (/opt/ros/humble/share/ament_cmake_ros/cmake)
[0.695s] -- Using all available rosidl_typesupport_c: rosidl_typesupport_fastrtps_c;rosidl_typesupport_introspection_c
[0.808s] -- Using all available rosidl_typesupport_cpp: rosidl_typesupport_fastrtps_cpp;rosidl_typesupport_introspection_cpp
[0.825s] -- Found python_cmake_module: 0.10.0 (/opt/ros/humble/share/python_cmake_module/cmake)
[0.844s] -- Using PYTHON_EXECUTABLE: /usr/bin/python3
[0.844s] -- Using PYTHON_INCLUDE_DIRS: /usr/include/python3.10
[0.844s] -- Using PYTHON_LIBRARIES: /usr/lib/x86_64-linux-gnu/libpython3.10.so
[0.872s] -- Found ament_lint_auto: 0.12.12 (/opt/ros/humble/share/ament_lint_auto/cmake)
[0.915s] -- Added test 'copyright' to check source files copyright and LICENSE
[0.917s] -- Added test 'flake8' to check Python code syntax and style conventions
[0.918s] -- Added test 'lint_cmake' to check CMake code style
[0.918s] -- Added test 'pep257' to check Python code against some of the docstring style conventions in PEP 257
[0.920s] -- Added test 'xmllint' to check XML markup files
[0.923s] -- Configuring done
[0.965s] -- Generating done
[0.974s] -- Build files have been written to: /home/jack/ros2_ws/build/doosan_somacube_rl
[0.995s] Consolidate compiler generated dependencies of target doosan_somacube_rl__rosidl_generator_c
[1.002s] [  2%] Built target doosan_somacube_rl__cpp
[1.003s] [ 12%] Built target doosan_somacube_rl__rosidl_generator_c
[1.013s] [ 12%] Built target ament_cmake_python_copy_doosan_somacube_rl
[1.016s] Consolidate compiler generated dependencies of target doosan_somacube_rl__rosidl_typesupport_introspection_c
[1.016s] Consolidate compiler generated dependencies of target doosan_somacube_rl__rosidl_typesupport_cpp
[1.016s] Consolidate compiler generated dependencies of target doosan_somacube_rl__rosidl_typesupport_fastrtps_c
[1.019s] Consolidate compiler generated dependencies of target doosan_somacube_rl__rosidl_typesupport_introspection_cpp
[1.019s] Consolidate compiler generated dependencies of target doosan_somacube_rl__rosidl_typesupport_fastrtps_cpp
[1.020s] Consolidate compiler generated dependencies of target doosan_somacube_rl__rosidl_typesupport_c
[1.028s] [ 23%] Built target doosan_somacube_rl__rosidl_typesupport_introspection_c
[1.029s] [ 42%] Built target doosan_somacube_rl__rosidl_typesupport_fastrtps_c
[1.029s] [ 44%] Built target doosan_somacube_rl__rosidl_typesupport_cpp
[1.031s] [ 55%] Built target doosan_somacube_rl__rosidl_typesupport_fastrtps_cpp
[1.033s] [ 65%] Built target doosan_somacube_rl__rosidl_typesupport_c
[1.034s] [ 76%] Built target doosan_somacube_rl__rosidl_typesupport_introspection_cpp
[1.048s] [ 76%] Built target doosan_somacube_rl
[1.063s] [ 78%] Built target doosan_somacube_rl__py
[1.073s] Consolidate compiler generated dependencies of target doosan_somacube_rl__rosidl_generator_py
[1.081s] [ 87%] Built target doosan_somacube_rl__rosidl_generator_py
[1.091s] Consolidate compiler generated dependencies of target doosan_somacube_rl__rosidl_typesupport_fastrtps_c__pyext
[1.094s] Consolidate compiler generated dependencies of target doosan_somacube_rl__rosidl_typesupport_c__pyext
[1.094s] Consolidate compiler generated dependencies of target doosan_somacube_rl__rosidl_typesupport_introspection_c__pyext
[1.100s] [ 91%] Built target doosan_somacube_rl__rosidl_typesupport_fastrtps_c__pyext
[1.103s] [ 95%] Built target doosan_somacube_rl__rosidl_typesupport_c__pyext
[1.105s] [100%] Built target doosan_somacube_rl__rosidl_typesupport_introspection_c__pyext
[1.254s] running egg_info
[1.255s] writing doosan_somacube_rl.egg-info/PKG-INFO
[1.255s] writing dependency_links to doosan_somacube_rl.egg-info/dependency_links.txt
[1.255s] writing top-level names to doosan_somacube_rl.egg-info/top_level.txt
[1.258s] reading manifest file 'doosan_somacube_rl.egg-info/SOURCES.txt'
[1.259s] writing manifest file 'doosan_somacube_rl.egg-info/SOURCES.txt'
[1.279s] [100%] Built target ament_cmake_python_build_doosan_somacube_rl_egg
[1.288s] Invoked command in '/home/jack/ros2_ws/build/doosan_somacube_rl' returned '0': CMAKE_PREFIX_PATH=/opt/ros/humble /usr/bin/cmake --build /home/jack/ros2_ws/build/doosan_somacube_rl -- -j8 -l8
[1.295s] Invoking command in '/home/jack/ros2_ws/build/doosan_somacube_rl': CMAKE_PREFIX_PATH=/opt/ros/humble /usr/bin/cmake --install /home/jack/ros2_ws/build/doosan_somacube_rl
[1.301s] -- Install configuration: ""
[1.301s] -- Up-to-date: /home/jack/ros2_ws/install/doosan_somacube_rl/share/ament_index/resource_index/rosidl_interfaces/doosan_somacube_rl
[1.302s] -- Up-to-date: /home/jack/ros2_ws/install/doosan_somacube_rl/include/doosan_somacube_rl/doosan_somacube_rl
[1.302s] -- Up-to-date: /home/jack/ros2_ws/install/doosan_somacube_rl/include/doosan_somacube_rl/doosan_somacube_rl/msg
[1.302s] -- Up-to-date: /home/jack/ros2_ws/install/doosan_somacube_rl/include/doosan_somacube_rl/doosan_somacube_rl/msg/detail
[1.302s] -- Up-to-date: /home/jack/ros2_ws/install/doosan_somacube_rl/include/doosan_somacube_rl/doosan_somacube_rl/msg/detail/register_quality__functions.h
[1.302s] -- Up-to-date: /home/jack/ros2_ws/install/doosan_somacube_rl/include/doosan_somacube_rl/doosan_somacube_rl/msg/detail/register_quality__functions.c
[1.302s] -- Up-to-date: /home/jack/ros2_ws/install/doosan_somacube_rl/include/doosan_somacube_rl/doosan_somacube_rl/msg/detail/safety_event__functions.c
[1.302s] -- Up-to-date: /home/jack/ros2_ws/install/doosan_somacube_rl/include/doosan_somacube_rl/doosan_somacube_rl/msg/detail/policy_cmd__struct.h
[1.302s] -- Up-to-date: /home/jack/ros2_ws/install/doosan_somacube_rl/include/doosan_somacube_rl/doosan_somacube_rl/msg/detail/safety_event__type_support.h
[1.302s] -- Up-to-date: /home/jack/ros2_ws/install/doosan_somacube_rl/include/doosan_somacube_rl/doosan_somacube_rl/msg/detail/safety_event__functions.h
[1.302s] -- Up-to-date: /home/jack/ros2_ws/install/doosan_somacube_rl/include/doosan_somacube_rl/doosan_somacube_rl/msg/detail/register_quality__type_support.h
[1.302s] -- Up-to-date: /home/jack/ros2_ws/install/doosan_somacube_rl/include/doosan_somacube_rl/doosan_somacube_rl/msg/detail/policy_cmd__functions.h
[1.302s] -- Up-to-date: /home/jack/ros2_ws/install/doosan_somacube_rl/include/doosan_somacube_rl/doosan_somacube_rl/msg/detail/policy_cmd__type_support.h
[1.302s] -- Up-to-date: /home/jack/ros2_ws/install/doosan_somacube_rl/include/doosan_somacube_rl/doosan_somacube_rl/msg/detail/safety_event__struct.h
[1.302s] -- Up-to-date: /home/jack/ros2_ws/install/doosan_somacube_rl/include/doosan_somacube_rl/doosan_somacube_rl/msg/detail/policy_cmd__functions.c
[1.303s] -- Up-to-date: /home/jack/ros2_ws/install/doosan_somacube_rl/include/doosan_somacube_rl/doosan_somacube_rl/msg/detail/register_quality__struct.h
[1.303s] -- Up-to-date: /home/jack/ros2_ws/install/doosan_somacube_rl/include/doosan_somacube_rl/doosan_somacube_rl/msg/register_quality.h
[1.303s] -- Up-to-date: /home/jack/ros2_ws/install/doosan_somacube_rl/include/doosan_somacube_rl/doosan_somacube_rl/msg/policy_cmd.h
[1.303s] -- Up-to-date: /home/jack/ros2_ws/install/doosan_somacube_rl/include/doosan_somacube_rl/doosan_somacube_rl/msg/safety_event.h
[1.303s] -- Up-to-date: /home/jack/ros2_ws/install/doosan_somacube_rl/include/doosan_somacube_rl/doosan_somacube_rl/msg/rosidl_generator_c__visibility_control.h
[1.303s] -- Up-to-date: /home/jack/ros2_ws/install/doosan_somacube_rl/share/doosan_somacube_rl/environment/library_path.sh
[1.303s] -- Installing: /home/jack/ros2_ws/install/doosan_somacube_rl/share/doosan_somacube_rl/environment/library_path.dsv
[1.303s] -- Up-to-date: /home/jack/ros2_ws/install/doosan_somacube_rl/lib/libdoosan_somacube_rl__rosidl_generator_c.so
[1.303s] -- Up-to-date: /home/jack/ros2_ws/install/doosan_somacube_rl/include/doosan_somacube_rl/doosan_somacube_rl
[1.303s] -- Up-to-date: /home/jack/ros2_ws/install/doosan_somacube_rl/include/doosan_somacube_rl/doosan_somacube_rl/msg
[1.303s] -- Up-to-date: /home/jack/ros2_ws/install/doosan_somacube_rl/include/doosan_somacube_rl/doosan_somacube_rl/msg/detail
[1.304s] -- Up-to-date: /home/jack/ros2_ws/install/doosan_somacube_rl/include/doosan_somacube_rl/doosan_somacube_rl/msg/detail/safety_event__rosidl_typesupport_fastrtps_c.h
[1.304s] -- Up-to-date: /home/jack/ros2_ws/install/doosan_somacube_rl/include/doosan_somacube_rl/doosan_somacube_rl/msg/detail/register_quality__rosidl_typesupport_fastrtps_c.h
[1.304s] -- Up-to-date: /home/jack/ros2_ws/install/doosan_somacube_rl/include/doosan_somacube_rl/doosan_somacube_rl/msg/detail/policy_cmd__rosidl_typesupport_fastrtps_c.h
[1.304s] -- Up-to-date: /home/jack/ros2_ws/install/doosan_somacube_rl/include/doosan_somacube_rl/doosan_somacube_rl/msg/rosidl_typesupport_fastrtps_c__visibility_control.h
[1.304s] -- Up-to-date: /home/jack/ros2_ws/install/doosan_somacube_rl/lib/libdoosan_somacube_rl__rosidl_typesupport_fastrtps_c.so
[1.304s] -- Up-to-date: /home/jack/ros2_ws/install/doosan_somacube_rl/include/doosan_somacube_rl/doosan_somacube_rl
[1.304s] -- Up-to-date: /home/jack/ros2_ws/install/doosan_somacube_rl/include/doosan_somacube_rl/doosan_somacube_rl/msg
[1.304s] -- Up-to-date: /home/jack/ros2_ws/install/doosan_somacube_rl/include/doosan_somacube_rl/doosan_somacube_rl/msg/detail
[1.304s] -- Up-to-date: /home/jack/ros2_ws/install/doosan_somacube_rl/include/doosan_somacube_rl/doosan_somacube_rl/msg/detail/register_quality__builder.hpp
[1.304s] -- Up-to-date: /home/jack/ros2_ws/install/doosan_somacube_rl/include/doosan_somacube_rl/doosan_somacube_rl/msg/detail/policy_cmd__builder.hpp
[1.304s] -- Up-to-date: /home/jack/ros2_ws/install/doosan_somacube_rl/include/doosan_somacube_rl/doosan_somacube_rl/msg/detail/policy_cmd__type_support.hpp
[1.304s] -- Up-to-date: /home/jack/ros2_ws/install/doosan_somacube_rl/include/doosan_somacube_rl/doosan_somacube_rl/msg/detail/safety_event__traits.hpp
[1.305s] -- Up-to-date: /home/jack/ros2_ws/install/doosan_somacube_rl/include/doosan_somacube_rl/doosan_somacube_rl/msg/detail/safety_event__struct.hpp
[1.305s] -- Up-to-date: /home/jack/ros2_ws/install/doosan_somacube_rl/include/doosan_somacube_rl/doosan_somacube_rl/msg/detail/safety_event__type_support.hpp
[1.305s] -- Up-to-date: /home/jack/ros2_ws/install/doosan_somacube_rl/include/doosan_somacube_rl/doosan_somacube_rl/msg/detail/register_quality__type_support.hpp
[1.305s] -- Up-to-date: /home/jack/ros2_ws/install/doosan_somacube_rl/include/doosan_somacube_rl/doosan_somacube_rl/msg/detail/safety_event__builder.hpp
[1.305s] -- Up-to-date: /home/jack/ros2_ws/install/doosan_somacube_rl/include/doosan_somacube_rl/doosan_somacube_rl/msg/detail/register_quality__struct.hpp
[1.305s] -- Up-to-date: /home/jack/ros2_ws/install/doosan_somacube_rl/include/doosan_somacube_rl/doosan_somacube_rl/msg/detail/register_quality__traits.hpp
[1.305s] -- Up-to-date: /home/jack/ros2_ws/install/doosan_somacube_rl/include/doosan_somacube_rl/doosan_somacube_rl/msg/detail/policy_cmd__struct.hpp
[1.305s] -- Up-to-date: /home/jack/ros2_ws/install/doosan_somacube_rl/include/doosan_somacube_rl/doosan_somacube_rl/msg/detail/policy_cmd__traits.hpp
[1.305s] -- Up-to-date: /home/jack/ros2_ws/install/doosan_somacube_rl/include/doosan_somacube_rl/doosan_somacube_rl/msg/register_quality.hpp
[1.305s] -- Up-to-date: /home/jack/ros2_ws/install/doosan_somacube_rl/include/doosan_somacube_rl/doosan_somacube_rl/msg/policy_cmd.hpp
[1.305s] -- Up-to-date: /home/jack/ros2_ws/install/doosan_somacube_rl/include/doosan_somacube_rl/doosan_somacube_rl/msg/rosidl_generator_cpp__visibility_control.hpp
[1.305s] -- Up-to-date: /home/jack/ros2_ws/install/doosan_somacube_rl/include/doosan_somacube_rl/doosan_somacube_rl/msg/safety_event.hpp
[1.305s] -- Up-to-date: /home/jack/ros2_ws/install/doosan_somacube_rl/include/doosan_somacube_rl/doosan_somacube_rl
[1.305s] -- Up-to-date: /home/jack/ros2_ws/install/doosan_somacube_rl/include/doosan_somacube_rl/doosan_somacube_rl/msg
[1.306s] -- Up-to-date: /home/jack/ros2_ws/install/doosan_somacube_rl/include/doosan_somacube_rl/doosan_somacube_rl/msg/detail
[1.306s] -- Up-to-date: /home/jack/ros2_ws/install/doosan_somacube_rl/include/doosan_somacube_rl/doosan_somacube_rl/msg/detail/dds_fastrtps
[1.306s] -- Up-to-date: /home/jack/ros2_ws/install/doosan_somacube_rl/include/doosan_somacube_rl/doosan_somacube_rl/msg/detail/register_quality__rosidl_typesupport_fastrtps_cpp.hpp
[1.306s] -- Up-to-date: /home/jack/ros2_ws/install/doosan_somacube_rl/include/doosan_somacube_rl/doosan_somacube_rl/msg/detail/policy_cmd__rosidl_typesupport_fastrtps_cpp.hpp
[1.306s] -- Up-to-date: /home/jack/ros2_ws/install/doosan_somacube_rl/include/doosan_somacube_rl/doosan_somacube_rl/msg/detail/safety_event__rosidl_typesupport_fastrtps_cpp.hpp
[1.306s] -- Up-to-date: /home/jack/ros2_ws/install/doosan_somacube_rl/include/doosan_somacube_rl/doosan_somacube_rl/msg/rosidl_typesupport_fastrtps_cpp__visibility_control.h
[1.306s] -- Up-to-date: /home/jack/ros2_ws/install/doosan_somacube_rl/lib/libdoosan_somacube_rl__rosidl_typesupport_fastrtps_cpp.so
[1.306s] -- Up-to-date: /home/jack/ros2_ws/install/doosan_somacube_rl/include/doosan_somacube_rl/doosan_somacube_rl
[1.306s] -- Up-to-date: /home/jack/ros2_ws/install/doosan_somacube_rl/include/doosan_somacube_rl/doosan_somacube_rl/msg
[1.306s] -- Up-to-date: /home/jack/ros2_ws/install/doosan_somacube_rl/include/doosan_somacube_rl/doosan_somacube_rl/msg/detail
[1.306s] -- Up-to-date: /home/jack/ros2_ws/install/doosan_somacube_rl/include/doosan_somacube_rl/doosan_somacube_rl/msg/detail/safety_event__rosidl_typesupport_introspection_c.h
[1.307s] -- Up-to-date: /home/jack/ros2_ws/install/doosan_somacube_rl/include/doosan_somacube_rl/doosan_somacube_rl/msg/detail/register_quality__type_support.c
[1.307s] -- Up-to-date: /home/jack/ros2_ws/install/doosan_somacube_rl/include/doosan_somacube_rl/doosan_somacube_rl/msg/detail/policy_cmd__rosidl_typesupport_introspection_c.h
[1.307s] -- Up-to-date: /home/jack/ros2_ws/install/doosan_somacube_rl/include/doosan_somacube_rl/doosan_somacube_rl/msg/detail/safety_event__type_support.c
[1.307s] -- Up-to-date: /home/jack/ros2_ws/install/doosan_somacube_rl/include/doosan_somacube_rl/doosan_somacube_rl/msg/detail/policy_cmd__type_support.c
[1.307s] -- Up-to-date: /home/jack/ros2_ws/install/doosan_somacube_rl/include/doosan_somacube_rl/doosan_somacube_rl/msg/detail/register_quality__rosidl_typesupport_introspection_c.h
[1.307s] -- Up-to-date: /home/jack/ros2_ws/install/doosan_somacube_rl/include/doosan_somacube_rl/doosan_somacube_rl/msg/rosidl_typesupport_introspection_c__visibility_control.h
[1.307s] -- Up-to-date: /home/jack/ros2_ws/install/doosan_somacube_rl/lib/libdoosan_somacube_rl__rosidl_typesupport_introspection_c.so
[1.307s] -- Up-to-date: /home/jack/ros2_ws/install/doosan_somacube_rl/lib/libdoosan_somacube_rl__rosidl_typesupport_c.so
[1.307s] -- Up-to-date: /home/jack/ros2_ws/install/doosan_somacube_rl/include/doosan_somacube_rl/doosan_somacube_rl
[1.307s] -- Up-to-date: /home/jack/ros2_ws/install/doosan_somacube_rl/include/doosan_somacube_rl/doosan_somacube_rl/msg
[1.307s] -- Up-to-date: /home/jack/ros2_ws/install/doosan_somacube_rl/include/doosan_somacube_rl/doosan_somacube_rl/msg/detail
[1.307s] -- Up-to-date: /home/jack/ros2_ws/install/doosan_somacube_rl/include/doosan_somacube_rl/doosan_somacube_rl/msg/detail/policy_cmd__type_support.cpp
[1.307s] -- Up-to-date: /home/jack/ros2_ws/install/doosan_somacube_rl/include/doosan_somacube_rl/doosan_somacube_rl/msg/detail/safety_event__type_support.cpp
[1.307s] -- Up-to-date: /home/jack/ros2_ws/install/doosan_somacube_rl/include/doosan_somacube_rl/doosan_somacube_rl/msg/detail/safety_event__rosidl_typesupport_introspection_cpp.hpp
[1.307s] -- Up-to-date: /home/jack/ros2_ws/install/doosan_somacube_rl/include/doosan_somacube_rl/doosan_somacube_rl/msg/detail/register_quality__rosidl_typesupport_introspection_cpp.hpp
[1.308s] -- Up-to-date: /home/jack/ros2_ws/install/doosan_somacube_rl/include/doosan_somacube_rl/doosan_somacube_rl/msg/detail/policy_cmd__rosidl_typesupport_introspection_cpp.hpp
[1.308s] -- Up-to-date: /home/jack/ros2_ws/install/doosan_somacube_rl/include/doosan_somacube_rl/doosan_somacube_rl/msg/detail/register_quality__type_support.cpp
[1.308s] -- Up-to-date: /home/jack/ros2_ws/install/doosan_somacube_rl/lib/libdoosan_somacube_rl__rosidl_typesupport_introspection_cpp.so
[1.308s] -- Up-to-date: /home/jack/ros2_ws/install/doosan_somacube_rl/lib/libdoosan_somacube_rl__rosidl_typesupport_cpp.so
[1.308s] -- Up-to-date: /home/jack/ros2_ws/install/doosan_somacube_rl/share/doosan_somacube_rl/environment/pythonpath.sh
[1.308s] -- Installing: /home/jack/ros2_ws/install/doosan_somacube_rl/share/doosan_somacube_rl/environment/pythonpath.dsv
[1.308s] -- Up-to-date: /home/jack/ros2_ws/install/doosan_somacube_rl/local/lib/python3.10/dist-packages/doosan_somacube_rl-1.0.0-py3.10.egg-info
[1.308s] -- Installing: /home/jack/ros2_ws/install/doosan_somacube_rl/local/lib/python3.10/dist-packages/doosan_somacube_rl-1.0.0-py3.10.egg-info/SOURCES.txt
[1.308s] -- Installing: /home/jack/ros2_ws/install/doosan_somacube_rl/local/lib/python3.10/dist-packages/doosan_somacube_rl-1.0.0-py3.10.egg-info/PKG-INFO
[1.308s] -- Installing: /home/jack/ros2_ws/install/doosan_somacube_rl/local/lib/python3.10/dist-packages/doosan_somacube_rl-1.0.0-py3.10.egg-info/dependency_links.txt
[1.308s] -- Installing: /home/jack/ros2_ws/install/doosan_somacube_rl/local/lib/python3.10/dist-packages/doosan_somacube_rl-1.0.0-py3.10.egg-info/top_level.txt
[1.308s] -- Up-to-date: /home/jack/ros2_ws/install/doosan_somacube_rl/local/lib/python3.10/dist-packages/doosan_somacube_rl
[1.308s] -- Up-to-date: /home/jack/ros2_ws/install/doosan_somacube_rl/local/lib/python3.10/dist-packages/doosan_somacube_rl/libdoosan_somacube_rl__rosidl_generator_py.so
[1.308s] -- Up-to-date: /home/jack/ros2_ws/install/doosan_somacube_rl/local/lib/python3.10/dist-packages/doosan_somacube_rl/doosan_somacube_rl_s__rosidl_typesupport_introspection_c.cpython-310-x86_64-linux-gnu.so
[1.308s] -- Up-to-date: /home/jack/ros2_ws/install/doosan_somacube_rl/local/lib/python3.10/dist-packages/doosan_somacube_rl/_doosan_somacube_rl_s.ep.rosidl_typesupport_c.c
[1.308s] -- Up-to-date: /home/jack/ros2_ws/install/doosan_somacube_rl/local/lib/python3.10/dist-packages/doosan_somacube_rl/_doosan_somacube_rl_s.ep.rosidl_typesupport_fastrtps_c.c
[1.309s] -- Up-to-date: /home/jack/ros2_ws/install/doosan_somacube_rl/local/lib/python3.10/dist-packages/doosan_somacube_rl/doosan_somacube_rl_s__rosidl_typesupport_c.cpython-310-x86_64-linux-gnu.so
[1.309s] -- Up-to-date: /home/jack/ros2_ws/install/doosan_somacube_rl/local/lib/python3.10/dist-packages/doosan_somacube_rl/doosan_somacube_rl_s__rosidl_typesupport_fastrtps_c.cpython-310-x86_64-linux-gnu.so
[1.309s] -- Up-to-date: /home/jack/ros2_ws/install/doosan_somacube_rl/local/lib/python3.10/dist-packages/doosan_somacube_rl/msg
[1.309s] -- Up-to-date: /home/jack/ros2_ws/install/doosan_somacube_rl/local/lib/python3.10/dist-packages/doosan_somacube_rl/msg/_register_quality.py
[1.309s] -- Up-to-date: /home/jack/ros2_ws/install/doosan_somacube_rl/local/lib/python3.10/dist-packages/doosan_somacube_rl/msg/_safety_event_s.c
[1.309s] -- Up-to-date: /home/jack/ros2_ws/install/doosan_somacube_rl/local/lib/python3.10/dist-packages/doosan_somacube_rl/msg/_safety_event.py
[1.309s] -- Up-to-date: /home/jack/ros2_ws/install/doosan_somacube_rl/local/lib/python3.10/dist-packages/doosan_somacube_rl/msg/_register_quality_s.c
[1.309s] -- Up-to-date: /home/jack/ros2_ws/install/doosan_somacube_rl/local/lib/python3.10/dist-packages/doosan_somacube_rl/msg/__init__.py
[1.309s] -- Up-to-date: /home/jack/ros2_ws/install/doosan_somacube_rl/local/lib/python3.10/dist-packages/doosan_somacube_rl/msg/_policy_cmd.py
[1.309s] -- Up-to-date: /home/jack/ros2_ws/install/doosan_somacube_rl/local/lib/python3.10/dist-packages/doosan_somacube_rl/msg/_policy_cmd_s.c
[1.309s] -- Installing: /home/jack/ros2_ws/install/doosan_somacube_rl/local/lib/python3.10/dist-packages/doosan_somacube_rl/__init__.py
[1.309s] -- Up-to-date: /home/jack/ros2_ws/install/doosan_somacube_rl/local/lib/python3.10/dist-packages/doosan_somacube_rl/_doosan_somacube_rl_s.ep.rosidl_typesupport_introspection_c.c
[1.333s] Listing '/home/jack/ros2_ws/install/doosan_somacube_rl/local/lib/python3.10/dist-packages/doosan_somacube_rl'...
[1.333s] Compiling '/home/jack/ros2_ws/install/doosan_somacube_rl/local/lib/python3.10/dist-packages/doosan_somacube_rl/__init__.py'...
[1.333s] Listing '/home/jack/ros2_ws/install/doosan_somacube_rl/local/lib/python3.10/dist-packages/doosan_somacube_rl/msg'...
[1.337s] -- Up-to-date: /home/jack/ros2_ws/install/doosan_somacube_rl/local/lib/python3.10/dist-packages/doosan_somacube_rl/doosan_somacube_rl_s__rosidl_typesupport_fastrtps_c.cpython-310-x86_64-linux-gnu.so
[1.337s] -- Up-to-date: /home/jack/ros2_ws/install/doosan_somacube_rl/local/lib/python3.10/dist-packages/doosan_somacube_rl/doosan_somacube_rl_s__rosidl_typesupport_introspection_c.cpython-310-x86_64-linux-gnu.so
[1.337s] -- Up-to-date: /home/jack/ros2_ws/install/doosan_somacube_rl/local/lib/python3.10/dist-packages/doosan_somacube_rl/doosan_somacube_rl_s__rosidl_typesupport_c.cpython-310-x86_64-linux-gnu.so
[1.337s] -- Up-to-date: /home/jack/ros2_ws/install/doosan_somacube_rl/lib/libdoosan_somacube_rl__rosidl_generator_py.so
[1.337s] -- Up-to-date: /home/jack/ros2_ws/install/doosan_somacube_rl/share/doosan_somacube_rl/msg/RegisterQuality.idl
[1.337s] -- Up-to-date: /home/jack/ros2_ws/install/doosan_somacube_rl/share/doosan_somacube_rl/msg/PolicyCmd.idl
[1.337s] -- Up-to-date: /home/jack/ros2_ws/install/doosan_somacube_rl/share/doosan_somacube_rl/msg/SafetyEvent.idl
[1.337s] -- Up-to-date: /home/jack/ros2_ws/install/doosan_somacube_rl/share/doosan_somacube_rl/msg/RegisterQuality.msg
[1.337s] -- Installing: /home/jack/ros2_ws/install/doosan_somacube_rl/share/doosan_somacube_rl/msg/PolicyCmd.msg
[1.337s] -- Up-to-date: /home/jack/ros2_ws/install/doosan_somacube_rl/share/doosan_somacube_rl/msg/SafetyEvent.msg
[1.338s] -- Up-to-date: /home/jack/ros2_ws/install/doosan_somacube_rl/lib/doosan_somacube_rl/pc_preprocess_node.py
[1.338s] -- Up-to-date: /home/jack/ros2_ws/install/doosan_somacube_rl/lib/doosan_somacube_rl/pc_register_node.py
[1.338s] -- Up-to-date: /home/jack/ros2_ws/install/doosan_somacube_rl/lib/doosan_somacube_rl/pose_tracker_node.py
[1.338s] -- Up-to-date: /home/jack/ros2_ws/install/doosan_somacube_rl/lib/doosan_somacube_rl/imp_ctrl_node.py
[1.338s] -- Up-to-date: /home/jack/ros2_ws/install/doosan_somacube_rl/lib/doosan_somacube_rl/safety_monitor_node.py
[1.338s] -- Up-to-date: /home/jack/ros2_ws/install/doosan_somacube_rl/lib/doosan_somacube_rl/sequencer_node.py
[1.338s] -- Up-to-date: /home/jack/ros2_ws/install/doosan_somacube_rl/lib/doosan_somacube_rl/layer1_manager_node.py
[1.338s] -- Up-to-date: /home/jack/ros2_ws/install/doosan_somacube_rl/lib/doosan_somacube_rl/logger_node.py
[1.338s] -- Installing: /home/jack/ros2_ws/install/doosan_somacube_rl/lib/doosan_somacube_rl/policy_sac_low_node.py
[1.338s] -- Up-to-date: /home/jack/ros2_ws/install/doosan_somacube_rl/share/doosan_somacube_rl/launch
[1.338s] -- Up-to-date: /home/jack/ros2_ws/install/doosan_somacube_rl/share/doosan_somacube_rl/launch/bringup_real.launch.py
[1.338s] -- Up-to-date: /home/jack/ros2_ws/install/doosan_somacube_rl/share/doosan_somacube_rl/config
[1.339s] -- Up-to-date: /home/jack/ros2_ws/install/doosan_somacube_rl/share/doosan_somacube_rl/config/grid.yaml
[1.339s] -- Up-to-date: /home/jack/ros2_ws/install/doosan_somacube_rl/share/doosan_somacube_rl/config/layer1_layout.yaml
[1.339s] -- Up-to-date: /home/jack/ros2_ws/install/doosan_somacube_rl/share/doosan_somacube_rl/config/rl_somacube_params.yaml
[1.339s] -- Up-to-date: /home/jack/ros2_ws/install/doosan_somacube_rl/share/doosan_somacube_rl/config/topics_interfaces.yaml
[1.339s] -- Up-to-date: /home/jack/ros2_ws/install/doosan_somacube_rl/share/doosan_somacube_rl/scripts
[1.339s] -- Installing: /home/jack/ros2_ws/install/doosan_somacube_rl/share/doosan_somacube_rl/scripts/integration_test.sh
[1.339s] -- Up-to-date: /home/jack/ros2_ws/install/doosan_somacube_rl/share/doosan_somacube_rl/scripts/rqt_quickpanels.sh
[1.339s] -- Up-to-date: /home/jack/ros2_ws/install/doosan_somacube_rl/share/doosan_somacube_rl/scripts/validate_dod.py
[1.339s] -- Up-to-date: /home/jack/ros2_ws/install/doosan_somacube_rl/share/doosan_somacube_rl/scripts/verify_topics.py
[1.339s] -- Up-to-date: /home/jack/ros2_ws/install/doosan_somacube_rl/share/doosan_somacube_rl/scripts/simulate_data.py
[1.340s] -- Up-to-date: /home/jack/ros2_ws/install/doosan_somacube_rl/share/doosan_somacube_rl/scripts/system_monitor.py
[1.340s] -- Up-to-date: /home/jack/ros2_ws/install/doosan_somacube_rl/share/doosan_somacube_rl/scripts/bag_record.sh
[1.340s] -- Up-to-date: /home/jack/ros2_ws/install/doosan_somacube_rl/share/doosan_somacube_rl/test
[1.340s] -- Up-to-date: /home/jack/ros2_ws/install/doosan_somacube_rl/share/doosan_somacube_rl/test/test_gating_math.py
[1.340s] -- Up-to-date: /home/jack/ros2_ws/install/doosan_somacube_rl/share/ament_index/resource_index/package_run_dependencies/doosan_somacube_rl
[1.340s] -- Up-to-date: /home/jack/ros2_ws/install/doosan_somacube_rl/share/ament_index/resource_index/parent_prefix_path/doosan_somacube_rl
[1.340s] -- Up-to-date: /home/jack/ros2_ws/install/doosan_somacube_rl/share/doosan_somacube_rl/environment/ament_prefix_path.sh
[1.340s] -- Installing: /home/jack/ros2_ws/install/doosan_somacube_rl/share/doosan_somacube_rl/environment/ament_prefix_path.dsv
[1.340s] -- Up-to-date: /home/jack/ros2_ws/install/doosan_somacube_rl/share/doosan_somacube_rl/environment/path.sh
[1.340s] -- Installing: /home/jack/ros2_ws/install/doosan_somacube_rl/share/doosan_somacube_rl/environment/path.dsv
[1.340s] -- Up-to-date: /home/jack/ros2_ws/install/doosan_somacube_rl/share/doosan_somacube_rl/local_setup.bash
[1.340s] -- Up-to-date: /home/jack/ros2_ws/install/doosan_somacube_rl/share/doosan_somacube_rl/local_setup.sh
[1.341s] -- Up-to-date: /home/jack/ros2_ws/install/doosan_somacube_rl/share/doosan_somacube_rl/local_setup.zsh
[1.341s] -- Installing: /home/jack/ros2_ws/install/doosan_somacube_rl/share/doosan_somacube_rl/local_setup.dsv
[1.341s] -- Installing: /home/jack/ros2_ws/install/doosan_somacube_rl/share/doosan_somacube_rl/package.dsv
[1.341s] -- Up-to-date: /home/jack/ros2_ws/install/doosan_somacube_rl/share/ament_index/resource_index/packages/doosan_somacube_rl
[1.341s] -- Up-to-date: /home/jack/ros2_ws/install/doosan_somacube_rl/share/doosan_somacube_rl/cmake/export_doosan_somacube_rl__rosidl_generator_cExport.cmake
[1.341s] -- Up-to-date: /home/jack/ros2_ws/install/doosan_somacube_rl/share/doosan_somacube_rl/cmake/export_doosan_somacube_rl__rosidl_generator_cExport-noconfig.cmake
[1.341s] -- Up-to-date: /home/jack/ros2_ws/install/doosan_somacube_rl/share/doosan_somacube_rl/cmake/export_doosan_somacube_rl__rosidl_typesupport_fastrtps_cExport.cmake
[1.341s] -- Up-to-date: /home/jack/ros2_ws/install/doosan_somacube_rl/share/doosan_somacube_rl/cmake/export_doosan_somacube_rl__rosidl_typesupport_fastrtps_cExport-noconfig.cmake
[1.341s] -- Up-to-date: /home/jack/ros2_ws/install/doosan_somacube_rl/share/doosan_somacube_rl/cmake/export_doosan_somacube_rl__rosidl_generator_cppExport.cmake
[1.342s] -- Up-to-date: /home/jack/ros2_ws/install/doosan_somacube_rl/share/doosan_somacube_rl/cmake/export_doosan_somacube_rl__rosidl_typesupport_fastrtps_cppExport.cmake
[1.342s] -- Up-to-date: /home/jack/ros2_ws/install/doosan_somacube_rl/share/doosan_somacube_rl/cmake/export_doosan_somacube_rl__rosidl_typesupport_fastrtps_cppExport-noconfig.cmake
[1.342s] -- Up-to-date: /home/jack/ros2_ws/install/doosan_somacube_rl/share/doosan_somacube_rl/cmake/doosan_somacube_rl__rosidl_typesupport_introspection_cExport.cmake
[1.342s] -- Up-to-date: /home/jack/ros2_ws/install/doosan_somacube_rl/share/doosan_somacube_rl/cmake/doosan_somacube_rl__rosidl_typesupport_introspection_cExport-noconfig.cmake
[1.342s] -- Up-to-date: /home/jack/ros2_ws/install/doosan_somacube_rl/share/doosan_somacube_rl/cmake/doosan_somacube_rl__rosidl_typesupport_cExport.cmake
[1.342s] -- Up-to-date: /home/jack/ros2_ws/install/doosan_somacube_rl/share/doosan_somacube_rl/cmake/doosan_somacube_rl__rosidl_typesupport_cExport-noconfig.cmake
[1.342s] -- Up-to-date: /home/jack/ros2_ws/install/doosan_somacube_rl/share/doosan_somacube_rl/cmake/doosan_somacube_rl__rosidl_typesupport_introspection_cppExport.cmake
[1.342s] -- Up-to-date: /home/jack/ros2_ws/install/doosan_somacube_rl/share/doosan_somacube_rl/cmake/doosan_somacube_rl__rosidl_typesupport_introspection_cppExport-noconfig.cmake
[1.342s] -- Up-to-date: /home/jack/ros2_ws/install/doosan_somacube_rl/share/doosan_somacube_rl/cmake/doosan_somacube_rl__rosidl_typesupport_cppExport.cmake
[1.343s] -- Up-to-date: /home/jack/ros2_ws/install/doosan_somacube_rl/share/doosan_somacube_rl/cmake/doosan_somacube_rl__rosidl_typesupport_cppExport-noconfig.cmake
[1.343s] -- Up-to-date: /home/jack/ros2_ws/install/doosan_somacube_rl/share/doosan_somacube_rl/cmake/export_doosan_somacube_rl__rosidl_generator_pyExport.cmake
[1.343s] -- Up-to-date: /home/jack/ros2_ws/install/doosan_somacube_rl/share/doosan_somacube_rl/cmake/export_doosan_somacube_rl__rosidl_generator_pyExport-noconfig.cmake
[1.343s] -- Up-to-date: /home/jack/ros2_ws/install/doosan_somacube_rl/share/doosan_somacube_rl/cmake/rosidl_cmake-extras.cmake
[1.343s] -- Up-to-date: /home/jack/ros2_ws/install/doosan_somacube_rl/share/doosan_somacube_rl/cmake/ament_cmake_export_dependencies-extras.cmake
[1.343s] -- Up-to-date: /home/jack/ros2_ws/install/doosan_somacube_rl/share/doosan_somacube_rl/cmake/ament_cmake_export_include_directories-extras.cmake
[1.343s] -- Up-to-date: /home/jack/ros2_ws/install/doosan_somacube_rl/share/doosan_somacube_rl/cmake/ament_cmake_export_libraries-extras.cmake
[1.343s] -- Up-to-date: /home/jack/ros2_ws/install/doosan_somacube_rl/share/doosan_somacube_rl/cmake/ament_cmake_export_targets-extras.cmake
[1.343s] -- Up-to-date: /home/jack/ros2_ws/install/doosan_somacube_rl/share/doosan_somacube_rl/cmake/rosidl_cmake_export_typesupport_targets-extras.cmake
[1.344s] -- Up-to-date: /home/jack/ros2_ws/install/doosan_somacube_rl/share/doosan_somacube_rl/cmake/rosidl_cmake_export_typesupport_libraries-extras.cmake
[1.344s] -- Up-to-date: /home/jack/ros2_ws/install/doosan_somacube_rl/share/doosan_somacube_rl/cmake/doosan_somacube_rlConfig.cmake
[1.344s] -- Up-to-date: /home/jack/ros2_ws/install/doosan_somacube_rl/share/doosan_somacube_rl/cmake/doosan_somacube_rlConfig-version.cmake
[1.344s] -- Up-to-date: /home/jack/ros2_ws/install/doosan_somacube_rl/share/doosan_somacube_rl/package.xml
[1.344s] Invoked command in '/home/jack/ros2_ws/build/doosan_somacube_rl' returned '0': CMAKE_PREFIX_PATH=/opt/ros/humble /usr/bin/cmake --install /home/jack/ros2_ws/build/doosan_somacube_rl
