[0.652s] Invoking command in '/home/jack/ros2_ws/build/od_msg': /usr/bin/cmake --build /home/jack/ros2_ws/build/od_msg -- -j8 -l8
[0.781s] Consolidate compiler generated dependencies of target od_msg__rosidl_generator_c
[0.781s] [  3%] Built target od_msg__cpp
[0.781s] [ 12%] Built target od_msg__rosidl_generator_c
[0.912s] [ 12%] Built target ament_cmake_python_copy_od_msg
[0.912s] Consolidate compiler generated dependencies of target od_msg__rosidl_typesupport_cpp
[0.912s] Consolidate compiler generated dependencies of target od_msg__rosidl_typesupport_fastrtps_cpp
[0.912s] Consolidate compiler generated dependencies of target od_msg__rosidl_typesupport_introspection_cpp
[0.912s] [ 22%] Built target od_msg__rosidl_typesupport_fastrtps_cpp
[0.912s] [ 32%] Built target od_msg__rosidl_typesupport_cpp
[0.913s] Consolidate compiler generated dependencies of target od_msg__rosidl_typesupport_introspection_c
[0.913s] Consolidate compiler generated dependencies of target od_msg__rosidl_typesupport_fastrtps_c
[0.913s] Consolidate compiler generated dependencies of target od_msg__rosidl_typesupport_c
[0.913s] [ 41%] Built target od_msg__rosidl_typesupport_introspection_cpp
[0.913s] [ 51%] Built target od_msg__rosidl_typesupport_introspection_c
[0.913s] [ 61%] Built target od_msg__rosidl_typesupport_fastrtps_c
[0.969s] [ 70%] Built target od_msg__rosidl_typesupport_c
[0.969s] [ 70%] Built target od_msg
[0.969s] [ 74%] Built target od_msg__py
[1.006s] Consolidate compiler generated dependencies of target od_msg__rosidl_generator_py
[1.006s] [ 80%] Built target od_msg__rosidl_generator_py
[1.006s] Consolidate compiler generated dependencies of target od_msg__rosidl_typesupport_fastrtps_c__pyext
[1.006s] Consolidate compiler generated dependencies of target od_msg__rosidl_typesupport_introspection_c__pyext
[1.006s] Consolidate compiler generated dependencies of target od_msg__rosidl_typesupport_c__pyext
[1.006s] [ 87%] Built target od_msg__rosidl_typesupport_fastrtps_c__pyext
[1.007s] [ 93%] Built target od_msg__rosidl_typesupport_introspection_c__pyext
[1.007s] [100%] Built target od_msg__rosidl_typesupport_c__pyext
[1.956s] running egg_info
[1.956s] writing od_msg.egg-info/PKG-INFO
[1.956s] writing dependency_links to od_msg.egg-info/dependency_links.txt
[1.956s] writing top-level names to od_msg.egg-info/top_level.txt
[1.956s] reading manifest file 'od_msg.egg-info/SOURCES.txt'
[1.956s] writing manifest file 'od_msg.egg-info/SOURCES.txt'
[1.956s] [100%] Built target ament_cmake_python_build_od_msg_egg
[2.578s] Invoked command in '/home/jack/ros2_ws/build/od_msg' returned '0': /usr/bin/cmake --build /home/jack/ros2_ws/build/od_msg -- -j8 -l8
[2.581s] Invoking command in '/home/jack/ros2_ws/build/od_msg': /usr/bin/cmake --install /home/jack/ros2_ws/build/od_msg
[2.601s] -- Install configuration: ""
[2.603s] -- Up-to-date: /home/jack/ros2_ws/install/od_msg/share/ament_index/resource_index/rosidl_interfaces/od_msg
[2.603s] -- Up-to-date: /home/jack/ros2_ws/install/od_msg/include/od_msg/od_msg
[2.603s] -- Up-to-date: /home/jack/ros2_ws/install/od_msg/include/od_msg/od_msg/srv
[2.603s] -- Up-to-date: /home/jack/ros2_ws/install/od_msg/include/od_msg/od_msg/srv/detail
[2.603s] -- Up-to-date: /home/jack/ros2_ws/install/od_msg/include/od_msg/od_msg/srv/detail/srv_depth_position__type_support.h
[2.603s] -- Up-to-date: /home/jack/ros2_ws/install/od_msg/include/od_msg/od_msg/srv/detail/srv_depth_position__functions.h
[2.603s] -- Up-to-date: /home/jack/ros2_ws/install/od_msg/include/od_msg/od_msg/srv/detail/srv_depth_position__functions.c
[2.603s] -- Up-to-date: /home/jack/ros2_ws/install/od_msg/include/od_msg/od_msg/srv/detail/srv_depth_position__struct.h
[2.603s] -- Up-to-date: /home/jack/ros2_ws/install/od_msg/include/od_msg/od_msg/srv/srv_depth_position.h
[2.603s] -- Up-to-date: /home/jack/ros2_ws/install/od_msg/include/od_msg/od_msg/msg
[2.603s] -- Up-to-date: /home/jack/ros2_ws/install/od_msg/include/od_msg/od_msg/msg/rosidl_generator_c__visibility_control.h
[2.603s] -- Up-to-date: /home/jack/ros2_ws/install/od_msg/share/od_msg/environment/library_path.sh
[2.603s] -- Up-to-date: /home/jack/ros2_ws/install/od_msg/share/od_msg/environment/library_path.dsv
[2.603s] -- Up-to-date: /home/jack/ros2_ws/install/od_msg/lib/libod_msg__rosidl_generator_c.so
[2.604s] -- Up-to-date: /home/jack/ros2_ws/install/od_msg/include/od_msg/od_msg
[2.604s] -- Up-to-date: /home/jack/ros2_ws/install/od_msg/include/od_msg/od_msg/srv
[2.604s] -- Up-to-date: /home/jack/ros2_ws/install/od_msg/include/od_msg/od_msg/srv/detail
[2.604s] -- Up-to-date: /home/jack/ros2_ws/install/od_msg/include/od_msg/od_msg/srv/detail/srv_depth_position__rosidl_typesupport_fastrtps_c.h
[2.604s] -- Up-to-date: /home/jack/ros2_ws/install/od_msg/include/od_msg/od_msg/msg
[2.604s] -- Up-to-date: /home/jack/ros2_ws/install/od_msg/include/od_msg/od_msg/msg/rosidl_typesupport_fastrtps_c__visibility_control.h
[2.604s] -- Up-to-date: /home/jack/ros2_ws/install/od_msg/lib/libod_msg__rosidl_typesupport_fastrtps_c.so
[2.604s] -- Up-to-date: /home/jack/ros2_ws/install/od_msg/include/od_msg/od_msg
[2.615s] -- Up-to-date: /home/jack/ros2_ws/install/od_msg/include/od_msg/od_msg/srv
[2.615s] -- Up-to-date: /home/jack/ros2_ws/install/od_msg/include/od_msg/od_msg/srv/detail
[2.615s] -- Up-to-date: /home/jack/ros2_ws/install/od_msg/include/od_msg/od_msg/srv/detail/srv_depth_position__type_support.c
[2.615s] -- Up-to-date: /home/jack/ros2_ws/install/od_msg/include/od_msg/od_msg/srv/detail/srv_depth_position__rosidl_typesupport_introspection_c.h
[2.615s] -- Up-to-date: /home/jack/ros2_ws/install/od_msg/include/od_msg/od_msg/msg
[2.615s] -- Up-to-date: /home/jack/ros2_ws/install/od_msg/include/od_msg/od_msg/msg/rosidl_typesupport_introspection_c__visibility_control.h
[2.615s] -- Up-to-date: /home/jack/ros2_ws/install/od_msg/lib/libod_msg__rosidl_typesupport_introspection_c.so
[2.615s] -- Up-to-date: /home/jack/ros2_ws/install/od_msg/lib/libod_msg__rosidl_typesupport_c.so
[2.615s] -- Up-to-date: /home/jack/ros2_ws/install/od_msg/include/od_msg/od_msg
[2.615s] -- Up-to-date: /home/jack/ros2_ws/install/od_msg/include/od_msg/od_msg/srv
[2.615s] -- Up-to-date: /home/jack/ros2_ws/install/od_msg/include/od_msg/od_msg/srv/detail
[2.615s] -- Up-to-date: /home/jack/ros2_ws/install/od_msg/include/od_msg/od_msg/srv/detail/srv_depth_position__builder.hpp
[2.616s] -- Up-to-date: /home/jack/ros2_ws/install/od_msg/include/od_msg/od_msg/srv/detail/srv_depth_position__struct.hpp
[2.616s] -- Up-to-date: /home/jack/ros2_ws/install/od_msg/include/od_msg/od_msg/srv/detail/srv_depth_position__type_support.hpp
[2.616s] -- Up-to-date: /home/jack/ros2_ws/install/od_msg/include/od_msg/od_msg/srv/detail/srv_depth_position__traits.hpp
[2.616s] -- Up-to-date: /home/jack/ros2_ws/install/od_msg/include/od_msg/od_msg/srv/srv_depth_position.hpp
[2.616s] -- Up-to-date: /home/jack/ros2_ws/install/od_msg/include/od_msg/od_msg/msg
[2.616s] -- Up-to-date: /home/jack/ros2_ws/install/od_msg/include/od_msg/od_msg/msg/rosidl_generator_cpp__visibility_control.hpp
[2.616s] -- Up-to-date: /home/jack/ros2_ws/install/od_msg/include/od_msg/od_msg
[2.616s] -- Up-to-date: /home/jack/ros2_ws/install/od_msg/include/od_msg/od_msg/srv
[2.616s] -- Up-to-date: /home/jack/ros2_ws/install/od_msg/include/od_msg/od_msg/srv/detail
[2.616s] -- Up-to-date: /home/jack/ros2_ws/install/od_msg/include/od_msg/od_msg/srv/detail/dds_fastrtps
[2.616s] -- Up-to-date: /home/jack/ros2_ws/install/od_msg/include/od_msg/od_msg/srv/detail/srv_depth_position__rosidl_typesupport_fastrtps_cpp.hpp
[2.616s] -- Up-to-date: /home/jack/ros2_ws/install/od_msg/include/od_msg/od_msg/msg
[2.617s] -- Up-to-date: /home/jack/ros2_ws/install/od_msg/include/od_msg/od_msg/msg/rosidl_typesupport_fastrtps_cpp__visibility_control.h
[2.617s] -- Up-to-date: /home/jack/ros2_ws/install/od_msg/lib/libod_msg__rosidl_typesupport_fastrtps_cpp.so
[2.618s] -- Up-to-date: /home/jack/ros2_ws/install/od_msg/include/od_msg/od_msg
[2.618s] -- Up-to-date: /home/jack/ros2_ws/install/od_msg/include/od_msg/od_msg/srv
[2.621s] -- Up-to-date: /home/jack/ros2_ws/install/od_msg/include/od_msg/od_msg/srv/detail
[2.621s] -- Up-to-date: /home/jack/ros2_ws/install/od_msg/include/od_msg/od_msg/srv/detail/srv_depth_position__rosidl_typesupport_introspection_cpp.hpp
[2.621s] -- Up-to-date: /home/jack/ros2_ws/install/od_msg/include/od_msg/od_msg/srv/detail/srv_depth_position__type_support.cpp
[2.622s] -- Up-to-date: /home/jack/ros2_ws/install/od_msg/lib/libod_msg__rosidl_typesupport_introspection_cpp.so
[2.622s] -- Up-to-date: /home/jack/ros2_ws/install/od_msg/lib/libod_msg__rosidl_typesupport_cpp.so
[2.623s] -- Up-to-date: /home/jack/ros2_ws/install/od_msg/share/od_msg/environment/pythonpath.sh
[2.623s] -- Up-to-date: /home/jack/ros2_ws/install/od_msg/share/od_msg/environment/pythonpath.dsv
[2.623s] -- Up-to-date: /home/jack/ros2_ws/install/od_msg/local/lib/python3.10/dist-packages/od_msg-0.0.0-py3.10.egg-info
[2.623s] -- Installing: /home/jack/ros2_ws/install/od_msg/local/lib/python3.10/dist-packages/od_msg-0.0.0-py3.10.egg-info/SOURCES.txt
[2.623s] -- Installing: /home/jack/ros2_ws/install/od_msg/local/lib/python3.10/dist-packages/od_msg-0.0.0-py3.10.egg-info/PKG-INFO
[2.623s] -- Installing: /home/jack/ros2_ws/install/od_msg/local/lib/python3.10/dist-packages/od_msg-0.0.0-py3.10.egg-info/dependency_links.txt
[2.625s] -- Installing: /home/jack/ros2_ws/install/od_msg/local/lib/python3.10/dist-packages/od_msg-0.0.0-py3.10.egg-info/top_level.txt
[2.625s] -- Up-to-date: /home/jack/ros2_ws/install/od_msg/local/lib/python3.10/dist-packages/od_msg
[2.625s] -- Up-to-date: /home/jack/ros2_ws/install/od_msg/local/lib/python3.10/dist-packages/od_msg/libod_msg__rosidl_generator_py.so
[2.625s] -- Up-to-date: /home/jack/ros2_ws/install/od_msg/local/lib/python3.10/dist-packages/od_msg/od_msg_s__rosidl_typesupport_introspection_c.cpython-310-x86_64-linux-gnu.so
[2.625s] -- Up-to-date: /home/jack/ros2_ws/install/od_msg/local/lib/python3.10/dist-packages/od_msg/od_msg_s__rosidl_typesupport_fastrtps_c.cpython-310-x86_64-linux-gnu.so
[2.626s] -- Up-to-date: /home/jack/ros2_ws/install/od_msg/local/lib/python3.10/dist-packages/od_msg/od_msg_s__rosidl_typesupport_c.cpython-310-x86_64-linux-gnu.so
[2.626s] -- Up-to-date: /home/jack/ros2_ws/install/od_msg/local/lib/python3.10/dist-packages/od_msg/srv
[2.628s] -- Up-to-date: /home/jack/ros2_ws/install/od_msg/local/lib/python3.10/dist-packages/od_msg/srv/_srv_depth_position_s.c
[2.628s] -- Up-to-date: /home/jack/ros2_ws/install/od_msg/local/lib/python3.10/dist-packages/od_msg/srv/__init__.py
[2.628s] -- Up-to-date: /home/jack/ros2_ws/install/od_msg/local/lib/python3.10/dist-packages/od_msg/srv/_srv_depth_position.py
[2.628s] -- Up-to-date: /home/jack/ros2_ws/install/od_msg/local/lib/python3.10/dist-packages/od_msg/_od_msg_s.ep.rosidl_typesupport_fastrtps_c.c
[2.629s] -- Up-to-date: /home/jack/ros2_ws/install/od_msg/local/lib/python3.10/dist-packages/od_msg/__init__.py
[2.629s] -- Up-to-date: /home/jack/ros2_ws/install/od_msg/local/lib/python3.10/dist-packages/od_msg/_od_msg_s.ep.rosidl_typesupport_c.c
[2.629s] -- Up-to-date: /home/jack/ros2_ws/install/od_msg/local/lib/python3.10/dist-packages/od_msg/_od_msg_s.ep.rosidl_typesupport_introspection_c.c
[2.738s] Listing '/home/jack/ros2_ws/install/od_msg/local/lib/python3.10/dist-packages/od_msg'...
[2.738s] Listing '/home/jack/ros2_ws/install/od_msg/local/lib/python3.10/dist-packages/od_msg/srv'...
[2.757s] -- Up-to-date: /home/jack/ros2_ws/install/od_msg/local/lib/python3.10/dist-packages/od_msg/od_msg_s__rosidl_typesupport_fastrtps_c.cpython-310-x86_64-linux-gnu.so
[2.757s] -- Up-to-date: /home/jack/ros2_ws/install/od_msg/local/lib/python3.10/dist-packages/od_msg/od_msg_s__rosidl_typesupport_introspection_c.cpython-310-x86_64-linux-gnu.so
[2.758s] -- Up-to-date: /home/jack/ros2_ws/install/od_msg/local/lib/python3.10/dist-packages/od_msg/od_msg_s__rosidl_typesupport_c.cpython-310-x86_64-linux-gnu.so
[2.759s] -- Up-to-date: /home/jack/ros2_ws/install/od_msg/lib/libod_msg__rosidl_generator_py.so
[2.761s] -- Up-to-date: /home/jack/ros2_ws/install/od_msg/share/od_msg/srv/SrvDepthPosition.idl
[2.762s] -- Up-to-date: /home/jack/ros2_ws/install/od_msg/share/od_msg/srv/SrvDepthPosition.srv
[2.763s] -- Up-to-date: /home/jack/ros2_ws/install/od_msg/share/od_msg/srv/SrvDepthPosition_Request.msg
[2.763s] -- Up-to-date: /home/jack/ros2_ws/install/od_msg/share/od_msg/srv/SrvDepthPosition_Response.msg
[2.771s] -- Up-to-date: /home/jack/ros2_ws/install/od_msg/share/ament_index/resource_index/package_run_dependencies/od_msg
[2.772s] -- Up-to-date: /home/jack/ros2_ws/install/od_msg/share/ament_index/resource_index/parent_prefix_path/od_msg
[2.772s] -- Up-to-date: /home/jack/ros2_ws/install/od_msg/share/od_msg/environment/ament_prefix_path.sh
[2.773s] -- Up-to-date: /home/jack/ros2_ws/install/od_msg/share/od_msg/environment/ament_prefix_path.dsv
[2.773s] -- Up-to-date: /home/jack/ros2_ws/install/od_msg/share/od_msg/environment/path.sh
[2.773s] -- Up-to-date: /home/jack/ros2_ws/install/od_msg/share/od_msg/environment/path.dsv
[2.773s] -- Up-to-date: /home/jack/ros2_ws/install/od_msg/share/od_msg/local_setup.bash
[2.773s] -- Up-to-date: /home/jack/ros2_ws/install/od_msg/share/od_msg/local_setup.sh
[2.773s] -- Up-to-date: /home/jack/ros2_ws/install/od_msg/share/od_msg/local_setup.zsh
[2.773s] -- Up-to-date: /home/jack/ros2_ws/install/od_msg/share/od_msg/local_setup.dsv
[2.773s] -- Installing: /home/jack/ros2_ws/install/od_msg/share/od_msg/package.dsv
[2.780s] -- Up-to-date: /home/jack/ros2_ws/install/od_msg/share/ament_index/resource_index/packages/od_msg
[2.784s] -- Up-to-date: /home/jack/ros2_ws/install/od_msg/share/od_msg/cmake/export_od_msg__rosidl_generator_cExport.cmake
[2.784s] -- Up-to-date: /home/jack/ros2_ws/install/od_msg/share/od_msg/cmake/export_od_msg__rosidl_generator_cExport-noconfig.cmake
[2.785s] -- Up-to-date: /home/jack/ros2_ws/install/od_msg/share/od_msg/cmake/export_od_msg__rosidl_typesupport_fastrtps_cExport.cmake
[2.785s] -- Up-to-date: /home/jack/ros2_ws/install/od_msg/share/od_msg/cmake/export_od_msg__rosidl_typesupport_fastrtps_cExport-noconfig.cmake
[2.786s] -- Up-to-date: /home/jack/ros2_ws/install/od_msg/share/od_msg/cmake/od_msg__rosidl_typesupport_introspection_cExport.cmake
[2.786s] -- Up-to-date: /home/jack/ros2_ws/install/od_msg/share/od_msg/cmake/od_msg__rosidl_typesupport_introspection_cExport-noconfig.cmake
[2.787s] -- Up-to-date: /home/jack/ros2_ws/install/od_msg/share/od_msg/cmake/od_msg__rosidl_typesupport_cExport.cmake
[2.787s] -- Up-to-date: /home/jack/ros2_ws/install/od_msg/share/od_msg/cmake/od_msg__rosidl_typesupport_cExport-noconfig.cmake
[2.788s] -- Up-to-date: /home/jack/ros2_ws/install/od_msg/share/od_msg/cmake/export_od_msg__rosidl_generator_cppExport.cmake
[2.793s] -- Up-to-date: /home/jack/ros2_ws/install/od_msg/share/od_msg/cmake/export_od_msg__rosidl_typesupport_fastrtps_cppExport.cmake
[2.793s] -- Up-to-date: /home/jack/ros2_ws/install/od_msg/share/od_msg/cmake/export_od_msg__rosidl_typesupport_fastrtps_cppExport-noconfig.cmake
[2.793s] -- Up-to-date: /home/jack/ros2_ws/install/od_msg/share/od_msg/cmake/od_msg__rosidl_typesupport_introspection_cppExport.cmake
[2.793s] -- Up-to-date: /home/jack/ros2_ws/install/od_msg/share/od_msg/cmake/od_msg__rosidl_typesupport_introspection_cppExport-noconfig.cmake
[2.794s] -- Up-to-date: /home/jack/ros2_ws/install/od_msg/share/od_msg/cmake/od_msg__rosidl_typesupport_cppExport.cmake
[2.794s] -- Up-to-date: /home/jack/ros2_ws/install/od_msg/share/od_msg/cmake/od_msg__rosidl_typesupport_cppExport-noconfig.cmake
[2.795s] -- Up-to-date: /home/jack/ros2_ws/install/od_msg/share/od_msg/cmake/export_od_msg__rosidl_generator_pyExport.cmake
[2.795s] -- Up-to-date: /home/jack/ros2_ws/install/od_msg/share/od_msg/cmake/export_od_msg__rosidl_generator_pyExport-noconfig.cmake
[2.795s] -- Up-to-date: /home/jack/ros2_ws/install/od_msg/share/od_msg/cmake/rosidl_cmake-extras.cmake
[2.797s] -- Up-to-date: /home/jack/ros2_ws/install/od_msg/share/od_msg/cmake/ament_cmake_export_include_directories-extras.cmake
[2.797s] -- Up-to-date: /home/jack/ros2_ws/install/od_msg/share/od_msg/cmake/ament_cmake_export_libraries-extras.cmake
[2.798s] -- Up-to-date: /home/jack/ros2_ws/install/od_msg/share/od_msg/cmake/ament_cmake_export_targets-extras.cmake
[2.798s] -- Up-to-date: /home/jack/ros2_ws/install/od_msg/share/od_msg/cmake/rosidl_cmake_export_typesupport_targets-extras.cmake
[2.799s] -- Up-to-date: /home/jack/ros2_ws/install/od_msg/share/od_msg/cmake/ament_cmake_export_dependencies-extras.cmake
[2.799s] -- Up-to-date: /home/jack/ros2_ws/install/od_msg/share/od_msg/cmake/rosidl_cmake_export_typesupport_libraries-extras.cmake
[2.800s] -- Up-to-date: /home/jack/ros2_ws/install/od_msg/share/od_msg/cmake/od_msgConfig.cmake
[2.800s] -- Up-to-date: /home/jack/ros2_ws/install/od_msg/share/od_msg/cmake/od_msgConfig-version.cmake
[2.800s] -- Up-to-date: /home/jack/ros2_ws/install/od_msg/share/od_msg/package.xml
[2.810s] Invoked command in '/home/jack/ros2_ws/build/od_msg' returned '0': /usr/bin/cmake --install /home/jack/ros2_ws/build/od_msg
