-- Found ament_cmake: 1.3.11 (/opt/ros/humble/share/ament_cmake/cmake)
-- Found rclpy: 3.3.16 (/opt/ros/humble/share/rclpy/cmake)
-- Found std_msgs: 4.9.0 (/opt/ros/humble/share/std_msgs/cmake)
-- Found rosidl_generator_c: 3.1.6 (/opt/ros/humble/share/rosidl_generator_c/cmake)
-- Found rosidl_adapter: 3.1.6 (/opt/ros/humble/share/rosidl_adapter/cmake)
-- Found rosidl_generator_cpp: 3.1.6 (/opt/ros/humble/share/rosidl_generator_cpp/cmake)
-- Using all available rosidl_typesupport_c: rosidl_typesupport_fastrtps_c;rosidl_typesupport_introspection_c
-- Using all available rosidl_typesupport_cpp: rosidl_typesupport_fastrtps_cpp;rosidl_typesupport_introspection_cpp
-- Found sensor_msgs: 4.9.0 (/opt/ros/humble/share/sensor_msgs/cmake)
-- Found visualization_msgs: 4.9.0 (/opt/ros/humble/share/visualization_msgs/cmake)
-- Found ament_lint_auto: 0.12.12 (/opt/ros/humble/share/ament_lint_auto/cmake)
-- Found ament_cmake_pytest: 1.3.11 (/opt/ros/humble/share/ament_cmake_pytest/cmake)
-- Added test 'copyright' to check source files copyright and LICENSE
-- Added test 'flake8' to check Python code syntax and style conventions
-- Added test 'lint_cmake' to check CMake code style
-- Added test 'pep257' to check Python code against some of the docstring style conventions in PEP 257
-- Added test 'xmllint' to check XML markup files
-- Configuring done
-- Generating done
-- Build files have been written to: /home/jack/ros2_ws/build/somacube_pose_estimation
Built target ament_cmake_python_copy_somacube_pose_estimation
running egg_info
writing somacube_pose_estimation.egg-info/PKG-INFO
writing dependency_links to somacube_pose_estimation.egg-info/dependency_links.txt
writing top-level names to somacube_pose_estimation.egg-info/top_level.txt
reading manifest file 'somacube_pose_estimation.egg-info/SOURCES.txt'
writing manifest file 'somacube_pose_estimation.egg-info/SOURCES.txt'
Built target ament_cmake_python_build_somacube_pose_estimation_egg
-- Install configuration: ""
-- Up-to-date: /home/jack/ros2_ws/install/somacube_pose_estimation/share/somacube_pose_estimation/environment/pythonpath.sh
-- Installing: /home/jack/ros2_ws/install/somacube_pose_estimation/share/somacube_pose_estimation/environment/pythonpath.dsv
-- Up-to-date: /home/jack/ros2_ws/install/somacube_pose_estimation/local/lib/python3.10/dist-packages/somacube_pose_estimation-1.0.0-py3.10.egg-info
-- Installing: /home/jack/ros2_ws/install/somacube_pose_estimation/local/lib/python3.10/dist-packages/somacube_pose_estimation-1.0.0-py3.10.egg-info/SOURCES.txt
-- Installing: /home/jack/ros2_ws/install/somacube_pose_estimation/local/lib/python3.10/dist-packages/somacube_pose_estimation-1.0.0-py3.10.egg-info/PKG-INFO
-- Installing: /home/jack/ros2_ws/install/somacube_pose_estimation/local/lib/python3.10/dist-packages/somacube_pose_estimation-1.0.0-py3.10.egg-info/dependency_links.txt
-- Installing: /home/jack/ros2_ws/install/somacube_pose_estimation/local/lib/python3.10/dist-packages/somacube_pose_estimation-1.0.0-py3.10.egg-info/top_level.txt
-- Up-to-date: /home/jack/ros2_ws/install/somacube_pose_estimation/local/lib/python3.10/dist-packages/somacube_pose_estimation
-- Up-to-date: /home/jack/ros2_ws/install/somacube_pose_estimation/local/lib/python3.10/dist-packages/somacube_pose_estimation/__init__.py
-- Up-to-date: /home/jack/ros2_ws/install/somacube_pose_estimation/local/lib/python3.10/dist-packages/somacube_pose_estimation/mathematical_foundations.py
Listing '/home/jack/ros2_ws/install/somacube_pose_estimation/local/lib/python3.10/dist-packages/somacube_pose_estimation'...
-- Up-to-date: /home/jack/ros2_ws/install/somacube_pose_estimation/lib/somacube_pose_estimation/yolo_detector_node.py
-- Up-to-date: /home/jack/ros2_ws/install/somacube_pose_estimation/lib/somacube_pose_estimation/pointcloud_processor_node.py
-- Up-to-date: /home/jack/ros2_ws/install/somacube_pose_estimation/lib/somacube_pose_estimation/pca_axis_estimator_node.py
-- Up-to-date: /home/jack/ros2_ws/install/somacube_pose_estimation/lib/somacube_pose_estimation/manhattan_aligner_node.py
-- Up-to-date: /home/jack/ros2_ws/install/somacube_pose_estimation/lib/somacube_pose_estimation/multiview_fusion_node.py
-- Installing: /home/jack/ros2_ws/install/somacube_pose_estimation/lib/somacube_pose_estimation/visualization_node.py
-- Installing: /home/jack/ros2_ws/install/somacube_pose_estimation/lib/somacube_pose_estimation/camera_pose_manager_node.py
-- Installing: /home/jack/ros2_ws/install/somacube_pose_estimation/lib/somacube_pose_estimation/synchronized_capture_node.py
-- Installing: /home/jack/ros2_ws/install/somacube_pose_estimation/lib/somacube_pose_estimation/capture_control_interface.py
-- Installing: /home/jack/ros2_ws/install/somacube_pose_estimation/lib/somacube_pose_estimation/doosan_pose_sequence.py
-- Installing: /home/jack/ros2_ws/install/somacube_pose_estimation/share/somacube_pose_estimation/launch
-- Installing: /home/jack/ros2_ws/install/somacube_pose_estimation/share/somacube_pose_estimation/launch/complete_pose_estimation.launch.py
-- Installing: /home/jack/ros2_ws/install/somacube_pose_estimation/share/somacube_pose_estimation/launch/doosan_m0609_soma_cube.launch.py
-- Installing: /home/jack/ros2_ws/install/somacube_pose_estimation/share/somacube_pose_estimation/launch/global_mapping.launch.py
-- Installing: /home/jack/ros2_ws/install/somacube_pose_estimation/share/somacube_pose_estimation/config
-- Installing: /home/jack/ros2_ws/install/somacube_pose_estimation/share/somacube_pose_estimation/config/somacube_params.yaml
-- Installing: /home/jack/ros2_ws/install/somacube_pose_estimation/share/somacube_pose_estimation/config/camera_poses.yaml
-- Installing: /home/jack/ros2_ws/install/somacube_pose_estimation/share/somacube_pose_estimation/models
-- Installing: /home/jack/ros2_ws/install/somacube_pose_estimation/share/somacube_pose_estimation/models/README.md
-- Installing: /home/jack/ros2_ws/install/somacube_pose_estimation/share/somacube_pose_estimation/rviz
-- Installing: /home/jack/ros2_ws/install/somacube_pose_estimation/share/somacube_pose_estimation/rviz/doosan_m0609_debug.rviz
-- Installing: /home/jack/ros2_ws/install/somacube_pose_estimation/share/somacube_pose_estimation/rviz/global_mapping_debug.rviz
-- Installing: /home/jack/ros2_ws/install/somacube_pose_estimation/share/somacube_pose_estimation/rviz/pose_estimation_debug.rviz
-- Installing: /home/jack/ros2_ws/install/somacube_pose_estimation/share/ament_index/resource_index/package_run_dependencies/somacube_pose_estimation
-- Installing: /home/jack/ros2_ws/install/somacube_pose_estimation/share/ament_index/resource_index/parent_prefix_path/somacube_pose_estimation
-- Installing: /home/jack/ros2_ws/install/somacube_pose_estimation/share/somacube_pose_estimation/environment/ament_prefix_path.sh
-- Installing: /home/jack/ros2_ws/install/somacube_pose_estimation/share/somacube_pose_estimation/environment/ament_prefix_path.dsv
-- Installing: /home/jack/ros2_ws/install/somacube_pose_estimation/share/somacube_pose_estimation/environment/path.sh
-- Installing: /home/jack/ros2_ws/install/somacube_pose_estimation/share/somacube_pose_estimation/environment/path.dsv
-- Installing: /home/jack/ros2_ws/install/somacube_pose_estimation/share/somacube_pose_estimation/local_setup.bash
-- Installing: /home/jack/ros2_ws/install/somacube_pose_estimation/share/somacube_pose_estimation/local_setup.sh
-- Installing: /home/jack/ros2_ws/install/somacube_pose_estimation/share/somacube_pose_estimation/local_setup.zsh
-- Installing: /home/jack/ros2_ws/install/somacube_pose_estimation/share/somacube_pose_estimation/local_setup.dsv
-- Installing: /home/jack/ros2_ws/install/somacube_pose_estimation/share/somacube_pose_estimation/package.dsv
-- Installing: /home/jack/ros2_ws/install/somacube_pose_estimation/share/ament_index/resource_index/packages/somacube_pose_estimation
-- Installing: /home/jack/ros2_ws/install/somacube_pose_estimation/share/somacube_pose_estimation/cmake/somacube_pose_estimationConfig.cmake
-- Installing: /home/jack/ros2_ws/install/somacube_pose_estimation/share/somacube_pose_estimation/cmake/somacube_pose_estimationConfig-version.cmake
-- Installing: /home/jack/ros2_ws/install/somacube_pose_estimation/share/somacube_pose_estimation/package.xml
