[0.007s] Invoking command in '/home/jack/ros2_ws/build/somacube_pose_estimation': CMAKE_PREFIX_PATH=/opt/ros/humble /usr/bin/cmake --build /home/jack/ros2_ws/build/somacube_pose_estimation -- -j16 -l16
[0.031s] -- Found ament_cmake: 1.3.11 (/opt/ros/humble/share/ament_cmake/cmake)
[0.116s] -- Found rclpy: 3.3.16 (/opt/ros/humble/share/rclpy/cmake)
[0.116s] -- Found std_msgs: 4.9.0 (/opt/ros/humble/share/std_msgs/cmake)
[0.143s] -- Found rosidl_generator_c: 3.1.6 (/opt/ros/humble/share/rosidl_generator_c/cmake)
[0.145s] -- Found rosidl_adapter: 3.1.6 (/opt/ros/humble/share/rosidl_adapter/cmake)
[0.150s] -- Found rosidl_generator_cpp: 3.1.6 (/opt/ros/humble/share/rosidl_generator_cpp/cmake)
[0.160s] -- Using all available rosidl_typesupport_c: rosidl_typesupport_fastrtps_c;rosidl_typesupport_introspection_c
[0.167s] -- Using all available rosidl_typesupport_cpp: rosidl_typesupport_fastrtps_cpp;rosidl_typesupport_introspection_cpp
[0.181s] -- Found sensor_msgs: 4.9.0 (/opt/ros/humble/share/sensor_msgs/cmake)
[0.198s] -- Found visualization_msgs: 4.9.0 (/opt/ros/humble/share/visualization_msgs/cmake)
[0.252s] -- Found ament_lint_auto: 0.12.12 (/opt/ros/humble/share/ament_lint_auto/cmake)
[0.302s] -- Found ament_cmake_pytest: 1.3.11 (/opt/ros/humble/share/ament_cmake_pytest/cmake)
[1.929s] -- Added test 'copyright' to check source files copyright and LICENSE
[1.933s] -- Added test 'flake8' to check Python code syntax and style conventions
[1.934s] -- Added test 'lint_cmake' to check CMake code style
[1.934s] -- Added test 'pep257' to check Python code against some of the docstring style conventions in PEP 257
[1.936s] -- Added test 'xmllint' to check XML markup files
[1.937s] -- Configuring done
[1.941s] -- Generating done
[1.944s] -- Build files have been written to: /home/jack/ros2_ws/build/somacube_pose_estimation
[1.987s] Built target ament_cmake_python_copy_somacube_pose_estimation
[2.196s] running egg_info
[2.196s] writing somacube_pose_estimation.egg-info/PKG-INFO
[2.196s] writing dependency_links to somacube_pose_estimation.egg-info/dependency_links.txt
[2.196s] writing top-level names to somacube_pose_estimation.egg-info/top_level.txt
[2.198s] reading manifest file 'somacube_pose_estimation.egg-info/SOURCES.txt'
[2.198s] writing manifest file 'somacube_pose_estimation.egg-info/SOURCES.txt'
[2.215s] Built target ament_cmake_python_build_somacube_pose_estimation_egg
[2.226s] Invoked command in '/home/jack/ros2_ws/build/somacube_pose_estimation' returned '0': CMAKE_PREFIX_PATH=/opt/ros/humble /usr/bin/cmake --build /home/jack/ros2_ws/build/somacube_pose_estimation -- -j16 -l16
[2.232s] Invoking command in '/home/jack/ros2_ws/build/somacube_pose_estimation': CMAKE_PREFIX_PATH=/opt/ros/humble /usr/bin/cmake --install /home/jack/ros2_ws/build/somacube_pose_estimation
[2.240s] -- Install configuration: ""
[2.240s] -- Up-to-date: /home/jack/ros2_ws/install/somacube_pose_estimation/share/somacube_pose_estimation/environment/pythonpath.sh
[2.240s] -- Installing: /home/jack/ros2_ws/install/somacube_pose_estimation/share/somacube_pose_estimation/environment/pythonpath.dsv
[2.240s] -- Up-to-date: /home/jack/ros2_ws/install/somacube_pose_estimation/local/lib/python3.10/dist-packages/somacube_pose_estimation-1.0.0-py3.10.egg-info
[2.240s] -- Installing: /home/jack/ros2_ws/install/somacube_pose_estimation/local/lib/python3.10/dist-packages/somacube_pose_estimation-1.0.0-py3.10.egg-info/SOURCES.txt
[2.240s] -- Installing: /home/jack/ros2_ws/install/somacube_pose_estimation/local/lib/python3.10/dist-packages/somacube_pose_estimation-1.0.0-py3.10.egg-info/PKG-INFO
[2.240s] -- Installing: /home/jack/ros2_ws/install/somacube_pose_estimation/local/lib/python3.10/dist-packages/somacube_pose_estimation-1.0.0-py3.10.egg-info/dependency_links.txt
[2.240s] -- Installing: /home/jack/ros2_ws/install/somacube_pose_estimation/local/lib/python3.10/dist-packages/somacube_pose_estimation-1.0.0-py3.10.egg-info/top_level.txt
[2.241s] -- Up-to-date: /home/jack/ros2_ws/install/somacube_pose_estimation/local/lib/python3.10/dist-packages/somacube_pose_estimation
[2.241s] -- Up-to-date: /home/jack/ros2_ws/install/somacube_pose_estimation/local/lib/python3.10/dist-packages/somacube_pose_estimation/__init__.py
[2.241s] -- Up-to-date: /home/jack/ros2_ws/install/somacube_pose_estimation/local/lib/python3.10/dist-packages/somacube_pose_estimation/mathematical_foundations.py
[2.266s] Listing '/home/jack/ros2_ws/install/somacube_pose_estimation/local/lib/python3.10/dist-packages/somacube_pose_estimation'...
[2.269s] -- Up-to-date: /home/jack/ros2_ws/install/somacube_pose_estimation/lib/somacube_pose_estimation/yolo_detector_node.py
[2.269s] -- Up-to-date: /home/jack/ros2_ws/install/somacube_pose_estimation/lib/somacube_pose_estimation/pointcloud_processor_node.py
[2.269s] -- Up-to-date: /home/jack/ros2_ws/install/somacube_pose_estimation/lib/somacube_pose_estimation/pca_axis_estimator_node.py
[2.269s] -- Up-to-date: /home/jack/ros2_ws/install/somacube_pose_estimation/lib/somacube_pose_estimation/manhattan_aligner_node.py
[2.269s] -- Up-to-date: /home/jack/ros2_ws/install/somacube_pose_estimation/lib/somacube_pose_estimation/multiview_fusion_node.py
[2.269s] -- Installing: /home/jack/ros2_ws/install/somacube_pose_estimation/lib/somacube_pose_estimation/visualization_node.py
[2.269s] -- Installing: /home/jack/ros2_ws/install/somacube_pose_estimation/lib/somacube_pose_estimation/camera_pose_manager_node.py
[2.269s] -- Installing: /home/jack/ros2_ws/install/somacube_pose_estimation/lib/somacube_pose_estimation/synchronized_capture_node.py
[2.269s] -- Installing: /home/jack/ros2_ws/install/somacube_pose_estimation/lib/somacube_pose_estimation/capture_control_interface.py
[2.269s] -- Installing: /home/jack/ros2_ws/install/somacube_pose_estimation/lib/somacube_pose_estimation/doosan_pose_sequence.py
[2.269s] -- Installing: /home/jack/ros2_ws/install/somacube_pose_estimation/share/somacube_pose_estimation/launch
[2.269s] -- Installing: /home/jack/ros2_ws/install/somacube_pose_estimation/share/somacube_pose_estimation/launch/complete_pose_estimation.launch.py
[2.270s] -- Installing: /home/jack/ros2_ws/install/somacube_pose_estimation/share/somacube_pose_estimation/launch/doosan_m0609_soma_cube.launch.py
[2.270s] -- Installing: /home/jack/ros2_ws/install/somacube_pose_estimation/share/somacube_pose_estimation/launch/global_mapping.launch.py
[2.270s] -- Installing: /home/jack/ros2_ws/install/somacube_pose_estimation/share/somacube_pose_estimation/config
[2.270s] -- Installing: /home/jack/ros2_ws/install/somacube_pose_estimation/share/somacube_pose_estimation/config/somacube_params.yaml
[2.270s] -- Installing: /home/jack/ros2_ws/install/somacube_pose_estimation/share/somacube_pose_estimation/config/camera_poses.yaml
[2.270s] -- Installing: /home/jack/ros2_ws/install/somacube_pose_estimation/share/somacube_pose_estimation/models
[2.270s] -- Installing: /home/jack/ros2_ws/install/somacube_pose_estimation/share/somacube_pose_estimation/models/README.md
[2.270s] -- Installing: /home/jack/ros2_ws/install/somacube_pose_estimation/share/somacube_pose_estimation/rviz
[2.270s] -- Installing: /home/jack/ros2_ws/install/somacube_pose_estimation/share/somacube_pose_estimation/rviz/doosan_m0609_debug.rviz
[2.271s] -- Installing: /home/jack/ros2_ws/install/somacube_pose_estimation/share/somacube_pose_estimation/rviz/global_mapping_debug.rviz
[2.271s] -- Installing: /home/jack/ros2_ws/install/somacube_pose_estimation/share/somacube_pose_estimation/rviz/pose_estimation_debug.rviz
[2.271s] -- Installing: /home/jack/ros2_ws/install/somacube_pose_estimation/share/ament_index/resource_index/package_run_dependencies/somacube_pose_estimation
[2.271s] -- Installing: /home/jack/ros2_ws/install/somacube_pose_estimation/share/ament_index/resource_index/parent_prefix_path/somacube_pose_estimation
[2.271s] -- Installing: /home/jack/ros2_ws/install/somacube_pose_estimation/share/somacube_pose_estimation/environment/ament_prefix_path.sh
[2.271s] -- Installing: /home/jack/ros2_ws/install/somacube_pose_estimation/share/somacube_pose_estimation/environment/ament_prefix_path.dsv
[2.271s] -- Installing: /home/jack/ros2_ws/install/somacube_pose_estimation/share/somacube_pose_estimation/environment/path.sh
[2.272s] -- Installing: /home/jack/ros2_ws/install/somacube_pose_estimation/share/somacube_pose_estimation/environment/path.dsv
[2.272s] -- Installing: /home/jack/ros2_ws/install/somacube_pose_estimation/share/somacube_pose_estimation/local_setup.bash
[2.272s] -- Installing: /home/jack/ros2_ws/install/somacube_pose_estimation/share/somacube_pose_estimation/local_setup.sh
[2.272s] -- Installing: /home/jack/ros2_ws/install/somacube_pose_estimation/share/somacube_pose_estimation/local_setup.zsh
[2.272s] -- Installing: /home/jack/ros2_ws/install/somacube_pose_estimation/share/somacube_pose_estimation/local_setup.dsv
[2.272s] -- Installing: /home/jack/ros2_ws/install/somacube_pose_estimation/share/somacube_pose_estimation/package.dsv
[2.272s] -- Installing: /home/jack/ros2_ws/install/somacube_pose_estimation/share/ament_index/resource_index/packages/somacube_pose_estimation
[2.273s] -- Installing: /home/jack/ros2_ws/install/somacube_pose_estimation/share/somacube_pose_estimation/cmake/somacube_pose_estimationConfig.cmake
[2.273s] -- Installing: /home/jack/ros2_ws/install/somacube_pose_estimation/share/somacube_pose_estimation/cmake/somacube_pose_estimationConfig-version.cmake
[2.273s] -- Installing: /home/jack/ros2_ws/install/somacube_pose_estimation/share/somacube_pose_estimation/package.xml
[2.274s] Invoked command in '/home/jack/ros2_ws/build/somacube_pose_estimation' returned '0': CMAKE_PREFIX_PATH=/opt/ros/humble /usr/bin/cmake --install /home/jack/ros2_ws/build/somacube_pose_estimation
