[2.979s] Invoking command in '/home/jack/ros2_ws/src/DoosanBootcamp3rd/dsr_example2/dsr_example': AMENT_PREFIX_PATH=/home/jack/ros2_ws/install/dsr_common2:${AMENT_PREFIX_PATH} CMAKE_PREFIX_PATH=/home/jack/ros2_ws/install/dsr_common2 PYTHONPATH=/home/jack/ros2_ws/build/dsr_example/prefix_override:/home/jack/.local/lib/python3.10/site-packages/colcon_core/task/python/colcon_distutils_commands:/home/jack/ros2_ws/install/dsr_example/lib/python3.10/site-packages:${PYTHONPATH} /usr/bin/python3 -W ignore:setup.py install is deprecated -W ignore:easy_install command is deprecated setup.py egg_info --egg-base ../../../../build/dsr_example build --build-base /home/jack/ros2_ws/build/dsr_example/build install --record /home/jack/ros2_ws/build/dsr_example/install.log --single-version-externally-managed install_data
[62.904s] running egg_info
[62.905s] writing ../../../../build/dsr_example/dsr_example.egg-info/PKG-INFO
[62.905s] writing dependency_links to ../../../../build/dsr_example/dsr_example.egg-info/dependency_links.txt
[62.905s] writing entry points to ../../../../build/dsr_example/dsr_example.egg-info/entry_points.txt
[62.905s] writing requirements to ../../../../build/dsr_example/dsr_example.egg-info/requires.txt
[62.905s] writing top-level names to ../../../../build/dsr_example/dsr_example.egg-info/top_level.txt
[62.906s] reading manifest file '../../../../build/dsr_example/dsr_example.egg-info/SOURCES.txt'
[62.906s] writing manifest file '../../../../build/dsr_example/dsr_example.egg-info/SOURCES.txt'
[62.907s] running build
[62.907s] running build_py
[62.907s] running install
[62.907s] running install_lib
[62.954s] running install_data
[62.954s] running install_egg_info
[62.966s] removing '/home/jack/ros2_ws/install/dsr_example/lib/python3.10/site-packages/dsr_example-0.0.0-py3.10.egg-info' (and everything under it)
[62.966s] Copying ../../../../build/dsr_example/dsr_example.egg-info to /home/jack/ros2_ws/install/dsr_example/lib/python3.10/site-packages/dsr_example-0.0.0-py3.10.egg-info
[62.967s] running install_scripts
[63.020s] Installing dance script to /home/jack/ros2_ws/install/dsr_example/lib/dsr_example
[63.029s] Installing single_robot_simple script to /home/jack/ros2_ws/install/dsr_example/lib/dsr_example
[63.031s] writing list of installed files to '/home/jack/ros2_ws/build/dsr_example/install.log'
[63.149s] Invoked command in '/home/jack/ros2_ws/src/DoosanBootcamp3rd/dsr_example2/dsr_example' returned '0': AMENT_PREFIX_PATH=/home/jack/ros2_ws/install/dsr_common2:${AMENT_PREFIX_PATH} CMAKE_PREFIX_PATH=/home/jack/ros2_ws/install/dsr_common2 PYTHONPATH=/home/jack/ros2_ws/build/dsr_example/prefix_override:/home/jack/.local/lib/python3.10/site-packages/colcon_core/task/python/colcon_distutils_commands:/home/jack/ros2_ws/install/dsr_example/lib/python3.10/site-packages:${PYTHONPATH} /usr/bin/python3 -W ignore:setup.py install is deprecated -W ignore:easy_install command is deprecated setup.py egg_info --egg-base ../../../../build/dsr_example build --build-base /home/jack/ros2_ws/build/dsr_example/build install --record /home/jack/ros2_ws/build/dsr_example/install.log --single-version-externally-managed install_data
