[1.953s] Invoking command in '/home/jack/ros2_ws/src/DoosanBootcamp3rd/dsr_rokey/pick_and_place_voice': PYTHONPATH=/home/jack/ros2_ws/build/pick_and_place_voice/prefix_override:/home/jack/.local/lib/python3.10/site-packages/colcon_core/task/python/colcon_distutils_commands:/home/jack/ros2_ws/install/pick_and_place_voice/lib/python3.10/site-packages:${PYTHONPATH} /usr/bin/python3 -W ignore:setup.py install is deprecated -W ignore:easy_install command is deprecated setup.py egg_info --egg-base ../../../../build/pick_and_place_voice build --build-base /home/jack/ros2_ws/build/pick_and_place_voice/build install --record /home/jack/ros2_ws/build/pick_and_place_voice/install.log --single-version-externally-managed install_data
[2.463s] running egg_info
[2.463s] writing ../../../../build/pick_and_place_voice/pick_and_place_voice.egg-info/PKG-INFO
[2.463s] writing dependency_links to ../../../../build/pick_and_place_voice/pick_and_place_voice.egg-info/dependency_links.txt
[2.463s] writing entry points to ../../../../build/pick_and_place_voice/pick_and_place_voice.egg-info/entry_points.txt
[2.463s] writing requirements to ../../../../build/pick_and_place_voice/pick_and_place_voice.egg-info/requires.txt
[2.463s] writing top-level names to ../../../../build/pick_and_place_voice/pick_and_place_voice.egg-info/top_level.txt
[2.463s] reading manifest file '../../../../build/pick_and_place_voice/pick_and_place_voice.egg-info/SOURCES.txt'
[2.463s] writing manifest file '../../../../build/pick_and_place_voice/pick_and_place_voice.egg-info/SOURCES.txt'
[2.463s] running build
[2.463s] running build_py
[2.463s] running install
[2.463s] running install_lib
[2.463s] running install_data
[2.463s] running install_egg_info
[2.463s] removing '/home/jack/ros2_ws/install/pick_and_place_voice/lib/python3.10/site-packages/pick_and_place_voice-0.0.0-py3.10.egg-info' (and everything under it)
[2.463s] Copying ../../../../build/pick_and_place_voice/pick_and_place_voice.egg-info to /home/jack/ros2_ws/install/pick_and_place_voice/lib/python3.10/site-packages/pick_and_place_voice-0.0.0-py3.10.egg-info
[2.463s] running install_scripts
[2.464s] Installing get_keyword script to /home/jack/ros2_ws/install/pick_and_place_voice/lib/pick_and_place_voice
[2.464s] Installing object_detection script to /home/jack/ros2_ws/install/pick_and_place_voice/lib/pick_and_place_voice
[2.464s] Installing robot_control script to /home/jack/ros2_ws/install/pick_and_place_voice/lib/pick_and_place_voice
[2.464s] writing list of installed files to '/home/jack/ros2_ws/build/pick_and_place_voice/install.log'
[2.476s] Invoked command in '/home/jack/ros2_ws/src/DoosanBootcamp3rd/dsr_rokey/pick_and_place_voice' returned '0': PYTHONPATH=/home/jack/ros2_ws/build/pick_and_place_voice/prefix_override:/home/jack/.local/lib/python3.10/site-packages/colcon_core/task/python/colcon_distutils_commands:/home/jack/ros2_ws/install/pick_and_place_voice/lib/python3.10/site-packages:${PYTHONPATH} /usr/bin/python3 -W ignore:setup.py install is deprecated -W ignore:easy_install command is deprecated setup.py egg_info --egg-base ../../../../build/pick_and_place_voice build --build-base /home/jack/ros2_ws/build/pick_and_place_voice/build install --record /home/jack/ros2_ws/build/pick_and_place_voice/install.log --single-version-externally-managed install_data
