[1.546s] Invoking command in '/home/jack/ros2_ws/src/DoosanBootcamp3rd/dsr_bringup2': AMENT_PREFIX_PATH=/home/jack/ros2_ws/install/dsr_msgs2:${AMENT_PREFIX_PATH} CMAKE_PREFIX_PATH=/home/jack/ros2_ws/install/dsr_msgs2 LD_LIBRARY_PATH=/home/jack/ros2_ws/install/dsr_msgs2/lib:${LD_LIBRARY_PATH} PYTHONPATH=/home/jack/ros2_ws/build/dsr_bringup2/prefix_override:/home/jack/.local/lib/python3.10/site-packages/colcon_core/task/python/colcon_distutils_commands:/home/jack/ros2_ws/install/dsr_bringup2/lib/python3.10/site-packages:/home/jack/ros2_ws/install/dsr_msgs2/local/lib/python3.10/dist-packages:${PYTHONPATH} /usr/bin/python3 -W ignore:setup.py install is deprecated -W ignore:easy_install command is deprecated setup.py egg_info --egg-base ../../../build/dsr_bringup2 build --build-base /home/jack/ros2_ws/build/dsr_bringup2/build install --record /home/jack/ros2_ws/build/dsr_bringup2/install.log --single-version-externally-managed install_data
[2.004s] running egg_info
[2.007s] creating ../../../build/dsr_bringup2/dsr_bringup2.egg-info
[2.007s] writing ../../../build/dsr_bringup2/dsr_bringup2.egg-info/PKG-INFO
[2.007s] writing dependency_links to ../../../build/dsr_bringup2/dsr_bringup2.egg-info/dependency_links.txt
[2.007s] writing entry points to ../../../build/dsr_bringup2/dsr_bringup2.egg-info/entry_points.txt
[2.007s] writing requirements to ../../../build/dsr_bringup2/dsr_bringup2.egg-info/requires.txt
[2.007s] writing top-level names to ../../../build/dsr_bringup2/dsr_bringup2.egg-info/top_level.txt
[2.007s] writing manifest file '../../../build/dsr_bringup2/dsr_bringup2.egg-info/SOURCES.txt'
[2.011s] reading manifest file '../../../build/dsr_bringup2/dsr_bringup2.egg-info/SOURCES.txt'
[2.013s] writing manifest file '../../../build/dsr_bringup2/dsr_bringup2.egg-info/SOURCES.txt'
[2.013s] running build
[2.013s] running build_py
[2.013s] creating /home/jack/ros2_ws/build/dsr_bringup2/build
[2.014s] creating /home/jack/ros2_ws/build/dsr_bringup2/build/lib
[2.014s] creating /home/jack/ros2_ws/build/dsr_bringup2/build/lib/dsr_bringup2
[2.015s] copying dsr_bringup2/moveit_connection.py -> /home/jack/ros2_ws/build/dsr_bringup2/build/lib/dsr_bringup2
[2.015s] copying dsr_bringup2/gazebo_connection_pos.py -> /home/jack/ros2_ws/build/dsr_bringup2/build/lib/dsr_bringup2
[2.015s] copying dsr_bringup2/__init__.py -> /home/jack/ros2_ws/build/dsr_bringup2/build/lib/dsr_bringup2
[2.015s] copying dsr_bringup2/set_config.py -> /home/jack/ros2_ws/build/dsr_bringup2/build/lib/dsr_bringup2
[2.015s] copying dsr_bringup2/gazebo_connection.py -> /home/jack/ros2_ws/build/dsr_bringup2/build/lib/dsr_bringup2
[2.015s] copying dsr_bringup2/run_emulator.py -> /home/jack/ros2_ws/build/dsr_bringup2/build/lib/dsr_bringup2
[2.016s] running install
[2.017s] running install_lib
[2.018s] creating /home/jack/ros2_ws/install/dsr_bringup2/lib/python3.10/site-packages/dsr_bringup2
[2.018s] copying /home/jack/ros2_ws/build/dsr_bringup2/build/lib/dsr_bringup2/moveit_connection.py -> /home/jack/ros2_ws/install/dsr_bringup2/lib/python3.10/site-packages/dsr_bringup2
[2.019s] copying /home/jack/ros2_ws/build/dsr_bringup2/build/lib/dsr_bringup2/gazebo_connection_pos.py -> /home/jack/ros2_ws/install/dsr_bringup2/lib/python3.10/site-packages/dsr_bringup2
[2.019s] copying /home/jack/ros2_ws/build/dsr_bringup2/build/lib/dsr_bringup2/__init__.py -> /home/jack/ros2_ws/install/dsr_bringup2/lib/python3.10/site-packages/dsr_bringup2
[2.019s] copying /home/jack/ros2_ws/build/dsr_bringup2/build/lib/dsr_bringup2/set_config.py -> /home/jack/ros2_ws/install/dsr_bringup2/lib/python3.10/site-packages/dsr_bringup2
[2.019s] copying /home/jack/ros2_ws/build/dsr_bringup2/build/lib/dsr_bringup2/gazebo_connection.py -> /home/jack/ros2_ws/install/dsr_bringup2/lib/python3.10/site-packages/dsr_bringup2
[2.019s] copying /home/jack/ros2_ws/build/dsr_bringup2/build/lib/dsr_bringup2/run_emulator.py -> /home/jack/ros2_ws/install/dsr_bringup2/lib/python3.10/site-packages/dsr_bringup2
[2.020s] byte-compiling /home/jack/ros2_ws/install/dsr_bringup2/lib/python3.10/site-packages/dsr_bringup2/moveit_connection.py to moveit_connection.cpython-310.pyc
[2.030s] byte-compiling /home/jack/ros2_ws/install/dsr_bringup2/lib/python3.10/site-packages/dsr_bringup2/gazebo_connection_pos.py to gazebo_connection_pos.cpython-310.pyc
[2.030s] byte-compiling /home/jack/ros2_ws/install/dsr_bringup2/lib/python3.10/site-packages/dsr_bringup2/__init__.py to __init__.cpython-310.pyc
[2.030s] byte-compiling /home/jack/ros2_ws/install/dsr_bringup2/lib/python3.10/site-packages/dsr_bringup2/set_config.py to set_config.cpython-310.pyc
[2.030s] byte-compiling /home/jack/ros2_ws/install/dsr_bringup2/lib/python3.10/site-packages/dsr_bringup2/gazebo_connection.py to gazebo_connection.cpython-310.pyc
[2.030s] byte-compiling /home/jack/ros2_ws/install/dsr_bringup2/lib/python3.10/site-packages/dsr_bringup2/run_emulator.py to run_emulator.cpython-310.pyc
[2.031s] running install_data
[2.031s] creating /home/jack/ros2_ws/install/dsr_bringup2/share/ament_index
[2.031s] creating /home/jack/ros2_ws/install/dsr_bringup2/share/ament_index/resource_index
[2.031s] creating /home/jack/ros2_ws/install/dsr_bringup2/share/ament_index/resource_index/packages
[2.031s] copying resource/dsr_bringup2 -> /home/jack/ros2_ws/install/dsr_bringup2/share/ament_index/resource_index/packages
[2.031s] copying package.xml -> /home/jack/ros2_ws/install/dsr_bringup2/share/dsr_bringup2
[2.031s] creating /home/jack/ros2_ws/install/dsr_bringup2/share/dsr_bringup2/launch
[2.031s] copying launch/dsr_bringup2_moveit.launch.py -> /home/jack/ros2_ws/install/dsr_bringup2/share/dsr_bringup2/launch
[2.032s] copying launch/dsr_bringup2_spawn_on_gazebo.launch.py -> /home/jack/ros2_ws/install/dsr_bringup2/share/dsr_bringup2/launch
[2.032s] copying launch/dsr_bringup2_gazebo.launch.py -> /home/jack/ros2_ws/install/dsr_bringup2/share/dsr_bringup2/launch
[2.032s] copying launch/dsr_bringup2_rviz.launch.py -> /home/jack/ros2_ws/install/dsr_bringup2/share/dsr_bringup2/launch
[2.032s] creating /home/jack/ros2_ws/install/dsr_bringup2/share/dsr_bringup2/rviz
[2.032s] copying rviz/default.rviz -> /home/jack/ros2_ws/install/dsr_bringup2/share/dsr_bringup2/rviz
[2.032s] running install_egg_info
[2.032s] Copying ../../../build/dsr_bringup2/dsr_bringup2.egg-info to /home/jack/ros2_ws/install/dsr_bringup2/lib/python3.10/site-packages/dsr_bringup2-0.1.2-py3.10.egg-info
[2.033s] running install_scripts
[2.062s] Installing gazebo_connection script to /home/jack/ros2_ws/install/dsr_bringup2/lib/dsr_bringup2
[2.062s] Installing moveit_connection script to /home/jack/ros2_ws/install/dsr_bringup2/lib/dsr_bringup2
[2.062s] Installing run_emulator script to /home/jack/ros2_ws/install/dsr_bringup2/lib/dsr_bringup2
[2.062s] Installing set_config script to /home/jack/ros2_ws/install/dsr_bringup2/lib/dsr_bringup2
[2.062s] writing list of installed files to '/home/jack/ros2_ws/build/dsr_bringup2/install.log'
