[0.021s] Invoking command in '/home/jack/ros2_ws/build/dsr_hardware2': AMENT_PREFIX_PATH=/home/jack/ros2_ws/install/dsr_msgs2:${AMENT_PREFIX_PATH} CMAKE_PREFIX_PATH=/home/jack/ros2_ws/install/dsr_msgs2:/opt/ros/humble LD_LIBRARY_PATH=/home/jack/ros2_ws/install/dsr_msgs2/lib:${LD_LIBRARY_PATH} PYTHONPATH=/home/jack/ros2_ws/install/dsr_msgs2/local/lib/python3.10/dist-packages:${PYTHONPATH} /usr/bin/cmake /home/jack/ros2_ws/src/DoosanBootcamp3rd/dsr_hardware2 -DCMAKE_INSTALL_PREFIX=/home/jack/ros2_ws/install/dsr_hardware2
[0.584s] -- The CXX compiler identification is GNU 11.4.0
[0.584s] -- Detecting CXX compiler ABI info
[0.584s] -- Detecting CXX compiler ABI info - done
[0.584s] -- Check for working CXX compiler: /usr/bin/c++ - skipped
[0.584s] -- Detecting CXX compile features
[0.584s] -- Detecting CXX compile features - done
[0.584s] -- Found ament_cmake: 1.3.11 (/opt/ros/humble/share/ament_cmake/cmake)
[0.584s] -- Found Python3: /usr/bin/python3 (found version "3.10.12") found components: Interpreter 
[0.584s] -- Found pluginlib: 5.1.0 (/opt/ros/humble/share/pluginlib/cmake)
[0.584s] -- Found rclcpp: 16.0.12 (/opt/ros/humble/share/rclcpp/cmake)
[0.934s] -- Found rosidl_generator_c: 3.1.6 (/opt/ros/humble/share/rosidl_generator_c/cmake)
[0.936s] -- Found rosidl_adapter: 3.1.6 (/opt/ros/humble/share/rosidl_adapter/cmake)
[0.936s] -- Found rosidl_generator_cpp: 3.1.6 (/opt/ros/humble/share/rosidl_generator_cpp/cmake)
[0.936s] -- Using all available rosidl_typesupport_c: rosidl_typesupport_fastrtps_c;rosidl_typesupport_introspection_c
[0.936s] -- Using all available rosidl_typesupport_cpp: rosidl_typesupport_fastrtps_cpp;rosidl_typesupport_introspection_cpp
[0.936s] -- Found rmw_implementation_cmake: 6.1.2 (/opt/ros/humble/share/rmw_implementation_cmake/cmake)
[0.936s] -- Found rmw_fastrtps_cpp: 6.2.7 (/opt/ros/humble/share/rmw_fastrtps_cpp/cmake)
[0.936s] -- Found TinyXML2 via Config file: TinyXML2_DIR-NOTFOUND
[0.936s] -- Found OpenSSL: /usr/lib/x86_64-linux-gnu/libcrypto.so (found version "3.0.2")  
[0.936s] -- Found TinyXML2 via Config file: TinyXML2_DIR-NOTFOUND
[0.936s] -- Found FastRTPS: /opt/ros/humble/include  
[0.937s] -- Found TinyXML2 via Config file: TinyXML2_DIR-NOTFOUND
[0.937s] -- Found TinyXML2 via Config file: TinyXML2_DIR-NOTFOUND
[0.937s] -- Using RMW implementation 'rmw_fastrtps_cpp' as default
[0.937s] -- Looking for C++ include pthread.h
[0.997s] -- Looking for C++ include pthread.h - found
[0.998s] -- Performing Test CMAKE_HAVE_LIBC_PTHREAD
[1.101s] -- Performing Test CMAKE_HAVE_LIBC_PTHREAD - Success
[1.102s] -- Found Threads: TRUE  
[1.200s] -- Found dsr_msgs2: 1.1.0 (/home/jack/ros2_ws/install/dsr_msgs2/share/dsr_msgs2/cmake)
[1.217s] -- Found sensor_msgs: 4.9.0 (/opt/ros/humble/share/sensor_msgs/cmake)
[1.291s] -- Found kdl_parser: 2.6.4 (/opt/ros/humble/share/kdl_parser/cmake)
[1.306s] -- Found eigen3_cmake_module: 0.1.1 (/opt/ros/humble/share/eigen3_cmake_module/cmake)
[1.308s] -- Found Eigen3: TRUE (found version "3.3.7") 
[1.308s] -- Ensuring Eigen3 include directory is part of orocos-kdl CMake target
[1.315s] -- Found trajectory_msgs: 4.9.0 (/opt/ros/humble/share/trajectory_msgs/cmake)
[1.355s] DRCF_VERSION:2
[1.355s] -- hardware_interface not found - skipping dsr_hardware2 library build
[1.357s] -- Found ament_cmake_pytest: 1.3.11 (/opt/ros/humble/share/ament_cmake_pytest/cmake)
[1.434s] -- Configuring done
[1.437s] -- Generating done
[1.439s] -- Build files have been written to: /home/jack/ros2_ws/build/dsr_hardware2
[1.449s] Invoked command in '/home/jack/ros2_ws/build/dsr_hardware2' returned '0': AMENT_PREFIX_PATH=/home/jack/ros2_ws/install/dsr_msgs2:${AMENT_PREFIX_PATH} CMAKE_PREFIX_PATH=/home/jack/ros2_ws/install/dsr_msgs2:/opt/ros/humble LD_LIBRARY_PATH=/home/jack/ros2_ws/install/dsr_msgs2/lib:${LD_LIBRARY_PATH} PYTHONPATH=/home/jack/ros2_ws/install/dsr_msgs2/local/lib/python3.10/dist-packages:${PYTHONPATH} /usr/bin/cmake /home/jack/ros2_ws/src/DoosanBootcamp3rd/dsr_hardware2 -DCMAKE_INSTALL_PREFIX=/home/jack/ros2_ws/install/dsr_hardware2
[1.451s] Invoking command in '/home/jack/ros2_ws/build/dsr_hardware2': AMENT_PREFIX_PATH=/home/jack/ros2_ws/install/dsr_msgs2:${AMENT_PREFIX_PATH} CMAKE_PREFIX_PATH=/home/jack/ros2_ws/install/dsr_msgs2:/opt/ros/humble LD_LIBRARY_PATH=/home/jack/ros2_ws/install/dsr_msgs2/lib:${LD_LIBRARY_PATH} PYTHONPATH=/home/jack/ros2_ws/install/dsr_msgs2/local/lib/python3.10/dist-packages:${PYTHONPATH} /usr/bin/cmake --build /home/jack/ros2_ws/build/dsr_hardware2 -- -j8 -l8
[1.493s] Invoked command in '/home/jack/ros2_ws/build/dsr_hardware2' returned '0': AMENT_PREFIX_PATH=/home/jack/ros2_ws/install/dsr_msgs2:${AMENT_PREFIX_PATH} CMAKE_PREFIX_PATH=/home/jack/ros2_ws/install/dsr_msgs2:/opt/ros/humble LD_LIBRARY_PATH=/home/jack/ros2_ws/install/dsr_msgs2/lib:${LD_LIBRARY_PATH} PYTHONPATH=/home/jack/ros2_ws/install/dsr_msgs2/local/lib/python3.10/dist-packages:${PYTHONPATH} /usr/bin/cmake --build /home/jack/ros2_ws/build/dsr_hardware2 -- -j8 -l8
[1.495s] Invoking command in '/home/jack/ros2_ws/build/dsr_hardware2': AMENT_PREFIX_PATH=/home/jack/ros2_ws/install/dsr_msgs2:${AMENT_PREFIX_PATH} CMAKE_PREFIX_PATH=/home/jack/ros2_ws/install/dsr_msgs2:/opt/ros/humble LD_LIBRARY_PATH=/home/jack/ros2_ws/install/dsr_msgs2/lib:${LD_LIBRARY_PATH} PYTHONPATH=/home/jack/ros2_ws/install/dsr_msgs2/local/lib/python3.10/dist-packages:${PYTHONPATH} /usr/bin/cmake --install /home/jack/ros2_ws/build/dsr_hardware2
[1.501s] -- Install configuration: ""
[1.502s] -- Installing: /home/jack/ros2_ws/install/dsr_hardware2/share/ament_index/resource_index/package_run_dependencies/dsr_hardware2
[1.503s] -- Installing: /home/jack/ros2_ws/install/dsr_hardware2/share/ament_index/resource_index/parent_prefix_path/dsr_hardware2
[1.503s] -- Installing: /home/jack/ros2_ws/install/dsr_hardware2/share/dsr_hardware2/environment/ament_prefix_path.sh
[1.503s] -- Installing: /home/jack/ros2_ws/install/dsr_hardware2/share/dsr_hardware2/environment/ament_prefix_path.dsv
[1.503s] -- Installing: /home/jack/ros2_ws/install/dsr_hardware2/share/dsr_hardware2/environment/path.sh
[1.503s] -- Installing: /home/jack/ros2_ws/install/dsr_hardware2/share/dsr_hardware2/environment/path.dsv
[1.504s] -- Installing: /home/jack/ros2_ws/install/dsr_hardware2/share/dsr_hardware2/local_setup.bash
[1.504s] -- Installing: /home/jack/ros2_ws/install/dsr_hardware2/share/dsr_hardware2/local_setup.sh
[1.504s] -- Installing: /home/jack/ros2_ws/install/dsr_hardware2/share/dsr_hardware2/local_setup.zsh
[1.504s] -- Installing: /home/jack/ros2_ws/install/dsr_hardware2/share/dsr_hardware2/local_setup.dsv
[1.504s] -- Installing: /home/jack/ros2_ws/install/dsr_hardware2/share/dsr_hardware2/package.dsv
[1.504s] -- Installing: /home/jack/ros2_ws/install/dsr_hardware2/share/ament_index/resource_index/packages/dsr_hardware2
[1.504s] -- Installing: /home/jack/ros2_ws/install/dsr_hardware2/share/dsr_hardware2/cmake/ament_cmake_export_dependencies-extras.cmake
[1.504s] -- Installing: /home/jack/ros2_ws/install/dsr_hardware2/share/dsr_hardware2/cmake/dsr_hardware2Config.cmake
[1.504s] -- Installing: /home/jack/ros2_ws/install/dsr_hardware2/share/dsr_hardware2/cmake/dsr_hardware2Config-version.cmake
[1.504s] -- Installing: /home/jack/ros2_ws/install/dsr_hardware2/share/dsr_hardware2/package.xml
[1.506s] Invoked command in '/home/jack/ros2_ws/build/dsr_hardware2' returned '0': AMENT_PREFIX_PATH=/home/jack/ros2_ws/install/dsr_msgs2:${AMENT_PREFIX_PATH} CMAKE_PREFIX_PATH=/home/jack/ros2_ws/install/dsr_msgs2:/opt/ros/humble LD_LIBRARY_PATH=/home/jack/ros2_ws/install/dsr_msgs2/lib:${LD_LIBRARY_PATH} PYTHONPATH=/home/jack/ros2_ws/install/dsr_msgs2/local/lib/python3.10/dist-packages:${PYTHONPATH} /usr/bin/cmake --install /home/jack/ros2_ws/build/dsr_hardware2
