[0.008s] Invoking command in '/home/jack/ros2_ws/build/doosan_somacube_rl': CMAKE_PREFIX_PATH=/opt/ros/humble /usr/bin/cmake /home/jack/ros2_ws/src/doosan_somacube_rl -DCMAKE_INSTALL_PREFIX=/home/jack/ros2_ws/install/doosan_somacube_rl
[0.016s] -- Found ament_cmake: 1.3.11 (/opt/ros/humble/share/ament_cmake/cmake)
[0.103s] -- Found rclpy: 3.3.16 (/opt/ros/humble/share/rclpy/cmake)
[0.103s] -- Found std_msgs: 4.9.0 (/opt/ros/humble/share/std_msgs/cmake)
[0.120s] -- Found rosidl_generator_c: 3.1.6 (/opt/ros/humble/share/rosidl_generator_c/cmake)
[0.121s] -- Found rosidl_adapter: 3.1.6 (/opt/ros/humble/share/rosidl_adapter/cmake)
[0.125s] -- Found rosidl_generator_cpp: 3.1.6 (/opt/ros/humble/share/rosidl_generator_cpp/cmake)
[0.132s] -- Using all available rosidl_typesupport_c: rosidl_typesupport_fastrtps_c;rosidl_typesupport_introspection_c
[0.140s] -- Using all available rosidl_typesupport_cpp: rosidl_typesupport_fastrtps_cpp;rosidl_typesupport_introspection_cpp
[0.155s] -- Found geometry_msgs: 4.9.0 (/opt/ros/humble/share/geometry_msgs/cmake)
[0.164s] -- Found sensor_msgs: 4.9.0 (/opt/ros/humble/share/sensor_msgs/cmake)
[0.175s] -- Found rosidl_default_generators: 1.2.0 (/opt/ros/humble/share/rosidl_default_generators/cmake)
[0.402s] -- Found ament_cmake_ros: 0.10.0 (/opt/ros/humble/share/ament_cmake_ros/cmake)
[0.699s] -- Using all available rosidl_typesupport_c: rosidl_typesupport_fastrtps_c;rosidl_typesupport_introspection_c
[0.812s] -- Using all available rosidl_typesupport_cpp: rosidl_typesupport_fastrtps_cpp;rosidl_typesupport_introspection_cpp
[0.828s] -- Found PythonInterp: /usr/bin/python3 (found suitable version "3.10.12", minimum required is "3.6") 
[0.830s] -- Found python_cmake_module: 0.10.0 (/opt/ros/humble/share/python_cmake_module/cmake)
[0.852s] -- Found PythonLibs: /usr/lib/x86_64-linux-gnu/libpython3.10.so (found suitable version "3.10.12", minimum required is "3.5") 
[0.852s] -- Using PYTHON_EXECUTABLE: /usr/bin/python3
[0.852s] -- Using PYTHON_INCLUDE_DIRS: /usr/include/python3.10
[0.852s] -- Using PYTHON_LIBRARIES: /usr/lib/x86_64-linux-gnu/libpython3.10.so
[0.868s] -- Found PythonExtra: .so  
[0.910s] CMake Error at /opt/ros/humble/share/ament_cmake_python/cmake/ament_python_install_package.cmake:66 (message):
[0.910s]   ament_python_install_package() the Python package folder
[0.910s]   '/home/jack/ros2_ws/src/doosan_somacube_rl/doosan_somacube_rl' doesn't
[0.910s]   contain an '__init__.py' file
[0.910s] Call Stack (most recent call first):
[0.910s]   /opt/ros/humble/share/ament_cmake_python/cmake/ament_python_install_package.cmake:39 (_ament_cmake_python_install_package)
[0.910s]   CMakeLists.txt:26 (ament_python_install_package)
[0.910s] 
[0.910s] 
[0.910s] -- Configuring incomplete, errors occurred!
[0.910s] See also "/home/jack/ros2_ws/build/doosan_somacube_rl/CMakeFiles/CMakeOutput.log".
[0.914s] Invoked command in '/home/jack/ros2_ws/build/doosan_somacube_rl' returned '1': CMAKE_PREFIX_PATH=/opt/ros/humble /usr/bin/cmake /home/jack/ros2_ws/src/doosan_somacube_rl -DCMAKE_INSTALL_PREFIX=/home/jack/ros2_ws/install/doosan_somacube_rl
