running egg_info
creating ../../../build/somacube/somacube.egg-info
writing ../../../build/somacube/somacube.egg-info/PKG-INFO
writing dependency_links to ../../../build/somacube/somacube.egg-info/dependency_links.txt
writing entry points to ../../../build/somacube/somacube.egg-info/entry_points.txt
writing requirements to ../../../build/somacube/somacube.egg-info/requires.txt
writing top-level names to ../../../build/somacube/somacube.egg-info/top_level.txt
writing manifest file '../../../build/somacube/somacube.egg-info/SOURCES.txt'
reading manifest file '../../../build/somacube/somacube.egg-info/SOURCES.txt'
writing manifest file '../../../build/somacube/somacube.egg-info/SOURCES.txt'
running build
running build_py
creating /home/jack/ros2_ws/build/somacube/build
creating /home/jack/ros2_ws/build/somacube/build/lib
creating /home/jack/ros2_ws/build/somacube/build/lib/somacube
copying somacube/yolo.py -> /home/jack/ros2_ws/build/somacube/build/lib/somacube
copying somacube/detection.py -> /home/jack/ros2_ws/build/somacube/build/lib/somacube
copying somacube/realsense.py -> /home/jack/ros2_ws/build/somacube/build/lib/somacube
copying somacube/RL_with_robot2.py -> /home/jack/ros2_ws/build/somacube/build/lib/somacube
copying somacube/__init__.py -> /home/jack/ros2_ws/build/somacube/build/lib/somacube
copying somacube/onrobot.py -> /home/jack/ros2_ws/build/somacube/build/lib/somacube
copying somacube/RL_with_robot2_backup.py -> /home/jack/ros2_ws/build/somacube/build/lib/somacube
running install
running install_lib
creating /home/jack/ros2_ws/install/somacube/lib/python3.10/site-packages/somacube
copying /home/jack/ros2_ws/build/somacube/build/lib/somacube/yolo.py -> /home/jack/ros2_ws/install/somacube/lib/python3.10/site-packages/somacube
copying /home/jack/ros2_ws/build/somacube/build/lib/somacube/detection.py -> /home/jack/ros2_ws/install/somacube/lib/python3.10/site-packages/somacube
copying /home/jack/ros2_ws/build/somacube/build/lib/somacube/realsense.py -> /home/jack/ros2_ws/install/somacube/lib/python3.10/site-packages/somacube
copying /home/jack/ros2_ws/build/somacube/build/lib/somacube/RL_with_robot2.py -> /home/jack/ros2_ws/install/somacube/lib/python3.10/site-packages/somacube
copying /home/jack/ros2_ws/build/somacube/build/lib/somacube/__init__.py -> /home/jack/ros2_ws/install/somacube/lib/python3.10/site-packages/somacube
copying /home/jack/ros2_ws/build/somacube/build/lib/somacube/onrobot.py -> /home/jack/ros2_ws/install/somacube/lib/python3.10/site-packages/somacube
copying /home/jack/ros2_ws/build/somacube/build/lib/somacube/RL_with_robot2_backup.py -> /home/jack/ros2_ws/install/somacube/lib/python3.10/site-packages/somacube
byte-compiling /home/jack/ros2_ws/install/somacube/lib/python3.10/site-packages/somacube/yolo.py to yolo.cpython-310.pyc
byte-compiling /home/jack/ros2_ws/install/somacube/lib/python3.10/site-packages/somacube/detection.py to detection.cpython-310.pyc
byte-compiling /home/jack/ros2_ws/install/somacube/lib/python3.10/site-packages/somacube/realsense.py to realsense.cpython-310.pyc
byte-compiling /home/jack/ros2_ws/install/somacube/lib/python3.10/site-packages/somacube/RL_with_robot2.py to RL_with_robot2.cpython-310.pyc
byte-compiling /home/jack/ros2_ws/install/somacube/lib/python3.10/site-packages/somacube/__init__.py to __init__.cpython-310.pyc
byte-compiling /home/jack/ros2_ws/install/somacube/lib/python3.10/site-packages/somacube/onrobot.py to onrobot.cpython-310.pyc
byte-compiling /home/jack/ros2_ws/install/somacube/lib/python3.10/site-packages/somacube/RL_with_robot2_backup.py to RL_with_robot2_backup.cpython-310.pyc
running install_data
copying package.xml -> /home/jack/ros2_ws/install/somacube/share/somacube
creating /home/jack/ros2_ws/install/somacube/share/somacube/resource
copying resource/best_with_another_data.pt -> /home/jack/ros2_ws/install/somacube/share/somacube/resource
copying resource/best_our_cube.pt -> /home/jack/ros2_ws/install/somacube/share/somacube/resource
copying resource/T_gripper2camera.npy -> /home/jack/ros2_ws/install/somacube/share/somacube/resource
copying resource/class_name_tool.json -> /home/jack/ros2_ws/install/somacube/share/somacube/resource
copying resource/somacube -> /home/jack/ros2_ws/install/somacube/share/somacube/resource
running install_egg_info
Copying ../../../build/somacube/somacube.egg-info to /home/jack/ros2_ws/install/somacube/lib/python3.10/site-packages/somacube-0.0.0-py3.10.egg-info
running install_scripts
Installing detection script to /home/jack/ros2_ws/install/somacube/lib/somacube
Installing robot_move script to /home/jack/ros2_ws/install/somacube/lib/somacube
writing list of installed files to '/home/jack/ros2_ws/build/somacube/install.log'
