[2.952s] Invoking command in '/home/jack/ros2_ws/src/DoosanBootcamp3rd/somacube': PYTHONPATH=/home/jack/ros2_ws/build/somacube/prefix_override:/home/jack/.local/lib/python3.10/site-packages/colcon_core/task/python/colcon_distutils_commands:/home/jack/ros2_ws/install/somacube/lib/python3.10/site-packages:${PYTHONPATH} /usr/bin/python3 -W ignore:setup.py install is deprecated -W ignore:easy_install command is deprecated setup.py egg_info --egg-base ../../../build/somacube build --build-base /home/jack/ros2_ws/build/somacube/build install --record /home/jack/ros2_ws/build/somacube/install.log --single-version-externally-managed install_data
[62.917s] running egg_info
[62.923s] creating ../../../build/somacube/somacube.egg-info
[62.923s] writing ../../../build/somacube/somacube.egg-info/PKG-INFO
[62.924s] writing dependency_links to ../../../build/somacube/somacube.egg-info/dependency_links.txt
[62.924s] writing entry points to ../../../build/somacube/somacube.egg-info/entry_points.txt
[62.924s] writing requirements to ../../../build/somacube/somacube.egg-info/requires.txt
[62.924s] writing top-level names to ../../../build/somacube/somacube.egg-info/top_level.txt
[62.924s] writing manifest file '../../../build/somacube/somacube.egg-info/SOURCES.txt'
[62.924s] reading manifest file '../../../build/somacube/somacube.egg-info/SOURCES.txt'
[62.924s] writing manifest file '../../../build/somacube/somacube.egg-info/SOURCES.txt'
[62.924s] running build
[62.924s] running build_py
[62.924s] creating /home/jack/ros2_ws/build/somacube/build
[62.925s] creating /home/jack/ros2_ws/build/somacube/build/lib
[62.925s] creating /home/jack/ros2_ws/build/somacube/build/lib/somacube
[62.925s] copying somacube/yolo.py -> /home/jack/ros2_ws/build/somacube/build/lib/somacube
[62.925s] copying somacube/detection.py -> /home/jack/ros2_ws/build/somacube/build/lib/somacube
[62.925s] copying somacube/realsense.py -> /home/jack/ros2_ws/build/somacube/build/lib/somacube
[62.944s] copying somacube/RL_with_robot2.py -> /home/jack/ros2_ws/build/somacube/build/lib/somacube
[62.945s] copying somacube/__init__.py -> /home/jack/ros2_ws/build/somacube/build/lib/somacube
[62.945s] copying somacube/onrobot.py -> /home/jack/ros2_ws/build/somacube/build/lib/somacube
[62.945s] copying somacube/RL_with_robot2_backup.py -> /home/jack/ros2_ws/build/somacube/build/lib/somacube
[62.945s] running install
[62.945s] running install_lib
[62.945s] creating /home/jack/ros2_ws/install/somacube/lib/python3.10/site-packages/somacube
[62.945s] copying /home/jack/ros2_ws/build/somacube/build/lib/somacube/yolo.py -> /home/jack/ros2_ws/install/somacube/lib/python3.10/site-packages/somacube
[62.945s] copying /home/jack/ros2_ws/build/somacube/build/lib/somacube/detection.py -> /home/jack/ros2_ws/install/somacube/lib/python3.10/site-packages/somacube
[62.945s] copying /home/jack/ros2_ws/build/somacube/build/lib/somacube/realsense.py -> /home/jack/ros2_ws/install/somacube/lib/python3.10/site-packages/somacube
[62.945s] copying /home/jack/ros2_ws/build/somacube/build/lib/somacube/RL_with_robot2.py -> /home/jack/ros2_ws/install/somacube/lib/python3.10/site-packages/somacube
[62.946s] copying /home/jack/ros2_ws/build/somacube/build/lib/somacube/__init__.py -> /home/jack/ros2_ws/install/somacube/lib/python3.10/site-packages/somacube
[62.946s] copying /home/jack/ros2_ws/build/somacube/build/lib/somacube/onrobot.py -> /home/jack/ros2_ws/install/somacube/lib/python3.10/site-packages/somacube
[62.946s] copying /home/jack/ros2_ws/build/somacube/build/lib/somacube/RL_with_robot2_backup.py -> /home/jack/ros2_ws/install/somacube/lib/python3.10/site-packages/somacube
[62.946s] byte-compiling /home/jack/ros2_ws/install/somacube/lib/python3.10/site-packages/somacube/yolo.py to yolo.cpython-310.pyc
[62.953s] byte-compiling /home/jack/ros2_ws/install/somacube/lib/python3.10/site-packages/somacube/detection.py to detection.cpython-310.pyc
[62.953s] byte-compiling /home/jack/ros2_ws/install/somacube/lib/python3.10/site-packages/somacube/realsense.py to realsense.cpython-310.pyc
[62.954s] byte-compiling /home/jack/ros2_ws/install/somacube/lib/python3.10/site-packages/somacube/RL_with_robot2.py to RL_with_robot2.cpython-310.pyc
[62.954s] byte-compiling /home/jack/ros2_ws/install/somacube/lib/python3.10/site-packages/somacube/__init__.py to __init__.cpython-310.pyc
[62.954s] byte-compiling /home/jack/ros2_ws/install/somacube/lib/python3.10/site-packages/somacube/onrobot.py to onrobot.cpython-310.pyc
[62.954s] byte-compiling /home/jack/ros2_ws/install/somacube/lib/python3.10/site-packages/somacube/RL_with_robot2_backup.py to RL_with_robot2_backup.cpython-310.pyc
[62.963s] running install_data
[62.963s] copying package.xml -> /home/jack/ros2_ws/install/somacube/share/somacube
[62.963s] creating /home/jack/ros2_ws/install/somacube/share/somacube/resource
[62.963s] copying resource/best_with_another_data.pt -> /home/jack/ros2_ws/install/somacube/share/somacube/resource
[62.994s] copying resource/best_our_cube.pt -> /home/jack/ros2_ws/install/somacube/share/somacube/resource
[63.047s] copying resource/T_gripper2camera.npy -> /home/jack/ros2_ws/install/somacube/share/somacube/resource
[63.048s] copying resource/class_name_tool.json -> /home/jack/ros2_ws/install/somacube/share/somacube/resource
[63.053s] copying resource/somacube -> /home/jack/ros2_ws/install/somacube/share/somacube/resource
[63.053s] running install_egg_info
[63.053s] Copying ../../../build/somacube/somacube.egg-info to /home/jack/ros2_ws/install/somacube/lib/python3.10/site-packages/somacube-0.0.0-py3.10.egg-info
[63.065s] running install_scripts
[63.148s] Installing detection script to /home/jack/ros2_ws/install/somacube/lib/somacube
[63.148s] Installing robot_move script to /home/jack/ros2_ws/install/somacube/lib/somacube
[63.148s] writing list of installed files to '/home/jack/ros2_ws/build/somacube/install.log'
[63.180s] Invoked command in '/home/jack/ros2_ws/src/DoosanBootcamp3rd/somacube' returned '0': PYTHONPATH=/home/jack/ros2_ws/build/somacube/prefix_override:/home/jack/.local/lib/python3.10/site-packages/colcon_core/task/python/colcon_distutils_commands:/home/jack/ros2_ws/install/somacube/lib/python3.10/site-packages:${PYTHONPATH} /usr/bin/python3 -W ignore:setup.py install is deprecated -W ignore:easy_install command is deprecated setup.py egg_info --egg-base ../../../build/somacube build --build-base /home/jack/ros2_ws/build/somacube/build install --record /home/jack/ros2_ws/build/somacube/install.log --single-version-externally-managed install_data
