[0.020s] Invoking command in '/home/jack/ros2_ws/build/dsr_moveit_config_a0509': CMAKE_PREFIX_PATH=/opt/ros/humble /usr/bin/cmake /home/jack/ros2_ws/src/DoosanBootcamp3rd/dsr_moveit2/dsr_moveit_config_a0509 -DCMAKE_INSTALL_PREFIX=/home/jack/ros2_ws/install/dsr_moveit_config_a0509
[0.235s] -- The C compiler identification is GNU 11.4.0
[0.393s] -- The CXX compiler identification is GNU 11.4.0
[0.413s] -- Detecting C compiler ABI info
[0.517s] -- Detecting C compiler ABI info - done
[0.526s] -- Check for working C compiler: /usr/bin/cc - skipped
[0.526s] -- Detecting C compile features
[0.527s] -- Detecting C compile features - done
[0.531s] -- Detecting CXX compiler ABI info
[0.640s] -- Detecting CXX compiler ABI info - done
[0.652s] -- Check for working CXX compiler: /usr/bin/c++ - skipped
[0.653s] -- Detecting CXX compile features
[0.655s] -- Detecting CXX compile features - done
[0.656s] -- Found ament_cmake: 1.3.11 (/opt/ros/humble/share/ament_cmake/cmake)
[0.913s] -- Found Python3: /usr/bin/python3 (found version "3.10.12") found components: Interpreter 
[1.135s] -- Configuring done
[1.135s] -- Generating done
[1.136s] -- Build files have been written to: /home/jack/ros2_ws/build/dsr_moveit_config_a0509
[1.142s] Invoked command in '/home/jack/ros2_ws/build/dsr_moveit_config_a0509' returned '0': CMAKE_PREFIX_PATH=/opt/ros/humble /usr/bin/cmake /home/jack/ros2_ws/src/DoosanBootcamp3rd/dsr_moveit2/dsr_moveit_config_a0509 -DCMAKE_INSTALL_PREFIX=/home/jack/ros2_ws/install/dsr_moveit_config_a0509
[1.146s] Invoking command in '/home/jack/ros2_ws/build/dsr_moveit_config_a0509': CMAKE_PREFIX_PATH=/opt/ros/humble /usr/bin/cmake --build /home/jack/ros2_ws/build/dsr_moveit_config_a0509 -- -j8 -l8
[1.193s] Invoked command in '/home/jack/ros2_ws/build/dsr_moveit_config_a0509' returned '0': CMAKE_PREFIX_PATH=/opt/ros/humble /usr/bin/cmake --build /home/jack/ros2_ws/build/dsr_moveit_config_a0509 -- -j8 -l8
[1.196s] Invoking command in '/home/jack/ros2_ws/build/dsr_moveit_config_a0509': CMAKE_PREFIX_PATH=/opt/ros/humble /usr/bin/cmake --install /home/jack/ros2_ws/build/dsr_moveit_config_a0509
[1.205s] -- Install configuration: ""
[1.205s] -- Installing: /home/jack/ros2_ws/install/dsr_moveit_config_a0509/share/ament_index/resource_index/package_run_dependencies/dsr_moveit_config_a0509
[1.205s] -- Installing: /home/jack/ros2_ws/install/dsr_moveit_config_a0509/share/ament_index/resource_index/parent_prefix_path/dsr_moveit_config_a0509
[1.205s] -- Installing: /home/jack/ros2_ws/install/dsr_moveit_config_a0509/share/dsr_moveit_config_a0509/environment/ament_prefix_path.sh
[1.205s] -- Installing: /home/jack/ros2_ws/install/dsr_moveit_config_a0509/share/dsr_moveit_config_a0509/environment/ament_prefix_path.dsv
[1.205s] -- Installing: /home/jack/ros2_ws/install/dsr_moveit_config_a0509/share/dsr_moveit_config_a0509/environment/path.sh
[1.206s] -- Installing: /home/jack/ros2_ws/install/dsr_moveit_config_a0509/share/dsr_moveit_config_a0509/environment/path.dsv
[1.206s] -- Installing: /home/jack/ros2_ws/install/dsr_moveit_config_a0509/share/dsr_moveit_config_a0509/local_setup.bash
[1.206s] -- Installing: /home/jack/ros2_ws/install/dsr_moveit_config_a0509/share/dsr_moveit_config_a0509/local_setup.sh
[1.206s] -- Installing: /home/jack/ros2_ws/install/dsr_moveit_config_a0509/share/dsr_moveit_config_a0509/local_setup.zsh
[1.206s] -- Installing: /home/jack/ros2_ws/install/dsr_moveit_config_a0509/share/dsr_moveit_config_a0509/local_setup.dsv
[1.212s] -- Installing: /home/jack/ros2_ws/install/dsr_moveit_config_a0509/share/dsr_moveit_config_a0509/package.dsv
[1.214s] -- Installing: /home/jack/ros2_ws/install/dsr_moveit_config_a0509/share/ament_index/resource_index/packages/dsr_moveit_config_a0509
[1.214s] -- Installing: /home/jack/ros2_ws/install/dsr_moveit_config_a0509/share/dsr_moveit_config_a0509/cmake/dsr_moveit_config_a0509Config.cmake
[1.214s] -- Installing: /home/jack/ros2_ws/install/dsr_moveit_config_a0509/share/dsr_moveit_config_a0509/cmake/dsr_moveit_config_a0509Config-version.cmake
[1.215s] -- Installing: /home/jack/ros2_ws/install/dsr_moveit_config_a0509/share/dsr_moveit_config_a0509/package.xml
[1.215s] -- Installing: /home/jack/ros2_ws/install/dsr_moveit_config_a0509/share/dsr_moveit_config_a0509/launch
[1.215s] -- Installing: /home/jack/ros2_ws/install/dsr_moveit_config_a0509/share/dsr_moveit_config_a0509/launch/demo.launch.py
[1.215s] -- Installing: /home/jack/ros2_ws/install/dsr_moveit_config_a0509/share/dsr_moveit_config_a0509/launch/start.launch.py
[1.215s] -- Installing: /home/jack/ros2_ws/install/dsr_moveit_config_a0509/share/dsr_moveit_config_a0509/launch/moveit.rviz
[1.215s] -- Installing: /home/jack/ros2_ws/install/dsr_moveit_config_a0509/share/dsr_moveit_config_a0509/config
[1.215s] -- Installing: /home/jack/ros2_ws/install/dsr_moveit_config_a0509/share/dsr_moveit_config_a0509/config/a0509.urdf.xacro
[1.215s] -- Installing: /home/jack/ros2_ws/install/dsr_moveit_config_a0509/share/dsr_moveit_config_a0509/config/pilz_cartesian_limits.yaml
[1.215s] -- Installing: /home/jack/ros2_ws/install/dsr_moveit_config_a0509/share/dsr_moveit_config_a0509/config/dsr.ros2_control.xacro
[1.215s] -- Installing: /home/jack/ros2_ws/install/dsr_moveit_config_a0509/share/dsr_moveit_config_a0509/config/kinematics.yaml
[1.215s] -- Installing: /home/jack/ros2_ws/install/dsr_moveit_config_a0509/share/dsr_moveit_config_a0509/config/sensors_3d.yaml
[1.215s] -- Installing: /home/jack/ros2_ws/install/dsr_moveit_config_a0509/share/dsr_moveit_config_a0509/config/joint_limits.yaml
[1.215s] -- Installing: /home/jack/ros2_ws/install/dsr_moveit_config_a0509/share/dsr_moveit_config_a0509/config/chomp_planning.yaml
[1.216s] -- Installing: /home/jack/ros2_ws/install/dsr_moveit_config_a0509/share/dsr_moveit_config_a0509/config/initial_positions.yaml
[1.216s] -- Installing: /home/jack/ros2_ws/install/dsr_moveit_config_a0509/share/dsr_moveit_config_a0509/config/dsr.srdf
[1.216s] -- Installing: /home/jack/ros2_ws/install/dsr_moveit_config_a0509/share/dsr_moveit_config_a0509/config/moveit_controllers.yaml
[1.216s] -- Installing: /home/jack/ros2_ws/install/dsr_moveit_config_a0509/share/dsr_moveit_config_a0509/config/ompl_planning.yaml
[1.216s] -- Installing: /home/jack/ros2_ws/install/dsr_moveit_config_a0509/share/dsr_moveit_config_a0509/config/ros2_controllers.yaml
[1.216s] -- Installing: /home/jack/ros2_ws/install/dsr_moveit_config_a0509/share/dsr_moveit_config_a0509/.setup_assistant
[1.224s] Invoked command in '/home/jack/ros2_ws/build/dsr_moveit_config_a0509' returned '0': CMAKE_PREFIX_PATH=/opt/ros/humble /usr/bin/cmake --install /home/jack/ros2_ws/build/dsr_moveit_config_a0509
