[3.563s] Invoking command in '/home/jack/ros2_ws/src/DoosanBootcamp3rd/dsr_rokey/pick_and_place_text': PYTHONPATH=/home/jack/ros2_ws/build/pick_and_place_text/prefix_override:/home/jack/.local/lib/python3.10/site-packages/colcon_core/task/python/colcon_distutils_commands:/home/jack/ros2_ws/install/pick_and_place_text/lib/python3.10/site-packages:${PYTHONPATH} /usr/bin/python3 -W ignore:setup.py install is deprecated -W ignore:easy_install command is deprecated setup.py egg_info --egg-base ../../../../build/pick_and_place_text build --build-base /home/jack/ros2_ws/build/pick_and_place_text/build install --record /home/jack/ros2_ws/build/pick_and_place_text/install.log --single-version-externally-managed install_data
[4.150s] running egg_info
[4.150s] creating ../../../../build/pick_and_place_text/pick_and_place_text.egg-info
[4.150s] writing ../../../../build/pick_and_place_text/pick_and_place_text.egg-info/PKG-INFO
[4.150s] writing dependency_links to ../../../../build/pick_and_place_text/pick_and_place_text.egg-info/dependency_links.txt
[4.150s] writing entry points to ../../../../build/pick_and_place_text/pick_and_place_text.egg-info/entry_points.txt
[4.150s] writing requirements to ../../../../build/pick_and_place_text/pick_and_place_text.egg-info/requires.txt
[4.150s] writing top-level names to ../../../../build/pick_and_place_text/pick_and_place_text.egg-info/top_level.txt
[4.151s] writing manifest file '../../../../build/pick_and_place_text/pick_and_place_text.egg-info/SOURCES.txt'
[4.152s] reading manifest file '../../../../build/pick_and_place_text/pick_and_place_text.egg-info/SOURCES.txt'
[4.159s] writing manifest file '../../../../build/pick_and_place_text/pick_and_place_text.egg-info/SOURCES.txt'
[4.159s] running build
[4.159s] running build_py
[4.159s] creating /home/jack/ros2_ws/build/pick_and_place_text/build
[4.159s] creating /home/jack/ros2_ws/build/pick_and_place_text/build/lib
[4.159s] creating /home/jack/ros2_ws/build/pick_and_place_text/build/lib/pick_and_place_text
[4.159s] copying pick_and_place_text/yolo.py -> /home/jack/ros2_ws/build/pick_and_place_text/build/lib/pick_and_place_text
[4.159s] copying pick_and_place_text/detection.py -> /home/jack/ros2_ws/build/pick_and_place_text/build/lib/pick_and_place_text
[4.159s] copying pick_and_place_text/realsense.py -> /home/jack/ros2_ws/build/pick_and_place_text/build/lib/pick_and_place_text
[4.160s] copying pick_and_place_text/robot_move.py -> /home/jack/ros2_ws/build/pick_and_place_text/build/lib/pick_and_place_text
[4.160s] copying pick_and_place_text/__init__.py -> /home/jack/ros2_ws/build/pick_and_place_text/build/lib/pick_and_place_text
[4.160s] copying pick_and_place_text/onrobot.py -> /home/jack/ros2_ws/build/pick_and_place_text/build/lib/pick_and_place_text
[4.160s] running install
[4.160s] running install_lib
[4.160s] creating /home/jack/ros2_ws/install/pick_and_place_text/lib/python3.10/site-packages/pick_and_place_text
[4.160s] copying /home/jack/ros2_ws/build/pick_and_place_text/build/lib/pick_and_place_text/yolo.py -> /home/jack/ros2_ws/install/pick_and_place_text/lib/python3.10/site-packages/pick_and_place_text
[4.160s] copying /home/jack/ros2_ws/build/pick_and_place_text/build/lib/pick_and_place_text/detection.py -> /home/jack/ros2_ws/install/pick_and_place_text/lib/python3.10/site-packages/pick_and_place_text
[4.160s] copying /home/jack/ros2_ws/build/pick_and_place_text/build/lib/pick_and_place_text/realsense.py -> /home/jack/ros2_ws/install/pick_and_place_text/lib/python3.10/site-packages/pick_and_place_text
[4.160s] copying /home/jack/ros2_ws/build/pick_and_place_text/build/lib/pick_and_place_text/robot_move.py -> /home/jack/ros2_ws/install/pick_and_place_text/lib/python3.10/site-packages/pick_and_place_text
[4.160s] copying /home/jack/ros2_ws/build/pick_and_place_text/build/lib/pick_and_place_text/__init__.py -> /home/jack/ros2_ws/install/pick_and_place_text/lib/python3.10/site-packages/pick_and_place_text
[4.161s] copying /home/jack/ros2_ws/build/pick_and_place_text/build/lib/pick_and_place_text/onrobot.py -> /home/jack/ros2_ws/install/pick_and_place_text/lib/python3.10/site-packages/pick_and_place_text
[4.161s] byte-compiling /home/jack/ros2_ws/install/pick_and_place_text/lib/python3.10/site-packages/pick_and_place_text/yolo.py to yolo.cpython-310.pyc
[4.164s] byte-compiling /home/jack/ros2_ws/install/pick_and_place_text/lib/python3.10/site-packages/pick_and_place_text/detection.py to detection.cpython-310.pyc
[4.164s] byte-compiling /home/jack/ros2_ws/install/pick_and_place_text/lib/python3.10/site-packages/pick_and_place_text/realsense.py to realsense.cpython-310.pyc
[4.164s] byte-compiling /home/jack/ros2_ws/install/pick_and_place_text/lib/python3.10/site-packages/pick_and_place_text/robot_move.py to robot_move.cpython-310.pyc
[4.168s] byte-compiling /home/jack/ros2_ws/install/pick_and_place_text/lib/python3.10/site-packages/pick_and_place_text/__init__.py to __init__.cpython-310.pyc
[4.168s] byte-compiling /home/jack/ros2_ws/install/pick_and_place_text/lib/python3.10/site-packages/pick_and_place_text/onrobot.py to onrobot.cpython-310.pyc
[4.168s] running install_data
[4.168s] copying package.xml -> /home/jack/ros2_ws/install/pick_and_place_text/share/pick_and_place_text
[4.171s] creating /home/jack/ros2_ws/install/pick_and_place_text/share/pick_and_place_text/resource
[4.171s] copying resource/pick_and_place_text -> /home/jack/ros2_ws/install/pick_and_place_text/share/pick_and_place_text/resource
[4.171s] copying resource/yolov8n_tools_0122.pt -> /home/jack/ros2_ws/install/pick_and_place_text/share/pick_and_place_text/resource
[4.202s] copying resource/T_gripper2camera.npy -> /home/jack/ros2_ws/install/pick_and_place_text/share/pick_and_place_text/resource
[4.202s] copying resource/class_name_tool.json -> /home/jack/ros2_ws/install/pick_and_place_text/share/pick_and_place_text/resource
[4.203s] running install_egg_info
[4.206s] Copying ../../../../build/pick_and_place_text/pick_and_place_text.egg-info to /home/jack/ros2_ws/install/pick_and_place_text/lib/python3.10/site-packages/pick_and_place_text-0.0.0-py3.10.egg-info
[4.219s] running install_scripts
[4.297s] Installing detection script to /home/jack/ros2_ws/install/pick_and_place_text/lib/pick_and_place_text
[4.297s] Installing robot_move script to /home/jack/ros2_ws/install/pick_and_place_text/lib/pick_and_place_text
[4.297s] writing list of installed files to '/home/jack/ros2_ws/build/pick_and_place_text/install.log'
[4.410s] Invoked command in '/home/jack/ros2_ws/src/DoosanBootcamp3rd/dsr_rokey/pick_and_place_text' returned '0': PYTHONPATH=/home/jack/ros2_ws/build/pick_and_place_text/prefix_override:/home/jack/.local/lib/python3.10/site-packages/colcon_core/task/python/colcon_distutils_commands:/home/jack/ros2_ws/install/pick_and_place_text/lib/python3.10/site-packages:${PYTHONPATH} /usr/bin/python3 -W ignore:setup.py install is deprecated -W ignore:easy_install command is deprecated setup.py egg_info --egg-base ../../../../build/pick_and_place_text build --build-base /home/jack/ros2_ws/build/pick_and_place_text/build install --record /home/jack/ros2_ws/build/pick_and_place_text/install.log --single-version-externally-managed install_data
