[0.056s] Invoking command in '/home/jack/ros2_ws/build/dsr_moveit_config_m0617': CMAKE_PREFIX_PATH=/opt/ros/humble /usr/bin/cmake /home/jack/ros2_ws/src/DoosanBootcamp3rd/dsr_moveit2/dsr_moveit_config_m0617 -DCMAKE_INSTALL_PREFIX=/home/jack/ros2_ws/install/dsr_moveit_config_m0617
[0.125s] -- The C compiler identification is GNU 11.4.0
[0.194s] -- The CXX compiler identification is GNU 11.4.0
[0.202s] -- Detecting C compiler ABI info
[0.292s] -- Detecting C compiler ABI info - done
[0.304s] -- Check for working C compiler: /usr/bin/cc - skipped
[0.304s] -- Detecting C compile features
[0.304s] -- Detecting C compile features - done
[0.312s] -- Detecting CXX compiler ABI info
[0.458s] -- Detecting CXX compiler ABI info - done
[0.492s] -- Check for working CXX compiler: /usr/bin/c++ - skipped
[0.493s] -- Detecting CXX compile features
[0.500s] -- Detecting CXX compile features - done
[0.500s] -- Found ament_cmake: 1.3.11 (/opt/ros/humble/share/ament_cmake/cmake)
[0.821s] -- Found Python3: /usr/bin/python3 (found version "3.10.12") found components: Interpreter 
[1.933s] -- Configuring done
[1.933s] -- Generating done
[1.933s] -- Build files have been written to: /home/jack/ros2_ws/build/dsr_moveit_config_m0617
[1.955s] Invoked command in '/home/jack/ros2_ws/build/dsr_moveit_config_m0617' returned '0': CMAKE_PREFIX_PATH=/opt/ros/humble /usr/bin/cmake /home/jack/ros2_ws/src/DoosanBootcamp3rd/dsr_moveit2/dsr_moveit_config_m0617 -DCMAKE_INSTALL_PREFIX=/home/jack/ros2_ws/install/dsr_moveit_config_m0617
[1.956s] Invoking command in '/home/jack/ros2_ws/build/dsr_moveit_config_m0617': CMAKE_PREFIX_PATH=/opt/ros/humble /usr/bin/cmake --build /home/jack/ros2_ws/build/dsr_moveit_config_m0617 -- -j8 -l8
[2.067s] Invoked command in '/home/jack/ros2_ws/build/dsr_moveit_config_m0617' returned '0': CMAKE_PREFIX_PATH=/opt/ros/humble /usr/bin/cmake --build /home/jack/ros2_ws/build/dsr_moveit_config_m0617 -- -j8 -l8
[2.068s] Invoking command in '/home/jack/ros2_ws/build/dsr_moveit_config_m0617': CMAKE_PREFIX_PATH=/opt/ros/humble /usr/bin/cmake --install /home/jack/ros2_ws/build/dsr_moveit_config_m0617
[2.090s] -- Install configuration: ""
[2.090s] -- Installing: /home/jack/ros2_ws/install/dsr_moveit_config_m0617/share/ament_index/resource_index/package_run_dependencies/dsr_moveit_config_m0617
[2.091s] -- Installing: /home/jack/ros2_ws/install/dsr_moveit_config_m0617/share/ament_index/resource_index/parent_prefix_path/dsr_moveit_config_m0617
[2.091s] -- Installing: /home/jack/ros2_ws/install/dsr_moveit_config_m0617/share/dsr_moveit_config_m0617/environment/ament_prefix_path.sh
[2.091s] -- Installing: /home/jack/ros2_ws/install/dsr_moveit_config_m0617/share/dsr_moveit_config_m0617/environment/ament_prefix_path.dsv
[2.091s] -- Installing: /home/jack/ros2_ws/install/dsr_moveit_config_m0617/share/dsr_moveit_config_m0617/environment/path.sh
[2.091s] -- Installing: /home/jack/ros2_ws/install/dsr_moveit_config_m0617/share/dsr_moveit_config_m0617/environment/path.dsv
[2.091s] -- Installing: /home/jack/ros2_ws/install/dsr_moveit_config_m0617/share/dsr_moveit_config_m0617/local_setup.bash
[2.091s] -- Installing: /home/jack/ros2_ws/install/dsr_moveit_config_m0617/share/dsr_moveit_config_m0617/local_setup.sh
[2.091s] -- Installing: /home/jack/ros2_ws/install/dsr_moveit_config_m0617/share/dsr_moveit_config_m0617/local_setup.zsh
[2.091s] -- Installing: /home/jack/ros2_ws/install/dsr_moveit_config_m0617/share/dsr_moveit_config_m0617/local_setup.dsv
[2.091s] -- Installing: /home/jack/ros2_ws/install/dsr_moveit_config_m0617/share/dsr_moveit_config_m0617/package.dsv
[2.092s] -- Installing: /home/jack/ros2_ws/install/dsr_moveit_config_m0617/share/ament_index/resource_index/packages/dsr_moveit_config_m0617
[2.098s] -- Installing: /home/jack/ros2_ws/install/dsr_moveit_config_m0617/share/dsr_moveit_config_m0617/cmake/dsr_moveit_config_m0617Config.cmake
[2.098s] -- Installing: /home/jack/ros2_ws/install/dsr_moveit_config_m0617/share/dsr_moveit_config_m0617/cmake/dsr_moveit_config_m0617Config-version.cmake
[2.098s] -- Installing: /home/jack/ros2_ws/install/dsr_moveit_config_m0617/share/dsr_moveit_config_m0617/package.xml
[2.129s] -- Installing: /home/jack/ros2_ws/install/dsr_moveit_config_m0617/share/dsr_moveit_config_m0617/launch
[2.129s] -- Installing: /home/jack/ros2_ws/install/dsr_moveit_config_m0617/share/dsr_moveit_config_m0617/launch/demo.launch.py
[2.129s] -- Installing: /home/jack/ros2_ws/install/dsr_moveit_config_m0617/share/dsr_moveit_config_m0617/launch/start.launch.py
[2.129s] -- Installing: /home/jack/ros2_ws/install/dsr_moveit_config_m0617/share/dsr_moveit_config_m0617/launch/moveit.rviz
[2.129s] -- Installing: /home/jack/ros2_ws/install/dsr_moveit_config_m0617/share/dsr_moveit_config_m0617/config
[2.129s] -- Installing: /home/jack/ros2_ws/install/dsr_moveit_config_m0617/share/dsr_moveit_config_m0617/config/m0617.urdf.xacro
[2.129s] -- Installing: /home/jack/ros2_ws/install/dsr_moveit_config_m0617/share/dsr_moveit_config_m0617/config/pilz_cartesian_limits.yaml
[2.131s] -- Installing: /home/jack/ros2_ws/install/dsr_moveit_config_m0617/share/dsr_moveit_config_m0617/config/dsr.ros2_control.xacro
[2.141s] -- Installing: /home/jack/ros2_ws/install/dsr_moveit_config_m0617/share/dsr_moveit_config_m0617/config/kinematics.yaml
[2.141s] -- Installing: /home/jack/ros2_ws/install/dsr_moveit_config_m0617/share/dsr_moveit_config_m0617/config/sensors_3d.yaml
[2.141s] -- Installing: /home/jack/ros2_ws/install/dsr_moveit_config_m0617/share/dsr_moveit_config_m0617/config/joint_limits.yaml
[2.163s] -- Installing: /home/jack/ros2_ws/install/dsr_moveit_config_m0617/share/dsr_moveit_config_m0617/config/chomp_planning.yaml
[2.163s] -- Installing: /home/jack/ros2_ws/install/dsr_moveit_config_m0617/share/dsr_moveit_config_m0617/config/initial_positions.yaml
[2.163s] -- Installing: /home/jack/ros2_ws/install/dsr_moveit_config_m0617/share/dsr_moveit_config_m0617/config/dsr.srdf
[2.163s] -- Installing: /home/jack/ros2_ws/install/dsr_moveit_config_m0617/share/dsr_moveit_config_m0617/config/moveit_controllers.yaml
[2.164s] -- Installing: /home/jack/ros2_ws/install/dsr_moveit_config_m0617/share/dsr_moveit_config_m0617/config/ompl_planning.yaml
[2.164s] -- Installing: /home/jack/ros2_ws/install/dsr_moveit_config_m0617/share/dsr_moveit_config_m0617/config/ros2_controllers.yaml
[2.164s] -- Installing: /home/jack/ros2_ws/install/dsr_moveit_config_m0617/share/dsr_moveit_config_m0617/.setup_assistant
[2.164s] Invoked command in '/home/jack/ros2_ws/build/dsr_moveit_config_m0617' returned '0': CMAKE_PREFIX_PATH=/opt/ros/humble /usr/bin/cmake --install /home/jack/ros2_ws/build/dsr_moveit_config_m0617
