[3.417s] Invoking command in '/home/jack/ros2_ws/src/DoosanBootcamp3rd/dsr_rokey/pick_and_place_voice': PYTHONPATH=/home/jack/ros2_ws/build/pick_and_place_voice/prefix_override:/home/jack/.local/lib/python3.10/site-packages/colcon_core/task/python/colcon_distutils_commands:/home/jack/ros2_ws/install/pick_and_place_voice/lib/python3.10/site-packages:${PYTHONPATH} /usr/bin/python3 -W ignore:setup.py install is deprecated -W ignore:easy_install command is deprecated setup.py egg_info --egg-base ../../../../build/pick_and_place_voice build --build-base /home/jack/ros2_ws/build/pick_and_place_voice/build install --record /home/jack/ros2_ws/build/pick_and_place_voice/install.log --single-version-externally-managed install_data
[4.251s] running egg_info
[4.262s] creating ../../../../build/pick_and_place_voice/pick_and_place_voice.egg-info
[4.262s] writing ../../../../build/pick_and_place_voice/pick_and_place_voice.egg-info/PKG-INFO
[4.262s] writing dependency_links to ../../../../build/pick_and_place_voice/pick_and_place_voice.egg-info/dependency_links.txt
[4.262s] writing entry points to ../../../../build/pick_and_place_voice/pick_and_place_voice.egg-info/entry_points.txt
[4.262s] writing requirements to ../../../../build/pick_and_place_voice/pick_and_place_voice.egg-info/requires.txt
[4.262s] writing top-level names to ../../../../build/pick_and_place_voice/pick_and_place_voice.egg-info/top_level.txt
[4.262s] writing manifest file '../../../../build/pick_and_place_voice/pick_and_place_voice.egg-info/SOURCES.txt'
[4.271s] reading manifest file '../../../../build/pick_and_place_voice/pick_and_place_voice.egg-info/SOURCES.txt'
[4.273s] writing manifest file '../../../../build/pick_and_place_voice/pick_and_place_voice.egg-info/SOURCES.txt'
[4.273s] running build
[4.273s] running build_py
[4.275s] creating /home/jack/ros2_ws/build/pick_and_place_voice/build
[4.275s] creating /home/jack/ros2_ws/build/pick_and_place_voice/build/lib
[4.275s] creating /home/jack/ros2_ws/build/pick_and_place_voice/build/lib/object_detection
[4.275s] copying object_detection/yolo.py -> /home/jack/ros2_ws/build/pick_and_place_voice/build/lib/object_detection
[4.275s] copying object_detection/detection.py -> /home/jack/ros2_ws/build/pick_and_place_voice/build/lib/object_detection
[4.275s] copying object_detection/realsense.py -> /home/jack/ros2_ws/build/pick_and_place_voice/build/lib/object_detection
[4.275s] copying object_detection/__init__.py -> /home/jack/ros2_ws/build/pick_and_place_voice/build/lib/object_detection
[4.275s] creating /home/jack/ros2_ws/build/pick_and_place_voice/build/lib/robot_control
[4.283s] copying robot_control/robot_control.py -> /home/jack/ros2_ws/build/pick_and_place_voice/build/lib/robot_control
[4.283s] copying robot_control/__init__.py -> /home/jack/ros2_ws/build/pick_and_place_voice/build/lib/robot_control
[4.284s] copying robot_control/onrobot.py -> /home/jack/ros2_ws/build/pick_and_place_voice/build/lib/robot_control
[4.284s] creating /home/jack/ros2_ws/build/pick_and_place_voice/build/lib/voice_processing
[4.284s] copying voice_processing/wakeup_word.py -> /home/jack/ros2_ws/build/pick_and_place_voice/build/lib/voice_processing
[4.289s] copying voice_processing/stt.py -> /home/jack/ros2_ws/build/pick_and_place_voice/build/lib/voice_processing
[4.289s] copying voice_processing/__init__.py -> /home/jack/ros2_ws/build/pick_and_place_voice/build/lib/voice_processing
[4.289s] copying voice_processing/MicController.py -> /home/jack/ros2_ws/build/pick_and_place_voice/build/lib/voice_processing
[4.289s] copying voice_processing/get_keyword.py -> /home/jack/ros2_ws/build/pick_and_place_voice/build/lib/voice_processing
[4.289s] running install
[4.289s] running install_lib
[4.293s] creating /home/jack/ros2_ws/install/pick_and_place_voice/lib/python3.10/site-packages/object_detection
[4.295s] copying /home/jack/ros2_ws/build/pick_and_place_voice/build/lib/object_detection/yolo.py -> /home/jack/ros2_ws/install/pick_and_place_voice/lib/python3.10/site-packages/object_detection
[4.295s] copying /home/jack/ros2_ws/build/pick_and_place_voice/build/lib/object_detection/detection.py -> /home/jack/ros2_ws/install/pick_and_place_voice/lib/python3.10/site-packages/object_detection
[4.296s] copying /home/jack/ros2_ws/build/pick_and_place_voice/build/lib/object_detection/realsense.py -> /home/jack/ros2_ws/install/pick_and_place_voice/lib/python3.10/site-packages/object_detection
[4.296s] copying /home/jack/ros2_ws/build/pick_and_place_voice/build/lib/object_detection/__init__.py -> /home/jack/ros2_ws/install/pick_and_place_voice/lib/python3.10/site-packages/object_detection
[4.296s] creating /home/jack/ros2_ws/install/pick_and_place_voice/lib/python3.10/site-packages/robot_control
[4.298s] copying /home/jack/ros2_ws/build/pick_and_place_voice/build/lib/robot_control/robot_control.py -> /home/jack/ros2_ws/install/pick_and_place_voice/lib/python3.10/site-packages/robot_control
[4.299s] copying /home/jack/ros2_ws/build/pick_and_place_voice/build/lib/robot_control/__init__.py -> /home/jack/ros2_ws/install/pick_and_place_voice/lib/python3.10/site-packages/robot_control
[4.299s] copying /home/jack/ros2_ws/build/pick_and_place_voice/build/lib/robot_control/onrobot.py -> /home/jack/ros2_ws/install/pick_and_place_voice/lib/python3.10/site-packages/robot_control
[4.299s] creating /home/jack/ros2_ws/install/pick_and_place_voice/lib/python3.10/site-packages/voice_processing
[4.299s] copying /home/jack/ros2_ws/build/pick_and_place_voice/build/lib/voice_processing/wakeup_word.py -> /home/jack/ros2_ws/install/pick_and_place_voice/lib/python3.10/site-packages/voice_processing
[4.299s] copying /home/jack/ros2_ws/build/pick_and_place_voice/build/lib/voice_processing/stt.py -> /home/jack/ros2_ws/install/pick_and_place_voice/lib/python3.10/site-packages/voice_processing
[4.299s] copying /home/jack/ros2_ws/build/pick_and_place_voice/build/lib/voice_processing/__init__.py -> /home/jack/ros2_ws/install/pick_and_place_voice/lib/python3.10/site-packages/voice_processing
[4.299s] copying /home/jack/ros2_ws/build/pick_and_place_voice/build/lib/voice_processing/MicController.py -> /home/jack/ros2_ws/install/pick_and_place_voice/lib/python3.10/site-packages/voice_processing
[4.299s] copying /home/jack/ros2_ws/build/pick_and_place_voice/build/lib/voice_processing/get_keyword.py -> /home/jack/ros2_ws/install/pick_and_place_voice/lib/python3.10/site-packages/voice_processing
[4.299s] byte-compiling /home/jack/ros2_ws/install/pick_and_place_voice/lib/python3.10/site-packages/object_detection/yolo.py to yolo.cpython-310.pyc
[4.300s] byte-compiling /home/jack/ros2_ws/install/pick_and_place_voice/lib/python3.10/site-packages/object_detection/detection.py to detection.cpython-310.pyc
[4.302s] byte-compiling /home/jack/ros2_ws/install/pick_and_place_voice/lib/python3.10/site-packages/object_detection/realsense.py to realsense.cpython-310.pyc
[4.304s] byte-compiling /home/jack/ros2_ws/install/pick_and_place_voice/lib/python3.10/site-packages/object_detection/__init__.py to __init__.cpython-310.pyc
[4.306s] byte-compiling /home/jack/ros2_ws/install/pick_and_place_voice/lib/python3.10/site-packages/robot_control/robot_control.py to robot_control.cpython-310.pyc
[4.315s] byte-compiling /home/jack/ros2_ws/install/pick_and_place_voice/lib/python3.10/site-packages/robot_control/__init__.py to __init__.cpython-310.pyc
[4.315s] byte-compiling /home/jack/ros2_ws/install/pick_and_place_voice/lib/python3.10/site-packages/robot_control/onrobot.py to onrobot.cpython-310.pyc
[4.319s] byte-compiling /home/jack/ros2_ws/install/pick_and_place_voice/lib/python3.10/site-packages/voice_processing/wakeup_word.py to wakeup_word.cpython-310.pyc
[4.319s] byte-compiling /home/jack/ros2_ws/install/pick_and_place_voice/lib/python3.10/site-packages/voice_processing/stt.py to stt.cpython-310.pyc
[4.319s] byte-compiling /home/jack/ros2_ws/install/pick_and_place_voice/lib/python3.10/site-packages/voice_processing/__init__.py to __init__.cpython-310.pyc
[4.319s] byte-compiling /home/jack/ros2_ws/install/pick_and_place_voice/lib/python3.10/site-packages/voice_processing/MicController.py to MicController.cpython-310.pyc
[4.319s] byte-compiling /home/jack/ros2_ws/install/pick_and_place_voice/lib/python3.10/site-packages/voice_processing/get_keyword.py to get_keyword.cpython-310.pyc
[4.319s] running install_data
[4.319s] copying package.xml -> /home/jack/ros2_ws/install/pick_and_place_voice/share/pick_and_place_voice
[4.330s] creating /home/jack/ros2_ws/install/pick_and_place_voice/share/pick_and_place_voice/resource
[4.330s] copying resource/pick_and_place_voice -> /home/jack/ros2_ws/install/pick_and_place_voice/share/pick_and_place_voice/resource
[4.330s] copying resource/hello_rokey_8332_32.tflite -> /home/jack/ros2_ws/install/pick_and_place_voice/share/pick_and_place_voice/resource
[4.331s] running install_egg_info
[4.331s] Copying ../../../../build/pick_and_place_voice/pick_and_place_voice.egg-info to /home/jack/ros2_ws/install/pick_and_place_voice/lib/python3.10/site-packages/pick_and_place_voice-0.0.0-py3.10.egg-info
[4.331s] running install_scripts
[4.365s] Installing get_keyword script to /home/jack/ros2_ws/install/pick_and_place_voice/lib/pick_and_place_voice
[4.365s] Installing object_detection script to /home/jack/ros2_ws/install/pick_and_place_voice/lib/pick_and_place_voice
[4.365s] Installing robot_control script to /home/jack/ros2_ws/install/pick_and_place_voice/lib/pick_and_place_voice
[4.367s] writing list of installed files to '/home/jack/ros2_ws/build/pick_and_place_voice/install.log'
[4.413s] Invoked command in '/home/jack/ros2_ws/src/DoosanBootcamp3rd/dsr_rokey/pick_and_place_voice' returned '0': PYTHONPATH=/home/jack/ros2_ws/build/pick_and_place_voice/prefix_override:/home/jack/.local/lib/python3.10/site-packages/colcon_core/task/python/colcon_distutils_commands:/home/jack/ros2_ws/install/pick_and_place_voice/lib/python3.10/site-packages:${PYTHONPATH} /usr/bin/python3 -W ignore:setup.py install is deprecated -W ignore:easy_install command is deprecated setup.py egg_info --egg-base ../../../../build/pick_and_place_voice build --build-base /home/jack/ros2_ws/build/pick_and_place_voice/build install --record /home/jack/ros2_ws/build/pick_and_place_voice/install.log --single-version-externally-managed install_data
