Built target ament_cmake_python_copy_somacube_pose_estimation
running egg_info
writing somacube_pose_estimation.egg-info/PKG-INFO
writing dependency_links to somacube_pose_estimation.egg-info/dependency_links.txt
writing top-level names to somacube_pose_estimation.egg-info/top_level.txt
reading manifest file 'somacube_pose_estimation.egg-info/SOURCES.txt'
writing manifest file 'somacube_pose_estimation.egg-info/SOURCES.txt'
Built target ament_cmake_python_build_somacube_pose_estimation_egg
-- Install configuration: ""
-- Up-to-date: /home/jack/ros2_ws/install/somacube_pose_estimation/share/somacube_pose_estimation/environment/pythonpath.sh
-- Up-to-date: /home/jack/ros2_ws/install/somacube_pose_estimation/share/somacube_pose_estimation/environment/pythonpath.dsv
-- Up-to-date: /home/jack/ros2_ws/install/somacube_pose_estimation/local/lib/python3.10/dist-packages/somacube_pose_estimation-1.0.0-py3.10.egg-info
-- Installing: /home/jack/ros2_ws/install/somacube_pose_estimation/local/lib/python3.10/dist-packages/somacube_pose_estimation-1.0.0-py3.10.egg-info/SOURCES.txt
-- Installing: /home/jack/ros2_ws/install/somacube_pose_estimation/local/lib/python3.10/dist-packages/somacube_pose_estimation-1.0.0-py3.10.egg-info/PKG-INFO
-- Installing: /home/jack/ros2_ws/install/somacube_pose_estimation/local/lib/python3.10/dist-packages/somacube_pose_estimation-1.0.0-py3.10.egg-info/dependency_links.txt
-- Installing: /home/jack/ros2_ws/install/somacube_pose_estimation/local/lib/python3.10/dist-packages/somacube_pose_estimation-1.0.0-py3.10.egg-info/top_level.txt
-- Up-to-date: /home/jack/ros2_ws/install/somacube_pose_estimation/local/lib/python3.10/dist-packages/somacube_pose_estimation
-- Up-to-date: /home/jack/ros2_ws/install/somacube_pose_estimation/local/lib/python3.10/dist-packages/somacube_pose_estimation/pose_estimation.py
-- Installing: /home/jack/ros2_ws/install/somacube_pose_estimation/local/lib/python3.10/dist-packages/somacube_pose_estimation/__init__.py
-- Up-to-date: /home/jack/ros2_ws/install/somacube_pose_estimation/local/lib/python3.10/dist-packages/somacube_pose_estimation/multiview_fusion.py
-- Up-to-date: /home/jack/ros2_ws/install/somacube_pose_estimation/local/lib/python3.10/dist-packages/somacube_pose_estimation/pointcloud_processing.py
-- Up-to-date: /home/jack/ros2_ws/install/somacube_pose_estimation/local/lib/python3.10/dist-packages/somacube_pose_estimation/mathematical_foundations.py
Listing '/home/jack/ros2_ws/install/somacube_pose_estimation/local/lib/python3.10/dist-packages/somacube_pose_estimation'...
Compiling '/home/jack/ros2_ws/install/somacube_pose_estimation/local/lib/python3.10/dist-packages/somacube_pose_estimation/__init__.py'...
-- Up-to-date: /home/jack/ros2_ws/install/somacube_pose_estimation/lib/somacube_pose_estimation/yolo_detector_node.py
-- Up-to-date: /home/jack/ros2_ws/install/somacube_pose_estimation/lib/somacube_pose_estimation/pointcloud_processor_node.py
-- Up-to-date: /home/jack/ros2_ws/install/somacube_pose_estimation/lib/somacube_pose_estimation/pca_axis_estimator_node.py
-- Up-to-date: /home/jack/ros2_ws/install/somacube_pose_estimation/lib/somacube_pose_estimation/manhattan_aligner_node.py
-- Up-to-date: /home/jack/ros2_ws/install/somacube_pose_estimation/lib/somacube_pose_estimation/multiview_fusion_node.py
-- Up-to-date: /home/jack/ros2_ws/install/somacube_pose_estimation/lib/somacube_pose_estimation/visualization_node.py
-- Up-to-date: /home/jack/ros2_ws/install/somacube_pose_estimation/lib/somacube_pose_estimation/camera_pose_manager_node.py
-- Up-to-date: /home/jack/ros2_ws/install/somacube_pose_estimation/lib/somacube_pose_estimation/synchronized_capture_node.py
-- Up-to-date: /home/jack/ros2_ws/install/somacube_pose_estimation/lib/somacube_pose_estimation/capture_control_interface.py
-- Up-to-date: /home/jack/ros2_ws/install/somacube_pose_estimation/lib/somacube_pose_estimation/doosan_pose_sequence.py
-- Up-to-date: /home/jack/ros2_ws/install/somacube_pose_estimation/share/somacube_pose_estimation/launch
-- Up-to-date: /home/jack/ros2_ws/install/somacube_pose_estimation/share/somacube_pose_estimation/launch/complete_pose_estimation.launch.py
-- Up-to-date: /home/jack/ros2_ws/install/somacube_pose_estimation/share/somacube_pose_estimation/launch/doosan_m0609_soma_cube.launch.py
-- Up-to-date: /home/jack/ros2_ws/install/somacube_pose_estimation/share/somacube_pose_estimation/launch/global_mapping.launch.py
-- Up-to-date: /home/jack/ros2_ws/install/somacube_pose_estimation/share/somacube_pose_estimation/config
-- Up-to-date: /home/jack/ros2_ws/install/somacube_pose_estimation/share/somacube_pose_estimation/config/somacube_params.yaml
-- Up-to-date: /home/jack/ros2_ws/install/somacube_pose_estimation/share/somacube_pose_estimation/config/camera_poses.yaml
-- Up-to-date: /home/jack/ros2_ws/install/somacube_pose_estimation/share/somacube_pose_estimation/models
-- Up-to-date: /home/jack/ros2_ws/install/somacube_pose_estimation/share/somacube_pose_estimation/models/README.md
-- Up-to-date: /home/jack/ros2_ws/install/somacube_pose_estimation/share/somacube_pose_estimation/rviz
-- Up-to-date: /home/jack/ros2_ws/install/somacube_pose_estimation/share/somacube_pose_estimation/rviz/doosan_m0609_debug.rviz
-- Up-to-date: /home/jack/ros2_ws/install/somacube_pose_estimation/share/somacube_pose_estimation/rviz/global_mapping_debug.rviz
-- Up-to-date: /home/jack/ros2_ws/install/somacube_pose_estimation/share/somacube_pose_estimation/rviz/pose_estimation_debug.rviz
-- Up-to-date: /home/jack/ros2_ws/install/somacube_pose_estimation/share/ament_index/resource_index/package_run_dependencies/somacube_pose_estimation
-- Up-to-date: /home/jack/ros2_ws/install/somacube_pose_estimation/share/ament_index/resource_index/parent_prefix_path/somacube_pose_estimation
-- Up-to-date: /home/jack/ros2_ws/install/somacube_pose_estimation/share/somacube_pose_estimation/environment/ament_prefix_path.sh
-- Up-to-date: /home/jack/ros2_ws/install/somacube_pose_estimation/share/somacube_pose_estimation/environment/ament_prefix_path.dsv
-- Up-to-date: /home/jack/ros2_ws/install/somacube_pose_estimation/share/somacube_pose_estimation/environment/path.sh
-- Up-to-date: /home/jack/ros2_ws/install/somacube_pose_estimation/share/somacube_pose_estimation/environment/path.dsv
-- Up-to-date: /home/jack/ros2_ws/install/somacube_pose_estimation/share/somacube_pose_estimation/local_setup.bash
-- Up-to-date: /home/jack/ros2_ws/install/somacube_pose_estimation/share/somacube_pose_estimation/local_setup.sh
-- Up-to-date: /home/jack/ros2_ws/install/somacube_pose_estimation/share/somacube_pose_estimation/local_setup.zsh
-- Up-to-date: /home/jack/ros2_ws/install/somacube_pose_estimation/share/somacube_pose_estimation/local_setup.dsv
-- Installing: /home/jack/ros2_ws/install/somacube_pose_estimation/share/somacube_pose_estimation/package.dsv
-- Up-to-date: /home/jack/ros2_ws/install/somacube_pose_estimation/share/ament_index/resource_index/packages/somacube_pose_estimation
-- Up-to-date: /home/jack/ros2_ws/install/somacube_pose_estimation/share/somacube_pose_estimation/cmake/somacube_pose_estimationConfig.cmake
-- Up-to-date: /home/jack/ros2_ws/install/somacube_pose_estimation/share/somacube_pose_estimation/cmake/somacube_pose_estimationConfig-version.cmake
-- Up-to-date: /home/jack/ros2_ws/install/somacube_pose_estimation/share/somacube_pose_estimation/package.xml
