[0.573s] Invoking command in '/home/jack/ros2_ws/build/dsr_realtime_control': AMENT_PREFIX_PATH=/home/jack/ros2_ws/install/dsr_msgs2:${AMENT_PREFIX_PATH} CMAKE_PREFIX_PATH=/home/jack/ros2_ws/install/dsr_msgs2:/opt/ros/humble LD_LIBRARY_PATH=/home/jack/ros2_ws/install/dsr_msgs2/lib:${LD_LIBRARY_PATH} PYTHONPATH=/home/jack/ros2_ws/install/dsr_msgs2/local/lib/python3.10/dist-packages:${PYTHONPATH} /usr/bin/cmake /home/jack/ros2_ws/src/DoosanBootcamp3rd/dsr_example2/dsr_realtime_control -DCMAKE_INSTALL_PREFIX=/home/jack/ros2_ws/install/dsr_realtime_control
[0.927s] -- The C compiler identification is GNU 11.4.0
[0.927s] -- The CXX compiler identification is GNU 11.4.0
[0.927s] -- Detecting C compiler ABI info
[0.927s] -- Detecting C compiler ABI info - done
[0.928s] -- Check for working C compiler: /usr/bin/cc - skipped
[0.928s] -- Detecting C compile features
[0.928s] -- Detecting C compile features - done
[0.928s] -- Detecting CXX compiler ABI info
[0.928s] -- Detecting CXX compiler ABI info - done
[0.928s] -- Check for working CXX compiler: /usr/bin/c++ - skipped
[0.928s] -- Detecting CXX compile features
[0.928s] -- Detecting CXX compile features - done
[0.928s] -- Found ament_cmake: 1.3.11 (/opt/ros/humble/share/ament_cmake/cmake)
[0.999s] -- Found Python3: /usr/bin/python3 (found version "3.10.12") found components: Interpreter 
[1.119s] -- Found rclcpp: 16.0.12 (/opt/ros/humble/share/rclcpp/cmake)
[1.176s] -- Found rosidl_generator_c: 3.1.6 (/opt/ros/humble/share/rosidl_generator_c/cmake)
[1.183s] -- Found rosidl_adapter: 3.1.6 (/opt/ros/humble/share/rosidl_adapter/cmake)
[1.194s] -- Found rosidl_generator_cpp: 3.1.6 (/opt/ros/humble/share/rosidl_generator_cpp/cmake)
[1.211s] -- Using all available rosidl_typesupport_c: rosidl_typesupport_fastrtps_c;rosidl_typesupport_introspection_c
[1.233s] -- Using all available rosidl_typesupport_cpp: rosidl_typesupport_fastrtps_cpp;rosidl_typesupport_introspection_cpp
[1.293s] -- Found rmw_implementation_cmake: 6.1.2 (/opt/ros/humble/share/rmw_implementation_cmake/cmake)
[1.296s] -- Found rmw_fastrtps_cpp: 6.2.7 (/opt/ros/humble/share/rmw_fastrtps_cpp/cmake)
[1.398s] -- Found OpenSSL: /usr/lib/x86_64-linux-gnu/libcrypto.so (found version "3.0.2")  
[1.433s] -- Found FastRTPS: /opt/ros/humble/include  
[1.479s] -- Using RMW implementation 'rmw_fastrtps_cpp' as default
[1.489s] -- Looking for pthread.h
[1.567s] -- Looking for pthread.h - found
[1.567s] -- Performing Test CMAKE_HAVE_LIBC_PTHREAD
[1.678s] -- Performing Test CMAKE_HAVE_LIBC_PTHREAD - Success
[1.678s] -- Found Threads: TRUE  
[1.769s] -- Found example_interfaces: 0.9.3 (/opt/ros/humble/share/example_interfaces/cmake)
[1.853s] -- Found dsr_msgs2: 1.1.0 (/home/jack/ros2_ws/install/dsr_msgs2/share/dsr_msgs2/cmake)
[1.954s] -- Configuring done
[1.994s] -- Generating done
[2.003s] -- Build files have been written to: /home/jack/ros2_ws/build/dsr_realtime_control
[2.015s] Invoked command in '/home/jack/ros2_ws/build/dsr_realtime_control' returned '0': AMENT_PREFIX_PATH=/home/jack/ros2_ws/install/dsr_msgs2:${AMENT_PREFIX_PATH} CMAKE_PREFIX_PATH=/home/jack/ros2_ws/install/dsr_msgs2:/opt/ros/humble LD_LIBRARY_PATH=/home/jack/ros2_ws/install/dsr_msgs2/lib:${LD_LIBRARY_PATH} PYTHONPATH=/home/jack/ros2_ws/install/dsr_msgs2/local/lib/python3.10/dist-packages:${PYTHONPATH} /usr/bin/cmake /home/jack/ros2_ws/src/DoosanBootcamp3rd/dsr_example2/dsr_realtime_control -DCMAKE_INSTALL_PREFIX=/home/jack/ros2_ws/install/dsr_realtime_control
[2.017s] Invoking command in '/home/jack/ros2_ws/build/dsr_realtime_control': AMENT_PREFIX_PATH=/home/jack/ros2_ws/install/dsr_msgs2:${AMENT_PREFIX_PATH} CMAKE_PREFIX_PATH=/home/jack/ros2_ws/install/dsr_msgs2:/opt/ros/humble LD_LIBRARY_PATH=/home/jack/ros2_ws/install/dsr_msgs2/lib:${LD_LIBRARY_PATH} PYTHONPATH=/home/jack/ros2_ws/install/dsr_msgs2/local/lib/python3.10/dist-packages:${PYTHONPATH} /usr/bin/cmake --build /home/jack/ros2_ws/build/dsr_realtime_control -- -j8 -l8
[2.099s] [ 50%] Building CXX object CMakeFiles/rt_shutdown.dir/src/rt_shutdown.cpp.o
[2.099s] [ 50%] Building CXX object CMakeFiles/rt_init.dir/src/rt_init.cpp.o
[2.099s] [ 50%] Building CXX object CMakeFiles/dsr_realtime_api.dir/src/realtime_api.cpp.o
[2.099s] [ 50%] Building CXX object CMakeFiles/dsr_realtime_control.dir/src/realtime_control.cpp.o
