/home/jack/ros2_ws/install/somacube/lib/python3.10/site-packages/somacube/yolo.py
/home/jack/ros2_ws/install/somacube/lib/python3.10/site-packages/somacube/detection.py
/home/jack/ros2_ws/install/somacube/lib/python3.10/site-packages/somacube/realsense.py
/home/jack/ros2_ws/install/somacube/lib/python3.10/site-packages/somacube/RL_with_robot2.py
/home/jack/ros2_ws/install/somacube/lib/python3.10/site-packages/somacube/__init__.py
/home/jack/ros2_ws/install/somacube/lib/python3.10/site-packages/somacube/onrobot.py
/home/jack/ros2_ws/install/somacube/lib/python3.10/site-packages/somacube/RL_with_robot2_backup.py
/home/jack/ros2_ws/install/somacube/lib/python3.10/site-packages/somacube/__pycache__/yolo.cpython-310.pyc
/home/jack/ros2_ws/install/somacube/lib/python3.10/site-packages/somacube/__pycache__/detection.cpython-310.pyc
/home/jack/ros2_ws/install/somacube/lib/python3.10/site-packages/somacube/__pycache__/realsense.cpython-310.pyc
/home/jack/ros2_ws/install/somacube/lib/python3.10/site-packages/somacube/__pycache__/RL_with_robot2.cpython-310.pyc
/home/jack/ros2_ws/install/somacube/lib/python3.10/site-packages/somacube/__pycache__/__init__.cpython-310.pyc
/home/jack/ros2_ws/install/somacube/lib/python3.10/site-packages/somacube/__pycache__/onrobot.cpython-310.pyc
/home/jack/ros2_ws/install/somacube/lib/python3.10/site-packages/somacube/__pycache__/RL_with_robot2_backup.cpython-310.pyc
/home/jack/ros2_ws/install/somacube/share/ament_index/resource_index/packages/somacube
/home/jack/ros2_ws/install/somacube/share/somacube/package.xml
/home/jack/ros2_ws/install/somacube/share/somacube/resource/best_with_another_data.pt
/home/jack/ros2_ws/install/somacube/share/somacube/resource/best_our_cube.pt
/home/jack/ros2_ws/install/somacube/share/somacube/resource/T_gripper2camera.npy
/home/jack/ros2_ws/install/somacube/share/somacube/resource/class_name_tool.json
/home/jack/ros2_ws/install/somacube/share/somacube/resource/somacube
/home/jack/ros2_ws/install/somacube/lib/python3.10/site-packages/somacube-0.0.0-py3.10.egg-info/SOURCES.txt
/home/jack/ros2_ws/install/somacube/lib/python3.10/site-packages/somacube-0.0.0-py3.10.egg-info/entry_points.txt
/home/jack/ros2_ws/install/somacube/lib/python3.10/site-packages/somacube-0.0.0-py3.10.egg-info/PKG-INFO
/home/jack/ros2_ws/install/somacube/lib/python3.10/site-packages/somacube-0.0.0-py3.10.egg-info/dependency_links.txt
/home/jack/ros2_ws/install/somacube/lib/python3.10/site-packages/somacube-0.0.0-py3.10.egg-info/top_level.txt
/home/jack/ros2_ws/install/somacube/lib/python3.10/site-packages/somacube-0.0.0-py3.10.egg-info/zip-safe
/home/jack/ros2_ws/install/somacube/lib/python3.10/site-packages/somacube-0.0.0-py3.10.egg-info/requires.txt
/home/jack/ros2_ws/install/somacube/lib/somacube/RL_with_robot2
/home/jack/ros2_ws/install/somacube/lib/somacube/detection
/home/jack/ros2_ws/install/somacube/lib/somacube/robot_move
