[3.168s] Invoking command in '/home/jack/ros2_ws/src/DoosanBootcamp3rd/dsr_rokey/pick_and_place_voice': PYTHONPATH=/home/jack/ros2_ws/build/pick_and_place_voice/prefix_override:/home/jack/.local/lib/python3.10/site-packages/colcon_core/task/python/colcon_distutils_commands:/home/jack/ros2_ws/install/pick_and_place_voice/lib/python3.10/site-packages:${PYTHONPATH} /usr/bin/python3 -W ignore:setup.py install is deprecated -W ignore:easy_install command is deprecated setup.py egg_info --egg-base ../../../../build/pick_and_place_voice build --build-base /home/jack/ros2_ws/build/pick_and_place_voice/build install --record /home/jack/ros2_ws/build/pick_and_place_voice/install.log --single-version-externally-managed install_data
[63.111s] running egg_info
[63.114s] writing ../../../../build/pick_and_place_voice/pick_and_place_voice.egg-info/PKG-INFO
[63.114s] writing dependency_links to ../../../../build/pick_and_place_voice/pick_and_place_voice.egg-info/dependency_links.txt
[63.114s] writing entry points to ../../../../build/pick_and_place_voice/pick_and_place_voice.egg-info/entry_points.txt
[63.114s] writing requirements to ../../../../build/pick_and_place_voice/pick_and_place_voice.egg-info/requires.txt
[63.114s] writing top-level names to ../../../../build/pick_and_place_voice/pick_and_place_voice.egg-info/top_level.txt
[63.114s] reading manifest file '../../../../build/pick_and_place_voice/pick_and_place_voice.egg-info/SOURCES.txt'
[63.114s] writing manifest file '../../../../build/pick_and_place_voice/pick_and_place_voice.egg-info/SOURCES.txt'
[63.114s] running build
[63.114s] running build_py
[63.115s] running install
[63.115s] running install_lib
[63.115s] running install_data
[63.115s] running install_egg_info
[63.153s] removing '/home/jack/ros2_ws/install/pick_and_place_voice/lib/python3.10/site-packages/pick_and_place_voice-0.0.0-py3.10.egg-info' (and everything under it)
[63.153s] Copying ../../../../build/pick_and_place_voice/pick_and_place_voice.egg-info to /home/jack/ros2_ws/install/pick_and_place_voice/lib/python3.10/site-packages/pick_and_place_voice-0.0.0-py3.10.egg-info
[63.165s] running install_scripts
[63.207s] Installing get_keyword script to /home/jack/ros2_ws/install/pick_and_place_voice/lib/pick_and_place_voice
[63.207s] Installing object_detection script to /home/jack/ros2_ws/install/pick_and_place_voice/lib/pick_and_place_voice
[63.207s] Installing robot_control script to /home/jack/ros2_ws/install/pick_and_place_voice/lib/pick_and_place_voice
[63.207s] writing list of installed files to '/home/jack/ros2_ws/build/pick_and_place_voice/install.log'
[63.281s] Invoked command in '/home/jack/ros2_ws/src/DoosanBootcamp3rd/dsr_rokey/pick_and_place_voice' returned '0': PYTHONPATH=/home/jack/ros2_ws/build/pick_and_place_voice/prefix_override:/home/jack/.local/lib/python3.10/site-packages/colcon_core/task/python/colcon_distutils_commands:/home/jack/ros2_ws/install/pick_and_place_voice/lib/python3.10/site-packages:${PYTHONPATH} /usr/bin/python3 -W ignore:setup.py install is deprecated -W ignore:easy_install command is deprecated setup.py egg_info --egg-base ../../../../build/pick_and_place_voice build --build-base /home/jack/ros2_ws/build/pick_and_place_voice/build install --record /home/jack/ros2_ws/build/pick_and_place_voice/install.log --single-version-externally-managed install_data
