[0.008s] Invoking command in '/home/jack/ros2_ws/build/dsr_controller2': AMENT_PREFIX_PATH=/home/jack/ros2_ws/install/dsr_hardware2:/home/jack/ros2_ws/install/dsr_msgs2:${AMENT_PREFIX_PATH} CMAKE_PREFIX_PATH=/home/jack/ros2_ws/install/dsr_hardware2:/home/jack/ros2_ws/install/dsr_msgs2:/opt/ros/humble LD_LIBRARY_PATH=/home/jack/ros2_ws/install/dsr_msgs2/lib:${LD_LIBRARY_PATH} PYTHONPATH=/home/jack/ros2_ws/install/dsr_msgs2/local/lib/python3.10/dist-packages:${PYTHONPATH} /usr/bin/cmake /home/jack/ros2_ws/src/DoosanBootcamp3rd/dsr_controller2 -DCMAKE_INSTALL_PREFIX=/home/jack/ros2_ws/install/dsr_controller2
[0.071s] -- The CXX compiler identification is GNU 11.4.0
[0.078s] -- Detecting CXX compiler ABI info
[0.214s] -- Detecting CXX compiler ABI info - done
[0.233s] -- Check for working CXX compiler: /usr/bin/c++ - skipped
[0.234s] -- Detecting CXX compile features
[0.235s] -- Detecting CXX compile features - done
[0.238s] -- Found ament_cmake: 1.3.11 (/opt/ros/humble/share/ament_cmake/cmake)
[0.402s] -- Found Python3: /usr/bin/python3 (found version "3.10.12") found components: Interpreter 
[0.543s] -- Found pluginlib: 5.1.0 (/opt/ros/humble/share/pluginlib/cmake)
[0.615s] -- Found rclcpp: 16.0.12 (/opt/ros/humble/share/rclcpp/cmake)
[0.665s] -- Found rosidl_generator_c: 3.1.6 (/opt/ros/humble/share/rosidl_generator_c/cmake)
[0.674s] -- Found rosidl_adapter: 3.1.6 (/opt/ros/humble/share/rosidl_adapter/cmake)
[0.687s] -- Found rosidl_generator_cpp: 3.1.6 (/opt/ros/humble/share/rosidl_generator_cpp/cmake)
[0.709s] -- Using all available rosidl_typesupport_c: rosidl_typesupport_fastrtps_c;rosidl_typesupport_introspection_c
[0.735s] -- Using all available rosidl_typesupport_cpp: rosidl_typesupport_fastrtps_cpp;rosidl_typesupport_introspection_cpp
[0.802s] -- Found rmw_implementation_cmake: 6.1.2 (/opt/ros/humble/share/rmw_implementation_cmake/cmake)
[0.806s] -- Found rmw_fastrtps_cpp: 6.2.7 (/opt/ros/humble/share/rmw_fastrtps_cpp/cmake)
[0.852s] -- Found TinyXML2 via Config file: TinyXML2_DIR-NOTFOUND
[0.921s] -- Found OpenSSL: /usr/lib/x86_64-linux-gnu/libcrypto.so (found version "3.0.2")  
[0.924s] -- Found TinyXML2 via Config file: TinyXML2_DIR-NOTFOUND
[0.950s] -- Found FastRTPS: /opt/ros/humble/include  
[0.955s] -- Found TinyXML2 via Config file: TinyXML2_DIR-NOTFOUND
[0.969s] -- Found TinyXML2 via Config file: TinyXML2_DIR-NOTFOUND
[0.985s] -- Using RMW implementation 'rmw_fastrtps_cpp' as default
[1.000s] -- Looking for C++ include pthread.h
[1.132s] -- Looking for C++ include pthread.h - found
[1.132s] -- Performing Test CMAKE_HAVE_LIBC_PTHREAD
[1.271s] -- Performing Test CMAKE_HAVE_LIBC_PTHREAD - Success
[1.273s] -- Found Threads: TRUE  
[1.392s] -- Found rclcpp_lifecycle: 16.0.12 (/opt/ros/humble/share/rclcpp_lifecycle/cmake)
[1.450s] -- Found dsr_msgs2: 1.1.0 (/home/jack/ros2_ws/install/dsr_msgs2/share/dsr_msgs2/cmake)
[1.479s] -- Found trajectory_msgs: 4.9.0 (/opt/ros/humble/share/trajectory_msgs/cmake)
[1.543s] -- Found rclcpp_components: 16.0.12 (/opt/ros/humble/share/rclcpp_components/cmake)
[1.855s] -- Found eigen3_cmake_module: 0.1.1 (/opt/ros/humble/share/eigen3_cmake_module/cmake)
[1.862s] -- Found Eigen3: TRUE (found version "3.3.7") 
[1.862s] -- Ensuring Eigen3 include directory is part of orocos-kdl CMake target
[1.885s] DRCF_VERSION:2
[2.210s] -- Configuring done
[2.356s] -- Generating done
[2.370s] -- Build files have been written to: /home/jack/ros2_ws/build/dsr_controller2
