[0.007s] Invoking command in '/home/jack/ros2_ws/build/doosan_somacube_rl': CMAKE_PREFIX_PATH=/opt/ros/humble /usr/bin/cmake /home/jack/ros2_ws/src/doosan_somacube_rl -DCMAKE_INSTALL_PREFIX=/home/jack/ros2_ws/install/doosan_somacube_rl
[0.015s] -- Found ament_cmake: 1.3.11 (/opt/ros/humble/share/ament_cmake/cmake)
[0.103s] -- Found rclpy: 3.3.16 (/opt/ros/humble/share/rclpy/cmake)
[0.103s] -- Found std_msgs: 4.9.0 (/opt/ros/humble/share/std_msgs/cmake)
[0.121s] -- Found rosidl_generator_c: 3.1.6 (/opt/ros/humble/share/rosidl_generator_c/cmake)
[0.122s] -- Found rosidl_adapter: 3.1.6 (/opt/ros/humble/share/rosidl_adapter/cmake)
[0.126s] -- Found rosidl_generator_cpp: 3.1.6 (/opt/ros/humble/share/rosidl_generator_cpp/cmake)
[0.132s] -- Using all available rosidl_typesupport_c: rosidl_typesupport_fastrtps_c;rosidl_typesupport_introspection_c
[0.140s] -- Using all available rosidl_typesupport_cpp: rosidl_typesupport_fastrtps_cpp;rosidl_typesupport_introspection_cpp
[0.156s] -- Found geometry_msgs: 4.9.0 (/opt/ros/humble/share/geometry_msgs/cmake)
[0.164s] -- Found sensor_msgs: 4.9.0 (/opt/ros/humble/share/sensor_msgs/cmake)
[0.175s] -- Found rosidl_default_generators: 1.2.0 (/opt/ros/humble/share/rosidl_default_generators/cmake)
[0.325s] CMake Error at /opt/ros/humble/share/rosidl_cmake/cmake/rosidl_generate_interfaces.cmake:229 (message):
[0.325s]   Packages installing interfaces must include
[0.325s]   '<member_of_group>rosidl_interface_packages</member_of_group>' in their
[0.325s]   package.xml
[0.325s] Call Stack (most recent call first):
[0.325s]   CMakeLists.txt:18 (rosidl_generate_interfaces)
[0.325s] 
[0.325s] 
[0.325s] -- Configuring incomplete, errors occurred!
[0.326s] See also "/home/jack/ros2_ws/build/doosan_somacube_rl/CMakeFiles/CMakeOutput.log".
[0.329s] Invoked command in '/home/jack/ros2_ws/build/doosan_somacube_rl' returned '1': CMAKE_PREFIX_PATH=/opt/ros/humble /usr/bin/cmake /home/jack/ros2_ws/src/doosan_somacube_rl -DCMAKE_INSTALL_PREFIX=/home/jack/ros2_ws/install/doosan_somacube_rl
