[0.016s] Invoking command in '/home/jack/ros2_ws/build/dsr_hardware2': AMENT_PREFIX_PATH=/home/jack/ros2_ws/install/dsr_msgs2:${AMENT_PREFIX_PATH} CMAKE_PREFIX_PATH=/home/jack/ros2_ws/install/dsr_msgs2:/opt/ros/humble LD_LIBRARY_PATH=/home/jack/ros2_ws/install/dsr_msgs2/lib:${LD_LIBRARY_PATH} PYTHONPATH=/home/jack/ros2_ws/install/dsr_msgs2/local/lib/python3.10/dist-packages:${PYTHONPATH} /usr/bin/cmake --build /home/jack/ros2_ws/build/dsr_hardware2 -- -j8 -l8
[0.295s] Invoked command in '/home/jack/ros2_ws/build/dsr_hardware2' returned '0': AMENT_PREFIX_PATH=/home/jack/ros2_ws/install/dsr_msgs2:${AMENT_PREFIX_PATH} CMAKE_PREFIX_PATH=/home/jack/ros2_ws/install/dsr_msgs2:/opt/ros/humble LD_LIBRARY_PATH=/home/jack/ros2_ws/install/dsr_msgs2/lib:${LD_LIBRARY_PATH} PYTHONPATH=/home/jack/ros2_ws/install/dsr_msgs2/local/lib/python3.10/dist-packages:${PYTHONPATH} /usr/bin/cmake --build /home/jack/ros2_ws/build/dsr_hardware2 -- -j8 -l8
[0.297s] Invoking command in '/home/jack/ros2_ws/build/dsr_hardware2': AMENT_PREFIX_PATH=/home/jack/ros2_ws/install/dsr_msgs2:${AMENT_PREFIX_PATH} CMAKE_PREFIX_PATH=/home/jack/ros2_ws/install/dsr_msgs2:/opt/ros/humble LD_LIBRARY_PATH=/home/jack/ros2_ws/install/dsr_msgs2/lib:${LD_LIBRARY_PATH} PYTHONPATH=/home/jack/ros2_ws/install/dsr_msgs2/local/lib/python3.10/dist-packages:${PYTHONPATH} /usr/bin/cmake --install /home/jack/ros2_ws/build/dsr_hardware2
[0.312s] -- Install configuration: ""
[0.313s] -- Up-to-date: /home/jack/ros2_ws/install/dsr_hardware2/share/ament_index/resource_index/package_run_dependencies/dsr_hardware2
[0.313s] -- Up-to-date: /home/jack/ros2_ws/install/dsr_hardware2/share/ament_index/resource_index/parent_prefix_path/dsr_hardware2
[0.313s] -- Up-to-date: /home/jack/ros2_ws/install/dsr_hardware2/share/dsr_hardware2/environment/ament_prefix_path.sh
[0.313s] -- Up-to-date: /home/jack/ros2_ws/install/dsr_hardware2/share/dsr_hardware2/environment/ament_prefix_path.dsv
[0.313s] -- Up-to-date: /home/jack/ros2_ws/install/dsr_hardware2/share/dsr_hardware2/environment/path.sh
[0.313s] -- Up-to-date: /home/jack/ros2_ws/install/dsr_hardware2/share/dsr_hardware2/environment/path.dsv
[0.313s] -- Up-to-date: /home/jack/ros2_ws/install/dsr_hardware2/share/dsr_hardware2/local_setup.bash
[0.313s] -- Up-to-date: /home/jack/ros2_ws/install/dsr_hardware2/share/dsr_hardware2/local_setup.sh
[0.314s] -- Up-to-date: /home/jack/ros2_ws/install/dsr_hardware2/share/dsr_hardware2/local_setup.zsh
[0.314s] -- Up-to-date: /home/jack/ros2_ws/install/dsr_hardware2/share/dsr_hardware2/local_setup.dsv
[0.314s] -- Installing: /home/jack/ros2_ws/install/dsr_hardware2/share/dsr_hardware2/package.dsv
[0.314s] -- Up-to-date: /home/jack/ros2_ws/install/dsr_hardware2/share/ament_index/resource_index/packages/dsr_hardware2
[0.314s] -- Up-to-date: /home/jack/ros2_ws/install/dsr_hardware2/share/dsr_hardware2/cmake/ament_cmake_export_dependencies-extras.cmake
[0.314s] -- Up-to-date: /home/jack/ros2_ws/install/dsr_hardware2/share/dsr_hardware2/cmake/dsr_hardware2Config.cmake
[0.314s] -- Up-to-date: /home/jack/ros2_ws/install/dsr_hardware2/share/dsr_hardware2/cmake/dsr_hardware2Config-version.cmake
[0.314s] -- Up-to-date: /home/jack/ros2_ws/install/dsr_hardware2/share/dsr_hardware2/package.xml
[0.314s] Invoked command in '/home/jack/ros2_ws/build/dsr_hardware2' returned '0': AMENT_PREFIX_PATH=/home/jack/ros2_ws/install/dsr_msgs2:${AMENT_PREFIX_PATH} CMAKE_PREFIX_PATH=/home/jack/ros2_ws/install/dsr_msgs2:/opt/ros/humble LD_LIBRARY_PATH=/home/jack/ros2_ws/install/dsr_msgs2/lib:${LD_LIBRARY_PATH} PYTHONPATH=/home/jack/ros2_ws/install/dsr_msgs2/local/lib/python3.10/dist-packages:${PYTHONPATH} /usr/bin/cmake --install /home/jack/ros2_ws/build/dsr_hardware2
