-- The C compiler identification is GNU 11.4.0
-- The CXX compiler identification is GNU 11.4.0
-- Detecting C compiler ABI info
-- Detecting C compiler ABI info - done
-- Check for working C compiler: /usr/bin/cc - skipped
-- Detecting C compile features
-- Detecting C compile features - done
-- Detecting CXX compiler ABI info
-- Detecting CXX compiler ABI info - done
-- Check for working CXX compiler: /usr/bin/c++ - skipped
-- Detecting CXX compile features
-- Detecting CXX compile features - done
-- Found ament_cmake: 1.3.11 (/opt/ros/humble/share/ament_cmake/cmake)
-- Found Python3: /usr/bin/python3 (found version "3.10.12") found components: Interpreter 
-- Found rosidl_default_generators: 1.2.0 (/opt/ros/humble/share/rosidl_default_generators/cmake)
-- Using all available rosidl_typesupport_c: rosidl_typesupport_fastrtps_c;rosidl_typesupport_introspection_c
-- Found rosidl_adapter: 3.1.6 (/opt/ros/humble/share/rosidl_adapter/cmake)
-- Using all available rosidl_typesupport_cpp: rosidl_typesupport_fastrtps_cpp;rosidl_typesupport_introspection_cpp
-- Found ament_cmake_ros: 0.10.0 (/opt/ros/humble/share/ament_cmake_ros/cmake)
-- Using all available rosidl_typesupport_c: rosidl_typesupport_fastrtps_c;rosidl_typesupport_introspection_c
-- Using all available rosidl_typesupport_cpp: rosidl_typesupport_fastrtps_cpp;rosidl_typesupport_introspection_cpp
-- Found PythonInterp: /usr/bin/python3 (found suitable version "3.10.12", minimum required is "3.6") 
-- Found python_cmake_module: 0.10.0 (/opt/ros/humble/share/python_cmake_module/cmake)
-- Found PythonLibs: /usr/lib/x86_64-linux-gnu/libpython3.10.so (found suitable version "3.10.12", minimum required is "3.5") 
-- Using PYTHON_EXECUTABLE: /usr/bin/python3
-- Using PYTHON_INCLUDE_DIRS: /usr/include/python3.10
-- Using PYTHON_LIBRARIES: /usr/lib/x86_64-linux-gnu/libpython3.10.so
-- Found PythonExtra: .so  
-- Configuring done
-- Generating done
-- Build files have been written to: /home/jack/ros2_ws/build/od_msg
[  3%] Generating C code for ROS interfaces
[  6%] Generating C++ code for ROS interfaces
[  6%] Built target ament_cmake_python_copy_od_msg
running egg_info
creating od_msg.egg-info
writing od_msg.egg-info/PKG-INFO
writing dependency_links to od_msg.egg-info/dependency_links.txt
writing top-level names to od_msg.egg-info/top_level.txt
writing manifest file 'od_msg.egg-info/SOURCES.txt'
reading manifest file 'od_msg.egg-info/SOURCES.txt'
writing manifest file 'od_msg.egg-info/SOURCES.txt'
[  6%] Built target ament_cmake_python_build_od_msg_egg
[  9%] Building C object CMakeFiles/od_msg__rosidl_generator_c.dir/rosidl_generator_c/od_msg/srv/detail/srv_depth_position__functions.c.o
[  9%] Built target od_msg__cpp
[ 12%] Generating C++ type support dispatch for ROS interfaces
[ 16%] Generating C++ type support for eProsima Fast-RTPS
[ 19%] Generating C++ introspection for ROS interfaces
[ 22%] Linking C shared library libod_msg__rosidl_generator_c.so
[ 22%] Built target od_msg__rosidl_generator_c
[ 25%] Generating C type support for eProsima Fast-RTPS
[ 29%] Generating C introspection for ROS interfaces
[ 32%] Generating C type support dispatch for ROS interfaces
[ 35%] Building CXX object CMakeFiles/od_msg__rosidl_typesupport_fastrtps_cpp.dir/rosidl_typesupport_fastrtps_cpp/od_msg/srv/detail/dds_fastrtps/srv_depth_position__type_support.cpp.o
[ 38%] Building CXX object CMakeFiles/od_msg__rosidl_typesupport_introspection_cpp.dir/rosidl_typesupport_introspection_cpp/od_msg/srv/detail/srv_depth_position__type_support.cpp.o
[ 41%] Building CXX object CMakeFiles/od_msg__rosidl_typesupport_cpp.dir/rosidl_typesupport_cpp/od_msg/srv/srv_depth_position__type_support.cpp.o
[ 45%] Building CXX object CMakeFiles/od_msg__rosidl_typesupport_fastrtps_c.dir/rosidl_typesupport_fastrtps_c/od_msg/srv/detail/srv_depth_position__type_support_c.cpp.o
[ 48%] Building C object CMakeFiles/od_msg__rosidl_typesupport_introspection_c.dir/rosidl_typesupport_introspection_c/od_msg/srv/detail/srv_depth_position__type_support.c.o
[ 51%] Building CXX object CMakeFiles/od_msg__rosidl_typesupport_c.dir/rosidl_typesupport_c/od_msg/srv/srv_depth_position__type_support.cpp.o
[ 54%] Linking CXX shared library libod_msg__rosidl_typesupport_c.so
[ 58%] Linking C shared library libod_msg__rosidl_typesupport_introspection_c.so
[ 58%] Built target od_msg__rosidl_typesupport_introspection_c
[ 58%] Built target od_msg__rosidl_typesupport_c
[ 61%] Linking CXX shared library libod_msg__rosidl_typesupport_cpp.so
[ 61%] Built target od_msg__rosidl_typesupport_cpp
[ 64%] Linking CXX shared library libod_msg__rosidl_typesupport_fastrtps_c.so
[ 67%] Linking CXX shared library libod_msg__rosidl_typesupport_introspection_cpp.so
[ 70%] Linking CXX shared library libod_msg__rosidl_typesupport_fastrtps_cpp.so
[ 70%] Built target od_msg__rosidl_typesupport_fastrtps_c
[ 70%] Built target od_msg__rosidl_typesupport_introspection_cpp
[ 70%] Built target od_msg__rosidl_typesupport_fastrtps_cpp
[ 70%] Built target od_msg
[ 74%] Generating Python code for ROS interfaces
[ 74%] Built target od_msg__py
[ 77%] Building C object CMakeFiles/od_msg__rosidl_generator_py.dir/rosidl_generator_py/od_msg/srv/_srv_depth_position_s.c.o
[ 80%] Linking C shared library rosidl_generator_py/od_msg/libod_msg__rosidl_generator_py.so
[ 80%] Built target od_msg__rosidl_generator_py
[ 83%] Building C object CMakeFiles/od_msg__rosidl_typesupport_introspection_c__pyext.dir/rosidl_generator_py/od_msg/_od_msg_s.ep.rosidl_typesupport_introspection_c.c.o
[ 87%] Building C object CMakeFiles/od_msg__rosidl_typesupport_c__pyext.dir/rosidl_generator_py/od_msg/_od_msg_s.ep.rosidl_typesupport_c.c.o
[ 90%] Building C object CMakeFiles/od_msg__rosidl_typesupport_fastrtps_c__pyext.dir/rosidl_generator_py/od_msg/_od_msg_s.ep.rosidl_typesupport_fastrtps_c.c.o
[ 93%] Linking C shared library rosidl_generator_py/od_msg/od_msg_s__rosidl_typesupport_introspection_c.cpython-310-x86_64-linux-gnu.so
[ 96%] Linking C shared library rosidl_generator_py/od_msg/od_msg_s__rosidl_typesupport_c.cpython-310-x86_64-linux-gnu.so
[100%] Linking C shared library rosidl_generator_py/od_msg/od_msg_s__rosidl_typesupport_fastrtps_c.cpython-310-x86_64-linux-gnu.so
[100%] Built target od_msg__rosidl_typesupport_introspection_c__pyext
[100%] Built target od_msg__rosidl_typesupport_c__pyext
[100%] Built target od_msg__rosidl_typesupport_fastrtps_c__pyext
-- Install configuration: ""
-- Installing: /home/jack/ros2_ws/install/od_msg/share/ament_index/resource_index/rosidl_interfaces/od_msg
-- Installing: /home/jack/ros2_ws/install/od_msg/include/od_msg/od_msg
-- Installing: /home/jack/ros2_ws/install/od_msg/include/od_msg/od_msg/srv
-- Installing: /home/jack/ros2_ws/install/od_msg/include/od_msg/od_msg/srv/detail
-- Installing: /home/jack/ros2_ws/install/od_msg/include/od_msg/od_msg/srv/detail/srv_depth_position__type_support.h
-- Installing: /home/jack/ros2_ws/install/od_msg/include/od_msg/od_msg/srv/detail/srv_depth_position__functions.h
-- Installing: /home/jack/ros2_ws/install/od_msg/include/od_msg/od_msg/srv/detail/srv_depth_position__functions.c
-- Installing: /home/jack/ros2_ws/install/od_msg/include/od_msg/od_msg/srv/detail/srv_depth_position__struct.h
-- Installing: /home/jack/ros2_ws/install/od_msg/include/od_msg/od_msg/srv/srv_depth_position.h
-- Installing: /home/jack/ros2_ws/install/od_msg/include/od_msg/od_msg/msg
-- Installing: /home/jack/ros2_ws/install/od_msg/include/od_msg/od_msg/msg/rosidl_generator_c__visibility_control.h
-- Installing: /home/jack/ros2_ws/install/od_msg/share/od_msg/environment/library_path.sh
-- Installing: /home/jack/ros2_ws/install/od_msg/share/od_msg/environment/library_path.dsv
-- Installing: /home/jack/ros2_ws/install/od_msg/lib/libod_msg__rosidl_generator_c.so
-- Set runtime path of "/home/jack/ros2_ws/install/od_msg/lib/libod_msg__rosidl_generator_c.so" to ""
-- Up-to-date: /home/jack/ros2_ws/install/od_msg/include/od_msg/od_msg
-- Up-to-date: /home/jack/ros2_ws/install/od_msg/include/od_msg/od_msg/srv
-- Up-to-date: /home/jack/ros2_ws/install/od_msg/include/od_msg/od_msg/srv/detail
-- Installing: /home/jack/ros2_ws/install/od_msg/include/od_msg/od_msg/srv/detail/srv_depth_position__rosidl_typesupport_fastrtps_c.h
-- Up-to-date: /home/jack/ros2_ws/install/od_msg/include/od_msg/od_msg/msg
-- Installing: /home/jack/ros2_ws/install/od_msg/include/od_msg/od_msg/msg/rosidl_typesupport_fastrtps_c__visibility_control.h
-- Installing: /home/jack/ros2_ws/install/od_msg/lib/libod_msg__rosidl_typesupport_fastrtps_c.so
-- Set runtime path of "/home/jack/ros2_ws/install/od_msg/lib/libod_msg__rosidl_typesupport_fastrtps_c.so" to ""
-- Up-to-date: /home/jack/ros2_ws/install/od_msg/include/od_msg/od_msg
-- Up-to-date: /home/jack/ros2_ws/install/od_msg/include/od_msg/od_msg/srv
-- Up-to-date: /home/jack/ros2_ws/install/od_msg/include/od_msg/od_msg/srv/detail
-- Installing: /home/jack/ros2_ws/install/od_msg/include/od_msg/od_msg/srv/detail/srv_depth_position__type_support.c
-- Installing: /home/jack/ros2_ws/install/od_msg/include/od_msg/od_msg/srv/detail/srv_depth_position__rosidl_typesupport_introspection_c.h
-- Up-to-date: /home/jack/ros2_ws/install/od_msg/include/od_msg/od_msg/msg
-- Installing: /home/jack/ros2_ws/install/od_msg/include/od_msg/od_msg/msg/rosidl_typesupport_introspection_c__visibility_control.h
-- Installing: /home/jack/ros2_ws/install/od_msg/lib/libod_msg__rosidl_typesupport_introspection_c.so
-- Set runtime path of "/home/jack/ros2_ws/install/od_msg/lib/libod_msg__rosidl_typesupport_introspection_c.so" to ""
-- Installing: /home/jack/ros2_ws/install/od_msg/lib/libod_msg__rosidl_typesupport_c.so
-- Set runtime path of "/home/jack/ros2_ws/install/od_msg/lib/libod_msg__rosidl_typesupport_c.so" to ""
-- Up-to-date: /home/jack/ros2_ws/install/od_msg/include/od_msg/od_msg
-- Up-to-date: /home/jack/ros2_ws/install/od_msg/include/od_msg/od_msg/srv
-- Up-to-date: /home/jack/ros2_ws/install/od_msg/include/od_msg/od_msg/srv/detail
-- Installing: /home/jack/ros2_ws/install/od_msg/include/od_msg/od_msg/srv/detail/srv_depth_position__builder.hpp
-- Installing: /home/jack/ros2_ws/install/od_msg/include/od_msg/od_msg/srv/detail/srv_depth_position__struct.hpp
-- Installing: /home/jack/ros2_ws/install/od_msg/include/od_msg/od_msg/srv/detail/srv_depth_position__type_support.hpp
-- Installing: /home/jack/ros2_ws/install/od_msg/include/od_msg/od_msg/srv/detail/srv_depth_position__traits.hpp
-- Installing: /home/jack/ros2_ws/install/od_msg/include/od_msg/od_msg/srv/srv_depth_position.hpp
-- Up-to-date: /home/jack/ros2_ws/install/od_msg/include/od_msg/od_msg/msg
-- Installing: /home/jack/ros2_ws/install/od_msg/include/od_msg/od_msg/msg/rosidl_generator_cpp__visibility_control.hpp
-- Up-to-date: /home/jack/ros2_ws/install/od_msg/include/od_msg/od_msg
-- Up-to-date: /home/jack/ros2_ws/install/od_msg/include/od_msg/od_msg/srv
-- Up-to-date: /home/jack/ros2_ws/install/od_msg/include/od_msg/od_msg/srv/detail
-- Installing: /home/jack/ros2_ws/install/od_msg/include/od_msg/od_msg/srv/detail/dds_fastrtps
-- Installing: /home/jack/ros2_ws/install/od_msg/include/od_msg/od_msg/srv/detail/srv_depth_position__rosidl_typesupport_fastrtps_cpp.hpp
-- Up-to-date: /home/jack/ros2_ws/install/od_msg/include/od_msg/od_msg/msg
-- Installing: /home/jack/ros2_ws/install/od_msg/include/od_msg/od_msg/msg/rosidl_typesupport_fastrtps_cpp__visibility_control.h
-- Installing: /home/jack/ros2_ws/install/od_msg/lib/libod_msg__rosidl_typesupport_fastrtps_cpp.so
-- Set runtime path of "/home/jack/ros2_ws/install/od_msg/lib/libod_msg__rosidl_typesupport_fastrtps_cpp.so" to ""
-- Up-to-date: /home/jack/ros2_ws/install/od_msg/include/od_msg/od_msg
-- Up-to-date: /home/jack/ros2_ws/install/od_msg/include/od_msg/od_msg/srv
-- Up-to-date: /home/jack/ros2_ws/install/od_msg/include/od_msg/od_msg/srv/detail
-- Installing: /home/jack/ros2_ws/install/od_msg/include/od_msg/od_msg/srv/detail/srv_depth_position__rosidl_typesupport_introspection_cpp.hpp
-- Installing: /home/jack/ros2_ws/install/od_msg/include/od_msg/od_msg/srv/detail/srv_depth_position__type_support.cpp
-- Installing: /home/jack/ros2_ws/install/od_msg/lib/libod_msg__rosidl_typesupport_introspection_cpp.so
-- Set runtime path of "/home/jack/ros2_ws/install/od_msg/lib/libod_msg__rosidl_typesupport_introspection_cpp.so" to ""
-- Installing: /home/jack/ros2_ws/install/od_msg/lib/libod_msg__rosidl_typesupport_cpp.so
-- Set runtime path of "/home/jack/ros2_ws/install/od_msg/lib/libod_msg__rosidl_typesupport_cpp.so" to ""
-- Installing: /home/jack/ros2_ws/install/od_msg/share/od_msg/environment/pythonpath.sh
-- Installing: /home/jack/ros2_ws/install/od_msg/share/od_msg/environment/pythonpath.dsv
-- Installing: /home/jack/ros2_ws/install/od_msg/local/lib/python3.10/dist-packages/od_msg-0.0.0-py3.10.egg-info
-- Installing: /home/jack/ros2_ws/install/od_msg/local/lib/python3.10/dist-packages/od_msg-0.0.0-py3.10.egg-info/SOURCES.txt
-- Installing: /home/jack/ros2_ws/install/od_msg/local/lib/python3.10/dist-packages/od_msg-0.0.0-py3.10.egg-info/PKG-INFO
-- Installing: /home/jack/ros2_ws/install/od_msg/local/lib/python3.10/dist-packages/od_msg-0.0.0-py3.10.egg-info/dependency_links.txt
-- Installing: /home/jack/ros2_ws/install/od_msg/local/lib/python3.10/dist-packages/od_msg-0.0.0-py3.10.egg-info/top_level.txt
-- Installing: /home/jack/ros2_ws/install/od_msg/local/lib/python3.10/dist-packages/od_msg
-- Installing: /home/jack/ros2_ws/install/od_msg/local/lib/python3.10/dist-packages/od_msg/libod_msg__rosidl_generator_py.so
-- Installing: /home/jack/ros2_ws/install/od_msg/local/lib/python3.10/dist-packages/od_msg/od_msg_s__rosidl_typesupport_introspection_c.cpython-310-x86_64-linux-gnu.so
-- Installing: /home/jack/ros2_ws/install/od_msg/local/lib/python3.10/dist-packages/od_msg/od_msg_s__rosidl_typesupport_fastrtps_c.cpython-310-x86_64-linux-gnu.so
-- Installing: /home/jack/ros2_ws/install/od_msg/local/lib/python3.10/dist-packages/od_msg/od_msg_s__rosidl_typesupport_c.cpython-310-x86_64-linux-gnu.so
-- Installing: /home/jack/ros2_ws/install/od_msg/local/lib/python3.10/dist-packages/od_msg/srv
-- Installing: /home/jack/ros2_ws/install/od_msg/local/lib/python3.10/dist-packages/od_msg/srv/_srv_depth_position_s.c
-- Installing: /home/jack/ros2_ws/install/od_msg/local/lib/python3.10/dist-packages/od_msg/srv/__init__.py
-- Installing: /home/jack/ros2_ws/install/od_msg/local/lib/python3.10/dist-packages/od_msg/srv/_srv_depth_position.py
-- Installing: /home/jack/ros2_ws/install/od_msg/local/lib/python3.10/dist-packages/od_msg/_od_msg_s.ep.rosidl_typesupport_fastrtps_c.c
-- Installing: /home/jack/ros2_ws/install/od_msg/local/lib/python3.10/dist-packages/od_msg/__init__.py
-- Installing: /home/jack/ros2_ws/install/od_msg/local/lib/python3.10/dist-packages/od_msg/_od_msg_s.ep.rosidl_typesupport_c.c
-- Installing: /home/jack/ros2_ws/install/od_msg/local/lib/python3.10/dist-packages/od_msg/_od_msg_s.ep.rosidl_typesupport_introspection_c.c
Listing '/home/jack/ros2_ws/install/od_msg/local/lib/python3.10/dist-packages/od_msg'...
Compiling '/home/jack/ros2_ws/install/od_msg/local/lib/python3.10/dist-packages/od_msg/__init__.py'...
Listing '/home/jack/ros2_ws/install/od_msg/local/lib/python3.10/dist-packages/od_msg/srv'...
Compiling '/home/jack/ros2_ws/install/od_msg/local/lib/python3.10/dist-packages/od_msg/srv/__init__.py'...
Compiling '/home/jack/ros2_ws/install/od_msg/local/lib/python3.10/dist-packages/od_msg/srv/_srv_depth_position.py'...
-- Installing: /home/jack/ros2_ws/install/od_msg/local/lib/python3.10/dist-packages/od_msg/od_msg_s__rosidl_typesupport_fastrtps_c.cpython-310-x86_64-linux-gnu.so
-- Set runtime path of "/home/jack/ros2_ws/install/od_msg/local/lib/python3.10/dist-packages/od_msg/od_msg_s__rosidl_typesupport_fastrtps_c.cpython-310-x86_64-linux-gnu.so" to ""
-- Installing: /home/jack/ros2_ws/install/od_msg/local/lib/python3.10/dist-packages/od_msg/od_msg_s__rosidl_typesupport_introspection_c.cpython-310-x86_64-linux-gnu.so
-- Set runtime path of "/home/jack/ros2_ws/install/od_msg/local/lib/python3.10/dist-packages/od_msg/od_msg_s__rosidl_typesupport_introspection_c.cpython-310-x86_64-linux-gnu.so" to ""
-- Installing: /home/jack/ros2_ws/install/od_msg/local/lib/python3.10/dist-packages/od_msg/od_msg_s__rosidl_typesupport_c.cpython-310-x86_64-linux-gnu.so
-- Set runtime path of "/home/jack/ros2_ws/install/od_msg/local/lib/python3.10/dist-packages/od_msg/od_msg_s__rosidl_typesupport_c.cpython-310-x86_64-linux-gnu.so" to ""
-- Installing: /home/jack/ros2_ws/install/od_msg/lib/libod_msg__rosidl_generator_py.so
-- Set runtime path of "/home/jack/ros2_ws/install/od_msg/lib/libod_msg__rosidl_generator_py.so" to ""
-- Installing: /home/jack/ros2_ws/install/od_msg/share/od_msg/srv/SrvDepthPosition.idl
-- Installing: /home/jack/ros2_ws/install/od_msg/share/od_msg/srv/SrvDepthPosition.srv
-- Installing: /home/jack/ros2_ws/install/od_msg/share/od_msg/srv/SrvDepthPosition_Request.msg
-- Installing: /home/jack/ros2_ws/install/od_msg/share/od_msg/srv/SrvDepthPosition_Response.msg
-- Installing: /home/jack/ros2_ws/install/od_msg/share/ament_index/resource_index/package_run_dependencies/od_msg
-- Installing: /home/jack/ros2_ws/install/od_msg/share/ament_index/resource_index/parent_prefix_path/od_msg
-- Installing: /home/jack/ros2_ws/install/od_msg/share/od_msg/environment/ament_prefix_path.sh
-- Installing: /home/jack/ros2_ws/install/od_msg/share/od_msg/environment/ament_prefix_path.dsv
-- Installing: /home/jack/ros2_ws/install/od_msg/share/od_msg/environment/path.sh
-- Installing: /home/jack/ros2_ws/install/od_msg/share/od_msg/environment/path.dsv
-- Installing: /home/jack/ros2_ws/install/od_msg/share/od_msg/local_setup.bash
-- Installing: /home/jack/ros2_ws/install/od_msg/share/od_msg/local_setup.sh
-- Installing: /home/jack/ros2_ws/install/od_msg/share/od_msg/local_setup.zsh
-- Installing: /home/jack/ros2_ws/install/od_msg/share/od_msg/local_setup.dsv
-- Installing: /home/jack/ros2_ws/install/od_msg/share/od_msg/package.dsv
-- Installing: /home/jack/ros2_ws/install/od_msg/share/ament_index/resource_index/packages/od_msg
-- Installing: /home/jack/ros2_ws/install/od_msg/share/od_msg/cmake/export_od_msg__rosidl_generator_cExport.cmake
-- Installing: /home/jack/ros2_ws/install/od_msg/share/od_msg/cmake/export_od_msg__rosidl_generator_cExport-noconfig.cmake
-- Installing: /home/jack/ros2_ws/install/od_msg/share/od_msg/cmake/export_od_msg__rosidl_typesupport_fastrtps_cExport.cmake
-- Installing: /home/jack/ros2_ws/install/od_msg/share/od_msg/cmake/export_od_msg__rosidl_typesupport_fastrtps_cExport-noconfig.cmake
-- Installing: /home/jack/ros2_ws/install/od_msg/share/od_msg/cmake/od_msg__rosidl_typesupport_introspection_cExport.cmake
-- Installing: /home/jack/ros2_ws/install/od_msg/share/od_msg/cmake/od_msg__rosidl_typesupport_introspection_cExport-noconfig.cmake
-- Installing: /home/jack/ros2_ws/install/od_msg/share/od_msg/cmake/od_msg__rosidl_typesupport_cExport.cmake
-- Installing: /home/jack/ros2_ws/install/od_msg/share/od_msg/cmake/od_msg__rosidl_typesupport_cExport-noconfig.cmake
-- Installing: /home/jack/ros2_ws/install/od_msg/share/od_msg/cmake/export_od_msg__rosidl_generator_cppExport.cmake
-- Installing: /home/jack/ros2_ws/install/od_msg/share/od_msg/cmake/export_od_msg__rosidl_typesupport_fastrtps_cppExport.cmake
-- Installing: /home/jack/ros2_ws/install/od_msg/share/od_msg/cmake/export_od_msg__rosidl_typesupport_fastrtps_cppExport-noconfig.cmake
-- Installing: /home/jack/ros2_ws/install/od_msg/share/od_msg/cmake/od_msg__rosidl_typesupport_introspection_cppExport.cmake
-- Installing: /home/jack/ros2_ws/install/od_msg/share/od_msg/cmake/od_msg__rosidl_typesupport_introspection_cppExport-noconfig.cmake
-- Installing: /home/jack/ros2_ws/install/od_msg/share/od_msg/cmake/od_msg__rosidl_typesupport_cppExport.cmake
-- Installing: /home/jack/ros2_ws/install/od_msg/share/od_msg/cmake/od_msg__rosidl_typesupport_cppExport-noconfig.cmake
-- Installing: /home/jack/ros2_ws/install/od_msg/share/od_msg/cmake/export_od_msg__rosidl_generator_pyExport.cmake
-- Installing: /home/jack/ros2_ws/install/od_msg/share/od_msg/cmake/export_od_msg__rosidl_generator_pyExport-noconfig.cmake
-- Installing: /home/jack/ros2_ws/install/od_msg/share/od_msg/cmake/rosidl_cmake-extras.cmake
-- Installing: /home/jack/ros2_ws/install/od_msg/share/od_msg/cmake/ament_cmake_export_include_directories-extras.cmake
-- Installing: /home/jack/ros2_ws/install/od_msg/share/od_msg/cmake/ament_cmake_export_libraries-extras.cmake
-- Installing: /home/jack/ros2_ws/install/od_msg/share/od_msg/cmake/ament_cmake_export_targets-extras.cmake
-- Installing: /home/jack/ros2_ws/install/od_msg/share/od_msg/cmake/rosidl_cmake_export_typesupport_targets-extras.cmake
-- Installing: /home/jack/ros2_ws/install/od_msg/share/od_msg/cmake/ament_cmake_export_dependencies-extras.cmake
-- Installing: /home/jack/ros2_ws/install/od_msg/share/od_msg/cmake/rosidl_cmake_export_typesupport_libraries-extras.cmake
-- Installing: /home/jack/ros2_ws/install/od_msg/share/od_msg/cmake/od_msgConfig.cmake
-- Installing: /home/jack/ros2_ws/install/od_msg/share/od_msg/cmake/od_msgConfig-version.cmake
-- Installing: /home/jack/ros2_ws/install/od_msg/share/od_msg/package.xml
