[0.033s] Invoking command in '/home/jack/ros2_ws/build/od_msg': /usr/bin/cmake /home/jack/ros2_ws/src/DoosanBootcamp3rd/dsr_rokey/od_msg -DCATKIN_INSTALL_INTO_PREFIX_ROOT=0 -DCMAKE_INSTALL_PREFIX=/home/jack/ros2_ws/install/od_msg
[0.241s] -- The C compiler identification is GNU 11.4.0
[1.025s] -- The CXX compiler identification is GNU 11.4.0
[1.025s] -- Detecting C compiler ABI info
[1.026s] -- Detecting C compiler ABI info - done
[1.026s] -- Check for working C compiler: /usr/bin/cc - skipped
[1.026s] -- Detecting C compile features
[1.026s] -- Detecting C compile features - done
[1.026s] -- Detecting CXX compiler ABI info
[1.026s] -- Detecting CXX compiler ABI info - done
[1.026s] -- Check for working CXX compiler: /usr/bin/c++ - skipped
[1.026s] -- Detecting CXX compile features
[1.026s] -- Detecting CXX compile features - done
[1.027s] -- Found ament_cmake: 1.3.11 (/opt/ros/humble/share/ament_cmake/cmake)
[1.039s] -- Found Python3: /usr/bin/python3 (found version "3.10.12") found components: Interpreter 
[1.638s] -- Found rosidl_default_generators: 1.2.0 (/opt/ros/humble/share/rosidl_default_generators/cmake)
[1.638s] -- Using all available rosidl_typesupport_c: rosidl_typesupport_fastrtps_c;rosidl_typesupport_introspection_c
[1.639s] -- Found rosidl_adapter: 3.1.6 (/opt/ros/humble/share/rosidl_adapter/cmake)
[1.639s] -- Using all available rosidl_typesupport_cpp: rosidl_typesupport_fastrtps_cpp;rosidl_typesupport_introspection_cpp
[2.767s] -- Found ament_cmake_ros: 0.10.0 (/opt/ros/humble/share/ament_cmake_ros/cmake)
[2.767s] -- Using all available rosidl_typesupport_c: rosidl_typesupport_fastrtps_c;rosidl_typesupport_introspection_c
[2.768s] -- Using all available rosidl_typesupport_cpp: rosidl_typesupport_fastrtps_cpp;rosidl_typesupport_introspection_cpp
[2.768s] -- Found PythonInterp: /usr/bin/python3 (found suitable version "3.10.12", minimum required is "3.6") 
[2.768s] -- Found python_cmake_module: 0.10.0 (/opt/ros/humble/share/python_cmake_module/cmake)
[2.768s] -- Found PythonLibs: /usr/lib/x86_64-linux-gnu/libpython3.10.so (found suitable version "3.10.12", minimum required is "3.5") 
[2.768s] -- Using PYTHON_EXECUTABLE: /usr/bin/python3
[2.769s] -- Using PYTHON_INCLUDE_DIRS: /usr/include/python3.10
[2.769s] -- Using PYTHON_LIBRARIES: /usr/lib/x86_64-linux-gnu/libpython3.10.so
[2.769s] -- Found PythonExtra: .so  
[2.790s] -- Configuring done
[2.864s] -- Generating done
[2.869s] CMake Warning:
[2.870s]   Manually-specified variables were not used by the project:
[2.870s] 
[2.870s]     CATKIN_INSTALL_INTO_PREFIX_ROOT
[2.870s] 
[2.870s] 
[2.887s] -- Build files have been written to: /home/jack/ros2_ws/build/od_msg
[2.903s] Invoked command in '/home/jack/ros2_ws/build/od_msg' returned '0': /usr/bin/cmake /home/jack/ros2_ws/src/DoosanBootcamp3rd/dsr_rokey/od_msg -DCATKIN_INSTALL_INTO_PREFIX_ROOT=0 -DCMAKE_INSTALL_PREFIX=/home/jack/ros2_ws/install/od_msg
[2.913s] Invoking command in '/home/jack/ros2_ws/build/od_msg': /usr/bin/cmake --build /home/jack/ros2_ws/build/od_msg -- -j8 -l8
[3.008s] [  3%] Generating C code for ROS interfaces
[3.014s] [  6%] Generating C++ code for ROS interfaces
[3.046s] [  6%] Built target ament_cmake_python_copy_od_msg
[3.696s] running egg_info
[3.696s] creating od_msg.egg-info
[3.699s] writing od_msg.egg-info/PKG-INFO
[3.699s] writing dependency_links to od_msg.egg-info/dependency_links.txt
[3.699s] writing top-level names to od_msg.egg-info/top_level.txt
[3.699s] writing manifest file 'od_msg.egg-info/SOURCES.txt'
[3.701s] reading manifest file 'od_msg.egg-info/SOURCES.txt'
[3.703s] writing manifest file 'od_msg.egg-info/SOURCES.txt'
[3.755s] [  6%] Built target ament_cmake_python_build_od_msg_egg
[3.878s] [  9%] Building C object CMakeFiles/od_msg__rosidl_generator_c.dir/rosidl_generator_c/od_msg/srv/detail/srv_depth_position__functions.c.o
[3.896s] [  9%] Built target od_msg__cpp
[3.926s] [ 12%] Generating C++ type support dispatch for ROS interfaces
[3.928s] [ 16%] Generating C++ type support for eProsima Fast-RTPS
[3.931s] [ 19%] Generating C++ introspection for ROS interfaces
[4.073s] [ 22%] Linking C shared library libod_msg__rosidl_generator_c.so
[4.158s] [ 22%] Built target od_msg__rosidl_generator_c
[4.192s] [ 25%] Generating C type support for eProsima Fast-RTPS
[4.192s] [ 29%] Generating C introspection for ROS interfaces
[4.199s] [ 32%] Generating C type support dispatch for ROS interfaces
[4.589s] [ 35%] Building CXX object CMakeFiles/od_msg__rosidl_typesupport_fastrtps_cpp.dir/rosidl_typesupport_fastrtps_cpp/od_msg/srv/detail/dds_fastrtps/srv_depth_position__type_support.cpp.o
[4.642s] [ 38%] Building CXX object CMakeFiles/od_msg__rosidl_typesupport_introspection_cpp.dir/rosidl_typesupport_introspection_cpp/od_msg/srv/detail/srv_depth_position__type_support.cpp.o
[4.763s] [ 41%] Building CXX object CMakeFiles/od_msg__rosidl_typesupport_cpp.dir/rosidl_typesupport_cpp/od_msg/srv/srv_depth_position__type_support.cpp.o
[4.836s] [ 45%] Building CXX object CMakeFiles/od_msg__rosidl_typesupport_fastrtps_c.dir/rosidl_typesupport_fastrtps_c/od_msg/srv/detail/srv_depth_position__type_support_c.cpp.o
[4.894s] [ 48%] Building C object CMakeFiles/od_msg__rosidl_typesupport_introspection_c.dir/rosidl_typesupport_introspection_c/od_msg/srv/detail/srv_depth_position__type_support.c.o
[4.917s] [ 51%] Building CXX object CMakeFiles/od_msg__rosidl_typesupport_c.dir/rosidl_typesupport_c/od_msg/srv/srv_depth_position__type_support.cpp.o
[4.992s] [ 54%] Linking CXX shared library libod_msg__rosidl_typesupport_c.so
[5.005s] [ 58%] Linking C shared library libod_msg__rosidl_typesupport_introspection_c.so
[5.079s] [ 58%] Built target od_msg__rosidl_typesupport_introspection_c
[5.099s] [ 58%] Built target od_msg__rosidl_typesupport_c
[5.208s] [ 61%] Linking CXX shared library libod_msg__rosidl_typesupport_cpp.so
[5.298s] [ 61%] Built target od_msg__rosidl_typesupport_cpp
[5.451s] [ 64%] Linking CXX shared library libod_msg__rosidl_typesupport_fastrtps_c.so
[5.491s] [ 67%] Linking CXX shared library libod_msg__rosidl_typesupport_introspection_cpp.so
[5.498s] [ 70%] Linking CXX shared library libod_msg__rosidl_typesupport_fastrtps_cpp.so
[5.596s] [ 70%] Built target od_msg__rosidl_typesupport_fastrtps_c
[5.618s] [ 70%] Built target od_msg__rosidl_typesupport_introspection_cpp
[5.625s] [ 70%] Built target od_msg__rosidl_typesupport_fastrtps_cpp
[5.664s] [ 70%] Built target od_msg
[5.696s] [ 74%] Generating Python code for ROS interfaces
[6.316s] [ 74%] Built target od_msg__py
[6.340s] [ 77%] Building C object CMakeFiles/od_msg__rosidl_generator_py.dir/rosidl_generator_py/od_msg/srv/_srv_depth_position_s.c.o
[6.518s] [ 80%] Linking C shared library rosidl_generator_py/od_msg/libod_msg__rosidl_generator_py.so
[6.558s] [ 80%] Built target od_msg__rosidl_generator_py
[6.585s] [ 83%] Building C object CMakeFiles/od_msg__rosidl_typesupport_introspection_c__pyext.dir/rosidl_generator_py/od_msg/_od_msg_s.ep.rosidl_typesupport_introspection_c.c.o
[6.585s] [ 87%] Building C object CMakeFiles/od_msg__rosidl_typesupport_c__pyext.dir/rosidl_generator_py/od_msg/_od_msg_s.ep.rosidl_typesupport_c.c.o
[6.588s] [ 90%] Building C object CMakeFiles/od_msg__rosidl_typesupport_fastrtps_c__pyext.dir/rosidl_generator_py/od_msg/_od_msg_s.ep.rosidl_typesupport_fastrtps_c.c.o
[6.720s] [ 93%] Linking C shared library rosidl_generator_py/od_msg/od_msg_s__rosidl_typesupport_introspection_c.cpython-310-x86_64-linux-gnu.so
[6.737s] [ 96%] Linking C shared library rosidl_generator_py/od_msg/od_msg_s__rosidl_typesupport_c.cpython-310-x86_64-linux-gnu.so
[6.752s] [100%] Linking C shared library rosidl_generator_py/od_msg/od_msg_s__rosidl_typesupport_fastrtps_c.cpython-310-x86_64-linux-gnu.so
[6.766s] [100%] Built target od_msg__rosidl_typesupport_introspection_c__pyext
[6.783s] [100%] Built target od_msg__rosidl_typesupport_c__pyext
[6.789s] [100%] Built target od_msg__rosidl_typesupport_fastrtps_c__pyext
[6.799s] Invoked command in '/home/jack/ros2_ws/build/od_msg' returned '0': /usr/bin/cmake --build /home/jack/ros2_ws/build/od_msg -- -j8 -l8
[6.801s] Invoking command in '/home/jack/ros2_ws/build/od_msg': /usr/bin/cmake --install /home/jack/ros2_ws/build/od_msg
[6.808s] -- Install configuration: ""
[6.808s] -- Installing: /home/jack/ros2_ws/install/od_msg/share/ament_index/resource_index/rosidl_interfaces/od_msg
[6.808s] -- Installing: /home/jack/ros2_ws/install/od_msg/include/od_msg/od_msg
[6.809s] -- Installing: /home/jack/ros2_ws/install/od_msg/include/od_msg/od_msg/srv
[6.809s] -- Installing: /home/jack/ros2_ws/install/od_msg/include/od_msg/od_msg/srv/detail
[6.809s] -- Installing: /home/jack/ros2_ws/install/od_msg/include/od_msg/od_msg/srv/detail/srv_depth_position__type_support.h
[6.809s] -- Installing: /home/jack/ros2_ws/install/od_msg/include/od_msg/od_msg/srv/detail/srv_depth_position__functions.h
[6.809s] -- Installing: /home/jack/ros2_ws/install/od_msg/include/od_msg/od_msg/srv/detail/srv_depth_position__functions.c
[6.809s] -- Installing: /home/jack/ros2_ws/install/od_msg/include/od_msg/od_msg/srv/detail/srv_depth_position__struct.h
[6.809s] -- Installing: /home/jack/ros2_ws/install/od_msg/include/od_msg/od_msg/srv/srv_depth_position.h
[6.809s] -- Installing: /home/jack/ros2_ws/install/od_msg/include/od_msg/od_msg/msg
[6.809s] -- Installing: /home/jack/ros2_ws/install/od_msg/include/od_msg/od_msg/msg/rosidl_generator_c__visibility_control.h
[6.810s] -- Installing: /home/jack/ros2_ws/install/od_msg/share/od_msg/environment/library_path.sh
[6.810s] -- Installing: /home/jack/ros2_ws/install/od_msg/share/od_msg/environment/library_path.dsv
[6.810s] -- Installing: /home/jack/ros2_ws/install/od_msg/lib/libod_msg__rosidl_generator_c.so
[6.810s] -- Set runtime path of "/home/jack/ros2_ws/install/od_msg/lib/libod_msg__rosidl_generator_c.so" to ""
[6.810s] -- Up-to-date: /home/jack/ros2_ws/install/od_msg/include/od_msg/od_msg
[6.811s] -- Up-to-date: /home/jack/ros2_ws/install/od_msg/include/od_msg/od_msg/srv
[6.811s] -- Up-to-date: /home/jack/ros2_ws/install/od_msg/include/od_msg/od_msg/srv/detail
[6.811s] -- Installing: /home/jack/ros2_ws/install/od_msg/include/od_msg/od_msg/srv/detail/srv_depth_position__rosidl_typesupport_fastrtps_c.h
[6.811s] -- Up-to-date: /home/jack/ros2_ws/install/od_msg/include/od_msg/od_msg/msg
[6.811s] -- Installing: /home/jack/ros2_ws/install/od_msg/include/od_msg/od_msg/msg/rosidl_typesupport_fastrtps_c__visibility_control.h
[6.811s] -- Installing: /home/jack/ros2_ws/install/od_msg/lib/libod_msg__rosidl_typesupport_fastrtps_c.so
[6.811s] -- Set runtime path of "/home/jack/ros2_ws/install/od_msg/lib/libod_msg__rosidl_typesupport_fastrtps_c.so" to ""
[6.811s] -- Up-to-date: /home/jack/ros2_ws/install/od_msg/include/od_msg/od_msg
[6.812s] -- Up-to-date: /home/jack/ros2_ws/install/od_msg/include/od_msg/od_msg/srv
[6.812s] -- Up-to-date: /home/jack/ros2_ws/install/od_msg/include/od_msg/od_msg/srv/detail
[6.812s] -- Installing: /home/jack/ros2_ws/install/od_msg/include/od_msg/od_msg/srv/detail/srv_depth_position__type_support.c
[6.812s] -- Installing: /home/jack/ros2_ws/install/od_msg/include/od_msg/od_msg/srv/detail/srv_depth_position__rosidl_typesupport_introspection_c.h
[6.812s] -- Up-to-date: /home/jack/ros2_ws/install/od_msg/include/od_msg/od_msg/msg
[6.812s] -- Installing: /home/jack/ros2_ws/install/od_msg/include/od_msg/od_msg/msg/rosidl_typesupport_introspection_c__visibility_control.h
[6.812s] -- Installing: /home/jack/ros2_ws/install/od_msg/lib/libod_msg__rosidl_typesupport_introspection_c.so
[6.812s] -- Set runtime path of "/home/jack/ros2_ws/install/od_msg/lib/libod_msg__rosidl_typesupport_introspection_c.so" to ""
[6.812s] -- Installing: /home/jack/ros2_ws/install/od_msg/lib/libod_msg__rosidl_typesupport_c.so
[6.812s] -- Set runtime path of "/home/jack/ros2_ws/install/od_msg/lib/libod_msg__rosidl_typesupport_c.so" to ""
[6.813s] -- Up-to-date: /home/jack/ros2_ws/install/od_msg/include/od_msg/od_msg
[6.813s] -- Up-to-date: /home/jack/ros2_ws/install/od_msg/include/od_msg/od_msg/srv
[6.813s] -- Up-to-date: /home/jack/ros2_ws/install/od_msg/include/od_msg/od_msg/srv/detail
[6.813s] -- Installing: /home/jack/ros2_ws/install/od_msg/include/od_msg/od_msg/srv/detail/srv_depth_position__builder.hpp
[6.813s] -- Installing: /home/jack/ros2_ws/install/od_msg/include/od_msg/od_msg/srv/detail/srv_depth_position__struct.hpp
[6.813s] -- Installing: /home/jack/ros2_ws/install/od_msg/include/od_msg/od_msg/srv/detail/srv_depth_position__type_support.hpp
[6.813s] -- Installing: /home/jack/ros2_ws/install/od_msg/include/od_msg/od_msg/srv/detail/srv_depth_position__traits.hpp
[6.813s] -- Installing: /home/jack/ros2_ws/install/od_msg/include/od_msg/od_msg/srv/srv_depth_position.hpp
[6.813s] -- Up-to-date: /home/jack/ros2_ws/install/od_msg/include/od_msg/od_msg/msg
[6.813s] -- Installing: /home/jack/ros2_ws/install/od_msg/include/od_msg/od_msg/msg/rosidl_generator_cpp__visibility_control.hpp
[6.814s] -- Up-to-date: /home/jack/ros2_ws/install/od_msg/include/od_msg/od_msg
[6.814s] -- Up-to-date: /home/jack/ros2_ws/install/od_msg/include/od_msg/od_msg/srv
[6.814s] -- Up-to-date: /home/jack/ros2_ws/install/od_msg/include/od_msg/od_msg/srv/detail
[6.814s] -- Installing: /home/jack/ros2_ws/install/od_msg/include/od_msg/od_msg/srv/detail/dds_fastrtps
[6.814s] -- Installing: /home/jack/ros2_ws/install/od_msg/include/od_msg/od_msg/srv/detail/srv_depth_position__rosidl_typesupport_fastrtps_cpp.hpp
[6.814s] -- Up-to-date: /home/jack/ros2_ws/install/od_msg/include/od_msg/od_msg/msg
[6.814s] -- Installing: /home/jack/ros2_ws/install/od_msg/include/od_msg/od_msg/msg/rosidl_typesupport_fastrtps_cpp__visibility_control.h
[6.814s] -- Installing: /home/jack/ros2_ws/install/od_msg/lib/libod_msg__rosidl_typesupport_fastrtps_cpp.so
[6.814s] -- Set runtime path of "/home/jack/ros2_ws/install/od_msg/lib/libod_msg__rosidl_typesupport_fastrtps_cpp.so" to ""
[6.814s] -- Up-to-date: /home/jack/ros2_ws/install/od_msg/include/od_msg/od_msg
[6.815s] -- Up-to-date: /home/jack/ros2_ws/install/od_msg/include/od_msg/od_msg/srv
[6.815s] -- Up-to-date: /home/jack/ros2_ws/install/od_msg/include/od_msg/od_msg/srv/detail
[6.815s] -- Installing: /home/jack/ros2_ws/install/od_msg/include/od_msg/od_msg/srv/detail/srv_depth_position__rosidl_typesupport_introspection_cpp.hpp
[6.815s] -- Installing: /home/jack/ros2_ws/install/od_msg/include/od_msg/od_msg/srv/detail/srv_depth_position__type_support.cpp
[6.815s] -- Installing: /home/jack/ros2_ws/install/od_msg/lib/libod_msg__rosidl_typesupport_introspection_cpp.so
[6.815s] -- Set runtime path of "/home/jack/ros2_ws/install/od_msg/lib/libod_msg__rosidl_typesupport_introspection_cpp.so" to ""
[6.815s] -- Installing: /home/jack/ros2_ws/install/od_msg/lib/libod_msg__rosidl_typesupport_cpp.so
[6.815s] -- Set runtime path of "/home/jack/ros2_ws/install/od_msg/lib/libod_msg__rosidl_typesupport_cpp.so" to ""
[6.815s] -- Installing: /home/jack/ros2_ws/install/od_msg/share/od_msg/environment/pythonpath.sh
[6.815s] -- Installing: /home/jack/ros2_ws/install/od_msg/share/od_msg/environment/pythonpath.dsv
[6.815s] -- Installing: /home/jack/ros2_ws/install/od_msg/local/lib/python3.10/dist-packages/od_msg-0.0.0-py3.10.egg-info
[6.816s] -- Installing: /home/jack/ros2_ws/install/od_msg/local/lib/python3.10/dist-packages/od_msg-0.0.0-py3.10.egg-info/SOURCES.txt
[6.816s] -- Installing: /home/jack/ros2_ws/install/od_msg/local/lib/python3.10/dist-packages/od_msg-0.0.0-py3.10.egg-info/PKG-INFO
[6.816s] -- Installing: /home/jack/ros2_ws/install/od_msg/local/lib/python3.10/dist-packages/od_msg-0.0.0-py3.10.egg-info/dependency_links.txt
[6.816s] -- Installing: /home/jack/ros2_ws/install/od_msg/local/lib/python3.10/dist-packages/od_msg-0.0.0-py3.10.egg-info/top_level.txt
[6.816s] -- Installing: /home/jack/ros2_ws/install/od_msg/local/lib/python3.10/dist-packages/od_msg
[6.816s] -- Installing: /home/jack/ros2_ws/install/od_msg/local/lib/python3.10/dist-packages/od_msg/libod_msg__rosidl_generator_py.so
[6.816s] -- Installing: /home/jack/ros2_ws/install/od_msg/local/lib/python3.10/dist-packages/od_msg/od_msg_s__rosidl_typesupport_introspection_c.cpython-310-x86_64-linux-gnu.so
[6.816s] -- Installing: /home/jack/ros2_ws/install/od_msg/local/lib/python3.10/dist-packages/od_msg/od_msg_s__rosidl_typesupport_fastrtps_c.cpython-310-x86_64-linux-gnu.so
[6.816s] -- Installing: /home/jack/ros2_ws/install/od_msg/local/lib/python3.10/dist-packages/od_msg/od_msg_s__rosidl_typesupport_c.cpython-310-x86_64-linux-gnu.so
[6.816s] -- Installing: /home/jack/ros2_ws/install/od_msg/local/lib/python3.10/dist-packages/od_msg/srv
[6.816s] -- Installing: /home/jack/ros2_ws/install/od_msg/local/lib/python3.10/dist-packages/od_msg/srv/_srv_depth_position_s.c
[6.817s] -- Installing: /home/jack/ros2_ws/install/od_msg/local/lib/python3.10/dist-packages/od_msg/srv/__init__.py
[6.817s] -- Installing: /home/jack/ros2_ws/install/od_msg/local/lib/python3.10/dist-packages/od_msg/srv/_srv_depth_position.py
[6.817s] -- Installing: /home/jack/ros2_ws/install/od_msg/local/lib/python3.10/dist-packages/od_msg/_od_msg_s.ep.rosidl_typesupport_fastrtps_c.c
[6.817s] -- Installing: /home/jack/ros2_ws/install/od_msg/local/lib/python3.10/dist-packages/od_msg/__init__.py
[6.817s] -- Installing: /home/jack/ros2_ws/install/od_msg/local/lib/python3.10/dist-packages/od_msg/_od_msg_s.ep.rosidl_typesupport_c.c
[6.817s] -- Installing: /home/jack/ros2_ws/install/od_msg/local/lib/python3.10/dist-packages/od_msg/_od_msg_s.ep.rosidl_typesupport_introspection_c.c
[6.859s] Listing '/home/jack/ros2_ws/install/od_msg/local/lib/python3.10/dist-packages/od_msg'...
[6.859s] Compiling '/home/jack/ros2_ws/install/od_msg/local/lib/python3.10/dist-packages/od_msg/__init__.py'...
[6.859s] Listing '/home/jack/ros2_ws/install/od_msg/local/lib/python3.10/dist-packages/od_msg/srv'...
[6.860s] Compiling '/home/jack/ros2_ws/install/od_msg/local/lib/python3.10/dist-packages/od_msg/srv/__init__.py'...
[6.860s] Compiling '/home/jack/ros2_ws/install/od_msg/local/lib/python3.10/dist-packages/od_msg/srv/_srv_depth_position.py'...
[6.866s] -- Installing: /home/jack/ros2_ws/install/od_msg/local/lib/python3.10/dist-packages/od_msg/od_msg_s__rosidl_typesupport_fastrtps_c.cpython-310-x86_64-linux-gnu.so
[6.867s] -- Set runtime path of "/home/jack/ros2_ws/install/od_msg/local/lib/python3.10/dist-packages/od_msg/od_msg_s__rosidl_typesupport_fastrtps_c.cpython-310-x86_64-linux-gnu.so" to ""
[6.868s] -- Installing: /home/jack/ros2_ws/install/od_msg/local/lib/python3.10/dist-packages/od_msg/od_msg_s__rosidl_typesupport_introspection_c.cpython-310-x86_64-linux-gnu.so
[6.868s] -- Set runtime path of "/home/jack/ros2_ws/install/od_msg/local/lib/python3.10/dist-packages/od_msg/od_msg_s__rosidl_typesupport_introspection_c.cpython-310-x86_64-linux-gnu.so" to ""
[6.868s] -- Installing: /home/jack/ros2_ws/install/od_msg/local/lib/python3.10/dist-packages/od_msg/od_msg_s__rosidl_typesupport_c.cpython-310-x86_64-linux-gnu.so
[6.868s] -- Set runtime path of "/home/jack/ros2_ws/install/od_msg/local/lib/python3.10/dist-packages/od_msg/od_msg_s__rosidl_typesupport_c.cpython-310-x86_64-linux-gnu.so" to ""
[6.868s] -- Installing: /home/jack/ros2_ws/install/od_msg/lib/libod_msg__rosidl_generator_py.so
[6.872s] -- Set runtime path of "/home/jack/ros2_ws/install/od_msg/lib/libod_msg__rosidl_generator_py.so" to ""
[6.873s] -- Installing: /home/jack/ros2_ws/install/od_msg/share/od_msg/srv/SrvDepthPosition.idl
[6.873s] -- Installing: /home/jack/ros2_ws/install/od_msg/share/od_msg/srv/SrvDepthPosition.srv
[6.873s] -- Installing: /home/jack/ros2_ws/install/od_msg/share/od_msg/srv/SrvDepthPosition_Request.msg
[6.873s] -- Installing: /home/jack/ros2_ws/install/od_msg/share/od_msg/srv/SrvDepthPosition_Response.msg
[6.873s] -- Installing: /home/jack/ros2_ws/install/od_msg/share/ament_index/resource_index/package_run_dependencies/od_msg
[6.873s] -- Installing: /home/jack/ros2_ws/install/od_msg/share/ament_index/resource_index/parent_prefix_path/od_msg
[6.873s] -- Installing: /home/jack/ros2_ws/install/od_msg/share/od_msg/environment/ament_prefix_path.sh
[6.873s] -- Installing: /home/jack/ros2_ws/install/od_msg/share/od_msg/environment/ament_prefix_path.dsv
[6.873s] -- Installing: /home/jack/ros2_ws/install/od_msg/share/od_msg/environment/path.sh
[6.874s] -- Installing: /home/jack/ros2_ws/install/od_msg/share/od_msg/environment/path.dsv
[6.874s] -- Installing: /home/jack/ros2_ws/install/od_msg/share/od_msg/local_setup.bash
[6.874s] -- Installing: /home/jack/ros2_ws/install/od_msg/share/od_msg/local_setup.sh
[6.874s] -- Installing: /home/jack/ros2_ws/install/od_msg/share/od_msg/local_setup.zsh
[6.874s] -- Installing: /home/jack/ros2_ws/install/od_msg/share/od_msg/local_setup.dsv
[6.874s] -- Installing: /home/jack/ros2_ws/install/od_msg/share/od_msg/package.dsv
[6.874s] -- Installing: /home/jack/ros2_ws/install/od_msg/share/ament_index/resource_index/packages/od_msg
[6.874s] -- Installing: /home/jack/ros2_ws/install/od_msg/share/od_msg/cmake/export_od_msg__rosidl_generator_cExport.cmake
[6.874s] -- Installing: /home/jack/ros2_ws/install/od_msg/share/od_msg/cmake/export_od_msg__rosidl_generator_cExport-noconfig.cmake
[6.874s] -- Installing: /home/jack/ros2_ws/install/od_msg/share/od_msg/cmake/export_od_msg__rosidl_typesupport_fastrtps_cExport.cmake
[6.875s] -- Installing: /home/jack/ros2_ws/install/od_msg/share/od_msg/cmake/export_od_msg__rosidl_typesupport_fastrtps_cExport-noconfig.cmake
[6.875s] -- Installing: /home/jack/ros2_ws/install/od_msg/share/od_msg/cmake/od_msg__rosidl_typesupport_introspection_cExport.cmake
[6.875s] -- Installing: /home/jack/ros2_ws/install/od_msg/share/od_msg/cmake/od_msg__rosidl_typesupport_introspection_cExport-noconfig.cmake
[6.875s] -- Installing: /home/jack/ros2_ws/install/od_msg/share/od_msg/cmake/od_msg__rosidl_typesupport_cExport.cmake
[6.875s] -- Installing: /home/jack/ros2_ws/install/od_msg/share/od_msg/cmake/od_msg__rosidl_typesupport_cExport-noconfig.cmake
[6.876s] -- Installing: /home/jack/ros2_ws/install/od_msg/share/od_msg/cmake/export_od_msg__rosidl_generator_cppExport.cmake
[6.876s] -- Installing: /home/jack/ros2_ws/install/od_msg/share/od_msg/cmake/export_od_msg__rosidl_typesupport_fastrtps_cppExport.cmake
[6.876s] -- Installing: /home/jack/ros2_ws/install/od_msg/share/od_msg/cmake/export_od_msg__rosidl_typesupport_fastrtps_cppExport-noconfig.cmake
[6.876s] -- Installing: /home/jack/ros2_ws/install/od_msg/share/od_msg/cmake/od_msg__rosidl_typesupport_introspection_cppExport.cmake
[6.876s] -- Installing: /home/jack/ros2_ws/install/od_msg/share/od_msg/cmake/od_msg__rosidl_typesupport_introspection_cppExport-noconfig.cmake
[6.876s] -- Installing: /home/jack/ros2_ws/install/od_msg/share/od_msg/cmake/od_msg__rosidl_typesupport_cppExport.cmake
[6.876s] -- Installing: /home/jack/ros2_ws/install/od_msg/share/od_msg/cmake/od_msg__rosidl_typesupport_cppExport-noconfig.cmake
[6.877s] -- Installing: /home/jack/ros2_ws/install/od_msg/share/od_msg/cmake/export_od_msg__rosidl_generator_pyExport.cmake
[6.877s] -- Installing: /home/jack/ros2_ws/install/od_msg/share/od_msg/cmake/export_od_msg__rosidl_generator_pyExport-noconfig.cmake
[6.877s] -- Installing: /home/jack/ros2_ws/install/od_msg/share/od_msg/cmake/rosidl_cmake-extras.cmake
[6.877s] -- Installing: /home/jack/ros2_ws/install/od_msg/share/od_msg/cmake/ament_cmake_export_include_directories-extras.cmake
[6.877s] -- Installing: /home/jack/ros2_ws/install/od_msg/share/od_msg/cmake/ament_cmake_export_libraries-extras.cmake
[6.877s] -- Installing: /home/jack/ros2_ws/install/od_msg/share/od_msg/cmake/ament_cmake_export_targets-extras.cmake
[6.877s] -- Installing: /home/jack/ros2_ws/install/od_msg/share/od_msg/cmake/rosidl_cmake_export_typesupport_targets-extras.cmake
[6.885s] -- Installing: /home/jack/ros2_ws/install/od_msg/share/od_msg/cmake/ament_cmake_export_dependencies-extras.cmake
[6.885s] -- Installing: /home/jack/ros2_ws/install/od_msg/share/od_msg/cmake/rosidl_cmake_export_typesupport_libraries-extras.cmake
[6.885s] -- Installing: /home/jack/ros2_ws/install/od_msg/share/od_msg/cmake/od_msgConfig.cmake
[6.885s] -- Installing: /home/jack/ros2_ws/install/od_msg/share/od_msg/cmake/od_msgConfig-version.cmake
[6.885s] -- Installing: /home/jack/ros2_ws/install/od_msg/share/od_msg/package.xml
[6.885s] Invoked command in '/home/jack/ros2_ws/build/od_msg' returned '0': /usr/bin/cmake --install /home/jack/ros2_ws/build/od_msg
