[0.007s] Invoking command in '/home/jack/ros2_ws/build/somacube_pose_estimation': CMAKE_PREFIX_PATH=/opt/ros/humble /usr/bin/cmake --build /home/jack/ros2_ws/build/somacube_pose_estimation -- -j16 -l16
[0.054s] Built target ament_cmake_python_copy_somacube_pose_estimation
[0.258s] running egg_info
[0.258s] writing somacube_pose_estimation.egg-info/PKG-INFO
[0.258s] writing dependency_links to somacube_pose_estimation.egg-info/dependency_links.txt
[0.258s] writing top-level names to somacube_pose_estimation.egg-info/top_level.txt
[0.260s] reading manifest file 'somacube_pose_estimation.egg-info/SOURCES.txt'
[0.260s] writing manifest file 'somacube_pose_estimation.egg-info/SOURCES.txt'
[0.279s] Built target ament_cmake_python_build_somacube_pose_estimation_egg
[0.289s] Invoked command in '/home/jack/ros2_ws/build/somacube_pose_estimation' returned '0': CMAKE_PREFIX_PATH=/opt/ros/humble /usr/bin/cmake --build /home/jack/ros2_ws/build/somacube_pose_estimation -- -j16 -l16
[0.298s] Invoking command in '/home/jack/ros2_ws/build/somacube_pose_estimation': CMAKE_PREFIX_PATH=/opt/ros/humble /usr/bin/cmake --install /home/jack/ros2_ws/build/somacube_pose_estimation
[0.306s] -- Install configuration: ""
[0.306s] -- Up-to-date: /home/jack/ros2_ws/install/somacube_pose_estimation/share/somacube_pose_estimation/environment/pythonpath.sh
[0.306s] -- Up-to-date: /home/jack/ros2_ws/install/somacube_pose_estimation/share/somacube_pose_estimation/environment/pythonpath.dsv
[0.306s] -- Up-to-date: /home/jack/ros2_ws/install/somacube_pose_estimation/local/lib/python3.10/dist-packages/somacube_pose_estimation-1.0.0-py3.10.egg-info
[0.306s] -- Installing: /home/jack/ros2_ws/install/somacube_pose_estimation/local/lib/python3.10/dist-packages/somacube_pose_estimation-1.0.0-py3.10.egg-info/SOURCES.txt
[0.306s] -- Installing: /home/jack/ros2_ws/install/somacube_pose_estimation/local/lib/python3.10/dist-packages/somacube_pose_estimation-1.0.0-py3.10.egg-info/PKG-INFO
[0.306s] -- Installing: /home/jack/ros2_ws/install/somacube_pose_estimation/local/lib/python3.10/dist-packages/somacube_pose_estimation-1.0.0-py3.10.egg-info/dependency_links.txt
[0.306s] -- Installing: /home/jack/ros2_ws/install/somacube_pose_estimation/local/lib/python3.10/dist-packages/somacube_pose_estimation-1.0.0-py3.10.egg-info/top_level.txt
[0.306s] -- Up-to-date: /home/jack/ros2_ws/install/somacube_pose_estimation/local/lib/python3.10/dist-packages/somacube_pose_estimation
[0.307s] -- Up-to-date: /home/jack/ros2_ws/install/somacube_pose_estimation/local/lib/python3.10/dist-packages/somacube_pose_estimation/pose_estimation.py
[0.307s] -- Up-to-date: /home/jack/ros2_ws/install/somacube_pose_estimation/local/lib/python3.10/dist-packages/somacube_pose_estimation/__init__.py
[0.307s] -- Up-to-date: /home/jack/ros2_ws/install/somacube_pose_estimation/local/lib/python3.10/dist-packages/somacube_pose_estimation/multiview_fusion.py
[0.307s] -- Up-to-date: /home/jack/ros2_ws/install/somacube_pose_estimation/local/lib/python3.10/dist-packages/somacube_pose_estimation/pointcloud_processing.py
[0.307s] -- Installing: /home/jack/ros2_ws/install/somacube_pose_estimation/local/lib/python3.10/dist-packages/somacube_pose_estimation/mathematical_foundations.py
[0.335s] Listing '/home/jack/ros2_ws/install/somacube_pose_estimation/local/lib/python3.10/dist-packages/somacube_pose_estimation'...
[0.335s] Compiling '/home/jack/ros2_ws/install/somacube_pose_estimation/local/lib/python3.10/dist-packages/somacube_pose_estimation/mathematical_foundations.py'...
[0.338s] -- Up-to-date: /home/jack/ros2_ws/install/somacube_pose_estimation/lib/somacube_pose_estimation/yolo_detector_node.py
[0.338s] -- Up-to-date: /home/jack/ros2_ws/install/somacube_pose_estimation/lib/somacube_pose_estimation/pointcloud_processor_node.py
[0.338s] -- Up-to-date: /home/jack/ros2_ws/install/somacube_pose_estimation/lib/somacube_pose_estimation/pca_axis_estimator_node.py
[0.338s] -- Up-to-date: /home/jack/ros2_ws/install/somacube_pose_estimation/lib/somacube_pose_estimation/manhattan_aligner_node.py
[0.338s] -- Up-to-date: /home/jack/ros2_ws/install/somacube_pose_estimation/lib/somacube_pose_estimation/multiview_fusion_node.py
[0.338s] -- Up-to-date: /home/jack/ros2_ws/install/somacube_pose_estimation/lib/somacube_pose_estimation/visualization_node.py
[0.338s] -- Up-to-date: /home/jack/ros2_ws/install/somacube_pose_estimation/lib/somacube_pose_estimation/camera_pose_manager_node.py
[0.338s] -- Up-to-date: /home/jack/ros2_ws/install/somacube_pose_estimation/lib/somacube_pose_estimation/synchronized_capture_node.py
[0.338s] -- Up-to-date: /home/jack/ros2_ws/install/somacube_pose_estimation/lib/somacube_pose_estimation/capture_control_interface.py
[0.338s] -- Up-to-date: /home/jack/ros2_ws/install/somacube_pose_estimation/lib/somacube_pose_estimation/doosan_pose_sequence.py
[0.338s] -- Up-to-date: /home/jack/ros2_ws/install/somacube_pose_estimation/share/somacube_pose_estimation/launch
[0.338s] -- Up-to-date: /home/jack/ros2_ws/install/somacube_pose_estimation/share/somacube_pose_estimation/launch/complete_pose_estimation.launch.py
[0.338s] -- Up-to-date: /home/jack/ros2_ws/install/somacube_pose_estimation/share/somacube_pose_estimation/launch/doosan_m0609_soma_cube.launch.py
[0.338s] -- Up-to-date: /home/jack/ros2_ws/install/somacube_pose_estimation/share/somacube_pose_estimation/launch/global_mapping.launch.py
[0.338s] -- Up-to-date: /home/jack/ros2_ws/install/somacube_pose_estimation/share/somacube_pose_estimation/config
[0.339s] -- Up-to-date: /home/jack/ros2_ws/install/somacube_pose_estimation/share/somacube_pose_estimation/config/somacube_params.yaml
[0.339s] -- Up-to-date: /home/jack/ros2_ws/install/somacube_pose_estimation/share/somacube_pose_estimation/config/camera_poses.yaml
[0.339s] -- Up-to-date: /home/jack/ros2_ws/install/somacube_pose_estimation/share/somacube_pose_estimation/models
[0.339s] -- Up-to-date: /home/jack/ros2_ws/install/somacube_pose_estimation/share/somacube_pose_estimation/models/README.md
[0.339s] -- Up-to-date: /home/jack/ros2_ws/install/somacube_pose_estimation/share/somacube_pose_estimation/rviz
[0.339s] -- Up-to-date: /home/jack/ros2_ws/install/somacube_pose_estimation/share/somacube_pose_estimation/rviz/doosan_m0609_debug.rviz
[0.339s] -- Up-to-date: /home/jack/ros2_ws/install/somacube_pose_estimation/share/somacube_pose_estimation/rviz/global_mapping_debug.rviz
[0.339s] -- Up-to-date: /home/jack/ros2_ws/install/somacube_pose_estimation/share/somacube_pose_estimation/rviz/pose_estimation_debug.rviz
[0.339s] -- Up-to-date: /home/jack/ros2_ws/install/somacube_pose_estimation/share/ament_index/resource_index/package_run_dependencies/somacube_pose_estimation
[0.339s] -- Up-to-date: /home/jack/ros2_ws/install/somacube_pose_estimation/share/ament_index/resource_index/parent_prefix_path/somacube_pose_estimation
[0.339s] -- Up-to-date: /home/jack/ros2_ws/install/somacube_pose_estimation/share/somacube_pose_estimation/environment/ament_prefix_path.sh
[0.339s] -- Up-to-date: /home/jack/ros2_ws/install/somacube_pose_estimation/share/somacube_pose_estimation/environment/ament_prefix_path.dsv
[0.339s] -- Up-to-date: /home/jack/ros2_ws/install/somacube_pose_estimation/share/somacube_pose_estimation/environment/path.sh
[0.339s] -- Up-to-date: /home/jack/ros2_ws/install/somacube_pose_estimation/share/somacube_pose_estimation/environment/path.dsv
[0.339s] -- Up-to-date: /home/jack/ros2_ws/install/somacube_pose_estimation/share/somacube_pose_estimation/local_setup.bash
[0.339s] -- Up-to-date: /home/jack/ros2_ws/install/somacube_pose_estimation/share/somacube_pose_estimation/local_setup.sh
[0.339s] -- Up-to-date: /home/jack/ros2_ws/install/somacube_pose_estimation/share/somacube_pose_estimation/local_setup.zsh
[0.339s] -- Up-to-date: /home/jack/ros2_ws/install/somacube_pose_estimation/share/somacube_pose_estimation/local_setup.dsv
[0.339s] -- Installing: /home/jack/ros2_ws/install/somacube_pose_estimation/share/somacube_pose_estimation/package.dsv
[0.339s] -- Up-to-date: /home/jack/ros2_ws/install/somacube_pose_estimation/share/ament_index/resource_index/packages/somacube_pose_estimation
[0.339s] -- Up-to-date: /home/jack/ros2_ws/install/somacube_pose_estimation/share/somacube_pose_estimation/cmake/somacube_pose_estimationConfig.cmake
[0.339s] -- Up-to-date: /home/jack/ros2_ws/install/somacube_pose_estimation/share/somacube_pose_estimation/cmake/somacube_pose_estimationConfig-version.cmake
[0.339s] -- Up-to-date: /home/jack/ros2_ws/install/somacube_pose_estimation/share/somacube_pose_estimation/package.xml
[0.340s] Invoked command in '/home/jack/ros2_ws/build/somacube_pose_estimation' returned '0': CMAKE_PREFIX_PATH=/opt/ros/humble /usr/bin/cmake --install /home/jack/ros2_ws/build/somacube_pose_estimation
