[0.007s] Invoking command in '/home/jack/ros2_ws/build/somacube_pose_estimation': CMAKE_PREFIX_PATH=/opt/ros/humble /usr/bin/cmake /home/jack/ros2_ws/src/somacube_pose_estimation -DCMAKE_INSTALL_PREFIX=/home/jack/ros2_ws/install/somacube_pose_estimation
[0.113s] -- The C compiler identification is GNU 11.4.0
[0.182s] -- The CXX compiler identification is GNU 11.4.0
[0.192s] -- Detecting C compiler ABI info
[0.263s] -- Detecting C compiler ABI info - done
[0.274s] -- Check for working C compiler: /usr/bin/cc - skipped
[0.275s] -- Detecting C compile features
[0.275s] -- Detecting C compile features - done
[0.280s] -- Detecting CXX compiler ABI info
[0.358s] -- Detecting CXX compiler ABI info - done
[0.369s] -- Check for working CXX compiler: /usr/bin/c++ - skipped
[0.369s] -- Detecting CXX compile features
[0.370s] -- Detecting CXX compile features - done
[0.375s] -- Found ament_cmake: 1.3.11 (/opt/ros/humble/share/ament_cmake/cmake)
[0.488s] -- Found Python3: /usr/bin/python3 (found version "3.10.12") found components: Interpreter 
[0.566s] -- Found rclpy: 3.3.16 (/opt/ros/humble/share/rclpy/cmake)
[0.569s] -- Found std_msgs: 4.9.0 (/opt/ros/humble/share/std_msgs/cmake)
[0.606s] -- Found rosidl_generator_c: 3.1.6 (/opt/ros/humble/share/rosidl_generator_c/cmake)
[0.612s] -- Found rosidl_adapter: 3.1.6 (/opt/ros/humble/share/rosidl_adapter/cmake)
[0.621s] -- Found rosidl_generator_cpp: 3.1.6 (/opt/ros/humble/share/rosidl_generator_cpp/cmake)
[0.635s] -- Using all available rosidl_typesupport_c: rosidl_typesupport_fastrtps_c;rosidl_typesupport_introspection_c
[0.651s] -- Using all available rosidl_typesupport_cpp: rosidl_typesupport_fastrtps_cpp;rosidl_typesupport_introspection_cpp
[0.675s] -- Found sensor_msgs: 4.9.0 (/opt/ros/humble/share/sensor_msgs/cmake)
[0.702s] -- Found visualization_msgs: 4.9.0 (/opt/ros/humble/share/visualization_msgs/cmake)
[0.775s] -- Found ament_lint_auto: 0.12.12 (/opt/ros/humble/share/ament_lint_auto/cmake)
[0.859s] -- Found ament_cmake_pytest: 1.3.11 (/opt/ros/humble/share/ament_cmake_pytest/cmake)
[0.860s] CMake Error at /opt/ros/humble/share/ament_cmake_pytest/cmake/ament_add_pytest_test.cmake:67 (message):
[0.860s]   ament_add_pytest_test() the path
[0.860s]   '/home/jack/ros2_ws/src/somacube_pose_estimation/tests/test_mathematical_foundations.py'
[0.860s]   does not exist
[0.860s] Call Stack (most recent call first):
[0.860s]   CMakeLists.txt:64 (ament_add_pytest_test)
[0.860s] 
[0.860s] 
[0.860s] -- Configuring incomplete, errors occurred!
[0.860s] See also "/home/jack/ros2_ws/build/somacube_pose_estimation/CMakeFiles/CMakeOutput.log".
[0.868s] Invoked command in '/home/jack/ros2_ws/build/somacube_pose_estimation' returned '1': CMAKE_PREFIX_PATH=/opt/ros/humble /usr/bin/cmake /home/jack/ros2_ws/src/somacube_pose_estimation -DCMAKE_INSTALL_PREFIX=/home/jack/ros2_ws/install/somacube_pose_estimation
